[    0.000000] Linux version 5.2.0+ (root@decui-hb22) (gcc version 8.2.0 (Ubuntu 8.2.0-12ubuntu1)) #30 SMP PREEMPT Wed Aug 7 01:12:05 PDT 2019
[    0.000000] Command line: BOOT_IMAGE=/boot/vmlinuz-5.2.0+ root=UUID=fe2d3c73-1e4c-4a1d-b881-9fd447a1802f ro resume=UUID=8d73fd3c-19a3-42d0-b1c2-232c88ea6eb8 ignore_loglevel sysrq_always_enabled unknown_nmi_panic log_buf_len=200MB console=ttyS0 ata_piix.prefer_ms_hyperv=1 no_console_suspend "dyndbg=file drivers/base/power/* +p;" "hv_vmbus.dyndbg=file drivers/hv/channel_mgmt.c +p"
[    0.000000] KERNEL supported cpus:
[    0.000000]   Intel GenuineIntel
[    0.000000]   AMD AuthenticAMD
[    0.000000]   Hygon HygonGenuine
[    0.000000]   zhaoxin   Shanghai
[    0.000000] x86/fpu: Supporting XSAVE feature 0x001: 'x87 floating point registers'
[    0.000000] x86/fpu: Supporting XSAVE feature 0x002: 'SSE registers'
[    0.000000] x86/fpu: Supporting XSAVE feature 0x004: 'AVX registers'
[    0.000000] x86/fpu: xstate_offset[2]:  576, xstate_sizes[2]:  256
[    0.000000] x86/fpu: Enabled xstate features 0x7, context size is 832 bytes, using 'standard' format.
[    0.000000] BIOS-provided physical RAM map:
[    0.000000] BIOS-e820: [mem 0x0000000000000000-0x000000000009fbff] usable
[    0.000000] BIOS-e820: [mem 0x000000000009fc00-0x000000000009ffff] reserved
[    0.000000] BIOS-e820: [mem 0x00000000000e0000-0x00000000000fffff] reserved
[    0.000000] BIOS-e820: [mem 0x0000000000100000-0x00000000f7feffff] usable
[    0.000000] BIOS-e820: [mem 0x00000000f7ff0000-0x00000000f7ffefff] ACPI data
[    0.000000] BIOS-e820: [mem 0x00000000f7fff000-0x00000000f7ffffff] ACPI NVS
[    0.000000] BIOS-e820: [mem 0x0000000100000000-0x0000000107ffffff] usable
[    0.000000] printk: debug: ignoring loglevel setting.
[    0.000000] NX (Execute Disable) protection: active
[    0.000000] SMBIOS 2.3 present.
[    0.000000] DMI: Microsoft Corporation Virtual Machine/Virtual Machine, BIOS 090006  04/28/2016
[    0.000000] Hypervisor detected: Microsoft Hyper-V
[    0.000000] Hyper-V: features 0x2e7f, hints 0xc2c
[    0.000000] Hyper-V Host Build:14393-10.0-3-0.3085
[    0.000000] Hyper-V: LAPIC Timer Frequency: 0xc3500
[    0.000000] tsc: Marking TSC unstable due to running on Hyper-V
[    0.000000] Hyper-V: Using hypercall for remote TLB flush
[    0.000000] tsc: Detected 2299.996 MHz processor
[    0.000958] e820: update [mem 0x00000000-0x00000fff] usable ==> reserved
[    0.000962] e820: remove [mem 0x000a0000-0x000fffff] usable
[    0.000966] last_pfn = 0x108000 max_arch_pfn = 0x400000000
[    0.000986] MTRR default type: uncachable
[    0.000988] MTRR fixed ranges enabled:
[    0.000990]   00000-9FFFF write-back
[    0.000993]   A0000-DFFFF uncachable
[    0.000995]   E0000-FFFFF write-back
[    0.000997] MTRR variable ranges enabled:
[    0.001000]   0 base 00000000000 mask FFF00000000 write-back
[    0.001002]   1 base 00100000000 mask FF000000000 write-back
[    0.001004]   2 disabled
[    0.001006]   3 disabled
[    0.001008]   4 disabled
[    0.001010]   5 disabled
[    0.001012]   6 disabled
[    0.001014]   7 disabled
[    0.001022] x86/PAT: Configuration [0-7]: WB  WC  UC- UC  WB  WP  UC- WT
[    0.001042] last_pfn = 0xf7ff0 max_arch_pfn = 0x400000000
[    0.008317] found SMP MP-table at [mem 0x000ff780-0x000ff78f]
[    0.008387] check: Scanning 1 areas for low memory corruption
[    0.008493] BRK [0xb5401000, 0xb5401fff] PGTABLE
[    0.008497] BRK [0xb5402000, 0xb5402fff] PGTABLE
[    0.008499] BRK [0xb5403000, 0xb5403fff] PGTABLE
[    0.008530] BRK [0xb5404000, 0xb5404fff] PGTABLE
[    0.008532] BRK [0xb5405000, 0xb5405fff] PGTABLE
[    0.008535] BRK [0xb5406000, 0xb5406fff] PGTABLE
[    0.008567] BRK [0xb5407000, 0xb5407fff] PGTABLE
[    0.008574] BRK [0xb5408000, 0xb5408fff] PGTABLE
[    0.008580] BRK [0xb5409000, 0xb5409fff] PGTABLE
[    0.008586] BRK [0xb540a000, 0xb540afff] PGTABLE
[    0.008592] BRK [0xb540b000, 0xb540bfff] PGTABLE
[    0.008598] BRK [0xb540c000, 0xb540cfff] PGTABLE
[    0.064482] printk: log_buf_len: 268435456 bytes
[    0.064487] printk: early log buf free: 258080(98%)
[    0.064491] RAMDISK: [mem 0x36697000-0x37342fff]
[    0.064590] ACPI: Early table checksum verification disabled
[    0.064597] ACPI: RSDP 0x00000000000F56F0 000014 (v00 ACPIAM)
[    0.064602] ACPI: RSDT 0x00000000F7FF0000 000040 (v01 VRTUAL MICROSFT 04001628 MSFT 00000097)
[    0.064609] ACPI: FACP 0x00000000F7FF0200 000081 (v02 VRTUAL MICROSFT 04001628 MSFT 00000097)
[    0.064615] ACPI: DSDT 0x00000000F7FF1724 0033BE (v01 MSFTVM MSFTVM02 00000002 INTL 02002026)
[    0.064620] ACPI: FACS 0x00000000F7FFF000 000040
[    0.064623] ACPI: WAET 0x00000000F7FF1480 000028 (v01 VRTUAL MICROSFT 04001628 MSFT 00000097)
[    0.064627] ACPI: SLIC 0x00000000F7FF14C0 000176 (v01 VRTUAL MICROSFT 04001628 MSFT 00000097)
[    0.064631] ACPI: OEM0 0x00000000F7FF16C0 000064 (v01 VRTUAL MICROSFT 04001628 MSFT 00000097)
[    0.064635] ACPI: SRAT 0x00000000F7FF0600 000150 (v02 VRTUAL MICROSFT 00000001 MSFT 00000001)
[    0.064639] ACPI: APIC 0x00000000F7FF0300 000252 (v01 VRTUAL MICROSFT 04001628 MSFT 00000097)
[    0.064643] ACPI: OEMB 0x00000000F7FFF040 000064 (v01 VRTUAL MICROSFT 04001628 MSFT 00000097)
[    0.064652] ACPI: Local APIC address 0xfee00000
[    0.064687] SRAT: PXM 0 -> APIC 0x00 -> Node 0
[    0.064689] SRAT: PXM 0 -> APIC 0x01 -> Node 0
[    0.064691] SRAT: PXM 0 -> APIC 0x02 -> Node 0
[    0.064693] SRAT: PXM 0 -> APIC 0x03 -> Node 0
[    0.064695] SRAT: PXM 0 -> APIC 0x04 -> Node 0
[    0.064697] SRAT: PXM 0 -> APIC 0x05 -> Node 0
[    0.064699] SRAT: PXM 0 -> APIC 0x06 -> Node 0
[    0.064701] SRAT: PXM 0 -> APIC 0x07 -> Node 0
[    0.064705] ACPI: SRAT: Node 0 PXM 0 [mem 0x00000000-0xf7ffffff] hotplug
[    0.064708] ACPI: SRAT: Node 0 PXM 0 [mem 0x100000000-0x107ffffff] hotplug
[    0.064710] ACPI: SRAT: Node 0 PXM 0 [mem 0x108200000-0xfdfffffff] hotplug
[    0.064712] ACPI: SRAT: Node 0 PXM 0 [mem 0x1000000000-0xffffffffff] hotplug
[    0.064716] NUMA: Node 0 [mem 0x00000000-0xf7ffffff] + [mem 0x100000000-0x107ffffff] -> [mem 0x00000000-0x107ffffff]
[    0.064724] NODE_DATA(0) allocated [mem 0x107800000-0x107804fff]
[    0.073600] Zone ranges:
[    0.073606]   DMA      [mem 0x0000000000001000-0x0000000000ffffff]
[    0.073609]   DMA32    [mem 0x0000000001000000-0x00000000ffffffff]
[    0.073611]   Normal   [mem 0x0000000100000000-0x0000000107ffffff]
[    0.073614]   Device   empty
[    0.073616] Movable zone start for each node
[    0.073618] Early memory node ranges
[    0.073621]   node   0: [mem 0x0000000000001000-0x000000000009efff]
[    0.073623]   node   0: [mem 0x0000000000100000-0x00000000f7feffff]
[    0.073625]   node   0: [mem 0x0000000100000000-0x0000000107ffffff]
[    0.073632] Zeroed struct page in unavailable ranges: 114 pages
[    0.073634] Initmem setup node 0 [mem 0x0000000000001000-0x0000000107ffffff]
[    0.073638] On node 0 totalpages: 1048462
[    0.073642]   DMA zone: 64 pages used for memmap
[    0.073644]   DMA zone: 21 pages reserved
[    0.073646]   DMA zone: 3998 pages, LIFO batch:0
[    0.073703]   DMA32 zone: 16320 pages used for memmap
[    0.073706]   DMA32 zone: 1011696 pages, LIFO batch:63
[    0.085811]   Normal zone: 512 pages used for memmap
[    0.085816]   Normal zone: 32768 pages, LIFO batch:7
[    0.087907] ACPI: PM-Timer IO Port: 0x408
[    0.087911] ACPI: Local APIC address 0xfee00000
[    0.087920] ACPI: LAPIC_NMI (acpi_id[0xff] dfl dfl lint[0x1])
[    0.089093] IOAPIC[0]: apic_id 0, version 17, address 0xfec00000, GSI 0-23
[    0.089101] ACPI: INT_SRC_OVR (bus 0 bus_irq 0 global_irq 2 dfl dfl)
[    0.089105] ACPI: INT_SRC_OVR (bus 0 bus_irq 9 global_irq 9 high level)
[    0.089108] ACPI: IRQ0 used by override.
[    0.089110] ACPI: IRQ9 used by override.
[    0.089114] Using ACPI (MADT) for SMP configuration information
[    0.089123] smpboot: Allowing 64 CPUs, 56 hotplug CPUs
[    0.089143] PM: Registered nosave memory: [mem 0x00000000-0x00000fff]
[    0.089146] PM: Registered nosave memory: [mem 0x0009f000-0x0009ffff]
[    0.089148] PM: Registered nosave memory: [mem 0x000a0000-0x000dffff]
[    0.089150] PM: Registered nosave memory: [mem 0x000e0000-0x000fffff]
[    0.089153] PM: Registered nosave memory: [mem 0xf7ff0000-0xf7ffefff]
[    0.089155] PM: Registered nosave memory: [mem 0xf7fff000-0xf7ffffff]
[    0.089157] PM: Registered nosave memory: [mem 0xf8000000-0xffffffff]
[    0.089162] [mem 0xf8000000-0xffffffff] available for PCI devices
[    0.089165] Booting paravirtualized kernel on bare hardware
[    0.089169] clocksource: refined-jiffies: mask: 0xffffffff max_cycles: 0xffffffff, max_idle_ns: 7645519600211568 ns
[    0.164547] setup_percpu: NR_CPUS:256 nr_cpumask_bits:256 nr_cpu_ids:64 nr_node_ids:1
[    0.171546] percpu: Embedded 69 pages/cpu s243144 r8192 d31288 u524288
[    0.171562] pcpu-alloc: s243144 r8192 d31288 u524288 alloc=1*2097152
[    0.171565] pcpu-alloc: [0] 00 01 02 03 [0] 04 05 06 07
[    0.171570] pcpu-alloc: [0] 08 09 10 11 [0] 12 13 14 15
[    0.171575] pcpu-alloc: [0] 16 17 18 19 [0] 20 21 22 23
[    0.171580] pcpu-alloc: [0] 24 25 26 27 [0] 28 29 30 31
[    0.171585] pcpu-alloc: [0] 32 33 34 35 [0] 36 37 38 39
[    0.171590] pcpu-alloc: [0] 40 41 42 43 [0] 44 45 46 47
[    0.171595] pcpu-alloc: [0] 48 49 50 51 [0] 52 53 54 55
[    0.171599] pcpu-alloc: [0] 56 57 58 59 [0] 60 61 62 63
[    0.171644] Built 1 zonelists, mobility grouping on.  Total pages: 1031545
[    0.171646] Policy zone: Normal
[    0.171656] Kernel command line: BOOT_IMAGE=/boot/vmlinuz-5.2.0+ root=UUID=fe2d3c73-1e4c-4a1d-b881-9fd447a1802f ro resume=UUID=8d73fd3c-19a3-42d0-b1c2-232c88ea6eb8 ignore_loglevel sysrq_always_enabled unknown_nmi_panic log_buf_len=200MB console=ttyS0 ata_piix.prefer_ms_hyperv=1 no_console_suspend "dyndbg=file drivers/base/power/* +p;" "hv_vmbus.dyndbg=file drivers/hv/channel_mgmt.c +p"
[    0.171715] sysrq: sysrq always enabled.
[    0.172500] Dentry cache hash table entries: 524288 (order: 10, 4194304 bytes, linear)
[    0.172862] Inode-cache hash table entries: 262144 (order: 9, 2097152 bytes, linear)
[    0.173444] mem auto-init: stack:off, heap alloc:off, heap free:off
[    0.219829] Memory: 3718140K/4193848K available (12292K kernel code, 1586K rwdata, 3672K rodata, 1620K init, 11764K bss, 475708K reserved, 0K cma-reserved)
[    0.220614] SLUB: HWalign=64, Order=0-3, MinObjects=0, CPUs=64, Nodes=1
[    0.220713] Kernel/User page tables isolation: enabled
[    0.221034] ftrace: allocating 32294 entries in 127 pages
[    0.232161] kmemleak: Kernel memory leak detector disabled
[    0.232693] Running RCU self tests
[    0.232696] rcu: Preemptible hierarchical RCU implementation.
[    0.232698] rcu:     RCU event tracing is enabled.
[    0.232700] rcu:     RCU dyntick-idle grace-period acceleration is enabled.
[    0.232702] rcu:     RCU lockdep checking is enabled.
[    0.232705] rcu:     RCU restricting CPUs from NR_CPUS=256 to nr_cpu_ids=64.
[    0.232707] rcu:     RCU priority boosting: priority 1 delay 500 ms.
[    0.232709] rcu:     RCU debug extended QS entry/exit.
[    0.232711]  Tasks RCU enabled.
[    0.232713] rcu: RCU calculated value of scheduler-enlistment delay is 25 jiffies.
[    0.232716] rcu: Adjusting geometry for rcu_fanout_leaf=16, nr_cpu_ids=64
[    0.241496] NR_IRQS: 16640, nr_irqs: 936, preallocated irqs: 16
[    0.241996] rcu:     Offload RCU callbacks from CPUs: (none).
[    0.242458] random: get_random_bytes called from start_kernel+0x35f/0x542 with crng_init=0
[    0.246593] Console: colour VGA+ 80x25
[    0.800027] printk: console [ttyS0] enabled
[    0.802194] Lock dependency validator: Copyright (c) 2006 Red Hat, Inc., Ingo Molnar
[    0.808043] ... MAX_LOCKDEP_SUBCLASSES:  8
[    0.810091] ... MAX_LOCK_DEPTH:          48
[    0.812182] ... MAX_LOCKDEP_KEYS:        8192
[    0.814368] ... CLASSHASH_SIZE:          4096
[    0.816548] ... MAX_LOCKDEP_ENTRIES:     32768
[    0.818772] ... MAX_LOCKDEP_CHAINS:      65536
[    0.821160] ... CHAINHASH_SIZE:          32768
[    0.823716]  memory used by lock dependency info: 6237 kB
[    0.826727]  per task-struct memory footprint: 1920 bytes
[    0.829724] kmemleak: Early log buffer exceeded (2779), please increase DEBUG_KMEMLEAK_EARLY_LOG_SIZE
[    0.835771] ACPI: Core revision 20190703
[    0.838207] APIC: Switch to symmetric I/O mode setup
[    0.840846] Switched APIC routing to physical flat.
[    0.843343] Hyper-V: Using IPI hypercalls
[    0.845475] Hyper-V: Using MSR based APIC access
[    0.847945] clocksource: hyperv_clocksource_tsc_page: mask: 0xffffffffffffffff max_cycles: 0x24e6a1710, max_idle_ns: 440795202120 ns
[    0.905825] Calibrating delay loop (skipped), value calculated using timer frequency.. 4599.99 BogoMIPS (lpj=9199984)
[    0.909814] pid_max: default: 65536 minimum: 512
[    0.909814] Mount-cache hash table entries: 8192 (order: 4, 65536 bytes, linear)
[    0.909814] Mountpoint-cache hash table entries: 8192 (order: 4, 65536 bytes, linear)
[    0.909814] *** VALIDATE proc ***
[    0.909814] *** VALIDATE cgroup1 ***
[    0.909814] *** VALIDATE cgroup2 ***
[    0.909814] numa_add_cpu cpu 0 node 0: mask now 0
[    0.909814] Last level iTLB entries: 4KB 64, 2MB 8, 4MB 8
[    0.909814] Last level dTLB entries: 4KB 64, 2MB 0, 4MB 0, 1GB 4
[    0.909814] Spectre V2 : Spectre mitigation: kernel not compiled with retpoline; no mitigation available!
[    0.909814] Speculative Store Bypass: Vulnerable
[    0.909814] MDS: Vulnerable: Clear CPU buffers attempted, no microcode
[    0.909814] debug: unmapping init [mem 0xffffffffad87b000-0xffffffffad881fff]
[    0.909814] smpboot: CPU0: Intel(R) Xeon(R) CPU E5-2697 v4 @ 2.30GHz (family: 0x6, model: 0x4f, stepping: 0x1)
[    0.933879] Performance Events: unsupported p6 CPU model 79 no PMU driver, software events only.
[    0.945826] rcu: Hierarchical SRCU implementation.
[    0.966776] NMI watchdog: Perf NMI watchdog permanently disabled
[    0.977478] smp: Bringing up secondary CPUs ...
[    1.017972] x86: Booting SMP configuration:
[    1.020396] .... node  #0, CPUs:        #1
[    0.667439] numa_add_cpu cpu 1 node 0: mask now 0-1
[    1.065926]   #2
[    0.667439] numa_add_cpu cpu 2 node 0: mask now 0-2
[    1.109915]   #3
[    0.667439] numa_add_cpu cpu 3 node 0: mask now 0-3
[    1.153916]   #4
[    0.667439] numa_add_cpu cpu 4 node 0: mask now 0-4
[    1.197913]   #5
[    0.667439] numa_add_cpu cpu 5 node 0: mask now 0-5
[    1.241921]   #6
[    0.667439] numa_add_cpu cpu 6 node 0: mask now 0-6
[    1.285918]   #7
[    0.667439] numa_add_cpu cpu 7 node 0: mask now 0-7
[    1.290225] smp: Brought up 1 node, 8 CPUs
[    1.292107] smpboot: Max logical packages: 8
[    1.293860] smpboot: Total of 8 processors activated (36799.93 BogoMIPS)
[    1.299856] devtmpfs: initialized
[    1.301936] device: 'platform': device_add
[    1.304230] PM: Adding info for No Bus:platform
[    1.305886] bus: 'platform': registered
[    1.309904] bus: 'cpu': registered
[    1.311886] device: 'cpu': device_add
[    1.313894] PM: Adding info for No Bus:cpu
[    1.317927] bus: 'memory': registered
[    1.321831] device: 'memory': device_add
[    1.324059] PM: Adding info for No Bus:memory
[    1.325825] x86/mm: Memory block size: 128MB
[    1.329858] device: 'memory0': device_add
[    1.332119] bus: 'memory': add device memory0
[    1.333897] PM: Adding info for memory:memory0
[    1.336359] device: 'memory1': device_add
[    1.337853] bus: 'memory': add device memory1
[    1.341872] PM: Adding info for memory:memory1
[    1.344395] device: 'memory2': device_add
[    1.345860] bus: 'memory': add device memory2
[    1.348325] PM: Adding info for memory:memory2
[    1.349843] device: 'memory3': device_add
[    1.353864] bus: 'memory': add device memory3
[    1.356243] PM: Adding info for memory:memory3
[    1.357868] device: 'memory4': device_add
[    1.360082] bus: 'memory': add device memory4
[    1.361864] PM: Adding info for memory:memory4
[    1.365845] device: 'memory5': device_add
[    1.368224] bus: 'memory': add device memory5
[    1.369868] PM: Adding info for memory:memory5
[    1.372238] device: 'memory6': device_add
[    1.373859] bus: 'memory': add device memory6
[    1.377881] PM: Adding info for memory:memory6
[    1.381849] device: 'memory7': device_add
[    1.385857] bus: 'memory': add device memory7
[    1.389881] PM: Adding info for memory:memory7
[    1.393854] device: 'memory8': device_add
[    1.397859] bus: 'memory': add device memory8
[    1.401895] PM: Adding info for memory:memory8
[    1.404248] device: 'memory9': device_add
[    1.405856] bus: 'memory': add device memory9
[    1.408216] PM: Adding info for memory:memory9
[    1.409847] device: 'memory10': device_add
[    1.413844] bus: 'memory': add device memory10
[    1.416205] PM: Adding info for memory:memory10
[    1.417851] device: 'memory11': device_add
[    1.420023] bus: 'memory': add device memory11
[    1.421881] PM: Adding info for memory:memory11
[    1.424262] device: 'memory12': device_add
[    1.425855] bus: 'memory': add device memory12
[    1.429869] PM: Adding info for memory:memory12
[    1.432265] device: 'memory13': device_add
[    1.433851] bus: 'memory': add device memory13
[    1.436051] PM: Adding info for memory:memory13
[    1.437845] device: 'memory14': device_add
[    1.439911] bus: 'memory': add device memory14
[    1.441875] PM: Adding info for memory:memory14
[    1.444146] device: 'memory15': device_add
[    1.445867] bus: 'memory': add device memory15
[    1.449867] PM: Adding info for memory:memory15
[    1.452245] device: 'memory16': device_add
[    1.453852] bus: 'memory': add device memory16
[    1.456212] PM: Adding info for memory:memory16
[    1.457844] device: 'memory17': device_add
[    1.459992] bus: 'memory': add device memory17
[    1.461865] PM: Adding info for memory:memory17
[    1.465843] device: 'memory18': device_add
[    1.467906] bus: 'memory': add device memory18
[    1.469870] PM: Adding info for memory:memory18
[    1.472140] device: 'memory19': device_add
[    1.473857] bus: 'memory': add device memory19
[    1.476223] PM: Adding info for memory:memory19
[    1.477845] device: 'memory20': device_add
[    1.479979] bus: 'memory': add device memory20
[    1.481866] PM: Adding info for memory:memory20
[    1.485848] device: 'memory21': device_add
[    1.487995] bus: 'memory': add device memory21
[    1.489876] PM: Adding info for memory:memory21
[    1.492204] device: 'memory22': device_add
[    1.493855] bus: 'memory': add device memory22
[    1.497864] PM: Adding info for memory:memory22
[    1.500252] device: 'memory23': device_add
[    1.501859] bus: 'memory': add device memory23
[    1.504228] PM: Adding info for memory:memory23
[    1.505844] device: 'memory24': device_add
[    1.507923] bus: 'memory': add device memory24
[    1.509876] PM: Adding info for memory:memory24
[    1.513843] device: 'memory25': device_add
[    1.516145] bus: 'memory': add device memory25
[    1.517867] PM: Adding info for memory:memory25
[    1.520295] device: 'memory26': device_add
[    1.521851] bus: 'memory': add device memory26
[    1.525885] PM: Adding info for memory:memory26
[    1.528243] device: 'memory27': device_add
[    1.529859] bus: 'memory': add device memory27
[    1.532230] PM: Adding info for memory:memory27
[    1.533847] device: 'memory28': device_add
[    1.536154] bus: 'memory': add device memory28
[    1.537872] PM: Adding info for memory:memory28
[    1.541851] device: 'memory29': device_add
[    1.544055] bus: 'memory': add device memory29
[    1.545876] PM: Adding info for memory:memory29
[    1.548282] device: 'memory30': device_add
[    1.549856] bus: 'memory': add device memory30
[    1.553876] PM: Adding info for memory:memory30
[    1.556213] device: 'memory32': device_add
[    1.557852] bus: 'memory': add device memory32
[    1.560272] PM: Adding info for memory:memory32
[    1.561883] bus: 'container': registered
[    1.565840] device: 'container': device_add
[    1.568168] PM: Adding info for No Bus:container
[    1.570580] PM: Registering ACPI NVS region [mem 0xf7fff000-0xf7ffffff] (4096 bytes)
[    1.573901] bus: 'workqueue': registered
[    1.577830] device: 'workqueue': device_add
[    1.580221] PM: Adding info for No Bus:workqueue
[    1.582275] clocksource: jiffies: mask: 0xffffffff max_cycles: 0xffffffff, max_idle_ns: 7645041785100000 ns
[    1.585849] futex hash table entries: 16384 (order: 9, 2097152 bytes, linear)
[    1.594240] pinctrl core: initialized pinctrl subsystem
[    1.617389] PM: RTC time: 22:03:29, date: 2019-08-07
[    1.618351] NET: Registered protocol family 16
[    1.622558] audit: initializing netlink subsys (disabled)
[    1.625935] device class 'bdi': registering
[    1.625935] audit: type=2000 audit(1565215408.720:1): state=initialized audit_enabled=0 res=1
[    1.628205] device class 'pci_bus': registering
[    1.632811] bus: 'pci': registered
[    1.633858] bus: 'pci_express': registered
[    1.637824] device class 'backlight': registering
[    1.640740] device class 'tty': registering
[    1.641853] device class 'vtconsole': registering
[    1.645853] device: 'vtcon0': device_add
[    1.648189] PM: Adding info for No Bus:vtcon0
[    1.649911] bus: 'node': registered
[    1.651812] device: 'node': device_add
[    1.653886] PM: Adding info for No Bus:node
[    1.656228] cpuidle: using governor ladder
[    1.657864] cpuidle: using governor menu
[    1.660097] ACPI: bus type PCI registered
[    1.661907] device class 'dma': registering
[    1.665844] device class 'dmi': registering
[    1.668103] device: 'id': device_add
[    1.669945] PM: Adding info for No Bus:id
[    1.672458] PCI: Using configuration type 1 for base access
[    1.673873] device: 'node0': device_add
[    1.677852] bus: 'node': add device node0
[    1.679929] PM: Adding info for node:node0
[    1.682288] device: 'cpu0': device_add
[    1.684251] bus: 'cpu': add device cpu0
[    1.685869] PM: Adding info for cpu:cpu0
[    1.687970] device: 'cpu1': device_add
[    1.689843] bus: 'cpu': add device cpu1
[    1.691844] PM: Adding info for cpu:cpu1
[    1.693891] device: 'cpu2': device_add
[    1.695929] bus: 'cpu': add device cpu2
[    1.697864] PM: Adding info for cpu:cpu2
[    1.699982] device: 'cpu3': device_add
[    1.701841] bus: 'cpu': add device cpu3
[    1.703956] PM: Adding info for cpu:cpu3
[    1.705886] device: 'cpu4': device_add
[    1.707893] bus: 'cpu': add device cpu4
[    1.709860] PM: Adding info for cpu:cpu4
[    1.711916] device: 'cpu5': device_add
[    1.713848] bus: 'cpu': add device cpu5
[    1.715787] PM: Adding info for cpu:cpu5
[    1.717882] device: 'cpu6': device_add
[    1.719990] bus: 'cpu': add device cpu6
[    1.721874] PM: Adding info for cpu:cpu6
[    1.723977] device: 'cpu7': device_add
[    1.725843] bus: 'cpu': add device cpu7
[    1.727897] PM: Adding info for cpu:cpu7
[    1.740821] device: 'writeback': device_add
[    1.741860] bus: 'workqueue': add device writeback
[    1.744184] PM: Adding info for workqueue:writeback
[    1.746148] HugeTLB registered 1.00 GiB page size, pre-allocated 0 pages
[    1.749841] HugeTLB registered 2.00 MiB page size, pre-allocated 0 pages
[    1.814763] alg: No test for lzo-rle (lzo-rle-generic)
[    1.817935] alg: No test for lzo-rle (lzo-rle-scomp)
[    1.822030] device class 'block': registering
[    1.825940] device class 'graphics': registering
[    1.828472] device: 'fbcon': device_add
[    1.828563] PM: Adding info for No Bus:fbcon
[    1.832437] ACPI: Added _OSI(Module Device)
[    1.833863] ACPI: Added _OSI(Processor Device)
[    1.837844] ACPI: Added _OSI(3.0 _SCP Extensions)
[    1.840422] ACPI: Added _OSI(Processor Aggregator Device)
[    1.841833] ACPI: Added _OSI(Linux-Dell-Video)
[    1.845851] ACPI: Added _OSI(Linux-Lenovo-NV-HDMI-Audio)
[    1.848828] ACPI: Added _OSI(Linux-HPI-Hybrid-Graphics)
[    1.885309] ACPI: 1 ACPI AML tables successfully acquired and loaded
[    1.913638] ACPI: Interpreter enabled
[    1.913902] ACPI: (supports S0 S5)
[    1.915660] ACPI: Using IOAPIC for interrupt routing
[    1.918020] bus: 'acpi': registered
[    1.921824] PCI: Using host bridge windows from ACPI; if necessary, use "pci=nocrs" and report a bug
[    1.927509] bus: 'platform': add driver clk-lpt
[    1.929918] ACPI: Enabled 1 GPEs in block 00 to 0F
[    1.932779] device: 'LNXSYSTM:00': device_add
[    1.933847] bus: 'acpi': add device LNXSYSTM:00
[    1.937874] PM: Adding info for acpi:LNXSYSTM:00
[    1.940747] device: 'LNXSYBUS:00': device_add
[    1.941836] bus: 'acpi': add device LNXSYBUS:00
[    1.944291] PM: Adding info for acpi:LNXSYBUS:00
[    1.950211] device: 'PNP0A03:00': device_add
[    1.952466] bus: 'acpi': add device PNP0A03:00
[    1.953886] PM: Adding info for acpi:PNP0A03:00
[    1.956694] device: 'device:00': device_add
[    1.957836] bus: 'acpi': add device device:00
[    1.961879] PM: Adding info for acpi:device:00
[    1.964779] device: 'device:01': device_add
[    1.965836] bus: 'acpi': add device device:01
[    1.969866] PM: Adding info for acpi:device:01
[    1.972852] device: 'device:02': device_add
[    1.973843] bus: 'acpi': add device device:02
[    1.976080] PM: Adding info for acpi:device:02
[    1.978226] device: 'device:03': device_add
[    1.981849] bus: 'acpi': add device device:03
[    1.983992] PM: Adding info for acpi:device:03
[    1.986209] device: 'device:04': device_add
[    1.988325] bus: 'acpi': add device device:04
[    1.989867] PM: Adding info for acpi:device:04
[    1.993827] device: 'device:05': device_add
[    1.995972] bus: 'acpi': add device device:05
[    1.997866] PM: Adding info for acpi:device:05
[    2.000566] device: 'device:06': device_add
[    2.001835] bus: 'acpi': add device device:06
[    2.004235] PM: Adding info for acpi:device:06
[    2.006274] device: 'device:07': device_add
[    2.009836] bus: 'acpi': add device device:07
[    2.012020] PM: Adding info for acpi:device:07
[    2.014250] device: 'PNP0000:00': device_add
[    2.016355] bus: 'acpi': add device PNP0000:00
[    2.017866] PM: Adding info for acpi:PNP0000:00
[    2.022272] device: 'PNP0200:00': device_add
[    2.024501] bus: 'acpi': add device PNP0200:00
[    2.025868] PM: Adding info for acpi:PNP0200:00
[    2.028625] device: 'PNP0100:00': device_add
[    2.029834] bus: 'acpi': add device PNP0100:00
[    2.033860] PM: Adding info for acpi:PNP0100:00
[    2.036621] device: 'PNP0B00:00': device_add
[    2.037834] bus: 'acpi': add device PNP0B00:00
[    2.040174] PM: Adding info for acpi:PNP0B00:00
[    2.042552] device: 'PNP0303:00': device_add
[    2.045835] bus: 'acpi': add device PNP0303:00
[    2.048257] PM: Adding info for acpi:PNP0303:00
[    2.050756] device: 'PNP0F03:00': device_add
[    2.053835] bus: 'acpi': add device PNP0F03:00
[    2.056356] PM: Adding info for acpi:PNP0F03:00
[    2.058245] device: 'PNP0800:00': device_add
[    2.061833] bus: 'acpi': add device PNP0800:00
[    2.064195] PM: Adding info for acpi:PNP0800:00
[    2.066317] device: 'PNP0C04:00': device_add
[    2.069839] bus: 'acpi': add device PNP0C04:00
[    2.072120] PM: Adding info for acpi:PNP0C04:00
[    2.078243] device: 'PNP0501:00': device_add
[    2.080503] bus: 'acpi': add device PNP0501:00
[    2.081876] PM: Adding info for acpi:PNP0501:00
[    2.088659] device: 'PNP0501:01': device_add
[    2.089836] bus: 'acpi': add device PNP0501:01
[    2.092270] PM: Adding info for acpi:PNP0501:01
[    2.099449] device: 'PNP0700:00': device_add
[    2.101837] bus: 'acpi': add device PNP0700:00
[    2.104218] PM: Adding info for acpi:PNP0700:00
[    2.106367] device: 'PNP0C02:00': device_add
[    2.108631] bus: 'acpi': add device PNP0C02:00
[    2.109868] PM: Adding info for acpi:PNP0C02:00
[    2.116185] device: 'PNP0C02:01': device_add
[    2.117839] bus: 'acpi': add device PNP0C02:01
[    2.120199] PM: Adding info for acpi:PNP0C02:01
[    2.122498] device: 'VMBUS:00': device_add
[    2.125836] bus: 'acpi': add device VMBUS:00
[    2.128075] PM: Adding info for acpi:VMBUS:00
[    2.130527] device: 'VMBUS:01': device_add
[    2.133842] bus: 'acpi': add device VMBUS:01
[    2.136117] PM: Adding info for acpi:VMBUS:01
[    2.139508] device: 'PNP0C01:00': device_add
[    2.141838] bus: 'acpi': add device PNP0C01:00
[    2.145874] PM: Adding info for acpi:PNP0C01:00
[    2.148534] device: 'LNXCPU:00': device_add
[    2.149836] bus: 'acpi': add device LNXCPU:00
[    2.152138] PM: Adding info for acpi:LNXCPU:00
[    2.154702] device: 'LNXCPU:01': device_add
[    2.157836] bus: 'acpi': add device LNXCPU:01
[    2.160077] PM: Adding info for acpi:LNXCPU:01
[    2.162720] device: 'LNXCPU:02': device_add
[    2.165837] bus: 'acpi': add device LNXCPU:02
[    2.168050] PM: Adding info for acpi:LNXCPU:02
[    2.170679] device: 'LNXCPU:03': device_add
[    2.172874] bus: 'acpi': add device LNXCPU:03
[    2.173887] PM: Adding info for acpi:LNXCPU:03
[    2.178676] device: 'LNXCPU:04': device_add
[    2.180869] bus: 'acpi': add device LNXCPU:04
[    2.181865] PM: Adding info for acpi:LNXCPU:04
[    2.186674] device: 'LNXCPU:05': device_add
[    2.189064] bus: 'acpi': add device LNXCPU:05
[    2.189887] PM: Adding info for acpi:LNXCPU:05
[    2.194721] device: 'LNXCPU:06': device_add
[    2.196978] bus: 'acpi': add device LNXCPU:06
[    2.197871] PM: Adding info for acpi:LNXCPU:06
[    2.202700] device: 'LNXCPU:07': device_add
[    2.205853] bus: 'acpi': add device LNXCPU:07
[    2.208263] PM: Adding info for acpi:LNXCPU:07
[    2.210569] device: 'LNXCPU:08': device_add
[    2.213836] bus: 'acpi': add device LNXCPU:08
[    2.216364] PM: Adding info for acpi:LNXCPU:08
[    2.218553] device: 'LNXCPU:09': device_add
[    2.221837] bus: 'acpi': add device LNXCPU:09
[    2.224930] PM: Adding info for acpi:LNXCPU:09
[    2.226580] device: 'LNXCPU:0a': device_add
[    2.229839] bus: 'acpi': add device LNXCPU:0a
[    2.232137] PM: Adding info for acpi:LNXCPU:0a
[    2.234538] device: 'LNXCPU:0b': device_add
[    2.237836] bus: 'acpi': add device LNXCPU:0b
[    2.240347] PM: Adding info for acpi:LNXCPU:0b
[    2.242563] device: 'LNXCPU:0c': device_add
[    2.245836] bus: 'acpi': add device LNXCPU:0c
[    2.248170] PM: Adding info for acpi:LNXCPU:0c
[    2.250568] device: 'LNXCPU:0d': device_add
[    2.252778] bus: 'acpi': add device LNXCPU:0d
[    2.253884] PM: Adding info for acpi:LNXCPU:0d
[    2.258560] device: 'LNXCPU:0e': device_add
[    2.260822] bus: 'acpi': add device LNXCPU:0e
[    2.261878] PM: Adding info for acpi:LNXCPU:0e
[    2.266532] device: 'LNXCPU:0f': device_add
[    2.268912] bus: 'acpi': add device LNXCPU:0f
[    2.269865] PM: Adding info for acpi:LNXCPU:0f
[    2.274514] device: 'LNXCPU:10': device_add
[    2.276731] bus: 'acpi': add device LNXCPU:10
[    2.277881] PM: Adding info for acpi:LNXCPU:10
[    2.282523] device: 'LNXCPU:11': device_add
[    2.284909] bus: 'acpi': add device LNXCPU:11
[    2.285866] PM: Adding info for acpi:LNXCPU:11
[    2.290549] device: 'LNXCPU:12': device_add
[    2.292768] bus: 'acpi': add device LNXCPU:12
[    2.293870] PM: Adding info for acpi:LNXCPU:12
[    2.298544] device: 'LNXCPU:13': device_add
[    2.300810] bus: 'acpi': add device LNXCPU:13
[    2.301863] PM: Adding info for acpi:LNXCPU:13
[    2.306510] device: 'LNXCPU:14': device_add
[    2.308821] bus: 'acpi': add device LNXCPU:14
[    2.309871] PM: Adding info for acpi:LNXCPU:14
[    2.314471] device: 'LNXCPU:15': device_add
[    2.316908] bus: 'acpi': add device LNXCPU:15
[    2.317878] PM: Adding info for acpi:LNXCPU:15
[    2.322569] device: 'LNXCPU:16': device_add
[    2.324725] bus: 'acpi': add device LNXCPU:16
[    2.325878] PM: Adding info for acpi:LNXCPU:16
[    2.330116] device: 'LNXCPU:17': device_add
[    2.332411] bus: 'acpi': add device LNXCPU:17
[    2.333880] PM: Adding info for acpi:LNXCPU:17
[    2.337857] device: 'LNXCPU:18': device_add
[    2.340035] bus: 'acpi': add device LNXCPU:18
[    2.341871] PM: Adding info for acpi:LNXCPU:18
[    2.344902] device: 'LNXCPU:19': device_add
[    2.345836] bus: 'acpi': add device LNXCPU:19
[    2.349880] PM: Adding info for acpi:LNXCPU:19
[    2.352814] device: 'LNXCPU:1a': device_add
[    2.353847] bus: 'acpi': add device LNXCPU:1a
[    2.356119] PM: Adding info for acpi:LNXCPU:1a
[    2.358529] device: 'LNXCPU:1b': device_add
[    2.361834] bus: 'acpi': add device LNXCPU:1b
[    2.364226] PM: Adding info for acpi:LNXCPU:1b
[    2.366534] device: 'LNXCPU:1c': device_add
[    2.369835] bus: 'acpi': add device LNXCPU:1c
[    2.372080] PM: Adding info for acpi:LNXCPU:1c
[    2.374531] device: 'LNXCPU:1d': device_add
[    2.376667] bus: 'acpi': add device LNXCPU:1d
[    2.377869] PM: Adding info for acpi:LNXCPU:1d
[    2.382569] device: 'LNXCPU:1e': device_add
[    2.384884] bus: 'acpi': add device LNXCPU:1e
[    2.385865] PM: Adding info for acpi:LNXCPU:1e
[    2.390543] device: 'LNXCPU:1f': device_add
[    2.392814] bus: 'acpi': add device LNXCPU:1f
[    2.393868] PM: Adding info for acpi:LNXCPU:1f
[    2.398518] device: 'LNXCPU:20': device_add
[    2.400846] bus: 'acpi': add device LNXCPU:20
[    2.401873] PM: Adding info for acpi:LNXCPU:20
[    2.406529] device: 'LNXCPU:21': device_add
[    2.408730] bus: 'acpi': add device LNXCPU:21
[    2.409867] PM: Adding info for acpi:LNXCPU:21
[    2.414303] device: 'LNXCPU:22': device_add
[    2.416441] bus: 'acpi': add device LNXCPU:22
[    2.417879] PM: Adding info for acpi:LNXCPU:22
[    2.420819] device: 'LNXCPU:23': device_add
[    2.421835] bus: 'acpi': add device LNXCPU:23
[    2.425864] PM: Adding info for acpi:LNXCPU:23
[    2.428923] device: 'LNXCPU:24': device_add
[    2.429835] bus: 'acpi': add device LNXCPU:24
[    2.433855] PM: Adding info for acpi:LNXCPU:24
[    2.436920] device: 'LNXCPU:25': device_add
[    2.437836] bus: 'acpi': add device LNXCPU:25
[    2.440216] PM: Adding info for acpi:LNXCPU:25
[    2.442569] device: 'LNXCPU:26': device_add
[    2.445836] bus: 'acpi': add device LNXCPU:26
[    2.448065] PM: Adding info for acpi:LNXCPU:26
[    2.450535] device: 'LNXCPU:27': device_add
[    2.453835] bus: 'acpi': add device LNXCPU:27
[    2.456265] PM: Adding info for acpi:LNXCPU:27
[    2.458594] device: 'LNXCPU:28': device_add
[    2.461846] bus: 'acpi': add device LNXCPU:28
[    2.464189] PM: Adding info for acpi:LNXCPU:28
[    2.466603] device: 'LNXCPU:29': device_add
[    2.469844] bus: 'acpi': add device LNXCPU:29
[    2.472232] PM: Adding info for acpi:LNXCPU:29
[    2.474578] device: 'LNXCPU:2a': device_add
[    2.477837] bus: 'acpi': add device LNXCPU:2a
[    2.480192] PM: Adding info for acpi:LNXCPU:2a
[    2.482540] device: 'LNXCPU:2b': device_add
[    2.484848] bus: 'acpi': add device LNXCPU:2b
[    2.485873] PM: Adding info for acpi:LNXCPU:2b
[    2.490532] device: 'LNXCPU:2c': device_add
[    2.492760] bus: 'acpi': add device LNXCPU:2c
[    2.493867] PM: Adding info for acpi:LNXCPU:2c
[    2.498511] device: 'LNXCPU:2d': device_add
[    2.500769] bus: 'acpi': add device LNXCPU:2d
[    2.501878] PM: Adding info for acpi:LNXCPU:2d
[    2.506658] device: 'LNXCPU:2e': device_add
[    2.508857] bus: 'acpi': add device LNXCPU:2e
[    2.509868] PM: Adding info for acpi:LNXCPU:2e
[    2.514447] device: 'LNXCPU:2f': device_add
[    2.516634] bus: 'acpi': add device LNXCPU:2f
[    2.517876] PM: Adding info for acpi:LNXCPU:2f
[    2.521970] device: 'LNXCPU:30': device_add
[    2.524110] bus: 'acpi': add device LNXCPU:30
[    2.525868] PM: Adding info for acpi:LNXCPU:30
[    2.528818] device: 'LNXCPU:31': device_add
[    2.529834] bus: 'acpi': add device LNXCPU:31
[    2.532092] PM: Adding info for acpi:LNXCPU:31
[    2.534707] device: 'LNXCPU:32': device_add
[    2.537836] bus: 'acpi': add device LNXCPU:32
[    2.539975] PM: Adding info for acpi:LNXCPU:32
[    2.542589] device: 'LNXCPU:33': device_add
[    2.545845] bus: 'acpi': add device LNXCPU:33
[    2.548289] PM: Adding info for acpi:LNXCPU:33
[    2.550618] device: 'LNXCPU:34': device_add
[    2.553836] bus: 'acpi': add device LNXCPU:34
[    2.556357] PM: Adding info for acpi:LNXCPU:34
[    2.558583] device: 'LNXCPU:35': device_add
[    2.561837] bus: 'acpi': add device LNXCPU:35
[    2.564268] PM: Adding info for acpi:LNXCPU:35
[    2.566635] device: 'LNXCPU:36': device_add
[    2.569862] bus: 'acpi': add device LNXCPU:36
[    2.572233] PM: Adding info for acpi:LNXCPU:36
[    2.574578] device: 'LNXCPU:37': device_add
[    2.577837] bus: 'acpi': add device LNXCPU:37
[    2.580169] PM: Adding info for acpi:LNXCPU:37
[    2.582577] device: 'LNXCPU:38': device_add
[    2.585843] bus: 'acpi': add device LNXCPU:38
[    2.588287] PM: Adding info for acpi:LNXCPU:38
[    2.590556] device: 'LNXCPU:39': device_add
[    2.593837] bus: 'acpi': add device LNXCPU:39
[    2.596102] PM: Adding info for acpi:LNXCPU:39
[    2.598564] device: 'LNXCPU:3a': device_add
[    2.600637] bus: 'acpi': add device LNXCPU:3a
[    2.601878] PM: Adding info for acpi:LNXCPU:3a
[    2.606546] device: 'LNXCPU:3b': device_add
[    2.608644] bus: 'acpi': add device LNXCPU:3b
[    2.609872] PM: Adding info for acpi:LNXCPU:3b
[    2.614054] device: 'LNXCPU:3c': device_add
[    2.616212] bus: 'acpi': add device LNXCPU:3c
[    2.617878] PM: Adding info for acpi:LNXCPU:3c
[    2.620830] device: 'LNXCPU:3d': device_add
[    2.621835] bus: 'acpi': add device LNXCPU:3d
[    2.624059] PM: Adding info for acpi:LNXCPU:3d
[    2.626524] device: 'LNXCPU:3e': device_add
[    2.629847] bus: 'acpi': add device LNXCPU:3e
[    2.632230] PM: Adding info for acpi:LNXCPU:3e
[    2.634544] device: 'LNXCPU:3f': device_add
[    2.637835] bus: 'acpi': add device LNXCPU:3f
[    2.640235] PM: Adding info for acpi:LNXCPU:3f
[    2.642311] device: 'HYPER_V_GEN_COUN:00': device_add
[    2.645837] bus: 'acpi': add device HYPER_V_GEN_COUN:00
[    2.649867] PM: Adding info for acpi:HYPER_V_GEN_COUN:00
[    2.654672] device: 'PNP0C0F:00': device_add
[    2.656941] bus: 'acpi': add device PNP0C0F:00
[    2.657878] PM: Adding info for acpi:PNP0C0F:00
[    2.662896] device: 'PNP0C0F:01': device_add
[    2.665063] bus: 'acpi': add device PNP0C0F:01
[    2.665872] PM: Adding info for acpi:PNP0C0F:01
[    2.670714] device: 'PNP0C0F:02': device_add
[    2.672899] bus: 'acpi': add device PNP0C0F:02
[    2.673878] PM: Adding info for acpi:PNP0C0F:02
[    2.678803] device: 'PNP0C0F:03': device_add
[    2.681249] bus: 'acpi': add device PNP0C0F:03
[    2.681867] PM: Adding info for acpi:PNP0C0F:03
[    2.686175] device: 'LNXSYBUS:01': device_add
[    2.688630] bus: 'acpi': add device LNXSYBUS:01
[    2.689883] PM: Adding info for acpi:LNXSYBUS:01
[    2.694417] ACPI: PCI Root Bridge [PCI0] (domain 0000 [bus 00-ff])
[    2.697842] acpi PNP0A03:00: _OSC: OS supports [ASPM ClockPM Segments MSI HPX-Type3]
[    2.701999] acpi PNP0A03:00: fail to add MMCONFIG information, can't access extended PCI configuration space under this bridge.
[    2.706002] device: 'pci0000:00': device_add
[    2.709924] PM: Adding info for No Bus:pci0000:00
[    2.713837] device: '0000:00': device_add
[    2.716152] PM: Adding info for No Bus:0000:00
[    2.718019] PCI host bridge to bus 0000:00
[    2.720369] pci_bus 0000:00: root bus resource [mem 0xfe0000000-0xfffffffff window]
[    2.721827] pci_bus 0000:00: root bus resource [io  0x0000-0x0cf7 window]
[    2.725823] pci_bus 0000:00: root bus resource [io  0x0d00-0xffff window]
[    2.729866] pci_bus 0000:00: root bus resource [mem 0x000a0000-0x000bffff window]
[    2.733824] pci_bus 0000:00: root bus resource [mem 0xf8000000-0xfffbffff window]
[    2.737824] pci_bus 0000:00: root bus resource [bus 00-ff]
[    2.742026] pci 0000:00:00.0: [8086:7192] type 00 class 0x060000
[    2.747456] cdx: pci_pm_reset: line 4609
[    2.749833] device: '0000:00:00.0': device_add
[    2.752337] bus: 'pci': add device 0000:00:00.0
[    2.753958] PM: Adding info for pci:0000:00:00.0
[    2.758265] pci 0000:00:07.0: [8086:7110] type 00 class 0x060100
[    2.763801] cdx: pci_pm_reset: line 4609
[    2.765826] device: '0000:00:07.0': device_add
[    2.768358] bus: 'pci': add device 0000:00:07.0
[    2.769944] PM: Adding info for pci:0000:00:07.0
[    2.772537] pci 0000:00:07.1: [8086:7111] type 00 class 0x010180
[    2.778712] pci 0000:00:07.1: reg 0x20: [io  0xffa0-0xffaf]
[    2.782572] pci 0000:00:07.1: legacy IDE quirk: reg 0x10: [io  0x01f0-0x01f7]
[    2.785822] pci 0000:00:07.1: legacy IDE quirk: reg 0x14: [io  0x03f6]
[    2.789041] pci 0000:00:07.1: legacy IDE quirk: reg 0x18: [io  0x0170-0x0177]
[    2.789820] pci 0000:00:07.1: legacy IDE quirk: reg 0x1c: [io  0x0376]
[    2.794138] cdx: pci_pm_reset: line 4609
[    2.797826] device: '0000:00:07.1': device_add
[    2.800171] bus: 'pci': add device 0000:00:07.1
[    2.801950] PM: Adding info for pci:0000:00:07.1
[    2.806045] pci 0000:00:07.3: [8086:7113] type 00 class 0x068000
[    2.809117] * Found PM-Timer Bug on the chipset. Due to workarounds for a bug,
[    2.809117] * this clock source is slow. Consider trying other clock sources
[    2.815302] pci 0000:00:07.3: quirk: [io  0x0400-0x043f] claimed by PIIX4 ACPI
[    2.818356] cdx: pci_pm_reset: line 4609
[    2.820453] device: '0000:00:07.3': device_add
[    2.821895] bus: 'pci': add device 0000:00:07.3
[    2.825944] PM: Adding info for pci:0000:00:07.3
[    2.828687] pci 0000:00:08.0: [1414:5353] type 00 class 0x030000
[    2.830325] pci 0000:00:08.0: reg 0x10: [mem 0xf8000000-0xfbffffff]
[    2.838257] cdx: pci_pm_reset: line 4609
[    2.840472] device: '0000:00:08.0': device_add
[    2.841907] bus: 'pci': add device 0000:00:08.0
[    2.845832] PM: Adding info for pci:0000:00:08.0
[    2.850148] Registering platform device 'PNP0800:00'. Parent at 0000:00:07.0
[    2.853683] device: 'PNP0800:00': device_add
[    2.853851] bus: 'platform': add device PNP0800:00
[    2.857872] PM: Adding info for platform:PNP0800:00
[    2.860778] Registering platform device 'PNP0C04:00'. Parent at 0000:00:07.0
[    2.861825] device: 'PNP0C04:00': device_add
[    2.865847] bus: 'platform': add device PNP0C04:00
[    2.869886] PM: Adding info for platform:PNP0C04:00
[    2.876877] Registering platform device 'VMBUS:01'. Parent at 0000:00:07.0
[    2.877826] device: 'VMBUS:01': device_add
[    2.881850] bus: 'platform': add device VMBUS:01
[    2.884229] PM: Adding info for platform:VMBUS:01
[    2.923959] Registering platform device 'HYPER_V_GEN_COUN:00'. Parent at platform
[    2.925826] device: 'HYPER_V_GEN_COUN:00': device_add
[    2.929850] bus: 'platform': add device HYPER_V_GEN_COUN:00
[    2.933870] PM: Adding info for platform:HYPER_V_GEN_COUN:00
[    2.937974] ACPI: PCI Interrupt Link [LNKA] (IRQs 3 4 5 7 9 10 *11 12 14 15)
[    2.943007] ACPI: PCI Interrupt Link [LNKB] (IRQs 3 4 5 7 9 10 11 12 14 15) *0, disabled.
[    2.946969] ACPI: PCI Interrupt Link [LNKC] (IRQs 3 4 5 7 9 10 11 12 14 15) *0, disabled.
[    2.954454] ACPI: PCI Interrupt Link [LNKD] (IRQs 3 4 5 7 9 10 11 12 14 15) *0, disabled.
[    2.958240] device: 'LNXPWRBN:00': device_add
[    2.960436] bus: 'acpi': add device LNXPWRBN:00
[    2.961888] PM: Adding info for acpi:LNXPWRBN:00
[    2.966038] bus: 'acpi': add driver ec
[    2.968105] bus: 'pnp': registered
[    2.969831] device class 'misc': registering
[    2.972228] device class 'tpm': registering
[    2.973841] device class 'tpmrm': registering
[    2.976407] device: 'vga_arbiter': device_add
[    2.977904] PM: Adding info for No Bus:vga_arbiter
[    2.981908] pci 0000:00:08.0: vgaarb: setting as boot VGA device
[    2.985091] pci 0000:00:08.0: vgaarb: VGA device added: decodes=io+mem,owns=io+mem,locks=none
[    2.985823] pci 0000:00:08.0: vgaarb: bridge control possible
[    2.988708] vgaarb: loaded
[    2.989900] bus: 'nd': registered
[    2.991596] device class 'nd': registering
[    2.993842] bus: 'nd': add driver nd_bus
[    2.996004] bus: 'nd': add driver nvdimm
[    2.997878] bus: 'nd': add driver nd_region
[    3.000324] device class 'dax': registering
[    3.001887] bus: 'dax': registered
[    3.004192] device class 'scsi_host': registering
[    3.005890] bus: 'scsi': registered
[    3.007737] device class 'scsi_device': registering
[    3.009853] SCSI subsystem initialized
[    3.014015] device class 'ata_link': registering
[    3.016155] device class 'ata_port': registering
[    3.017843] device class 'ata_device': registering
[    3.020244] libata version 3.00 loaded.
[    3.021860] bus: 'serio': registered
[    3.023710] device class 'input': registering
[    3.025898] device class 'rtc': registering
[    3.029861] device class 'rc': registering
[    3.032177] device class 'pps': registering
[    3.033859] pps_core: LinuxPPS API ver. 1 registered
[    3.037822] pps_core: Software ver. 5.3.6 - Copyright 2005-2007 Rodolfo Giometti <giometti@linux.it>
[    3.041830] device class 'ptp': registering
[    3.044179] PTP clock support registered
[    3.045832] device class 'power_supply': registering
[    3.049876] EDAC MC: Ver: 3.0.0
[    3.051715] bus: 'edac': registered
[    3.053839] device: 'edac': device_add
[    3.056064] PM: Adding info for No Bus:edac
[    3.058250] device: 'mc': device_add
[    3.061831] bus: 'edac': add device mc
[    3.063959] PM: Adding info for edac:mc
[    3.065994] device class 'leds': registering
[    3.068263] device class 'devfreq': registering
[    3.069972] bus: 'nvmem': registered
[    3.071913] PCI: Using ACPI for IRQ routing
[    3.073824] PCI: pci_cache_line_size set to 64 bytes
[    3.078175] e820: reserve RAM buffer [mem 0x0009fc00-0x0009ffff]
[    3.081135] e820: reserve RAM buffer [mem 0xf7ff0000-0xf7ffffff]
[    3.081884] device class 'net': registering
[    3.085942] device: 'lo': device_add
[    3.088106] PM: Adding info for No Bus:lo
[    3.090279] device class 'watchdog': registering
[    3.094298] clocksource: Switched to clocksource hyperv_clocksource_tsc_page
[    3.242695] VFS: Disk quotas dquot_6.6.0
[    3.245003] VFS: Dquot-cache hash table entries: 512 (order 0, 4096 bytes)
[    3.248956] *** VALIDATE hugetlbfs ***
[    3.251253] bus: 'platform': add driver simple-framebuffer
[    3.254391] bus: 'pnp': add driver system
[    3.256652] pnp: PnP ACPI init
[    3.258422] device: 'pnp0': device_add
[    3.260569] PM: Adding info for No Bus:pnp0
[    3.263108] device: '00:00': device_add
[    3.265157] bus: 'pnp': add device 00:00
[    3.267437] PM: Adding info for pnp:00:00
[    3.269735] pnp 00:00: Plug and Play ACPI device, IDs PNP0b00 (active)
[    3.273587] device: '00:01': device_add
[    3.275661] bus: 'pnp': add device 00:01
[    3.277777] PM: Adding info for pnp:00:01
[    3.279980] pnp 00:01: Plug and Play ACPI device, IDs PNP0303 PNP030b (active)
[    3.284546] device: '00:02': device_add
[    3.286757] bus: 'pnp': add device 00:02
[    3.289019] PM: Adding info for pnp:00:02
[    3.291299] pnp 00:02: Plug and Play ACPI device, IDs PNP0f03 PNP0f13 (active)
[    3.297907] pnp 00:03: [dma 0 disabled]
[    3.300691] device: '00:03': device_add
[    3.302830] bus: 'pnp': add device 00:03
[    3.305089] PM: Adding info for pnp:00:03
[    3.307270] pnp 00:03: Plug and Play ACPI device, IDs PNP0501 (active)
[    3.313457] pnp 00:04: [dma 0 disabled]
[    3.315732] device: '00:04': device_add
[    3.317918] bus: 'pnp': add device 00:04
[    3.320149] PM: Adding info for pnp:00:04
[    3.322410] pnp 00:04: Plug and Play ACPI device, IDs PNP0501 (active)
[    3.329100] pnp 00:05: [dma 2]
[    3.330802] device: '00:05': device_add
[    3.332915] bus: 'pnp': add device 00:05
[    3.335108] PM: Adding info for pnp:00:05
[    3.337230] pnp 00:05: Plug and Play ACPI device, IDs PNP0700 (active)
[    3.340723] device: '00:06': device_add
[    3.342747] bus: 'pnp': add device 00:06
[    3.344808] PM: Adding info for pnp:00:06
[    3.346871] bus: 'pnp': driver_probe_device: matched device 00:06 with driver system
[    3.350803] bus: 'pnp': really_probe: probing driver system with device 00:06
[    3.354525] system 00:06: no default pinctrl state
[    3.357020] system 00:06: [io  0x01e0-0x01ef] has been reserved
[    3.360101] system 00:06: [io  0x0160-0x016f] has been reserved
[    3.363006] system 00:06: [io  0x0278-0x027f] has been reserved
[    3.365949] system 00:06: [io  0x0378-0x037f] has been reserved
[    3.369155] system 00:06: [io  0x0678-0x067f] has been reserved
[    3.372314] system 00:06: [io  0x0778-0x077f] has been reserved
[    3.375498] system 00:06: [io  0x04d0-0x04d1] has been reserved
[    3.378753] driver: 'system': driver_bound: bound to device '00:06'
[    3.382192] bus: 'pnp': really_probe: bound device 00:06 to driver system
[    3.385991] system 00:06: Plug and Play ACPI device, IDs PNP0c02 (active)
[    3.391826] device: '00:07': device_add
[    3.393908] bus: 'pnp': add device 00:07
[    3.396041] PM: Adding info for pnp:00:07
[    3.398156] bus: 'pnp': driver_probe_device: matched device 00:07 with driver system
[    3.402382] bus: 'pnp': really_probe: probing driver system with device 00:07
[    3.406411] system 00:07: no default pinctrl state
[    3.409058] system 00:07: [io  0x0400-0x043f] has been reserved
[    3.412088] system 00:07: [io  0x0370-0x0371] has been reserved
[    3.415250] system 00:07: [io  0x0440-0x044f] has been reserved
[    3.418394] system 00:07: [mem 0xfec00000-0xfec00fff] could not be reserved
[    3.421986] system 00:07: [mem 0xfee00000-0xfee00fff] has been reserved
[    3.425343] driver: 'system': driver_bound: bound to device '00:07'
[    3.428444] bus: 'pnp': really_probe: bound device 00:07 to driver system
[    3.432431] system 00:07: Plug and Play ACPI device, IDs PNP0c02 (active)
[    3.437432] device: '00:08': device_add
[    3.439631] bus: 'pnp': add device 00:08
[    3.441736] PM: Adding info for pnp:00:08
[    3.443827] bus: 'pnp': driver_probe_device: matched device 00:08 with driver system
[    3.447838] bus: 'pnp': really_probe: probing driver system with device 00:08
[    3.451559] system 00:08: no default pinctrl state
[    3.454112] system 00:08: [mem 0x00000000-0x0009ffff] could not be reserved
[    3.458528] system 00:08: [mem 0x000c0000-0x000dffff] could not be reserved
[    3.462668] system 00:08: [mem 0x000e0000-0x000fffff] could not be reserved
[    3.466679] system 00:08: [mem 0x00100000-0xf7ffffff] could not be reserved
[    3.470488] system 00:08: [mem 0xfffc0000-0xffffffff] has been reserved
[    3.474117] driver: 'system': driver_bound: bound to device '00:08'
[    3.477404] bus: 'pnp': really_probe: bound device 00:08 to driver system
[    3.480906] system 00:08: Plug and Play ACPI device, IDs PNP0c01 (active)
[    3.485718] pnp: PnP ACPI: found 9 devices
[    3.487829] device class 'mem': registering
[    3.490082] device: 'mem': device_add
[    3.492091] PM: Adding info for No Bus:mem
[    3.494477] device: 'null': device_add
[    3.496616] PM: Adding info for No Bus:null
[    3.499029] device: 'port': device_add
[    3.501146] PM: Adding info for No Bus:port
[    3.503495] device: 'zero': device_add
[    3.505570] PM: Adding info for No Bus:zero
[    3.507818] device: 'full': device_add
[    3.509912] PM: Adding info for No Bus:full
[    3.512177] device: 'random': device_add
[    3.514414] PM: Adding info for No Bus:random
[    3.516850] device: 'urandom': device_add
[    3.520570] PM: Adding info for No Bus:urandom
[    3.522902] device: 'kmsg': device_add
[    3.524843] PM: Adding info for No Bus:kmsg
[    3.527066] device: 'tty': device_add
[    3.528971] PM: Adding info for No Bus:tty
[    3.531211] device: 'console': device_add
[    3.533387] PM: Adding info for No Bus:console
[    3.535777] device: 'tty0': device_add
[    3.537846] PM: Adding info for No Bus:tty0
[    3.540311] device class 'vc': registering
[    3.542617] device: 'vcs': device_add
[    3.544710] PM: Adding info for No Bus:vcs
[    3.546991] device: 'vcsu': device_add
[    3.549845] PM: Adding info for No Bus:vcsu
[    3.552125] device: 'vcsa': device_add
[    3.554443] PM: Adding info for No Bus:vcsa
[    3.556754] device: 'vcs1': device_add
[    3.558891] PM: Adding info for No Bus:vcs1
[    3.561276] device: 'vcsu1': device_add
[    3.563326] PM: Adding info for No Bus:vcsu1
[    3.565657] device: 'vcsa1': device_add
[    3.567729] PM: Adding info for No Bus:vcsa1
[    3.570105] device: 'tty1': device_add
[    3.572185] PM: Adding info for No Bus:tty1
[    3.574800] device: 'tty2': device_add
[    3.576955] PM: Adding info for No Bus:tty2
[    3.579350] device: 'tty3': device_add
[    3.581436] PM: Adding info for No Bus:tty3
[    3.583806] device: 'tty4': device_add
[    3.585978] PM: Adding info for No Bus:tty4
[    3.588436] device: 'tty5': device_add
[    3.590596] PM: Adding info for No Bus:tty5
[    3.592895] device: 'tty6': device_add
[    3.594998] PM: Adding info for No Bus:tty6
[    3.597311] device: 'tty7': device_add
[    3.599270] PM: Adding info for No Bus:tty7
[    3.601489] device: 'tty8': device_add
[    3.603472] PM: Adding info for No Bus:tty8
[    3.605762] device: 'tty9': device_add
[    3.607725] PM: Adding info for No Bus:tty9
[    3.609944] device: 'tty10': device_add
[    3.611982] PM: Adding info for No Bus:tty10
[    3.614337] device: 'tty11': device_add
[    3.616386] PM: Adding info for No Bus:tty11
[    3.618682] device: 'tty12': device_add
[    3.620739] PM: Adding info for No Bus:tty12
[    3.623023] device: 'tty13': device_add
[    3.625089] PM: Adding info for No Bus:tty13
[    3.627498] device: 'tty14': device_add
[    3.629629] PM: Adding info for No Bus:tty14
[    3.632002] device: 'tty15': device_add
[    3.634022] PM: Adding info for No Bus:tty15
[    3.636311] device: 'tty16': device_add
[    3.638267] PM: Adding info for No Bus:tty16
[    3.640679] device: 'tty17': device_add
[    3.642810] PM: Adding info for No Bus:tty17
[    3.645200] device: 'tty18': device_add
[    3.647359] PM: Adding info for No Bus:tty18
[    3.649794] device: 'tty19': device_add
[    3.651994] PM: Adding info for No Bus:tty19
[    3.654349] device: 'tty20': device_add
[    3.656458] PM: Adding info for No Bus:tty20
[    3.658805] device: 'tty21': device_add
[    3.660891] PM: Adding info for No Bus:tty21
[    3.663231] device: 'tty22': device_add
[    3.665352] PM: Adding info for No Bus:tty22
[    3.667694] device: 'tty23': device_add
[    3.669749] PM: Adding info for No Bus:tty23
[    3.671938] device: 'tty24': device_add
[    3.673925] PM: Adding info for No Bus:tty24
[    3.676219] device: 'tty25': device_add
[    3.678295] PM: Adding info for No Bus:tty25
[    3.680590] device: 'tty26': device_add
[    3.682711] PM: Adding info for No Bus:tty26
[    3.685107] device: 'tty27': device_add
[    3.687251] PM: Adding info for No Bus:tty27
[    3.689710] device: 'tty28': device_add
[    3.691778] PM: Adding info for No Bus:tty28
[    3.694079] device: 'tty29': device_add
[    3.696126] PM: Adding info for No Bus:tty29
[    3.698626] device: 'tty30': device_add
[    3.700821] PM: Adding info for No Bus:tty30
[    3.703177] device: 'tty31': device_add
[    3.705339] PM: Adding info for No Bus:tty31
[    3.707732] device: 'tty32': device_add
[    3.709778] PM: Adding info for No Bus:tty32
[    3.711966] device: 'tty33': device_add
[    3.714046] PM: Adding info for No Bus:tty33
[    3.716501] device: 'tty34': device_add
[    3.718743] PM: Adding info for No Bus:tty34
[    3.721258] device: 'tty35': device_add
[    3.723494] PM: Adding info for No Bus:tty35
[    3.725995] device: 'tty36': device_add
[    3.728224] PM: Adding info for No Bus:tty36
[    3.730721] device: 'tty37': device_add
[    3.732852] PM: Adding info for No Bus:tty37
[    3.735184] device: 'tty38': device_add
[    3.737207] PM: Adding info for No Bus:tty38
[    3.739553] device: 'tty39': device_add
[    3.741592] PM: Adding info for No Bus:tty39
[    3.743837] device: 'tty40': device_add
[    3.745940] PM: Adding info for No Bus:tty40
[    3.748301] device: 'tty41': device_add
[    3.750438] PM: Adding info for No Bus:tty41
[    3.752795] device: 'tty42': device_add
[    3.754946] PM: Adding info for No Bus:tty42
[    3.757313] device: 'tty43': device_add
[    3.759432] PM: Adding info for No Bus:tty43
[    3.761795] device: 'tty44': device_add
[    3.763820] PM: Adding info for No Bus:tty44
[    3.766114] device: 'tty45': device_add
[    3.768238] PM: Adding info for No Bus:tty45
[    3.770670] device: 'tty46': device_add
[    3.772747] PM: Adding info for No Bus:tty46
[    3.775068] device: 'tty47': device_add
[    3.777150] PM: Adding info for No Bus:tty47
[    3.779704] device: 'tty48': device_add
[    3.781968] PM: Adding info for No Bus:tty48
[    3.784406] device: 'tty49': device_add
[    3.786559] PM: Adding info for No Bus:tty49
[    3.788909] device: 'tty50': device_add
[    3.790957] PM: Adding info for No Bus:tty50
[    3.793242] device: 'tty51': device_add
[    3.795310] PM: Adding info for No Bus:tty51
[    3.797557] device: 'tty52': device_add
[    3.799554] PM: Adding info for No Bus:tty52
[    3.801786] device: 'tty53': device_add
[    3.803878] PM: Adding info for No Bus:tty53
[    3.806210] device: 'tty54': device_add
[    3.808275] PM: Adding info for No Bus:tty54
[    3.810684] device: 'tty55': device_add
[    3.812884] PM: Adding info for No Bus:tty55
[    3.815326] device: 'tty56': device_add
[    3.817468] PM: Adding info for No Bus:tty56
[    3.819735] device: 'tty57': device_add
[    3.821754] PM: Adding info for No Bus:tty57
[    3.824013] device: 'tty58': device_add
[    3.825993] PM: Adding info for No Bus:tty58
[    3.828131] device: 'tty59': device_add
[    3.830263] PM: Adding info for No Bus:tty59
[    3.832507] device: 'tty60': device_add
[    3.834438] PM: Adding info for No Bus:tty60
[    3.836580] device: 'tty61': device_add
[    3.838578] PM: Adding info for No Bus:tty61
[    3.841015] device: 'tty62': device_add
[    3.843232] PM: Adding info for No Bus:tty62
[    3.845717] device: 'tty63': device_add
[    3.847932] PM: Adding info for No Bus:tty63
[    3.850571] device class 'firmware': registering
[    3.853192] device class 'thermal': registering
[    3.860227] clocksource: acpi_pm: mask: 0xffffff max_cycles: 0xffffff, max_idle_ns: 2085701024 ns
[    3.864553] pci_bus 0000:00: resource 4 [mem 0xfe0000000-0xfffffffff window]
[    3.868166] pci_bus 0000:00: resource 5 [io  0x0000-0x0cf7 window]
[    3.871391] pci_bus 0000:00: resource 6 [io  0x0d00-0xffff window]
[    3.874579] pci_bus 0000:00: resource 7 [mem 0x000a0000-0x000bffff window]
[    3.878091] pci_bus 0000:00: resource 8 [mem 0xf8000000-0xfffbffff window]
[    3.881965] NET: Registered protocol family 2
[    3.884840] tcp_listen_portaddr_hash hash table entries: 2048 (order: 5, 147456 bytes, linear)
[    3.889404] TCP established hash table entries: 32768 (order: 6, 262144 bytes, linear)
[    3.893351] TCP bind hash table entries: 32768 (order: 9, 2097152 bytes, linear)
[    3.897968] TCP: Hash tables configured (established 32768 bind 32768)
[    3.902035] UDP hash table entries: 2048 (order: 6, 327680 bytes, linear)
[    3.905812] UDP-Lite hash table entries: 2048 (order: 6, 327680 bytes, linear)
[    3.910518] NET: Registered protocol family 1
[    3.912844] pci 0000:00:00.0: Limiting direct PCI/PCI transfers
[    3.916210] pci 0000:00:08.0: Video device with shadowed ROM at [mem 0x000c0000-0x000dffff]
[    3.920607] PCI: CLS 0 bytes, default 64
[    3.922884] Trying to unpack rootfs image as initramfs...
[    4.142346] debug: unmapping init [mem 0xffff9081b6697000-0xffff9081b7342fff]
[    4.147430] PCI-DMA: Using software bounce buffering for IO (SWIOTLB)
[    4.151014] software IO TLB: mapped [mem 0xe3ff0000-0xe7ff0000] (64MB)
[    4.154907] RAPL PMU: API unit is 2^-32 Joules, 0 fixed counters, 10737418240 ms ovfl timer
[    4.159253] Registering platform device 'pcspkr'. Parent at platform
[    4.162596] device: 'pcspkr': device_add
[    4.164695] bus: 'platform': add device pcspkr
[    4.167123] PM: Adding info for platform:pcspkr
[    4.170060] check: Scanning for low memory corruption every 60 seconds
[    4.173521] Registering platform device 'platform-framebuffer.0'. Parent at platform
[    4.177549] device: 'platform-framebuffer.0': device_add
[    4.180277] bus: 'platform': add device platform-framebuffer.0
[    4.183455] PM: Adding info for platform:platform-framebuffer.0
[    4.191107] bus: 'pci': add driver iosf_mbi_pci
[    4.193796] device: 'snapshot': device_add
[    4.196474] PM: Adding info for No Bus:snapshot
[    4.199035] bus: 'clocksource': registered
[    4.201477] device: 'clocksource': device_add
[    4.203838] PM: Adding info for No Bus:clocksource
[    4.206450] device: 'clocksource0': device_add
[    4.208808] bus: 'clocksource': add device clocksource0
[    4.211660] PM: Adding info for clocksource:clocksource0
[    4.214643] bus: 'platform': add driver alarmtimer
[    4.217363] Registering platform device 'alarmtimer'. Parent at platform
[    4.221031] device: 'alarmtimer': device_add
[    4.223414] bus: 'platform': add device alarmtimer
[    4.226160] PM: Adding info for platform:alarmtimer
[    4.228885] bus: 'platform': driver_probe_device: matched device alarmtimer with driver alarmtimer
[    4.233693] bus: 'platform': really_probe: probing driver alarmtimer with device alarmtimer
[    4.238015] alarmtimer alarmtimer: no default pinctrl state
[    4.240971] driver: 'alarmtimer': driver_bound: bound to device 'alarmtimer'
[    4.244595] bus: 'platform': really_probe: bound device alarmtimer to driver alarmtimer
[    4.248976] bus: 'clockevents': registered
[    4.251234] device: 'clockevents': device_add
[    4.253653] PM: Adding info for No Bus:clockevents
[    4.256230] device: 'clockevent0': device_add
[    4.258581] bus: 'clockevents': add device clockevent0
[    4.261268] PM: Adding info for clockevents:clockevent0
[    4.263997] device: 'clockevent1': device_add
[    4.266168] bus: 'clockevents': add device clockevent1
[    4.268892] PM: Adding info for clockevents:clockevent1
[    4.271658] device: 'clockevent2': device_add
[    4.273953] bus: 'clockevents': add device clockevent2
[    4.276782] PM: Adding info for clockevents:clockevent2
[    4.279650] device: 'clockevent3': device_add
[    4.281975] bus: 'clockevents': add device clockevent3
[    4.284669] PM: Adding info for clockevents:clockevent3
[    4.287405] device: 'clockevent4': device_add
[    4.289667] bus: 'clockevents': add device clockevent4
[    4.292353] PM: Adding info for clockevents:clockevent4
[    4.295095] device: 'clockevent5': device_add
[    4.297263] bus: 'clockevents': add device clockevent5
[    4.299869] PM: Adding info for clockevents:clockevent5
[    4.302483] device: 'clockevent6': device_add
[    4.304619] bus: 'clockevents': add device clockevent6
[    4.307140] PM: Adding info for clockevents:clockevent6
[    4.309860] device: 'clockevent7': device_add
[    4.312075] bus: 'clockevents': add device clockevent7
[    4.314800] PM: Adding info for clockevents:clockevent7
[    4.317533] device: 'clockevent8': device_add
[    4.319787] bus: 'clockevents': add device clockevent8
[    4.322522] PM: Adding info for clockevents:clockevent8
[    4.325185] device: 'clockevent9': device_add
[    4.327344] bus: 'clockevents': add device clockevent9
[    4.329914] PM: Adding info for clockevents:clockevent9
[    4.332571] device: 'clockevent10': device_add
[    4.334797] bus: 'clockevents': add device clockevent10
[    4.337416] PM: Adding info for clockevents:clockevent10
[    4.340072] device: 'clockevent11': device_add
[    4.342609] bus: 'clockevents': add device clockevent11
[    4.345550] PM: Adding info for clockevents:clockevent11
[    4.348648] device: 'clockevent12': device_add
[    4.351191] bus: 'clockevents': add device clockevent12
[    4.354226] PM: Adding info for clockevents:clockevent12
[    4.357140] device: 'clockevent13': device_add
[    4.359577] bus: 'clockevents': add device clockevent13
[    4.362230] PM: Adding info for clockevents:clockevent13
[    4.364924] device: 'clockevent14': device_add
[    4.367130] bus: 'clockevents': add device clockevent14
[    4.369740] PM: Adding info for clockevents:clockevent14
[    4.372455] device: 'clockevent15': device_add
[    4.374747] bus: 'clockevents': add device clockevent15
[    4.377465] PM: Adding info for clockevents:clockevent15
[    4.380225] device: 'clockevent16': device_add
[    4.382579] bus: 'clockevents': add device clockevent16
[    4.385360] PM: Adding info for clockevents:clockevent16
[    4.388281] device: 'clockevent17': device_add
[    4.390769] bus: 'clockevents': add device clockevent17
[    4.393543] PM: Adding info for clockevents:clockevent17
[    4.396322] device: 'clockevent18': device_add
[    4.398680] bus: 'clockevents': add device clockevent18
[    4.401368] PM: Adding info for clockevents:clockevent18
[    4.404078] device: 'clockevent19': device_add
[    4.406392] bus: 'clockevents': add device clockevent19
[    4.409119] PM: Adding info for clockevents:clockevent19
[    4.411888] device: 'clockevent20': device_add
[    4.414209] bus: 'clockevents': add device clockevent20
[    4.416949] PM: Adding info for clockevents:clockevent20
[    4.419970] device: 'clockevent21': device_add
[    4.422474] bus: 'clockevents': add device clockevent21
[    4.425273] PM: Adding info for clockevents:clockevent21
[    4.427966] device: 'clockevent22': device_add
[    4.430187] bus: 'clockevents': add device clockevent22
[    4.432797] PM: Adding info for clockevents:clockevent22
[    4.435581] device: 'clockevent23': device_add
[    4.437916] bus: 'clockevents': add device clockevent23
[    4.440962] PM: Adding info for clockevents:clockevent23
[    4.443883] device: 'clockevent24': device_add
[    4.446306] bus: 'clockevents': add device clockevent24
[    4.449192] PM: Adding info for clockevents:clockevent24
[    4.452120] device: 'clockevent25': device_add
[    4.454463] bus: 'clockevents': add device clockevent25
[    4.457198] PM: Adding info for clockevents:clockevent25
[    4.459905] device: 'clockevent26': device_add
[    4.462118] bus: 'clockevents': add device clockevent26
[    4.464848] PM: Adding info for clockevents:clockevent26
[    4.467617] device: 'clockevent27': device_add
[    4.469925] bus: 'clockevents': add device clockevent27
[    4.472653] PM: Adding info for clockevents:clockevent27
[    4.475423] device: 'clockevent28': device_add
[    4.477730] bus: 'clockevents': add device clockevent28
[    4.480520] PM: Adding info for clockevents:clockevent28
[    4.483163] device: 'clockevent29': device_add
[    4.485390] bus: 'clockevents': add device clockevent29
[    4.488020] PM: Adding info for clockevents:clockevent29
[    4.490620] device: 'clockevent30': device_add
[    4.492771] bus: 'clockevents': add device clockevent30
[    4.495449] PM: Adding info for clockevents:clockevent30
[    4.498163] device: 'clockevent31': device_add
[    4.500425] bus: 'clockevents': add device clockevent31
[    4.503094] PM: Adding info for clockevents:clockevent31
[    4.505823] device: 'clockevent32': device_add
[    4.508080] bus: 'clockevents': add device clockevent32
[    4.510751] PM: Adding info for clockevents:clockevent32
[    4.513448] device: 'clockevent33': device_add
[    4.515582] bus: 'clockevents': add device clockevent33
[    4.518126] PM: Adding info for clockevents:clockevent33
[    4.520732] device: 'clockevent34': device_add
[    4.522920] bus: 'clockevents': add device clockevent34
[    4.525531] PM: Adding info for clockevents:clockevent34
[    4.528205] device: 'clockevent35': device_add
[    4.530733] bus: 'clockevents': add device clockevent35
[    4.533708] PM: Adding info for clockevents:clockevent35
[    4.536713] device: 'clockevent36': device_add
[    4.539079] bus: 'clockevents': add device clockevent36
[    4.542096] PM: Adding info for clockevents:clockevent36
[    4.544923] device: 'clockevent37': device_add
[    4.547270] bus: 'clockevents': add device clockevent37
[    4.550023] PM: Adding info for clockevents:clockevent37
[    4.552724] device: 'clockevent38': device_add
[    4.554951] bus: 'clockevents': add device clockevent38
[    4.557638] PM: Adding info for clockevents:clockevent38
[    4.560438] device: 'clockevent39': device_add
[    4.562767] bus: 'clockevents': add device clockevent39
[    4.565502] PM: Adding info for clockevents:clockevent39
[    4.568252] device: 'clockevent40': device_add
[    4.570564] bus: 'clockevents': add device clockevent40
[    4.573284] PM: Adding info for clockevents:clockevent40
[    4.575933] device: 'clockevent41': device_add
[    4.578120] bus: 'clockevents': add device clockevent41
[    4.580693] PM: Adding info for clockevents:clockevent41
[    4.583328] device: 'clockevent42': device_add
[    4.585513] bus: 'clockevents': add device clockevent42
[    4.588101] PM: Adding info for clockevents:clockevent42
[    4.590813] device: 'clockevent43': device_add
[    4.593126] bus: 'clockevents': add device clockevent43
[    4.595883] PM: Adding info for clockevents:clockevent43
[    4.598886] device: 'clockevent44': device_add
[    4.601337] bus: 'clockevents': add device clockevent44
[    4.604348] PM: Adding info for clockevents:clockevent44
[    4.607218] device: 'clockevent45': device_add
[    4.609636] bus: 'clockevents': add device clockevent45
[    4.612348] PM: Adding info for clockevents:clockevent45
[    4.615206] device: 'clockevent46': device_add
[    4.617731] bus: 'clockevents': add device clockevent46
[    4.620501] PM: Adding info for clockevents:clockevent46
[    4.623298] device: 'clockevent47': device_add
[    4.625734] bus: 'clockevents': add device clockevent47
[    4.628658] PM: Adding info for clockevents:clockevent47
[    4.631435] device: 'clockevent48': device_add
[    4.633884] bus: 'clockevents': add device clockevent48
[    4.636842] PM: Adding info for clockevents:clockevent48
[    4.639831] device: 'clockevent49': device_add
[    4.642480] bus: 'clockevents': add device clockevent49
[    4.645268] PM: Adding info for clockevents:clockevent49
[    4.648068] device: 'clockevent50': device_add
[    4.650415] bus: 'clockevents': add device clockevent50
[    4.653071] PM: Adding info for clockevents:clockevent50
[    4.655860] device: 'clockevent51': device_add
[    4.658200] bus: 'clockevents': add device clockevent51
[    4.660952] PM: Adding info for clockevents:clockevent51
[    4.663742] device: 'clockevent52': device_add
[    4.666050] bus: 'clockevents': add device clockevent52
[    4.668891] PM: Adding info for clockevents:clockevent52
[    4.671623] device: 'clockevent53': device_add
[    4.673950] bus: 'clockevents': add device clockevent53
[    4.676739] PM: Adding info for clockevents:clockevent53
[    4.679535] device: 'clockevent54': device_add
[    4.681911] bus: 'clockevents': add device clockevent54
[    4.684778] PM: Adding info for clockevents:clockevent54
[    4.687686] device: 'clockevent55': device_add
[    4.690124] bus: 'clockevents': add device clockevent55
[    4.693001] PM: Adding info for clockevents:clockevent55
[    4.695808] device: 'clockevent56': device_add
[    4.698110] bus: 'clockevents': add device clockevent56
[    4.700822] PM: Adding info for clockevents:clockevent56
[    4.703400] device: 'clockevent57': device_add
[    4.705783] bus: 'clockevents': add device clockevent57
[    4.708577] PM: Adding info for clockevents:clockevent57
[    4.711403] device: 'clockevent58': device_add
[    4.713763] bus: 'clockevents': add device clockevent58
[    4.716539] PM: Adding info for clockevents:clockevent58
[    4.719433] device: 'clockevent59': device_add
[    4.721868] bus: 'clockevents': add device clockevent59
[    4.724763] PM: Adding info for clockevents:clockevent59
[    4.727723] device: 'clockevent60': device_add
[    4.730134] bus: 'clockevents': add device clockevent60
[    4.733115] PM: Adding info for clockevents:clockevent60
[    4.735853] device: 'clockevent61': device_add
[    4.738162] bus: 'clockevents': add device clockevent61
[    4.740813] PM: Adding info for clockevents:clockevent61
[    4.743666] device: 'clockevent62': device_add
[    4.746118] bus: 'clockevents': add device clockevent62
[    4.749062] PM: Adding info for clockevents:clockevent62
[    4.752050] device: 'clockevent63': device_add
[    4.754600] bus: 'clockevents': add device clockevent63
[    4.757545] PM: Adding info for clockevents:clockevent63
[    4.760488] device: 'broadcast': device_add
[    4.762721] bus: 'clockevents': add device broadcast
[    4.765462] PM: Adding info for clockevents:broadcast
[    4.769011] bus: 'event_source': registered
[    4.771212] device: 'power': device_add
[    4.773208] bus: 'event_source': add device power
[    4.775650] PM: Adding info for event_source:power
[    4.778103] device: 'msr': device_add
[    4.780032] bus: 'event_source': add device msr
[    4.782594] PM: Adding info for event_source:msr
[    4.785011] device: 'breakpoint': device_add
[    4.787313] bus: 'event_source': add device breakpoint
[    4.790155] PM: Adding info for event_source:breakpoint
[    4.793011] device: 'kprobe': device_add
[    4.795337] bus: 'event_source': add device kprobe
[    4.797925] PM: Adding info for event_source:kprobe
[    4.800459] device: 'tracepoint': device_add
[    4.802604] bus: 'event_source': add device tracepoint
[    4.805182] PM: Adding info for event_source:tracepoint
[    4.807789] device: 'software': device_add
[    4.809951] bus: 'event_source': add device software
[    4.812605] PM: Adding info for event_source:software
[    4.815461] workingset: timestamp_bits=40 max_order=20 bucket_order=0
[    4.835490] zbud: loaded
[    4.841912] SGI XFS with security attributes, no debug enabled
[    4.849544] Key type asymmetric registered
[    4.851820] Asymmetric key parser 'x509' registered
[    4.854539] device class 'bsg': registering
[    4.856826] Block layer SCSI generic (bsg) driver version 0.4 loaded (major 246)
[    4.860925] io scheduler mq-deadline registered
[    4.863250] io scheduler kyber registered
[    4.866441] device class 'phy': registering
[    4.868913] bus: 'pci_express': add driver aer
[    4.871593] bus: 'pci_express': add driver pcie_pme
[    4.874224] bus: 'pci': add driver pcieport
[    4.876513] bus: 'pci': add driver imsttfb
[    4.878721] bus: 'pci': add driver asiliantfb
[    4.881058] bus: 'platform': add driver vesa-framebuffer
[    4.883969] bus: 'platform': add driver efi-framebuffer
[    4.886684] intel_idle: Please enable MWAIT in BIOS SETUP
[    4.889438] bus: 'cpu': add driver processor
[    4.891734] bus: 'cpu': driver_probe_device: matched device cpu0 with driver processor
[    4.895524] bus: 'cpu': really_probe: probing driver processor with device cpu0
[    4.899198] processor cpu0: no default pinctrl state
[    4.901808] device: 'cooling_device0': device_add
[    4.904382] PM: Adding info for No Bus:cooling_device0
[    4.907216] driver: 'processor': driver_bound: bound to device 'cpu0'
[    4.910584] bus: 'cpu': really_probe: bound device cpu0 to driver processor
[    4.914168] bus: 'cpu': driver_probe_device: matched device cpu1 with driver processor
[    4.918250] bus: 'cpu': really_probe: probing driver processor with device cpu1
[    4.921813] processor cpu1: no default pinctrl state
[    4.924334] device: 'cooling_device1': device_add
[    4.926689] PM: Adding info for No Bus:cooling_device1
[    4.929206] driver: 'processor': driver_bound: bound to device 'cpu1'
[    4.932414] bus: 'cpu': really_probe: bound device cpu1 to driver processor
[    4.935937] bus: 'cpu': driver_probe_device: matched device cpu2 with driver processor
[    4.939931] bus: 'cpu': really_probe: probing driver processor with device cpu2
[    4.943767] processor cpu2: no default pinctrl state
[    4.947751] device: 'cooling_device2': device_add
[    4.950163] PM: Adding info for No Bus:cooling_device2
[    4.952734] driver: 'processor': driver_bound: bound to device 'cpu2'
[    4.955941] bus: 'cpu': really_probe: bound device cpu2 to driver processor
[    4.959340] bus: 'cpu': driver_probe_device: matched device cpu3 with driver processor
[    4.963168] bus: 'cpu': really_probe: probing driver processor with device cpu3
[    4.967092] processor cpu3: no default pinctrl state
[    4.969920] device: 'cooling_device3': device_add
[    4.972449] PM: Adding info for No Bus:cooling_device3
[    4.975902] driver: 'processor': driver_bound: bound to device 'cpu3'
[    4.979253] bus: 'cpu': really_probe: bound device cpu3 to driver processor
[    4.982804] bus: 'cpu': driver_probe_device: matched device cpu4 with driver processor
[    4.986658] bus: 'cpu': really_probe: probing driver processor with device cpu4
[    4.990225] processor cpu4: no default pinctrl state
[    4.992748] device: 'cooling_device4': device_add
[    4.995137] PM: Adding info for No Bus:cooling_device4
[    4.997766] driver: 'processor': driver_bound: bound to device 'cpu4'
[    5.001113] bus: 'cpu': really_probe: bound device cpu4 to driver processor
[    5.004689] bus: 'cpu': driver_probe_device: matched device cpu5 with driver processor
[    5.008739] bus: 'cpu': really_probe: probing driver processor with device cpu5
[    5.012454] processor cpu5: no default pinctrl state
[    5.014967] device: 'cooling_device5': device_add
[    5.017385] PM: Adding info for No Bus:cooling_device5
[    5.019957] driver: 'processor': driver_bound: bound to device 'cpu5'
[    5.023091] bus: 'cpu': really_probe: bound device cpu5 to driver processor
[    5.026502] bus: 'cpu': driver_probe_device: matched device cpu6 with driver processor
[    5.030482] bus: 'cpu': really_probe: probing driver processor with device cpu6
[    5.034183] processor cpu6: no default pinctrl state
[    5.036775] device: 'cooling_device6': device_add
[    5.040613] PM: Adding info for No Bus:cooling_device6
[    5.043347] driver: 'processor': driver_bound: bound to device 'cpu6'
[    5.046794] bus: 'cpu': really_probe: bound device cpu6 to driver processor
[    5.050393] bus: 'cpu': driver_probe_device: matched device cpu7 with driver processor
[    5.054568] bus: 'cpu': really_probe: probing driver processor with device cpu7
[    5.058929] processor cpu7: no default pinctrl state
[    5.061844] device: 'cooling_device7': device_add
[    5.064505] PM: Adding info for No Bus:cooling_device7
[    5.067316] driver: 'processor': driver_bound: bound to device 'cpu7'
[    5.070808] bus: 'cpu': really_probe: bound device cpu7 to driver processor
[    5.074792] bus: 'acpi': add driver thermal
[    5.077101] bus: 'acpi': add driver nfit
[    5.079103] bus: 'acpi': add driver hardware_error_device
[    5.081951] bus: 'platform': add driver of_fixed_factor_clk
[    5.084804] bus: 'platform': add driver of_fixed_clk
[    5.087481] bus: 'platform': add driver gpio-clk
[    5.089939] bus: 'platform': add driver clk-pmc-atom
[    5.092508] bus: 'pci': add driver dw_dmac_pci
[    5.094907] device: 'ptmx': device_add
[    5.096905] PM: Adding info for No Bus:ptmx
[    5.099214] Serial: 8250/16550 driver, 32 ports, IRQ sharing enabled
[    5.102541] bus: 'pnp': add driver serial
[    5.104627] bus: 'pnp': driver_probe_device: matched device 00:03 with driver serial
[    5.108753] bus: 'pnp': really_probe: probing driver serial with device 00:03
[    5.112561] serial 00:03: no default pinctrl state
[    5.141700] 00:03: ttyS0 at I/O 0x3f8 (irq = 4, base_baud = 115200) is a 16550A
[    5.145794] device: 'ttyS0': device_add
[    5.147960] PM: Adding info for No Bus:ttyS0
[    5.150440] driver: 'serial': driver_bound: bound to device '00:03'
[    5.153800] bus: 'pnp': really_probe: bound device 00:03 to driver serial
[    5.157669] bus: 'pnp': driver_probe_device: matched device 00:04 with driver serial
[    5.161635] bus: 'pnp': really_probe: probing driver serial with device 00:04
[    5.165240] serial 00:04: no default pinctrl state
[    5.194563] 00:04: ttyS1 at I/O 0x2f8 (irq = 3, base_baud = 115200) is a 16550A
[    5.199189] device: 'ttyS1': device_add
[    5.201448] PM: Adding info for No Bus:ttyS1
[    5.203899] driver: 'serial': driver_bound: bound to device '00:04'
[    5.207309] bus: 'pnp': really_probe: bound device 00:04 to driver serial
[    5.211010] Registering platform device 'serial8250'. Parent at platform
[    5.214623] device: 'serial8250': device_add
[    5.216825] bus: 'platform': add device serial8250
[    5.219202] PM: Adding info for platform:serial8250
[    5.221744] device: 'ttyS2': device_add
[    5.223877] PM: Adding info for No Bus:ttyS2
[    5.226262] device: 'ttyS3': device_add
[    5.228398] PM: Adding info for No Bus:ttyS3
[    5.230877] device: 'ttyS4': device_add
[    5.233107] PM: Adding info for No Bus:ttyS4
[    5.235570] device: 'ttyS5': device_add
[    5.237704] PM: Adding info for No Bus:ttyS5
[    5.240038] device: 'ttyS6': device_add
[    5.242170] PM: Adding info for No Bus:ttyS6
[    5.244664] device: 'ttyS7': device_add
[    5.246941] PM: Adding info for No Bus:ttyS7
[    5.249325] device: 'ttyS8': device_add
[    5.251457] PM: Adding info for No Bus:ttyS8
[    5.253831] device: 'ttyS9': device_add
[    5.255956] PM: Adding info for No Bus:ttyS9
[    5.258427] device: 'ttyS10': device_add
[    5.260697] PM: Adding info for No Bus:ttyS10
[    5.263194] device: 'ttyS11': device_add
[    5.265374] PM: Adding info for No Bus:ttyS11
[    5.267745] device: 'ttyS12': device_add
[    5.269899] PM: Adding info for No Bus:ttyS12
[    5.272273] device: 'ttyS13': device_add
[    5.274443] PM: Adding info for No Bus:ttyS13
[    5.276849] device: 'ttyS14': device_add
[    5.279026] PM: Adding info for No Bus:ttyS14
[    5.281594] device: 'ttyS15': device_add
[    5.283656] PM: Adding info for No Bus:ttyS15
[    5.285941] device: 'ttyS16': device_add
[    5.300011] PM: Adding info for No Bus:ttyS16
[    5.315202] device: 'ttyS17': device_add
[    5.319505] PM: Adding info for No Bus:ttyS17
[    5.322030] device: 'ttyS18': device_add
[    5.324273] PM: Adding info for No Bus:ttyS18
[    5.326675] device: 'ttyS19': device_add
[    5.328822] PM: Adding info for No Bus:ttyS19
[    5.331234] device: 'ttyS20': device_add
[    5.333406] PM: Adding info for No Bus:ttyS20
[    5.335846] device: 'ttyS21': device_add
[    5.338006] PM: Adding info for No Bus:ttyS21
[    5.340387] device: 'ttyS22': device_add
[    5.342589] PM: Adding info for No Bus:ttyS22
[    5.345167] device: 'ttyS23': device_add
[    5.347240] PM: Adding info for No Bus:ttyS23
[    5.349529] device: 'ttyS24': device_add
[    5.351569] PM: Adding info for No Bus:ttyS24
[    5.353907] device: 'ttyS25': device_add
[    5.356060] PM: Adding info for No Bus:ttyS25
[    5.358460] device: 'ttyS26': device_add
[    5.360601] PM: Adding info for No Bus:ttyS26
[    5.362991] device: 'ttyS27': device_add
[    5.365180] PM: Adding info for No Bus:ttyS27
[    5.367573] device: 'ttyS28': device_add
[    5.369723] PM: Adding info for No Bus:ttyS28
[    5.372035] device: 'ttyS29': device_add
[    5.374103] PM: Adding info for No Bus:ttyS29
[    5.376374] device: 'ttyS30': device_add
[    5.378433] PM: Adding info for No Bus:ttyS30
[    5.380728] device: 'ttyS31': device_add
[    5.382821] PM: Adding info for No Bus:ttyS31
[    5.385117] bus: 'platform': add driver serial8250
[    5.387635] bus: 'platform': driver_probe_device: matched device serial8250 with driver serial8250
[    5.392250] bus: 'platform': really_probe: probing driver serial8250 with device serial8250
[    5.396592] serial8250 serial8250: no default pinctrl state
[    5.399520] driver: 'serial8250': driver_bound: bound to device 'serial8250'
[    5.403056] bus: 'platform': really_probe: bound device serial8250 to driver serial8250
[    5.407017] bus: 'pci': add driver serial
[    5.409066] bus: 'pci': add driver exar_serial
[    5.411345] bus: 'pci': add driver 8250_lpss
[    5.413521] bus: 'platform': add driver uart-sccnxp
[    5.416062] device: 'ttyprintk': device_add
[    5.418339] PM: Adding info for No Bus:ttyprintk
[    5.420877] device: 'hpet': device_add
[    5.422903] PM: Adding info for No Bus:hpet
[    5.425136] bus: 'acpi': add driver hpet
[    5.427266] device: 'hw_random': device_add
[    5.429496] PM: Adding info for No Bus:hw_random
[    5.431931] Linux agpgart interface v0.103
[    5.434034] bus: 'pci': add driver agpgart-intel
[    5.436379] bus: 'pci': add driver agpgart-via
[    5.438612] bus: 'platform': add driver tpm_tis
[    5.440837] bus: 'pnp': add driver tpm_tis
[    5.443397] device: 'cache': device_add
[    5.445454] device: 'index0': device_add
[    5.447695] device: 'index1': device_add
[    5.449867] device: 'index2': device_add
[    5.452132] device: 'index3': device_add
[    5.454480] device: 'cache': device_add
[    5.456714] device: 'index0': device_add
[    5.459036] device: 'index1': device_add
[    5.461355] device: 'index2': device_add
[    5.463660] device: 'index3': device_add
[    5.466012] device: 'cache': device_add
[    5.468244] device: 'index0': device_add
[    5.470450] device: 'index1': device_add
[    5.472645] device: 'index2': device_add
[    5.474774] device: 'index3': device_add
[    5.476940] device: 'cache': device_add
[    5.479207] device: 'index0': device_add
[    5.481469] device: 'index1': device_add
[    5.483722] device: 'index2': device_add
[    5.485979] device: 'index3': device_add
[    5.488270] device: 'cache': device_add
[    5.490479] device: 'index0': device_add
[    5.492707] device: 'index1': device_add
[    5.494911] device: 'index2': device_add
[    5.496977] device: 'index3': device_add
[    5.499026] device: 'cache': device_add
[    5.501269] device: 'index0': device_add
[    5.503564] device: 'index1': device_add
[    5.505755] device: 'index2': device_add
[    5.507913] device: 'index3': device_add
[    5.510184] device: 'cache': device_add
[    5.512398] device: 'index0': device_add
[    5.514621] device: 'index1': device_add
[    5.516838] device: 'index2': device_add
[    5.519070] device: 'index3': device_add
[    5.521339] device: 'cache': device_add
[    5.523561] device: 'index0': device_add
[    5.525804] device: 'index1': device_add
[    5.527982] device: 'index2': device_add
[    5.530163] device: 'index3': device_add
[    5.536764] device: '1:0': device_add
[    5.538930] PM: Adding info for No Bus:1:0
[    5.541309] device: 'ram0': device_add
[    5.543504] PM: Adding info for No Bus:ram0
[    5.546519] device: '1:1': device_add
[    5.548696] PM: Adding info for No Bus:1:1
[    5.551451] device: 'ram1': device_add
[    5.553960] PM: Adding info for No Bus:ram1
[    5.557057] device: '1:2': device_add
[    5.559403] PM: Adding info for No Bus:1:2
[    5.561765] device: 'ram2': device_add
[    5.564610] PM: Adding info for No Bus:ram2
[    5.567290] device: '1:3': device_add
[    5.569324] PM: Adding info for No Bus:1:3
[    5.571601] device: 'ram3': device_add
[    5.573805] PM: Adding info for No Bus:ram3
[    5.576541] device: '1:4': device_add
[    5.578662] PM: Adding info for No Bus:1:4
[    5.580881] device: 'ram4': device_add
[    5.582985] PM: Adding info for No Bus:ram4
[    5.585579] device: '1:5': device_add
[    5.587542] PM: Adding info for No Bus:1:5
[    5.589767] device: 'ram5': device_add
[    5.591891] PM: Adding info for No Bus:ram5
[    5.594596] device: '1:6': device_add
[    5.596622] PM: Adding info for No Bus:1:6
[    5.598921] device: 'ram6': device_add
[    5.601043] PM: Adding info for No Bus:ram6
[    5.603724] device: '1:7': device_add
[    5.605795] PM: Adding info for No Bus:1:7
[    5.608032] device: 'ram7': device_add
[    5.610150] PM: Adding info for No Bus:ram7
[    5.612809] device: '1:8': device_add
[    5.614917] PM: Adding info for No Bus:1:8
[    5.617240] device: 'ram8': device_add
[    5.619943] PM: Adding info for No Bus:ram8
[    5.622684] device: '1:9': device_add
[    5.624678] PM: Adding info for No Bus:1:9
[    5.626821] device: 'ram9': device_add
[    5.628859] PM: Adding info for No Bus:ram9
[    5.631473] device: '1:10': device_add
[    5.633466] PM: Adding info for No Bus:1:10
[    5.635613] device: 'ram10': device_add
[    5.637767] PM: Adding info for No Bus:ram10
[    5.640456] device: '1:11': device_add
[    5.642524] PM: Adding info for No Bus:1:11
[    5.644776] device: 'ram11': device_add
[    5.647039] PM: Adding info for No Bus:ram11
[    5.649819] device: '1:12': device_add
[    5.651966] PM: Adding info for No Bus:1:12
[    5.654347] device: 'ram12': device_add
[    5.656649] PM: Adding info for No Bus:ram12
[    5.659416] device: '1:13': device_add
[    5.661540] PM: Adding info for No Bus:1:13
[    5.663786] device: 'ram13': device_add
[    5.665914] PM: Adding info for No Bus:ram13
[    5.668638] device: '1:14': device_add
[    5.670790] PM: Adding info for No Bus:1:14
[    5.673128] device: 'ram14': device_add
[    5.675192] PM: Adding info for No Bus:ram14
[    5.677844] device: '1:15': device_add
[    5.679835] PM: Adding info for No Bus:1:15
[    5.682021] device: 'ram15': device_add
[    5.684074] PM: Adding info for No Bus:ram15
[    5.686880] brd: module loaded
[    5.688412] bus: 'nd': add driver nd_pmem
[    5.690419] bus: 'nd': add driver nd_blk
[    5.692356] bus: 'platform': add driver e820_pmem
[    5.694787] bus: 'platform': add driver of_pmem
[    5.697034] bus: 'dax': add driver device_dax
[    5.699228] bus: 'dax': add driver kmem
[    5.701355] device class 'scsi_disk': registering
[    5.704009] bus: 'scsi': add driver sd
[    5.706019] bus: 'scsi': add driver sr
[    5.708005] device class 'scsi_generic': registering
[    5.710668] bus: 'pci': add driver ata_piix
[    5.712972] bus: 'pci': driver_probe_device: matched device 0000:00:07.1 with driver ata_piix
[    5.717609] bus: 'pci': really_probe: probing driver ata_piix with device 0000:00:07.1
[    5.721751] ata_piix 0000:00:07.1: no default pinctrl state
[    5.724826] ata_piix 0000:00:07.1: version 2.13
[    5.727220] cdx: pci_set_power_state: line 1117
[    5.729733] ata_piix 0000:00:07.1: cdx: pci_raw_set_power_state: 1: power transition (from state 0 to 0)
[    5.734866] cdx: pci_set_power_state: line 1159, err=0
[    5.737696] cdx: pci_set_power_state: line 1163, err=0
[    5.740713] ata_piix 0000:00:07.1: Hyper-V Virtual Machine detected, ATA device ignore set
[    5.753243] device: 'ata1': device_add
[    5.755404] PM: Adding info for No Bus:ata1
[    5.757755] device: 'ata1': device_add
[    5.759985] PM: Adding info for No Bus:ata1
[    5.762459] device: 'link1': device_add
[    5.764662] PM: Adding info for No Bus:link1
[    5.767026] device: 'link1': device_add
[    5.769122] PM: Adding info for No Bus:link1
[    5.771489] device: 'dev1.0': device_add
[    5.773626] PM: Adding info for No Bus:dev1.0
[    5.775917] device: 'dev1.0': device_add
[    5.778051] PM: Adding info for No Bus:dev1.0
[    5.780510] device: 'dev1.1': device_add
[    5.782577] PM: Adding info for No Bus:dev1.1
[    5.784814] device: 'dev1.1': device_add
[    5.786946] PM: Adding info for No Bus:dev1.1
[    5.792805] device: 'ata2': device_add
[    5.794964] PM: Adding info for No Bus:ata2
[    5.797259] device: 'ata2': device_add
[    5.799417] PM: Adding info for No Bus:ata2
[    5.801757] device: 'link2': device_add
[    5.803888] PM: Adding info for No Bus:link2
[    5.806203] device: 'link2': device_add
[    5.808315] PM: Adding info for No Bus:link2
[    5.810686] device: 'dev2.0': device_add
[    5.812966] PM: Adding info for No Bus:dev2.0
[    5.815318] device: 'dev2.0': device_add
[    5.817598] PM: Adding info for No Bus:dev2.0
[    5.820130] device: 'dev2.1': device_add
[    5.822421] PM: Adding info for No Bus:dev2.1
[    5.824799] device: 'dev2.1': device_add
[    5.826951] PM: Adding info for No Bus:dev2.1
[    5.829694] scsi host0: ata_piix
[    5.831732] device: 'host0': device_add
[    5.833799] bus: 'scsi': add device host0
[    5.835969] PM: Adding info for scsi:host0
[    5.838178] device: 'host0': device_add
[    5.840364] PM: Adding info for No Bus:host0
[    5.843007] scsi host1: ata_piix
[    5.844751] device: 'host1': device_add
[    5.846739] bus: 'scsi': add device host1
[    5.848984] PM: Adding info for scsi:host1
[    5.851143] device: 'host1': device_add
[    5.853351] PM: Adding info for No Bus:host1
[    5.855690] ata1: PATA max UDMA/33 cmd 0x1f0 ctl 0x3f6 bmdma 0xffa0 irq 14
[    5.859382] ata2: PATA max UDMA/33 cmd 0x170 ctl 0x376 bmdma 0xffa8 irq 15
[    5.863148] driver: 'ata_piix': driver_bound: bound to device '0000:00:07.1'
[    5.867015] bus: 'pci': really_probe: bound device 0000:00:07.1 to driver ata_piix
[    5.871093] bus: 'pci': add driver Cavium PTP Driver
[    5.873629] bus: 'pnp': add driver i8042 kbd
[    5.875819] bus: 'pnp': driver_probe_device: matched device 00:01 with driver i8042 kbd
[    5.880071] bus: 'pnp': really_probe: probing driver i8042 kbd with device 00:01
[    5.883888] i8042 kbd 00:01: no default pinctrl state
[    5.886557] driver: 'i8042 kbd': driver_bound: bound to device '00:01'
[    5.890077] bus: 'pnp': really_probe: bound device 00:01 to driver i8042 kbd
[    5.893929] bus: 'pnp': add driver i8042 aux
[    5.896149] bus: 'pnp': driver_probe_device: matched device 00:02 with driver i8042 aux
[    5.900234] bus: 'pnp': really_probe: probing driver i8042 aux with device 00:02
[    5.904022] i8042 aux 00:02: no default pinctrl state
[    5.906584] driver: 'i8042 aux': driver_bound: bound to device '00:02'
[    5.909791] bus: 'pnp': really_probe: bound device 00:02 to driver i8042 aux
[    5.913267] i8042: PNP: PS/2 Controller [PNP0303:PS2K,PNP0f03:PS2M] at 0x60,0x64 irq 1,12
[    5.917498] Registering platform device 'i8042'. Parent at platform
[    5.920645] device: 'i8042': device_add
[    5.922684] bus: 'platform': add device i8042
[    5.925068] PM: Adding info for platform:i8042
[    5.927574] bus: 'platform': add driver i8042
[    5.930073] bus: 'platform': driver_probe_device: matched device i8042 with driver i8042
[    5.934509] bus: 'platform': really_probe: probing driver i8042 with device i8042
[    5.938615] i8042 i8042: no default pinctrl state
[    5.950151] serio: i8042 KBD port at 0x60,0x64 irq 1
[    5.952933] device: 'serio0': device_add
[    5.953471] serio: i8042 AUX port at 0x60,0x64 irq 12
[    5.955159] bus: 'serio': add device serio0
[    5.957860] driver: 'i8042': driver_bound: bound to device 'i8042'
[    5.960262] PM: Adding info for serio:serio0
[    5.963577] bus: 'platform': really_probe: bound device i8042 to driver i8042
[    5.966029] device: 'serio1': device_add
[    5.969599] bus: 'pnp': add driver rtc_cmos
[    5.971691] bus: 'serio': add device serio1
[    5.973692] bus: 'pnp': driver_probe_device: matched device 00:00 with driver rtc_cmos
[    5.975979] PM: Adding info for serio:serio1
[    5.979693] bus: 'pnp': really_probe: probing driver rtc_cmos with device 00:00
[    5.979711] rtc_cmos 00:00: no default pinctrl state
[    5.988956] rtc_cmos 00:00: RTC can wake from S4
[    6.014658] device: 'rtc0': device_add
[    6.016850] PM: Adding info for No Bus:rtc0
[    6.019336] rtc_cmos 00:00: registered as rtc0
[    6.021828] device: 'cmos_nvram0': device_add
[    6.024317] bus: 'nvmem': add device cmos_nvram0
[    6.026867] PM: Adding info for nvmem:cmos_nvram0
[    6.029450] rtc_cmos 00:00: alarms up to one month, 114 bytes nvram
[    6.032803] driver: 'rtc_cmos': driver_bound: bound to device '00:00'
[    6.036246] bus: 'pnp': really_probe: bound device 00:00 to driver rtc_cmos
[    6.040040] IR NEC protocol handler initialized
[    6.042519] IR RC5(x/sz) protocol handler initialized
[    6.045276] IR RC6 protocol handler initialized
[    6.047799] IR JVC protocol handler initialized
[    6.050486] IR Sony protocol handler initialized
[    6.053159] IR SANYO protocol handler initialized
[    6.055934] IR Sharp protocol handler initialized
[    6.058666] IR MCE Keyboard/mouse protocol handler initialized
[    6.062140] IR XMP protocol handler initialized
[    6.064876] intel_pstate: CPU model not supported
[    6.167665] ledtrig-cpu: registered to indicate activity on CPUs
[    6.170857] device class 'extcon': registering
[    6.173419] device class 'powercap': registering
[    6.177311] NET: Registered protocol family 10
[    6.183090] Segment Routing with IPv6
[    6.186343] NET: Registered protocol family 17
[    6.189007] Key type dns_resolver registered
[    6.191402] bus: 'machinecheck': registered
[    6.193675] device: 'machinecheck': device_add
[    6.196121] PM: Adding info for No Bus:machinecheck
[    6.198806] device: 'machinecheck0': device_add
[    6.201444] bus: 'machinecheck': add device machinecheck0
[    6.204368] PM: Adding info for machinecheck:machinecheck0
[    6.315703] ata2.01: NODEV after polling detection
[    6.315718] device: 'machinecheck1': device_add
[    6.321603] bus: 'machinecheck': add device machinecheck1
[    6.325383] PM: Adding info for machinecheck:machinecheck1
[    6.329182] device: 'machinecheck2': device_add
[    6.331684] bus: 'machinecheck': add device machinecheck2
[    6.334633] PM: Adding info for machinecheck:machinecheck2
[    6.338446] device: 'machinecheck3': device_add
[    6.340992] bus: 'machinecheck': add device machinecheck3
[    6.343912] PM: Adding info for machinecheck:machinecheck3
[    6.351046] device: 'machinecheck4': device_add
[    6.353512] bus: 'machinecheck': add device machinecheck4
[    6.356473] PM: Adding info for machinecheck:machinecheck4
[    6.359528] device: 'machinecheck5': device_add
[    6.362161] bus: 'machinecheck': add device machinecheck5
[    6.365274] PM: Adding info for machinecheck:machinecheck5
[    6.368503] device: 'machinecheck6': device_add
[    6.371092] bus: 'machinecheck': add device machinecheck6
[    6.374025] PM: Adding info for machinecheck:machinecheck6
[    6.377007] device: 'machinecheck7': device_add
[    6.379538] bus: 'machinecheck': add device machinecheck7
[    6.382550] PM: Adding info for machinecheck:machinecheck7
[    6.386866] device: 'cpu_dma_latency': device_add
[    6.387989] ata1.01: NODEV after polling detection
[    6.389788] PM: Adding info for No Bus:cpu_dma_latency
[    6.395393] device: 'network_latency': device_add
[    6.398211] PM: Adding info for No Bus:network_latency
[    6.401257] device: 'network_throughput': device_add
[    6.403940] PM: Adding info for No Bus:network_throughput
[    6.406778] device: 'memory_bandwidth': device_add
[    6.409247] PM: Adding info for No Bus:memory_bandwidth
[    6.412068] registered taskstats version 1
[    6.414550] zswap: loaded using pool lzo/zbud
[    6.449468] ata2.00: ATAPI: Virtual CD, , max MWDMA2
[    6.454357] ata1.00: host indicates ignore ATA devices, ignored
[    6.460264] scsi 1:0:0:0: CD-ROM            Msft     Virtual CD/ROM   1.0  PQ: 0 ANSI: 5
[    6.462940] Key type encrypted registered
[    6.468009] device: 'target1:0:0': device_add
[    6.470457] bus: 'scsi': add device target1:0:0
[    6.470533] PM:   Magic number: 15:385:97
[    6.473026] PM: Adding info for scsi:target1:0:0
[    6.477776] rtc_cmos 00:00: setting system clock to 2019-08-07T22:03:34 UTC (1565215414)
[    6.482137] device: '1:0:0:0': device_add
[    6.484357] bus: 'scsi': add device 1:0:0:0
[    6.486688] PM: Adding info for scsi:1:0:0:0
[    6.489044] bus: 'scsi': driver_probe_device: matched device 1:0:0:0 with driver sr
[    6.493256] bus: 'scsi': really_probe: probing driver sr with device 1:0:0:0
[    6.497249] sr 1:0:0:0: no default pinctrl state
[    6.531017] sr 1:0:0:0: [sr0] scsi3-mmc drive: 0x/0x tray
[    6.534069] cdrom: Uniform CD-ROM driver Revision: 3.20
[    6.537053] device: '11:0': device_add
[    6.539292] PM: Adding info for No Bus:11:0
[    6.541812] device: 'sr0': device_add
[    6.544101] PM: Adding info for No Bus:sr0
[    6.554011] sr 1:0:0:0: Attached scsi CD-ROM sr0
[    6.557468] driver: 'sr': driver_bound: bound to device '1:0:0:0'
