[    0.000000] Initializing cgroup subsys cpuset
[    0.000000] Initializing cgroup subsys cpu
[    0.000000] Initializing cgroup subsys cpuacct
[    0.000000] Linux version 4.4.114-cdx-94.11-default+ (root@decui-sles12sp3-20180221-jenkins) (gcc version 4.8.5 (SUSE Linux) ) #15 SMP Mon Nov 12 19:09:36 UTC 2018
[    0.000000] Command line: BOOT_IMAGE=/vmlinuz-4.4.114-cdx-94.11-default+ root=UUID=3b826bfc-f0dd-42d8-9e49-06cf472a2ef2 root=/dev/disk/by-uuid/3b826bfc-f0dd-42d8-9e49-06cf472a2ef2 disk=/dev/sda resume=swap USE_BY_UUID_DEVICE_NAMES=1 earlyprintk=ttyS0 console=ttyS0 rootdelay=300 net.ifnames=0 dis_ucode_ldr ignore_loglevel sysrq_always_enabled unknown_nmi_panic oops=panic panic=30 maxcpus=256 mem=40G
[    0.000000] x86/fpu: xstate_offset[2]:  576, xstate_sizes[2]:  256
[    0.000000] x86/fpu: Supporting XSAVE feature 0x001: 'x87 floating point registers'
[    0.000000] x86/fpu: Supporting XSAVE feature 0x002: 'SSE registers'
[    0.000000] x86/fpu: Supporting XSAVE feature 0x004: 'AVX registers'
[    0.000000] x86/fpu: Enabled xstate features 0x7, context size is 832 bytes, using 'standard' format.
[    0.000000] x86/fpu: Using 'eager' FPU context switches.
[    0.000000] e820: BIOS-provided physical RAM map:
[    0.000000] BIOS-e820: [mem 0x0000000000000000-0x000000000009fbff] usable
[    0.000000] BIOS-e820: [mem 0x000000000009fc00-0x000000000009ffff] reserved
[    0.000000] BIOS-e820: [mem 0x00000000000e0000-0x00000000000fffff] reserved
[    0.000000] BIOS-e820: [mem 0x0000000000100000-0x000000003ffeffff] usable
[    0.000000] BIOS-e820: [mem 0x000000003fff0000-0x000000003fffefff] ACPI data
[    0.000000] BIOS-e820: [mem 0x000000003ffff000-0x000000003fffffff] ACPI NVS
[    0.000000] BIOS-e820: [mem 0x0000000100000000-0x0000000fdfffffff] usable
[    0.000000] BIOS-e820: [mem 0x0000001000000000-0x000000f41fffffff] usable
[    0.000000] BIOS-e820: [mem 0x000000f420200000-0x000001e7601fffff] usable
[    0.000000] BIOS-e820: [mem 0x000001e760400000-0x000002daa03fffff] usable
[    0.000000] BIOS-e820: [mem 0x000002daa0600000-0x000003cde05fffff] usable
[    0.000000] bootconsole [earlyser0] enabled
[    0.000000] debug: ignoring loglevel setting.
[    0.000000] e820: remove [mem 0xa00000000-0xfffffffffffffffe] usable
[    0.000000] NX (Execute Disable) protection: active
[    0.000000] e820: user-defined physical RAM map:
[    0.000000] user: [mem 0x0000000000000000-0x000000000009fbff] usable
[    0.000000] user: [mem 0x000000000009fc00-0x000000000009ffff] reserved
[    0.000000] user: [mem 0x00000000000e0000-0x00000000000fffff] reserved
[    0.000000] user: [mem 0x0000000000100000-0x000000003ffeffff] usable
[    0.000000] user: [mem 0x000000003fff0000-0x000000003fffefff] ACPI data
[    0.000000] user: [mem 0x000000003ffff000-0x000000003fffffff] ACPI NVS
[    0.000000] user: [mem 0x0000000100000000-0x00000009ffffffff] usable
[    0.000000] SMBIOS 2.3 present.
[    0.000000] DMI: Microsoft Corporation Virtual Machine/Virtual Machine, BIOS 090007  06/02/2017
[    0.000000] Hypervisor detected: Microsoft HyperV
[    0.000000] HyperV: features 0x2e7f, hints 0x4c2c
[    0.000000] Hyper-V Host Build:14393-10.0-0-0.280
[    0.000000] HyperV: LAPIC Timer Frequency: 0xc3500
[    0.000000] tsc: Marking TSC unstable due to running on Hyper-V
[    0.000000] e820: update [mem 0x00000000-0x00000fff] usable ==> reserved
[    0.000000] e820: remove [mem 0x000a0000-0x000fffff] usable
[    0.000000] e820: last_pfn = 0xa00000 max_arch_pfn = 0x400000000
[    0.000000] MTRR default type: uncachable
[    0.000000] MTRR fixed ranges enabled:
[    0.000000]   00000-9FFFF write-back
[    0.000000]   A0000-DFFFF uncachable
[    0.000000]   E0000-FFFFF write-back
[    0.000000] MTRR variable ranges enabled:
[    0.000000]   0 base 00000000000 mask FFFC0000000 write-back
[    0.000000]   1 base 00100000000 mask FF000000000 write-back
[    0.000000]   2 base 01000000000 mask 80000000000 write-back
[    0.000000]   3 base 80000000000 mask 00000000000 write-back
[    0.000000]   4 disabled
[    0.000000]   5 disabled
[    0.000000]   6 disabled
[    0.000000]   7 disabled
[    0.000000] x86/PAT: Configuration [0-7]: WB  WC  UC- UC  WB  WC  UC- WT  
[    0.000000] e820: update [mem 0x40000000-0xffffffff] usable ==> reserved
[    0.000000] e820: last_pfn = 0x3fff0 max_arch_pfn = 0x400000000
[    0.000000] found SMP MP-table at [mem 0x000ff780-0x000ff78f] mapped at [ffff8800000ff780]
[    0.000000] Scanning 1 areas for low memory corruption
[    0.000000] Base memory trampoline at [ffff880000098000] 98000 size 28672
[    0.000000] Using GB pages for direct mapping
[    0.000000] BRK [0x0246d000, 0x0246dfff] PGTABLE
[    0.000000] BRK [0x0246e000, 0x0246efff] PGTABLE
[    0.000000] BRK [0x0246f000, 0x0246ffff] PGTABLE
[    0.000000] RAMDISK: [mem 0x37281000-0x37937fff]
[    0.000000] ACPI: Early table checksum verification disabled
[    0.000000] ACPI: RSDP 0x00000000000F5BF0 000014 (v00 ACPIAM)
[    0.000000] ACPI: RSDT 0x000000003FFF0000 000040 (v01 VRTUAL MICROSFT 06001702 MSFT 00000097)
[    0.000000] ACPI: FACP 0x000000003FFF0200 000081 (v02 VRTUAL MICROSFT 06001702 MSFT 00000097)
[    0.000000] ACPI: DSDT 0x000000003FFF1D24 003CBE (v01 MSFTVM MSFTVM02 00000002 INTL 02002026)
[    0.000000] ACPI: FACS 0x000000003FFFF000 000040
[    0.000000] ACPI: WAET 0x000000003FFF1A80 000028 (v01 VRTUAL MICROSFT 06001702 MSFT 00000097)
[    0.000000] ACPI: SLIC 0x000000003FFF1AC0 000176 (v01 VRTUAL MICROSFT 06001702 MSFT 00000097)
[    0.000000] ACPI: OEM0 0x000000003FFF1CC0 000064 (v01 VRTUAL MICROSFT 06001702 MSFT 00000097)
[    0.000000] ACPI: SRAT 0x000000003FFF0800 0009C0 (v02 VRTUAL MICROSFT 00000001 MSFT 00000001)
[    0.000000] ACPI: APIC 0x000000003FFF0300 000452 (v01 VRTUAL MICROSFT 06001702 MSFT 00000097)
[    0.000000] ACPI: OEMB 0x000000003FFFF040 000064 (v01 VRTUAL MICROSFT 06001702 MSFT 00000097)
[    0.000000] ACPI: Local APIC address 0xfee00000
[    0.000000] SRAT: PXM 0 -> APIC 0x00 -> Node 0
[    0.000000] SRAT: PXM 0 -> APIC 0x01 -> Node 0
[    0.000000] SRAT: PXM 0 -> APIC 0x02 -> Node 0
[    0.000000] SRAT: PXM 0 -> APIC 0x03 -> Node 0
[    0.000000] SRAT: PXM 0 -> APIC 0x04 -> Node 0
[    0.000000] SRAT: PXM 0 -> APIC 0x05 -> Node 0
[    0.000000] SRAT: PXM 0 -> APIC 0x06 -> Node 0
[    0.000000] SRAT: PXM 0 -> APIC 0x07 -> Node 0
[    0.000000] SRAT: PXM 0 -> APIC 0x08 -> Node 0
[    0.000000] SRAT: PXM 0 -> APIC 0x09 -> Node 0
[    0.000000] SRAT: PXM 0 -> APIC 0x0a -> Node 0
[    0.000000] SRAT: PXM 0 -> APIC 0x0b -> Node 0
[    0.000000] SRAT: PXM 0 -> APIC 0x0c -> Node 0
[    0.000000] SRAT: PXM 0 -> APIC 0x0d -> Node 0
[    0.000000] SRAT: PXM 0 -> APIC 0x0e -> Node 0
[    0.000000] SRAT: PXM 0 -> APIC 0x0f -> Node 0
[    0.000000] SRAT: PXM 0 -> APIC 0x10 -> Node 0
[    0.000000] SRAT: PXM 0 -> APIC 0x11 -> Node 0
[    0.000000] SRAT: PXM 0 -> APIC 0x12 -> Node 0
[    0.000000] SRAT: PXM 0 -> APIC 0x13 -> Node 0
[    0.000000] SRAT: PXM 0 -> APIC 0x14 -> Node 0
[    0.000000] SRAT: PXM 0 -> APIC 0x15 -> Node 0
[    0.000000] SRAT: PXM 0 -> APIC 0x16 -> Node 0
[    0.000000] SRAT: PXM 0 -> APIC 0x17 -> Node 0
[    0.000000] SRAT: PXM 0 -> APIC 0x18 -> Node 0
[    0.000000] SRAT: PXM 0 -> APIC 0x19 -> Node 0
[    0.000000] SRAT: PXM 0 -> APIC 0x1a -> Node 0
[    0.000000] SRAT: PXM 0 -> APIC 0x1b -> Node 0
[    0.000000] SRAT: PXM 0 -> APIC 0x1c -> Node 0
[    0.000000] SRAT: PXM 0 -> APIC 0x1d -> Node 0
[    0.000000] SRAT: PXM 0 -> APIC 0x1e -> Node 0
[    0.000000] SRAT: PXM 0 -> APIC 0x1f -> Node 0
[    0.000000] SRAT: PXM 1 -> APIC 0x20 -> Node 1
[    0.000000] SRAT: PXM 1 -> APIC 0x21 -> Node 1
[    0.000000] SRAT: PXM 1 -> APIC 0x22 -> Node 1
[    0.000000] SRAT: PXM 1 -> APIC 0x23 -> Node 1
[    0.000000] SRAT: PXM 1 -> APIC 0x24 -> Node 1
[    0.000000] SRAT: PXM 1 -> APIC 0x25 -> Node 1
[    0.000000] SRAT: PXM 1 -> APIC 0x26 -> Node 1
[    0.000000] SRAT: PXM 1 -> APIC 0x27 -> Node 1
[    0.000000] SRAT: PXM 1 -> APIC 0x28 -> Node 1
[    0.000000] SRAT: PXM 1 -> APIC 0x29 -> Node 1
[    0.000000] SRAT: PXM 1 -> APIC 0x2a -> Node 1
[    0.000000] SRAT: PXM 1 -> APIC 0x2b -> Node 1
[    0.000000] SRAT: PXM 1 -> APIC 0x2c -> Node 1
[    0.000000] SRAT: PXM 1 -> APIC 0x2d -> Node 1
[    0.000000] SRAT: PXM 1 -> APIC 0x2e -> Node 1
[    0.000000] SRAT: PXM 1 -> APIC 0x2f -> Node 1
[    0.000000] SRAT: PXM 1 -> APIC 0x30 -> Node 1
[    0.000000] SRAT: PXM 1 -> APIC 0x31 -> Node 1
[    0.000000] SRAT: PXM 1 -> APIC 0x32 -> Node 1
[    0.000000] SRAT: PXM 1 -> APIC 0x33 -> Node 1
[    0.000000] SRAT: PXM 1 -> APIC 0x34 -> Node 1
[    0.000000] SRAT: PXM 1 -> APIC 0x35 -> Node 1
[    0.000000] SRAT: PXM 1 -> APIC 0x36 -> Node 1
[    0.000000] SRAT: PXM 1 -> APIC 0x37 -> Node 1
[    0.000000] SRAT: PXM 1 -> APIC 0x38 -> Node 1
[    0.000000] SRAT: PXM 1 -> APIC 0x39 -> Node 1
[    0.000000] SRAT: PXM 1 -> APIC 0x3a -> Node 1
[    0.000000] SRAT: PXM 1 -> APIC 0x3b -> Node 1
[    0.000000] SRAT: PXM 1 -> APIC 0x3c -> Node 1
[    0.000000] SRAT: PXM 1 -> APIC 0x3d -> Node 1
[    0.000000] SRAT: PXM 1 -> APIC 0x3e -> Node 1
[    0.000000] SRAT: PXM 1 -> APIC 0x3f -> Node 1
[    0.000000] SRAT: PXM 2 -> APIC 0x40 -> Node 2
[    0.000000] SRAT: PXM 2 -> APIC 0x41 -> Node 2
[    0.000000] SRAT: PXM 2 -> APIC 0x42 -> Node 2
[    0.000000] SRAT: PXM 2 -> APIC 0x43 -> Node 2
[    0.000000] SRAT: PXM 2 -> APIC 0x44 -> Node 2
[    0.000000] SRAT: PXM 2 -> APIC 0x45 -> Node 2
[    0.000000] SRAT: PXM 2 -> APIC 0x46 -> Node 2
[    0.000000] SRAT: PXM 2 -> APIC 0x47 -> Node 2
[    0.000000] SRAT: PXM 2 -> APIC 0x48 -> Node 2
[    0.000000] SRAT: PXM 2 -> APIC 0x49 -> Node 2
[    0.000000] SRAT: PXM 2 -> APIC 0x4a -> Node 2
[    0.000000] SRAT: PXM 2 -> APIC 0x4b -> Node 2
[    0.000000] SRAT: PXM 2 -> APIC 0x4c -> Node 2
[    0.000000] SRAT: PXM 2 -> APIC 0x4d -> Node 2
[    0.000000] SRAT: PXM 2 -> APIC 0x4e -> Node 2
[    0.000000] SRAT: PXM 2 -> APIC 0x4f -> Node 2
[    0.000000] SRAT: PXM 2 -> APIC 0x50 -> Node 2
[    0.000000] SRAT: PXM 2 -> APIC 0x51 -> Node 2
[    0.000000] SRAT: PXM 2 -> APIC 0x52 -> Node 2
[    0.000000] SRAT: PXM 2 -> APIC 0x53 -> Node 2
[    0.000000] SRAT: PXM 2 -> APIC 0x54 -> Node 2
[    0.000000] SRAT: PXM 2 -> APIC 0x55 -> Node 2
[    0.000000] SRAT: PXM 2 -> APIC 0x56 -> Node 2
[    0.000000] SRAT: PXM 2 -> APIC 0x57 -> Node 2
[    0.000000] SRAT: PXM 2 -> APIC 0x58 -> Node 2
[    0.000000] SRAT: PXM 2 -> APIC 0x59 -> Node 2
[    0.000000] SRAT: PXM 2 -> APIC 0x5a -> Node 2
[    0.000000] SRAT: PXM 2 -> APIC 0x5b -> Node 2
[    0.000000] SRAT: PXM 2 -> APIC 0x5c -> Node 2
[    0.000000] SRAT: PXM 2 -> APIC 0x5d -> Node 2
[    0.000000] SRAT: PXM 2 -> APIC 0x5e -> Node 2
[    0.000000] SRAT: PXM 2 -> APIC 0x5f -> Node 2
[    0.000000] SRAT: PXM 3 -> APIC 0x60 -> Node 3
[    0.000000] SRAT: PXM 3 -> APIC 0x61 -> Node 3
[    0.000000] SRAT: PXM 3 -> APIC 0x62 -> Node 3
[    0.000000] SRAT: PXM 3 -> APIC 0x63 -> Node 3
[    0.000000] SRAT: PXM 3 -> APIC 0x64 -> Node 3
[    0.000000] SRAT: PXM 3 -> APIC 0x65 -> Node 3
[    0.000000] SRAT: PXM 3 -> APIC 0x66 -> Node 3
[    0.000000] SRAT: PXM 3 -> APIC 0x67 -> Node 3
[    0.000000] SRAT: PXM 3 -> APIC 0x68 -> Node 3
[    0.000000] SRAT: PXM 3 -> APIC 0x69 -> Node 3
[    0.000000] SRAT: PXM 3 -> APIC 0x6a -> Node 3
[    0.000000] SRAT: PXM 3 -> APIC 0x6b -> Node 3
[    0.000000] SRAT: PXM 3 -> APIC 0x6c -> Node 3
[    0.000000] SRAT: PXM 3 -> APIC 0x6d -> Node 3
[    0.000000] SRAT: PXM 3 -> APIC 0x6e -> Node 3
[    0.000000] SRAT: PXM 3 -> APIC 0x6f -> Node 3
[    0.000000] SRAT: PXM 3 -> APIC 0x70 -> Node 3
[    0.000000] SRAT: PXM 3 -> APIC 0x71 -> Node 3
[    0.000000] SRAT: PXM 3 -> APIC 0x72 -> Node 3
[    0.000000] SRAT: PXM 3 -> APIC 0x73 -> Node 3
[    0.000000] SRAT: PXM 3 -> APIC 0x74 -> Node 3
[    0.000000] SRAT: PXM 3 -> APIC 0x75 -> Node 3
[    0.000000] SRAT: PXM 3 -> APIC 0x76 -> Node 3
[    0.000000] SRAT: PXM 3 -> APIC 0x77 -> Node 3
[    0.000000] SRAT: PXM 3 -> APIC 0x78 -> Node 3
[    0.000000] SRAT: PXM 3 -> APIC 0x79 -> Node 3
[    0.000000] SRAT: PXM 3 -> APIC 0x7a -> Node 3
[    0.000000] SRAT: PXM 3 -> APIC 0x7b -> Node 3
[    0.000000] SRAT: PXM 3 -> APIC 0x7c -> Node 3
[    0.000000] SRAT: PXM 3 -> APIC 0x7d -> Node 3
[    0.000000] SRAT: PXM 3 -> APIC 0x7e -> Node 3
[    0.000000] SRAT: PXM 3 -> APIC 0x7f -> Node 3
[    0.000000] ACPI: SRAT: Node 0 PXM 0 [mem 0x00000000-0x3fffffff] hotplug
[    0.000000] ACPI: SRAT: Node 0 PXM 0 [mem 0x100000000-0xfdfffffff] hotplug
[    0.000000] ACPI: SRAT: Node 0 PXM 0 [mem 0x1000000000-0xf41fffffff] hotplug
[    0.000000] ACPI: SRAT: Node 1 PXM 1 [mem 0xf420200000-0x1e7601fffff] hotplug
[    0.000000] ACPI: SRAT: Node 2 PXM 2 [mem 0x1e760400000-0x2daa03fffff] hotplug
[    0.000000] ACPI: SRAT: Node 3 PXM 3 [mem 0x2daa0600000-0x3cde05fffff] hotplug
[    0.000000] ACPI: SRAT: Node 0 PXM 0 [mem 0x3cde0800000-0x3da683fffff] hotplug
[    0.000000] ACPI: SRAT: Node 1 PXM 1 [mem 0x3da68600000-0x3e6f01fffff] hotplug
[    0.000000] ACPI: SRAT: Node 2 PXM 2 [mem 0x3e6f0400000-0x3f377ffffff] hotplug
[    0.000000] ACPI: SRAT: Node 3 PXM 3 [mem 0x3f378200000-0x3ffffdfffff] hotplug
[    0.000000] NUMA: Node 0 [mem 0x00000000-0x3fffffff] + [mem 0x100000000-0x9ffffffff] -> [mem 0x00000000-0x9ffffffff]
[    0.000000] NODE_DATA(0) allocated [mem 0x9fffd4000-0x9ffffefff]
[    0.000000] Zone ranges:
[    0.000000]   DMA      [mem 0x0000000000001000-0x0000000000ffffff]
[    0.000000]   DMA32    [mem 0x0000000001000000-0x00000000ffffffff]
[    0.000000]   Normal   [mem 0x0000000100000000-0x00000009ffffffff]
[    0.000000]   Device   empty
[    0.000000] Movable zone start for each node
[    0.000000] Early memory node ranges
[    0.000000]   node   0: [mem 0x0000000000001000-0x000000000009efff]
[    0.000000]   node   0: [mem 0x0000000000100000-0x000000003ffeffff]
[    0.000000]   node   0: [mem 0x0000000100000000-0x00000009ffffffff]
[    0.000000] Initmem setup node 0 [mem 0x0000000000001000-0x00000009ffffffff]
[    0.000000] On node 0 totalpages: 9699214
[    0.000000]   DMA zone: 64 pages used for memmap
[    0.000000]   DMA zone: 22 pages reserved
[    0.000000]   DMA zone: 3998 pages, LIFO batch:0
[    0.000000]   DMA32 zone: 4032 pages used for memmap
[    0.000000]   DMA32 zone: 258032 pages, LIFO batch:31
[    0.000000]   Normal zone: 147456 pages used for memmap
[    0.000000]   Normal zone: 9437184 pages, LIFO batch:31
[    0.000000] ACPI: PM-Timer IO Port: 0x408
[    0.000000] ACPI: Local APIC address 0xfee00000
[    0.000000] ACPI: LAPIC_NMI (acpi_id[0xff] dfl dfl lint[0x1])
[    0.000000] IOAPIC[0]: apic_id 0, version 17, address 0xfec00000, GSI 0-23
[    0.000000] ACPI: INT_SRC_OVR (bus 0 bus_irq 0 global_irq 2 dfl dfl)
[    0.000000] ACPI: INT_SRC_OVR (bus 0 bus_irq 9 global_irq 9 high level)
[    0.000000] ACPI: IRQ0 used by override.
[    0.000000] ACPI: IRQ9 used by override.
[    0.000000] Using ACPI (MADT) for SMP configuration information
[    0.000000] smpboot: Allowing 128 CPUs, 0 hotplug CPUs
[    0.000000] NODE_DATA(1) allocated [mem 0x9fffa5000-0x9fffcffff]
[    0.000000]     NODE_DATA(1) on node 0
[    0.000000] Initmem setup node 1 [mem 0x0000000000000000-0x0000000000000000]
[    0.000000] On node 1 totalpages: 0
[    0.000000] NODE_DATA(2) allocated [mem 0x9fff7a000-0x9fffa4fff]
[    0.000000]     NODE_DATA(2) on node 0
[    0.000000] Initmem setup node 2 [mem 0x0000000000000000-0x0000000000000000]
[    0.000000] On node 2 totalpages: 0
[    0.000000] NODE_DATA(3) allocated [mem 0x9fff4f000-0x9fff79fff]
[    0.000000]     NODE_DATA(3) on node 0
[    0.000000] Initmem setup node 3 [mem 0x0000000000000000-0x0000000000000000]
[    0.000000] On node 3 totalpages: 0
[    0.000000] PM: Registered nosave memory: [mem 0x00000000-0x00000fff]
[    0.000000] PM: Registered nosave memory: [mem 0x0009f000-0x0009ffff]
[    0.000000] PM: Registered nosave memory: [mem 0x000a0000-0x000dffff]
[    0.000000] PM: Registered nosave memory: [mem 0x000e0000-0x000fffff]
[    0.000000] PM: Registered nosave memory: [mem 0x3fff0000-0x3fffefff]
[    0.000000] PM: Registered nosave memory: [mem 0x3ffff000-0x3fffffff]
[    0.000000] PM: Registered nosave memory: [mem 0x40000000-0xffffffff]
[    0.000000] e820: [mem 0x40000000-0xffffffff] available for PCI devices
[    0.000000] Booting paravirtualized kernel on bare hardware
[    0.000000] clocksource: refined-jiffies: mask: 0xffffffff max_cycles: 0xffffffff, max_idle_ns: 7645519600211568 ns
[    0.000000] setup_percpu: NR_CPUS:8192 nr_cpumask_bits:128 nr_cpu_ids:128 nr_node_ids:4
[    0.000000] PERCPU: Embedded 34 pages/cpu @ffff8809d8600000 s100568 r8192 d30504 u262144
[    0.000000] pcpu-alloc: s100568 r8192 d30504 u262144 alloc=1*2097152
[    0.000000] pcpu-alloc: [0] 000 001 002 003 004 005 006 007 
[    0.000000] pcpu-alloc: [0] 008 009 010 011 012 013 014 015 
[    0.000000] pcpu-alloc: [0] 016 017 018 019 020 021 022 023 
[    0.000000] pcpu-alloc: [0] 024 025 026 027 028 029 030 031 
[    0.000000] pcpu-alloc: [1] 032 033 034 035 036 037 038 039 
[    0.000000] pcpu-alloc: [1] 040 041 042 043 044 045 046 047 
[    0.000000] pcpu-alloc: [1] 048 049 050 051 052 053 054 055 
[    0.000000] pcpu-alloc: [1] 056 057 058 059 060 061 062 063 
[    0.000000] pcpu-alloc: [2] 064 065 066 067 068 069 070 071 
[    0.000000] pcpu-alloc: [2] 072 073 074 075 076 077 078 079 
[    0.000000] pcpu-alloc: [2] 080 081 082 083 084 085 086 087 
[    0.000000] pcpu-alloc: [2] 088 089 090 091 092 093 094 095 
[    0.000000] pcpu-alloc: [3] 096 097 098 099 100 101 102 103 
[    0.000000] pcpu-alloc: [3] 104 105 106 107 108 109 110 111 
[    0.000000] pcpu-alloc: [3] 112 113 114 115 116 117 118 119 
[    0.000000] pcpu-alloc: [3] 120 121 122 123 124 125 126 127 
[    0.000000] Built 4 zonelists in Node order, mobility grouping on.  Total pages: 9547640
[    0.000000] Policy zone: Normal
[    0.000000] Kernel command line: BOOT_IMAGE=/vmlinuz-4.4.114-cdx-94.11-default+ root=UUID=3b826bfc-f0dd-42d8-9e49-06cf472a2ef2 root=/dev/disk/by-uuid/3b826bfc-f0dd-42d8-9e49-06cf472a2ef2 disk=/dev/sda resume=swap USE_BY_UUID_DEVICE_NAMES=1 earlyprintk=ttyS0 console=ttyS0 rootdelay=300 net.ifnames=0 dis_ucode_ldr ignore_loglevel sysrq_always_enabled unknown_nmi_panic oops=panic panic=30 maxcpus=256 mem=40G
[    0.000000] sysrq: sysrq always enabled.
[    0.000000] log_buf_len individual max cpu contribution: 4096 bytes
[    0.000000] log_buf_len total cpu_extra contributions: 520192 bytes
[    0.000000] log_buf_len min size: 262144 bytes
[    0.000000] log_buf_len: 1048576 bytes
[    0.000000] early log buf free: 243164(92%)
[    0.000000] PID hash table entries: 4096 (order: 3, 32768 bytes)
[    0.000000] Memory: 3182872K/38796856K available (7477K kernel code, 1647K rwdata, 5436K rodata, 2224K init, 2664K bss, 719276K reserved, 0K cma-reserved)
[    0.000000] Kernel/User page tables isolation: enabled
[    0.000000] Hierarchical RCU implementation.
[    0.000000] 	RCU debugfs-based tracing is enabled.
[    0.000000] 	Build-time adjustment of leaf fanout to 64.
[    0.000000] 	RCU restricting CPUs from NR_CPUS=8192 to nr_cpu_ids=128.
[    0.000000] RCU: Adjusting geometry for rcu_fanout_leaf=64, nr_cpu_ids=128
[    0.000000] NR_IRQS:524544 nr_irqs:1448 16
[    0.000000] Console: colour VGA+ 80x25
[    0.000000] console [ttyS0] enabled
[    0.000000] bootconsole [earlyser0] disabled
[    0.000000] mempolicy: Enabling automatic NUMA balancing. Configure with numa_balancing= or the kernel.numa_balancing sysctl
[    0.000000] tsc: Fast TSC calibration failed
[    0.000000] tsc: Unable to calibrate against PIT
[    0.000000] tsc: using PMTIMER reference calibration
[    0.000000] tsc: Detected 2493.982 MHz processor
[    0.024043] Calibrating delay loop (skipped), value calculated using timer frequency.. 4987.96 BogoMIPS (lpj=9975928)
[    0.029625] pid_max: default: 131072 minimum: 1024
[    0.032078] ACPI: Core revision 20150930
[    0.038799] ACPI: 1 ACPI AML tables successfully acquired and loaded
[    0.042966] Security Framework initialized
[    0.044025] AppArmor: AppArmor initialized
[    0.050585] Dentry cache hash table entries: 8388608 (order: 14, 67108864 bytes)
[    0.068641] Inode-cache hash table entries: 4194304 (order: 13, 33554432 bytes)
[    0.079096] Mount-cache hash table entries: 131072 (order: 8, 1048576 bytes)
[    0.080070] Mountpoint-cache hash table entries: 131072 (order: 8, 1048576 bytes)
[    0.088699] Initializing cgroup subsys io
[    0.091078] Initializing cgroup subsys memory
[    0.092067] Initializing cgroup subsys devices
[    0.096022] Initializing cgroup subsys freezer
[    0.098556] Initializing cgroup subsys net_cls
[    0.100021] Initializing cgroup subsys perf_event
[    0.104037] Initializing cgroup subsys net_prio
[    0.106618] Initializing cgroup subsys hugetlb
[    0.108020] Initializing cgroup subsys pids
[    0.112141] CPU: Physical Processor ID: 0
[    0.114427] CPU: Processor Core ID: 0
[    0.116831] mce: CPU supports 1 MCE banks
[    0.119129] Last level iTLB entries: 4KB 1024, 2MB 1024, 4MB 1024
[    0.120019] Last level dTLB entries: 4KB 1024, 2MB 1024, 4MB 1024, 1GB 4
[    0.124021] Spectre V2 mitigation: Vulnerable: Minimal generic ASM retpoline
[    0.132766] Freeing SMP alternatives memory: 28K
[    0.140505] ftrace: allocating 29208 entries in 115 pages
[    0.152183] Switched APIC routing to physical flat.
[    0.156102] clocksource: hyperv_clocksource_tsc_page: mask: 0xffffffffffffffff max_cycles: 0x24e6a1710, max_idle_ns: 440795202120 ns
[    0.176000] ..TIMER: vector=0x30 apic1=0 pin1=2 apic2=-1 pin2=-1
[    0.176211] smpboot: CPU0: Intel(R) Xeon(R) CPU E7-8890 v3 @ 2.50GHz (family: 0x6, model: 0x3f, stepping: 0x4)
[    0.181016] Performance Events: unsupported p6 CPU model 63 no PMU driver, software events only.
[    0.189903] NMI watchdog: disabled (cpu0): hardware events not enabled
[    0.192001] NMI watchdog: Shutting down hard lockup detector on all cpus
[    0.196135] x86: Booting SMP configuration:
[    0.198471] .... node  #0, CPUs:  smpboot:      smpboot:    #1smpboot:    #2smpboot:    #3smpboot:    #4smpboot:    #5smpboot:    #6smpboot:    #7smpboot:    #8smpboot:    #9smpboot:   #10smpboot:   #11smpboot:   #12smpboot:   #13smpboot:   #14smpboot:   #15smpboot:   #16smpboot:   #17smpboot:   #18smpboot:   #19smpboot:   #20smpboot:   #21smpboot:   #22smpboot:   #23smpboot:   #24smpboot:   #25smpboot:   #26smpboot:   #27smpboot:   #28smpboot:   #29smpboot:   #30smpboot:   #31smpboot: 
[    0.264695] .... node  #1, CPUs:  smpboot:   #32smpboot:   #33smpboot:   #34smpboot:   #35smpboot:   #36smpboot:   #37smpboot:   #38smpboot:   #39smpboot:   #40smpboot:   #41smpboot:   #42smpboot:   #43smpboot:   #44smpboot:   #45smpboot:   #46smpboot:   #47smpboot:   #48smpboot:   #49smpboot:   #50smpboot:   #51smpboot:   #52smpboot:   #53smpboot:   #54smpboot:   #55smpboot:   #56smpboot:   #57smpboot:   #58smpboot:   #59smpboot:   #60smpboot:   #61smpboot:   #62smpboot:   #63smpboot: 
[    0.412002] .... node  #2, CPUs:  smpboot:   #64smpboot:   #65smpboot:   #66smpboot:   #67smpboot:   #68smpboot:   #69smpboot:   #70smpboot:   #71smpboot:   #72smpboot:   #73smpboot:   #74smpboot:   #75smpboot:   #76smpboot:   #77smpboot:   #78smpboot:   #79smpboot:   #80smpboot:   #81smpboot:   #82smpboot:   #83smpboot:   #84smpboot:   #85smpboot:   #86smpboot:   #87smpboot:   #88smpboot:   #89smpboot:   #90smpboot:   #91smpboot:   #92smpboot:   #93smpboot:   #94smpboot:   #95smpboot: 
[    0.560850] .... node  #3, CPUs:  smpboot:   #96smpboot:   #97smpboot:   #98smpboot:   #99smpboot:  #100smpboot:  #101smpboot:  #102smpboot:  #103smpboot:  #104smpboot:  #105smpboot:  #106smpboot:  #107smpboot:  #108smpboot:  #109smpboot:  #110smpboot:  #111smpboot:  #112smpboot:  #113smpboot:  #114smpboot:  #115smpboot:  #116smpboot:  #117smpboot:  #118smpboot:  #119smpboot:  #120smpboot:  #121smpboot:  #122smpboot:  #123smpboot:  #124smpboot:  #125smpboot:  #126smpboot:  #127
[    0.708676] x86: Booted up 4 nodes, 128 CPUs
[    0.711374] smpboot: Total of 128 processors activated (638465.48 BogoMIPS)
[    0.875423] node 0 initialised, 8723677 pages in 140ms
[    0.880139] devtmpfs: initialized
[    0.886977] evm: security.selinux
[    0.888002] evm: security.ima
[    0.889755] evm: security.capability
[    0.893217] PM: Registering ACPI NVS region [mem 0x3ffff000-0x3fffffff] (4096 bytes)
[    0.901349] clocksource: jiffies: mask: 0xffffffff max_cycles: 0xffffffff, max_idle_ns: 7645041785100000 ns
[    0.904095] futex hash table entries: 32768 (order: 9, 2097152 bytes)
[    0.914337] pinctrl core: initialized pinctrl subsystem
[    0.938908] RTC time: 19:27:25, date: 11/12/18
[    0.946140] NET: Registered protocol family 16
[    0.960002] cpuidle: using governor ladder
[    0.972004] cpuidle: using governor menu
[    0.974348] ACPI: bus type PCI registered
[    0.976012] acpiphp: ACPI Hot Plug PCI Controller Driver version: 0.5
[    0.980433] PCI: Using configuration type 1 for base access
[    1.010444] ACPI: Added _OSI(Module Device)
[    1.012004] ACPI: Added _OSI(Processor Device)
[    1.016002] ACPI: Added _OSI(3.0 _SCP Extensions)
[    1.018784] ACPI: Added _OSI(Processor Aggregator Device)
[    1.029448] ACPI: Interpreter enabled
[    1.032014] ACPI: (supports S0 S5)
[    1.034029] ACPI: Using IOAPIC for interrupt routing
[    1.036028] PCI: Using host bridge windows from ACPI; if necessary, use "pci=nocrs" and report a bug
[    1.061278] ACPI: PCI Root Bridge [PCI0] (domain 0000 [bus 00-ff])
[    1.064007] acpi PNP0A03:00: _OSC: OS supports [ASPM ClockPM Segments MSI]
[    1.068006] acpi PNP0A03:00: _OSC failed (AE_NOT_FOUND); disabling ASPM
[    1.072011] acpi PNP0A03:00: fail to add MMCONFIG information, can't access extended PCI configuration space under this bridge.
[    1.076152] PCI host bridge to bus 0000:00
[    1.080003] pci_bus 0000:00: root bus resource [mem 0xfe0000000-0xfffffffff window]
[    1.084002] pci_bus 0000:00: root bus resource [io  0x0000-0x0cf7 window]
[    1.088002] pci_bus 0000:00: root bus resource [io  0x0d00-0xffff window]
[    1.092002] pci_bus 0000:00: root bus resource [mem 0x000a0000-0x000bffff window]
[    1.096002] pci_bus 0000:00: root bus resource [mem 0x40000000-0xfffbffff window]
[    1.100002] pci_bus 0000:00: root bus resource [bus 00-ff]
[    1.104155] pci 0000:00:00.0: [8086:7192] type 00 class 0x060000
[    1.109810] pci 0000:00:07.0: [8086:7110] type 00 class 0x060100
[    1.116218] pci 0000:00:07.1: [8086:7111] type 00 class 0x010180
[    1.121282] pci 0000:00:07.1: reg 0x20: [io  0xffa0-0xffaf]
[    1.124778] pci 0000:00:07.1: legacy IDE quirk: reg 0x10: [io  0x01f0-0x01f7]
[    1.128003] pci 0000:00:07.1: legacy IDE quirk: reg 0x14: [io  0x03f6]
[    1.132001] pci 0000:00:07.1: legacy IDE quirk: reg 0x18: [io  0x0170-0x0177]
[    1.136002] pci 0000:00:07.1: legacy IDE quirk: reg 0x1c: [io  0x0376]
[    1.140538] pci 0000:00:07.3: [8086:7113] type 00 class 0x068000
[    1.144040] * Found PM-Timer Bug on the chipset. Due to workarounds for a bug,
               * this clock source is slow. Consider trying other clock sources
[    1.153969] pci 0000:00:07.3: quirk: [io  0x0400-0x043f] claimed by PIIX4 ACPI
[    1.156806] pci 0000:00:08.0: [1414:5353] type 00 class 0x030000
[    1.160365] pci 0000:00:08.0: reg 0x10: [mem 0xf8000000-0xfbffffff]
[    1.193140] ACPI: PCI Interrupt Link [LNKA] (IRQs 3 4 5 7 9 10 *11 12 14 15)
[    1.198201] ACPI: PCI Interrupt Link [LNKB] (IRQs 3 4 5 7 9 10 11 12 14 15) *0, disabled.
[    1.204222] ACPI: PCI Interrupt Link [LNKC] (IRQs 3 4 5 7 9 10 11 12 14 15) *0, disabled.
[    1.209730] ACPI: PCI Interrupt Link [LNKD] (IRQs 3 4 5 7 9 10 11 12 14 15) *0, disabled.
[    1.215188] ACPI: Enabled 1 GPEs in block 00 to 0F
[    1.220155] vgaarb: setting as boot device: PCI:0000:00:08.0
[    1.223310] vgaarb: device added: PCI:0000:00:08.0,decodes=io+mem,owns=io+mem,locks=none
[    1.224003] vgaarb: loaded
[    1.225526] vgaarb: bridge control possible 0000:00:08.0
[    1.233284] SCSI subsystem initialized
[    1.236050] libata version 3.00 loaded.
[    1.236055] pps_core: LinuxPPS API ver. 1 registered
[    1.238839] pps_core: Software ver. 5.3.6 - Copyright 2005-2007 Rodolfo Giometti <giometti@linux.it>
[    1.244011] PTP clock support registered
[    1.246127] EDAC MC: Ver: 3.0.0
[    1.253342] hv_vmbus: Vmbus version:4.0
[    1.256225] random: nonblocking pool is initialized
[    1.256071] PCI: Using ACPI for IRQ routing
[    1.256073] PCI: pci_cache_line_size set to 64 bytes
[    1.256569] e820: reserve RAM buffer [mem 0x0009fc00-0x0009ffff]
[    1.256571] e820: reserve RAM buffer [mem 0x3fff0000-0x3fffffff]
[    1.256836] NetLabel: Initializing
[    1.256837] NetLabel:  domain hash size = 128
[    1.256837] NetLabel:  protocols = UNLABELED CIPSOv4
[    1.256860] NetLabel:  unlabeled traffic allowed by default
[    1.256976] amd_nb: Cannot enumerate AMD northbridges
[    1.296091] clocksource: Switched to clocksource hyperv_clocksource_tsc_page
[    1.311880] AppArmor: AppArmor Filesystem Enabled
[    1.315166] pnp: PnP ACPI init
[    1.317400] pnp 00:00: Plug and Play ACPI device, IDs PNP0b00 (active)
[    1.321820] pnp 00:01: Plug and Play ACPI device, IDs PNP0303 PNP030b (active)
[    1.326455] pnp 00:02: Plug and Play ACPI device, IDs PNP0f03 PNP0f13 (active)
[    1.332399] pnp 00:03: [dma 0 disabled]
[    1.335233] pnp 00:03: Plug and Play ACPI device, IDs PNP0501 (active)
[    1.340176] pnp 00:04: [dma 0 disabled]
[    1.343237] pnp 00:04: Plug and Play ACPI device, IDs PNP0501 (active)
[    1.349024] pnp 00:05: [dma 2]
[    1.351365] pnp 00:05: Plug and Play ACPI device, IDs PNP0700 (active)
[    1.356216] system 00:06: [io  0x01e0-0x01ef] has been reserved
[    1.360587] system 00:06: [io  0x0160-0x016f] has been reserved
[    1.364998] system 00:06: [io  0x0278-0x027f] has been reserved
[    1.369357] system 00:06: [io  0x0378-0x037f] has been reserved
[    1.373664] system 00:06: [io  0x0678-0x067f] has been reserved
[    1.377975] system 00:06: [io  0x0778-0x077f] has been reserved
[    1.382280] system 00:06: [io  0x04d0-0x04d1] has been reserved
[    1.386611] system 00:06: Plug and Play ACPI device, IDs PNP0c02 (active)
[    1.391224] system 00:07: [io  0x0400-0x043f] has been reserved
[    1.394512] system 00:07: [io  0x0370-0x0371] has been reserved
[    1.397796] system 00:07: [io  0x0440-0x044f] has been reserved
[    1.402178] system 00:07: [mem 0xfec00000-0xfec00fff] could not be reserved
[    1.407253] system 00:07: [mem 0xfee00000-0xfee00fff] has been reserved
[    1.411621] system 00:07: Plug and Play ACPI device, IDs PNP0c02 (active)
[    1.416731] system 00:08: [mem 0x00000000-0x0009ffff] could not be reserved
[    1.421834] system 00:08: [mem 0x000c0000-0x000dffff] could not be reserved
[    1.426911] system 00:08: [mem 0x000e0000-0x000fffff] could not be reserved
[    1.432010] system 00:08: [mem 0x00100000-0x3fffffff] could not be reserved
[    1.437006] system 00:08: [mem 0xfffc0000-0xffffffff] has been reserved
[    1.441884] system 00:08: Plug and Play ACPI device, IDs PNP0c01 (active)
[    1.447214] pnp: PnP ACPI: found 9 devices
[    1.458246] clocksource: acpi_pm: mask: 0xffffff max_cycles: 0xffffff, max_idle_ns: 2085701024 ns
[    1.463214] pci_bus 0000:00: resource 4 [mem 0xfe0000000-0xfffffffff window]
[    1.467183] pci_bus 0000:00: resource 5 [io  0x0000-0x0cf7 window]
[    1.470669] pci_bus 0000:00: resource 6 [io  0x0d00-0xffff window]
[    1.474177] pci_bus 0000:00: resource 7 [mem 0x000a0000-0x000bffff window]
[    1.478079] pci_bus 0000:00: resource 8 [mem 0x40000000-0xfffbffff window]
[    1.487234] NET: Registered protocol family 2
[    1.490162] TCP established hash table entries: 524288 (order: 10, 4194304 bytes)
[    1.495161] TCP bind hash table entries: 65536 (order: 8, 1048576 bytes)
[    1.499091] TCP: Hash tables configured (established 524288 bind 65536)
[    1.502884] UDP hash table entries: 32768 (order: 8, 1048576 bytes)
[    1.506607] UDP-Lite hash table entries: 32768 (order: 8, 1048576 bytes)
[    1.513144] NET: Registered protocol family 1
[    1.515535] pci 0000:00:00.0: Limiting direct PCI/PCI transfers
[    1.519039] pci 0000:00:08.0: Video device with shadowed ROM
[    1.522309] PCI: CLS 0 bytes, default 64
[    1.524529] Unpacking initramfs...
[    2.111897] Freeing initrd memory: 6876K
[    2.114394] PCI-DMA: Using software bounce buffering for IO (SWIOTLB)
[    2.118206] software IO TLB [mem 0x3bff0000-0x3fff0000] (64MB) mapped at [ffff88003bff0000-ffff88003ffeffff]
[    2.133679] RAPL PMU detected, API unit is 2^-32 Joules, 3 fixed counters 10737418240 ms ovfl timer
[    2.138687] hw unit of domain pp0-core 2^-0 Joules
[    2.141383] hw unit of domain package 2^-0 Joules
[    2.143968] hw unit of domain dram 2^-16 Joules
[    2.146555] Scanning for low memory corruption every 60 seconds
[    2.149813] clocksource: tsc: mask: 0xffffffffffffffff max_cycles: 0x23f304ddf49, max_idle_ns: 440795308251 ns
[    2.153159] kgr: successfully initialized
[    2.158441] audit: initializing netlink subsys (disabled)
[    2.161421] audit: type=2000 audit(1542050846.160:1): initialized
[    2.165137] Initialise system trusted keyring
[    2.170305] HugeTLB registered 1 GB page size, pre-allocated 0 pages
[    2.173801] HugeTLB registered 2 MB page size, pre-allocated 0 pages
[    2.177412] zbud: loaded
[    2.183734] VFS: Disk quotas dquot_6.6.0
[    2.187064] VFS: Dquot-cache hash table entries: 512 (order 0, 4096 bytes)
[    2.207508] alg: No test for fips(ansi_cprng) (fips_ansi_cprng)
[    2.216555] Key type asymmetric registered
[    2.218851] Asymmetric key parser 'x509' registered
[    2.222686] Block layer SCSI generic (bsg) driver version 0.4 loaded (major 249)
[    2.228135] io scheduler noop registered
[    2.230343] io scheduler deadline registered
[    2.232702] io scheduler cfq registered (default)
[    2.235380] pci_hotplug: PCI Hot Plug PCI Core version: 0.5
[    2.238407] pciehp: PCI Express Hot Plug Controller Driver version: 0.4
[    2.241982] hv_vmbus: registering driver hyperv_fb
[    2.244934] cdx: vmbus_open: channel.id=7, sz= 512 KB (0 MB)
[    2.247800] cdx: vmbus_establish_gpadl:req:relid=7, gpadl=925200; resp:relid=7, gpadl=925200, status=0x0
[    2.252447] cdx: GPADL: total: requested = 512 KB (0 MB); got = 512 KB (0 MB)
[    2.256509] hyperv_fb: Screen resolution: 1152x864, Color depth: 32
[    2.264375] Console: switching to colour frame buffer device 144x54
[    2.269376] intel_idle: does not run on family 6 model 63
[    2.272391] input: Power Button as /devices/LNXSYSTM:00/LNXPWRBN:00/input/input0
[    2.276346] ACPI: Power Button [PWRF]
[    2.281144] GHES: HEST is not enabled!
[    2.283284] Serial: 8250/16550 driver, 32 ports, IRQ sharing enabled
[    2.313193] 00:03: ttyS0 at I/O 0x3f8 (irq = 4, base_baud = 115200) is a 16550A
[    2.343936] 00:04: ttyS1 at I/O 0x2f8 (irq = 3, base_baud = 115200) is a 16550A
[    2.350034] Non-volatile memory driver v1.3
[    2.352438] Linux agpgart interface v0.103
[    2.368413] hv_vmbus: registering driver hv_storvsc
[    2.372455] cdx: vmbus_open: channel.id=2, sz= 2048 KB (2 MB)
[    2.375964] cdx: vmbus_establish_gpadl:req:relid=2, gpadl=925201; resp:relid=2, gpadl=925201, status=0x0
[    2.381288] cdx: GPADL: total: requested = 2560 KB (2 MB); got = 2560 KB (2 MB)
[    2.381718] Floppy drive(s): fd0 is 1.44M
[    2.388192] scsi host0: storvsc_host_t
[    2.393471] scsi 0:0:0:0: Direct-Access     Msft     Virtual Disk     1.0  PQ: 0 ANSI: 5
[    2.400673] cdx: vmbus_open: channel.id=3, sz= 2048 KB (2 MB)
[    2.404325] FDC 0 is an 82078.
[    2.404514] cdx: vmbus_establish_gpadl:req:relid=3, gpadl=925202; resp:relid=3, gpadl=925202, status=0x0
[    2.404514] cdx: GPADL: total: requested = 4608 KB (4 MB); got = 4608 KB (4 MB)
[    2.415203] scsi host1: storvsc_host_t
[    2.419659] scsi 1:0:1:0: Direct-Access     Msft     Virtual Disk     1.0  PQ: 0 ANSI: 5
[    2.425396] cdx: vmbus_open: channel.id=23, sz= 2048 KB (2 MB)
[    2.428948] cdx: vmbus_establish_gpadl:req:relid=23, gpadl=925203; resp:relid=23, gpadl=925203, status=0x0
[    2.434165] cdx: GPADL: total: requested = 6656 KB (6 MB); got = 6656 KB (6 MB)
[    2.442427] cdx: vmbus_open: channel.id=25, sz= 2048 KB (2 MB)
[    2.445977] cdx: vmbus_establish_gpadl:req:relid=25, gpadl=925204; resp:relid=25, gpadl=925204, status=0x0
[    2.451389] cdx: GPADL: total: requested = 8704 KB (8 MB); got = 8704 KB (8 MB)
[    2.456672] cdx: vmbus_open: channel.id=26, sz= 2048 KB (2 MB)
[    2.460173] cdx: vmbus_establish_gpadl:req:relid=26, gpadl=925205; resp:relid=26, gpadl=925205, status=0x0
[    2.465773] cdx: GPADL: total: requested = 10752 KB (10 MB); got = 10752 KB (10 MB)
[    2.470975] cdx: vmbus_open: channel.id=27, sz= 2048 KB (2 MB)
[    2.474575] cdx: vmbus_establish_gpadl:req:relid=27, gpadl=925206; resp:relid=27, gpadl=925206, status=0x0
[    2.480115] cdx: GPADL: total: requested = 12800 KB (12 MB); got = 12800 KB (12 MB)
[    2.485465] cdx: vmbus_open: channel.id=28, sz= 2048 KB (2 MB)
[    2.489251] cdx: vmbus_establish_gpadl:req:relid=28, gpadl=925207; resp:relid=28, gpadl=925207, status=0x0
[    2.494583] cdx: GPADL: total: requested = 14848 KB (14 MB); got = 14848 KB (14 MB)
[    2.499723] cdx: vmbus_open: channel.id=29, sz= 2048 KB (2 MB)
[    2.503262] cdx: vmbus_establish_gpadl:req:relid=29, gpadl=925208; resp:relid=29, gpadl=925208, status=0x0
[    2.508485] cdx: GPADL: total: requested = 16896 KB (16 MB); got = 16896 KB (16 MB)
[    2.513649] cdx: vmbus_open: channel.id=30, sz= 2048 KB (2 MB)
[    2.517212] cdx: vmbus_establish_gpadl:req:relid=30, gpadl=925209; resp:relid=30, gpadl=925209, status=0x0
[    2.522595] cdx: GPADL: total: requested = 18944 KB (18 MB); got = 18944 KB (18 MB)
[    2.527680] cdx: vmbus_open: channel.id=31, sz= 2048 KB (2 MB)
[    2.531152] cdx: vmbus_establish_gpadl:req:relid=31, gpadl=925210; resp:relid=31, gpadl=925210, status=0x0
[    2.536358] cdx: GPADL: total: requested = 20992 KB (20 MB); got = 20992 KB (20 MB)
[    2.541393] cdx: vmbus_open: channel.id=32, sz= 2048 KB (2 MB)
[    2.544697] cdx: vmbus_establish_gpadl:req:relid=32, gpadl=925211; resp:relid=32, gpadl=925211, status=0x0
[    2.549802] cdx: GPADL: total: requested = 23040 KB (22 MB); got = 23040 KB (22 MB)
[    2.554834] cdx: vmbus_open: channel.id=33, sz= 2048 KB (2 MB)
[    2.558271] cdx: vmbus_establish_gpadl:req:relid=33, gpadl=925212; resp:relid=33, gpadl=925212, status=0x0
[    2.563378] cdx: GPADL: total: requested = 25088 KB (24 MB); got = 25088 KB (24 MB)
[    2.568403] cdx: vmbus_open: channel.id=34, sz= 2048 KB (2 MB)
[    2.571802] cdx: vmbus_establish_gpadl:req:relid=34, gpadl=925213; resp:relid=34, gpadl=925213, status=0x0
[    2.577155] cdx: GPADL: total: requested = 27136 KB (26 MB); got = 27136 KB (26 MB)
[    2.582433] cdx: vmbus_open: channel.id=35, sz= 2048 KB (2 MB)
[    2.586059] cdx: vmbus_establish_gpadl:req:relid=35, gpadl=925214; resp:relid=35, gpadl=925214, status=0x0
[    2.589442] cdx: GPADL: total: requested = 29184 KB (28 MB); got = 29184 KB (28 MB)
[    2.594612] cdx: vmbus_open: channel.id=36, sz= 2048 KB (2 MB)
[    2.597614] cdx: vmbus_establish_gpadl:req:relid=36, gpadl=925215; resp:relid=36, gpadl=925215, status=0x0
[    2.601957] cdx: GPADL: total: requested = 31232 KB (30 MB); got = 31232 KB (30 MB)
[    2.606341] cdx: vmbus_open: channel.id=37, sz= 2048 KB (2 MB)
[    2.609278] cdx: vmbus_establish_gpadl:req:relid=37, gpadl=925216; resp:relid=37, gpadl=925216, status=0x0
[    2.613550] cdx: GPADL: total: requested = 33280 KB (32 MB); got = 33280 KB (32 MB)
[    2.618625] cdx: vmbus_open: channel.id=38, sz= 2048 KB (2 MB)
[    2.622114] cdx: vmbus_establish_gpadl:req:relid=38, gpadl=925217; resp:relid=38, gpadl=925217, status=0x0
[    2.627351] cdx: GPADL: total: requested = 35328 KB (34 MB); got = 35328 KB (34 MB)
[    2.631811] cdx: vmbus_open: channel.id=39, sz= 2048 KB (2 MB)
[    2.634832] cdx: vmbus_establish_gpadl:req:relid=39, gpadl=925218; resp:relid=39, gpadl=925218, status=0x0
[    2.639234] cdx: GPADL: total: requested = 37376 KB (36 MB); got = 37376 KB (36 MB)
[    2.643684] cdx: vmbus_open: channel.id=40, sz= 2048 KB (2 MB)
[    2.646653] cdx: vmbus_establish_gpadl:req:relid=40, gpadl=925219; resp:relid=40, gpadl=925219, status=0x0
[    2.651615] cdx: GPADL: total: requested = 39424 KB (38 MB); got = 39424 KB (38 MB)
[    2.656744] cdx: vmbus_open: channel.id=41, sz= 2048 KB (2 MB)
[    2.660224] cdx: vmbus_establish_gpadl:req:relid=41, gpadl=925220; resp:relid=41, gpadl=925220, status=0x0
[    2.665436] cdx: GPADL: total: requested = 41472 KB (40 MB); got = 41472 KB (40 MB)
[    2.670531] cdx: vmbus_open: channel.id=42, sz= 2048 KB (2 MB)
[    2.674004] cdx: vmbus_establish_gpadl:req:relid=42, gpadl=925221; resp:relid=42, gpadl=925221, status=0x0
[    2.679253] cdx: GPADL: total: requested = 43520 KB (42 MB); got = 43520 KB (42 MB)
[    2.684443] cdx: vmbus_open: channel.id=43, sz= 2048 KB (2 MB)
[    2.687910] cdx: vmbus_establish_gpadl:req:relid=43, gpadl=925222; resp:relid=43, gpadl=925222, status=0x0
[    2.693110] cdx: GPADL: total: requested = 45568 KB (44 MB); got = 45568 KB (44 MB)
[    2.698271] cdx: vmbus_open: channel.id=44, sz= 2048 KB (2 MB)
[    2.701682] cdx: vmbus_establish_gpadl:req:relid=44, gpadl=925223; resp:relid=44, gpadl=925223, status=0x0
[    2.706750] cdx: GPADL: total: requested = 47616 KB (46 MB); got = 47616 KB (46 MB)
[    2.711829] cdx: vmbus_open: channel.id=45, sz= 2048 KB (2 MB)
[    2.715269] cdx: vmbus_establish_gpadl:req:relid=45, gpadl=925224; resp:relid=45, gpadl=925224, status=0x0
[    2.720386] cdx: GPADL: total: requested = 49664 KB (48 MB); got = 49664 KB (48 MB)
[    2.725432] cdx: vmbus_open: channel.id=46, sz= 2048 KB (2 MB)
[    2.728847] cdx: vmbus_establish_gpadl:req:relid=46, gpadl=925225; resp:relid=46, gpadl=925225, status=0x0
[    2.733950] cdx: GPADL: total: requested = 51712 KB (50 MB); got = 51712 KB (50 MB)
[    2.739014] cdx: vmbus_open: channel.id=47, sz= 2048 KB (2 MB)
[    2.742416] cdx: vmbus_establish_gpadl:req:relid=47, gpadl=925226; resp:relid=47, gpadl=925226, status=0x0
[    2.747547] cdx: GPADL: total: requested = 53760 KB (52 MB); got = 53760 KB (52 MB)
[    2.752590] cdx: vmbus_open: channel.id=48, sz= 2048 KB (2 MB)
[    2.755952] cdx: vmbus_establish_gpadl:req:relid=48, gpadl=925227; resp:relid=48, gpadl=925227, status=0x0
[    2.761053] cdx: GPADL: total: requested = 55808 KB (54 MB); got = 55808 KB (54 MB)
[    2.766087] cdx: vmbus_open: channel.id=49, sz= 2048 KB (2 MB)
[    2.769520] cdx: vmbus_establish_gpadl:req:relid=49, gpadl=925228; resp:relid=49, gpadl=925228, status=0x0
[    2.774648] cdx: GPADL: total: requested = 57856 KB (56 MB); got = 57856 KB (56 MB)
[    2.779716] cdx: vmbus_open: channel.id=50, sz= 2048 KB (2 MB)
[    2.783117] cdx: vmbus_establish_gpadl:req:relid=50, gpadl=925229; resp:relid=50, gpadl=925229, status=0x0
[    2.788246] cdx: GPADL: total: requested = 59904 KB (58 MB); got = 59904 KB (58 MB)
[    2.793553] cdx: vmbus_open: channel.id=51, sz= 2048 KB (2 MB)
[    2.796965] cdx: vmbus_establish_gpadl:req:relid=51, gpadl=925230; resp:relid=51, gpadl=925230, status=0x0
[    2.802080] cdx: GPADL: total: requested = 61952 KB (60 MB); got = 61952 KB (60 MB)
[    2.807153] cdx: vmbus_open: channel.id=52, sz= 2048 KB (2 MB)
[    2.810578] cdx: vmbus_establish_gpadl:req:relid=52, gpadl=925231; resp:relid=52, gpadl=925231, status=0x0
[    2.814977] cdx: GPADL: total: requested = 64000 KB (62 MB); got = 64000 KB (62 MB)
[    2.820278] cdx: vmbus_open: channel.id=53, sz= 2048 KB (2 MB)
[    2.823808] cdx: vmbus_establish_gpadl:req:relid=53, gpadl=925232; resp:relid=53, gpadl=925232, status=0x0
[    2.829169] cdx: GPADL: total: requested = 66048 KB (64 MB); got = 66048 KB (64 MB)
[    2.834408] cdx: vmbus_open: channel.id=54, sz= 2048 KB (2 MB)
[    2.837882] cdx: vmbus_establish_gpadl:req:relid=54, gpadl=925233; resp:relid=54, gpadl=925233, status=0x0
[    2.843084] cdx: GPADL: total: requested = 68096 KB (66 MB); got = 68096 KB (66 MB)
[    2.848231] cdx: vmbus_open: channel.id=55, sz= 2048 KB (2 MB)
[    2.851744] cdx: vmbus_establish_gpadl:req:relid=55, gpadl=925234; resp:relid=55, gpadl=925234, status=0x0
[    2.856319] cdx: GPADL: total: requested = 70144 KB (68 MB); got = 70144 KB (68 MB)
[    2.861556] cdx: vmbus_open: channel.id=56, sz= 2048 KB (2 MB)
[    2.865083] cdx: vmbus_establish_gpadl:req:relid=56, gpadl=925235; resp:relid=56, gpadl=925235, status=0x0
[    2.870403] cdx: GPADL: total: requested = 72192 KB (70 MB); got = 72192 KB (70 MB)
[    2.875551] cdx: vmbus_open: channel.id=57, sz= 2048 KB (2 MB)
[    2.879024] cdx: vmbus_establish_gpadl:req:relid=57, gpadl=925236; resp:relid=57, gpadl=925236, status=0x0
[    2.884275] cdx: GPADL: total: requested = 74240 KB (72 MB); got = 74240 KB (72 MB)
[    2.889384] cdx: vmbus_open: channel.id=58, sz= 2048 KB (2 MB)
[    2.892841] cdx: vmbus_establish_gpadl:req:relid=58, gpadl=925237; resp:relid=58, gpadl=925237, status=0x0
[    2.897766] cdx: GPADL: total: requested = 76288 KB (74 MB); got = 76288 KB (74 MB)
[    2.902516] cdx: vmbus_open: channel.id=59, sz= 2048 KB (2 MB)
[    2.905979] cdx: vmbus_establish_gpadl:req:relid=59, gpadl=925238; resp:relid=59, gpadl=925238, status=0x0
[    2.911241] cdx: GPADL: total: requested = 78336 KB (76 MB); got = 78336 KB (76 MB)
[    2.916374] cdx: vmbus_open: channel.id=60, sz= 2048 KB (2 MB)
[    2.919858] cdx: vmbus_establish_gpadl:req:relid=60, gpadl=925239; resp:relid=60, gpadl=925239, status=0x0
[    2.925087] cdx: GPADL: total: requested = 80384 KB (78 MB); got = 80384 KB (78 MB)
[    2.930225] cdx: vmbus_open: channel.id=61, sz= 2048 KB (2 MB)
[    2.933726] cdx: vmbus_establish_gpadl:req:relid=61, gpadl=925240; resp:relid=61, gpadl=925240, status=0x0
[    2.938918] cdx: GPADL: total: requested = 82432 KB (80 MB); got = 82432 KB (80 MB)
[    2.944020] cdx: vmbus_open: channel.id=62, sz= 2048 KB (2 MB)
[    2.947494] cdx: vmbus_establish_gpadl:req:relid=62, gpadl=925241; resp:relid=62, gpadl=925241, status=0x0
[    2.952715] cdx: GPADL: total: requested = 84480 KB (82 MB); got = 84480 KB (82 MB)
[    2.957796] cdx: vmbus_open: channel.id=63, sz= 2048 KB (2 MB)
[    2.961280] cdx: vmbus_establish_gpadl:req:relid=63, gpadl=925242; resp:relid=63, gpadl=925242, status=0x0
[    2.966479] cdx: GPADL: total: requested = 86528 KB (84 MB); got = 86528 KB (84 MB)
[    2.971588] cdx: vmbus_open: channel.id=64, sz= 2048 KB (2 MB)
[    2.975066] cdx: vmbus_establish_gpadl:req:relid=64, gpadl=925243; resp:relid=64, gpadl=925243, status=0x0
[    2.980292] cdx: GPADL: total: requested = 88576 KB (86 MB); got = 88576 KB (86 MB)
[    2.985358] cdx: vmbus_open: channel.id=65, sz= 2048 KB (2 MB)
[    2.988799] cdx: vmbus_establish_gpadl:req:relid=65, gpadl=925244; resp:relid=65, gpadl=925244, status=0x0
[    2.993980] cdx: GPADL: total: requested = 90624 KB (88 MB); got = 90624 KB (88 MB)
[    2.999060] cdx: vmbus_open: channel.id=66, sz= 2048 KB (2 MB)
[    3.002534] cdx: vmbus_establish_gpadl:req:relid=66, gpadl=925245; resp:relid=66, gpadl=925245, status=0x0
[    3.007738] cdx: GPADL: total: requested = 92672 KB (90 MB); got = 92672 KB (90 MB)
[    3.012843] cdx: vmbus_open: channel.id=67, sz= 2048 KB (2 MB)
[    3.016341] cdx: vmbus_establish_gpadl:req:relid=67, gpadl=925246; resp:relid=67, gpadl=925246, status=0x0
[    3.021634] cdx: GPADL: total: requested = 94720 KB (92 MB); got = 94720 KB (92 MB)
[    3.026914] cdx: vmbus_open: channel.id=68, sz= 2048 KB (2 MB)
[    3.030533] cdx: vmbus_establish_gpadl:req:relid=68, gpadl=925247; resp:relid=68, gpadl=925247, status=0x0
[    3.035974] cdx: GPADL: total: requested = 96768 KB (94 MB); got = 96768 KB (94 MB)
[    3.041288] cdx: vmbus_open: channel.id=69, sz= 2048 KB (2 MB)
[    3.044879] cdx: vmbus_establish_gpadl:req:relid=69, gpadl=925248; resp:relid=69, gpadl=925248, status=0x0
[    3.050201] cdx: GPADL: total: requested = 98816 KB (96 MB); got = 98816 KB (96 MB)
[    3.055415] cdx: vmbus_open: channel.id=70, sz= 2048 KB (2 MB)
[    3.059004] cdx: vmbus_establish_gpadl:req:relid=70, gpadl=925249; resp:relid=70, gpadl=925249, status=0x0
[    3.064344] cdx: GPADL: total: requested = 100864 KB (98 MB); got = 100864 KB (98 MB)
[    3.069881] cdx: vmbus_open: channel.id=71, sz= 2048 KB (2 MB)
[    3.073392] cdx: vmbus_establish_gpadl:req:relid=71, gpadl=925250; resp:relid=71, gpadl=925250, status=0x0
[    3.078610] cdx: GPADL: total: requested = 102912 KB (100 MB); got = 102912 KB (100 MB)
[    3.083908] cdx: vmbus_open: channel.id=72, sz= 2048 KB (2 MB)
[    3.087393] cdx: vmbus_establish_gpadl:req:relid=72, gpadl=925251; resp:relid=72, gpadl=925251, status=0x0
[    3.092579] cdx: GPADL: total: requested = 104960 KB (102 MB); got = 104960 KB (102 MB)
[    3.097829] cdx: vmbus_open: channel.id=73, sz= 2048 KB (2 MB)
[    3.101309] cdx: vmbus_establish_gpadl:req:relid=73, gpadl=925252; resp:relid=73, gpadl=925252, status=0x0
[    3.106500] cdx: GPADL: total: requested = 107008 KB (104 MB); got = 107008 KB (104 MB)
[    3.112014] cdx: vmbus_open: channel.id=74, sz= 2048 KB (2 MB)
[    3.115491] cdx: vmbus_establish_gpadl:req:relid=74, gpadl=925253; resp:relid=74, gpadl=925253, status=0x0
[    3.120669] cdx: GPADL: total: requested = 109056 KB (106 MB); got = 109056 KB (106 MB)
[    3.126126] cdx: vmbus_open: channel.id=75, sz= 2048 KB (2 MB)
[    3.129589] cdx: vmbus_establish_gpadl:req:relid=75, gpadl=925254; resp:relid=75, gpadl=925254, status=0x0
[    3.134773] cdx: GPADL: total: requested = 111104 KB (108 MB); got = 111104 KB (108 MB)
[    3.140192] cdx: vmbus_open: channel.id=76, sz= 2048 KB (2 MB)
[    3.143657] cdx: vmbus_establish_gpadl:req:relid=76, gpadl=925255; resp:relid=76, gpadl=925255, status=0x0
[    3.148863] cdx: GPADL: total: requested = 113152 KB (110 MB); got = 113152 KB (110 MB)
[    3.154226] cdx: vmbus_open: channel.id=77, sz= 2048 KB (2 MB)
[    3.157689] cdx: vmbus_establish_gpadl:req:relid=77, gpadl=925256; resp:relid=77, gpadl=925256, status=0x0
[    3.162877] cdx: GPADL: total: requested = 115200 KB (112 MB); got = 115200 KB (112 MB)
[    3.168169] cdx: vmbus_open: channel.id=78, sz= 2048 KB (2 MB)
[    3.171631] cdx: vmbus_establish_gpadl:req:relid=78, gpadl=925257; resp:relid=78, gpadl=925257, status=0x0
[    3.176841] cdx: GPADL: total: requested = 117248 KB (114 MB); got = 117248 KB (114 MB)
[    3.182127] cdx: vmbus_open: channel.id=79, sz= 2048 KB (2 MB)
[    3.185623] cdx: vmbus_establish_gpadl:req:relid=79, gpadl=925258; resp:relid=79, gpadl=925258, status=0x0
[    3.190931] cdx: GPADL: total: requested = 119296 KB (116 MB); got = 119296 KB (116 MB)
[    3.196221] cdx: vmbus_open: channel.id=80, sz= 2048 KB (2 MB)
[    3.199687] cdx: vmbus_establish_gpadl:req:relid=80, gpadl=925259; resp:relid=80, gpadl=925259, status=0x0
[    3.204893] cdx: GPADL: total: requested = 121344 KB (118 MB); got = 121344 KB (118 MB)
[    3.210195] cdx: vmbus_open: channel.id=81, sz= 2048 KB (2 MB)
[    3.213668] cdx: vmbus_establish_gpadl:req:relid=81, gpadl=925260; resp:relid=81, gpadl=925260, status=0x0
[    3.218882] cdx: GPADL: total: requested = 123392 KB (120 MB); got = 123392 KB (120 MB)
[    3.224236] cdx: vmbus_open: channel.id=82, sz= 2048 KB (2 MB)
[    3.227744] cdx: vmbus_establish_gpadl:req:relid=82, gpadl=925261; resp:relid=82, gpadl=925261, status=0x0
[    3.233012] cdx: GPADL: total: requested = 125440 KB (122 MB); got = 125440 KB (122 MB)
[    3.238283] cdx: vmbus_open: channel.id=83, sz= 2048 KB (2 MB)
[    3.241719] cdx: vmbus_establish_gpadl:req:relid=83, gpadl=925262; resp:relid=83, gpadl=925262, status=0x0
[    3.247011] cdx: GPADL: total: requested = 127488 KB (124 MB); got = 127488 KB (124 MB)
[    3.252335] cdx: vmbus_open: channel.id=84, sz= 2048 KB (2 MB)
[    3.255783] cdx: vmbus_establish_gpadl:req:relid=84, gpadl=925263; resp:relid=84, gpadl=925263, status=0x0
[    3.260982] cdx: GPADL: total: requested = 129536 KB (126 MB); got = 129536 KB (126 MB)
[    3.266275] cdx: vmbus_open: channel.id=85, sz= 2048 KB (2 MB)
[    3.269726] cdx: vmbus_establish_gpadl:req:relid=85, gpadl=925264; resp:relid=85, gpadl=925264, status=0x0
[    3.274900] cdx: GPADL: total: requested = 131584 KB (128 MB); got = 131584 KB (128 MB)
[    3.280299] cdx: vmbus_open: channel.id=86, sz= 2048 KB (2 MB)
[    3.283750] cdx: vmbus_establish_gpadl:req:relid=86, gpadl=925265; resp:relid=86, gpadl=925265, status=0x0
[    3.288995] cdx: GPADL: total: requested = 133632 KB (130 MB); got = 133632 KB (130 MB)
[    3.294301] cdx: vmbus_open: channel.id=87, sz= 2048 KB (2 MB)
[    3.297778] cdx: vmbus_establish_gpadl:req:relid=87, gpadl=925266; resp:relid=87, gpadl=925266, status=0x0
[    3.303071] cdx: GPADL: total: requested = 135680 KB (132 MB); got = 135680 KB (132 MB)
[    3.307586] scsi host2: storvsc_host_t
[    3.368169] cdx: vmbus_open: channel.id=24, sz= 2048 KB (2 MB)
[    3.371703] cdx: vmbus_establish_gpadl:req:relid=24, gpadl=925267; resp:relid=24, gpadl=925267, status=0x0
[    3.376989] cdx: GPADL: total: requested = 137728 KB (134 MB); got = 137728 KB (134 MB)
[    3.385894] cdx: vmbus_open: channel.id=88, sz= 2048 KB (2 MB)
[    3.389436] cdx: vmbus_establish_gpadl:req:relid=88, gpadl=925268; resp:relid=88, gpadl=925268, status=0x0
[    3.394719] cdx: GPADL: total: requested = 139776 KB (136 MB); got = 139776 KB (136 MB)
[    3.400013] cdx: vmbus_open: channel.id=89, sz= 2048 KB (2 MB)
[    3.403477] cdx: vmbus_establish_gpadl:req:relid=89, gpadl=925269; resp:relid=89, gpadl=925269, status=0x0
[    3.408646] cdx: GPADL: total: requested = 141824 KB (138 MB); got = 141824 KB (138 MB)
[    3.414025] cdx: vmbus_open: channel.id=90, sz= 2048 KB (2 MB)
[    3.417614] cdx: vmbus_establish_gpadl:req:relid=90, gpadl=925270; resp:relid=90, gpadl=925270, status=0x0
[    3.422890] cdx: GPADL: total: requested = 143872 KB (140 MB); got = 143872 KB (140 MB)
[    3.428301] cdx: vmbus_open: channel.id=91, sz= 2048 KB (2 MB)
[    3.431820] cdx: vmbus_establish_gpadl:req:relid=91, gpadl=925271; resp:relid=91, gpadl=925271, status=0x0
[    3.437114] cdx: GPADL: total: requested = 145920 KB (142 MB); got = 145920 KB (142 MB)
[    3.442490] cdx: vmbus_open: channel.id=92, sz= 2048 KB (2 MB)
[    3.445997] cdx: vmbus_establish_gpadl:req:relid=92, gpadl=925272; resp:relid=92, gpadl=925272, status=0x0
[    3.451192] cdx: GPADL: total: requested = 147968 KB (144 MB); got = 147968 KB (144 MB)
[    3.456503] cdx: vmbus_open: channel.id=93, sz= 2048 KB (2 MB)
[    3.459957] cdx: vmbus_establish_gpadl:req:relid=93, gpadl=925273; resp:relid=93, gpadl=925273, status=0x0
[    3.465170] cdx: GPADL: total: requested = 150016 KB (146 MB); got = 150016 KB (146 MB)
[    3.470450] cdx: vmbus_open: channel.id=94, sz= 2048 KB (2 MB)
[    3.473917] cdx: vmbus_establish_gpadl:req:relid=94, gpadl=925274; resp:relid=94, gpadl=925274, status=0x0
[    3.479082] cdx: GPADL: total: requested = 152064 KB (148 MB); got = 152064 KB (148 MB)
[    3.484366] cdx: vmbus_open: channel.id=95, sz= 2048 KB (2 MB)
[    3.487813] cdx: vmbus_establish_gpadl:req:relid=95, gpadl=925275; resp:relid=95, gpadl=925275, status=0x0
[    3.493014] cdx: GPADL: total: requested = 154112 KB (150 MB); got = 154112 KB (150 MB)
[    3.498295] cdx: vmbus_open: channel.id=96, sz= 2048 KB (2 MB)
[    3.501766] cdx: vmbus_establish_gpadl:req:relid=96, gpadl=925276; resp:relid=96, gpadl=925276, status=0x0
[    3.506909] cdx: GPADL: total: requested = 156160 KB (152 MB); got = 156160 KB (152 MB)
[    3.512242] cdx: vmbus_open: channel.id=97, sz= 2048 KB (2 MB)
[    3.515684] cdx: vmbus_establish_gpadl:req:relid=97, gpadl=925277; resp:relid=97, gpadl=925277, status=0x0
[    3.520913] cdx: GPADL: total: requested = 158208 KB (154 MB); got = 158208 KB (154 MB)
[    3.526333] cdx: vmbus_open: channel.id=98, sz= 2048 KB (2 MB)
[    3.529870] cdx: vmbus_establish_gpadl:req:relid=98, gpadl=925278; resp:relid=98, gpadl=925278, status=0x0
[    3.535256] cdx: GPADL: total: requested = 160256 KB (156 MB); got = 160256 KB (156 MB)
[    3.540634] cdx: vmbus_open: channel.id=99, sz= 2048 KB (2 MB)
[    3.544177] cdx: vmbus_establish_gpadl:req:relid=99, gpadl=925279; resp:relid=99, gpadl=925279, status=0x0
[    3.549475] cdx: GPADL: total: requested = 162304 KB (158 MB); got = 162304 KB (158 MB)
[    3.554822] cdx: vmbus_open: channel.id=100, sz= 2048 KB (2 MB)
[    3.558340] cdx: vmbus_establish_gpadl:req:relid=100, gpadl=925280; resp:relid=100, gpadl=925280, status=0x0
[    3.563586] cdx: GPADL: total: requested = 164352 KB (160 MB); got = 164352 KB (160 MB)
[    3.568880] cdx: vmbus_open: channel.id=101, sz= 2048 KB (2 MB)
[    3.572388] cdx: vmbus_establish_gpadl:req:relid=101, gpadl=925281; resp:relid=101, gpadl=925281, status=0x0
[    3.577657] cdx: GPADL: total: requested = 166400 KB (162 MB); got = 166400 KB (162 MB)
[    3.582963] cdx: vmbus_open: channel.id=102, sz= 2048 KB (2 MB)
[    3.586502] cdx: vmbus_establish_gpadl:req:relid=102, gpadl=925282; resp:relid=102, gpadl=925282, status=0x0
[    3.591787] cdx: GPADL: total: requested = 168448 KB (164 MB); got = 168448 KB (164 MB)
[    3.597075] cdx: vmbus_open: channel.id=103, sz= 2048 KB (2 MB)
[    3.600518] cdx: vmbus_establish_gpadl:req:relid=103, gpadl=925283; resp:relid=103, gpadl=925283, status=0x0
[    3.605673] cdx: GPADL: total: requested = 170496 KB (166 MB); got = 170496 KB (166 MB)
[    3.610841] cdx: vmbus_open: channel.id=104, sz= 2048 KB (2 MB)
[    3.614310] cdx: vmbus_establish_gpadl:req:relid=104, gpadl=925284; resp:relid=104, gpadl=925284, status=0x0
[    3.619481] cdx: GPADL: total: requested = 172544 KB (168 MB); got = 172544 KB (168 MB)
[    3.624864] cdx: vmbus_open: channel.id=105, sz= 2048 KB (2 MB)
[    3.628306] cdx: vmbus_establish_gpadl:req:relid=105, gpadl=925285; resp:relid=105, gpadl=925285, status=0x0
[    3.633463] cdx: GPADL: total: requested = 174592 KB (170 MB); got = 174592 KB (170 MB)
[    3.638711] cdx: vmbus_open: channel.id=106, sz= 2048 KB (2 MB)
[    3.642224] cdx: vmbus_establish_gpadl:req:relid=106, gpadl=925286; resp:relid=106, gpadl=925286, status=0x0
[    3.647402] cdx: GPADL: total: requested = 176640 KB (172 MB); got = 176640 KB (172 MB)
[    3.652588] cdx: vmbus_open: channel.id=107, sz= 2048 KB (2 MB)
[    3.656022] cdx: vmbus_establish_gpadl:req:relid=107, gpadl=925287; resp:relid=107, gpadl=925287, status=0x0
[    3.661207] cdx: GPADL: total: requested = 178688 KB (174 MB); got = 178688 KB (174 MB)
[    3.666421] cdx: vmbus_open: channel.id=108, sz= 2048 KB (2 MB)
[    3.669839] cdx: vmbus_establish_gpadl:req:relid=108, gpadl=925288; resp:relid=108, gpadl=925288, status=0x0
[    3.675033] cdx: GPADL: total: requested = 180736 KB (176 MB); got = 180736 KB (176 MB)
[    3.680404] cdx: vmbus_open: channel.id=109, sz= 2048 KB (2 MB)
[    3.683990] cdx: vmbus_establish_gpadl:req:relid=109, gpadl=925289; resp:relid=109, gpadl=925289, status=0x0
[    3.689389] cdx: GPADL: total: requested = 182784 KB (178 MB); got = 182784 KB (178 MB)
[    3.694787] cdx: vmbus_open: channel.id=110, sz= 2048 KB (2 MB)
[    3.698387] cdx: vmbus_establish_gpadl:req:relid=110, gpadl=925290; resp:relid=110, gpadl=925290, status=0x0
[    3.703773] cdx: GPADL: total: requested = 184832 KB (180 MB); got = 184832 KB (180 MB)
[    3.709153] cdx: vmbus_open: channel.id=111, sz= 2048 KB (2 MB)
[    3.712645] cdx: vmbus_establish_gpadl:req:relid=111, gpadl=925291; resp:relid=111, gpadl=925291, status=0x0
[    3.717887] cdx: GPADL: total: requested = 186880 KB (182 MB); got = 186880 KB (182 MB)
[    3.723146] cdx: vmbus_open: channel.id=112, sz= 2048 KB (2 MB)
[    3.726654] cdx: vmbus_establish_gpadl:req:relid=112, gpadl=925292; resp:relid=112, gpadl=925292, status=0x0
[    3.731885] cdx: GPADL: total: requested = 188928 KB (184 MB); got = 188928 KB (184 MB)
[    3.737212] cdx: vmbus_open: channel.id=113, sz= 2048 KB (2 MB)
[    3.740729] cdx: vmbus_establish_gpadl:req:relid=113, gpadl=925293; resp:relid=113, gpadl=925293, status=0x0
[    3.745982] cdx: GPADL: total: requested = 190976 KB (186 MB); got = 190976 KB (186 MB)
[    3.751256] cdx: vmbus_open: channel.id=114, sz= 2048 KB (2 MB)
[    3.754757] cdx: vmbus_establish_gpadl:req:relid=114, gpadl=925294; resp:relid=114, gpadl=925294, status=0x0
[    3.759992] cdx: GPADL: total: requested = 193024 KB (188 MB); got = 193024 KB (188 MB)
[    3.765276] cdx: vmbus_open: channel.id=115, sz= 2048 KB (2 MB)
[    3.768869] cdx: vmbus_establish_gpadl:req:relid=115, gpadl=925295; resp:relid=115, gpadl=925295, status=0x0
[    3.774270] cdx: GPADL: total: requested = 195072 KB (190 MB); got = 195072 KB (190 MB)
[    3.779672] cdx: vmbus_open: channel.id=116, sz= 2048 KB (2 MB)
[    3.783414] cdx: vmbus_establish_gpadl:req:relid=116, gpadl=925296; resp:relid=116, gpadl=925296, status=0x0
[    3.788697] cdx: GPADL: total: requested = 197120 KB (192 MB); got = 197120 KB (192 MB)
[    3.794137] cdx: vmbus_open: channel.id=117, sz= 2048 KB (2 MB)
[    3.797316] cdx: vmbus_establish_gpadl:req:relid=117, gpadl=925297; resp:relid=117, gpadl=925297, status=0x0
[    3.802509] cdx: GPADL: total: requested = 199168 KB (194 MB); got = 199168 KB (194 MB)
[    3.807650] cdx: vmbus_open: channel.id=118, sz= 2048 KB (2 MB)
[    3.811182] cdx: vmbus_establish_gpadl:req:relid=118, gpadl=925298; resp:relid=118, gpadl=925298, status=0x0
[    3.816618] cdx: GPADL: total: requested = 201216 KB (196 MB); got = 201216 KB (196 MB)
[    3.821996] cdx: vmbus_open: channel.id=119, sz= 2048 KB (2 MB)
[    3.825593] cdx: vmbus_establish_gpadl:req:relid=119, gpadl=925299; resp:relid=119, gpadl=925299, status=0x0
[    3.830978] cdx: GPADL: total: requested = 203264 KB (198 MB); got = 203264 KB (198 MB)
[    3.836351] cdx: vmbus_open: channel.id=120, sz= 2048 KB (2 MB)
[    3.839834] cdx: vmbus_establish_gpadl:req:relid=120, gpadl=925300; resp:relid=120, gpadl=925300, status=0x0
[    3.845093] cdx: GPADL: total: requested = 205312 KB (200 MB); got = 205312 KB (200 MB)
[    3.850450] cdx: vmbus_open: channel.id=121, sz= 2048 KB (2 MB)
[    3.853943] cdx: vmbus_establish_gpadl:req:relid=121, gpadl=925301; resp:relid=121, gpadl=925301, status=0x0
[    3.859245] cdx: GPADL: total: requested = 207360 KB (202 MB); got = 207360 KB (202 MB)
[    3.864537] cdx: vmbus_open: channel.id=122, sz= 2048 KB (2 MB)
[    3.868057] cdx: vmbus_establish_gpadl:req:relid=122, gpadl=925302; resp:relid=122, gpadl=925302, status=0x0
[    3.873288] cdx: GPADL: total: requested = 209408 KB (204 MB); got = 209408 KB (204 MB)
[    3.878542] cdx: vmbus_open: channel.id=123, sz= 2048 KB (2 MB)
[    3.882029] cdx: vmbus_establish_gpadl:req:relid=123, gpadl=925303; resp:relid=123, gpadl=925303, status=0x0
[    3.887270] cdx: GPADL: total: requested = 211456 KB (206 MB); got = 211456 KB (206 MB)
[    3.892536] cdx: vmbus_open: channel.id=124, sz= 2048 KB (2 MB)
[    3.896083] cdx: vmbus_establish_gpadl:req:relid=124, gpadl=925304; resp:relid=124, gpadl=925304, status=0x0
[    3.901514] cdx: GPADL: total: requested = 213504 KB (208 MB); got = 213504 KB (208 MB)
[    3.906941] cdx: vmbus_open: channel.id=125, sz= 2048 KB (2 MB)
[    3.910518] cdx: vmbus_establish_gpadl:req:relid=125, gpadl=925305; resp:relid=125, gpadl=925305, status=0x0
[    3.915855] cdx: GPADL: total: requested = 215552 KB (210 MB); got = 215552 KB (210 MB)
[    3.921237] cdx: vmbus_open: channel.id=126, sz= 2048 KB (2 MB)
[    3.924820] cdx: vmbus_establish_gpadl:req:relid=126, gpadl=925306; resp:relid=126, gpadl=925306, status=0x0
[    3.930190] cdx: GPADL: total: requested = 217600 KB (212 MB); got = 217600 KB (212 MB)
[    3.935502] cdx: vmbus_open: channel.id=127, sz= 2048 KB (2 MB)
[    3.938997] cdx: vmbus_establish_gpadl:req:relid=127, gpadl=925307; resp:relid=127, gpadl=925307, status=0x0
[    3.944212] cdx: GPADL: total: requested = 219648 KB (214 MB); got = 219648 KB (214 MB)
[    3.949432] cdx: vmbus_open: channel.id=128, sz= 2048 KB (2 MB)
[    3.952923] cdx: vmbus_establish_gpadl:req:relid=128, gpadl=925308; resp:relid=128, gpadl=925308, status=0x0
[    3.958137] cdx: GPADL: total: requested = 221696 KB (216 MB); got = 221696 KB (216 MB)
[    3.963386] cdx: vmbus_open: channel.id=129, sz= 2048 KB (2 MB)
[    3.966870] cdx: vmbus_establish_gpadl:req:relid=129, gpadl=925309; resp:relid=129, gpadl=925309, status=0x0
[    3.972078] cdx: GPADL: total: requested = 223744 KB (218 MB); got = 223744 KB (218 MB)
[    3.977333] cdx: vmbus_open: channel.id=130, sz= 2048 KB (2 MB)
[    3.980817] cdx: vmbus_establish_gpadl:req:relid=130, gpadl=925310; resp:relid=130, gpadl=925310, status=0x0
[    3.986007] cdx: GPADL: total: requested = 225792 KB (220 MB); got = 225792 KB (220 MB)
[    3.991244] cdx: vmbus_open: channel.id=131, sz= 2048 KB (2 MB)
[    3.994728] cdx: vmbus_establish_gpadl:req:relid=131, gpadl=925311; resp:relid=131, gpadl=925311, status=0x0
[    3.999931] cdx: GPADL: total: requested = 227840 KB (222 MB); got = 227840 KB (222 MB)
[    4.005155] cdx: vmbus_open: channel.id=132, sz= 2048 KB (2 MB)
[    4.008641] cdx: vmbus_establish_gpadl:req:relid=132, gpadl=925312; resp:relid=132, gpadl=925312, status=0x0
[    4.013845] cdx: GPADL: total: requested = 229888 KB (224 MB); got = 229888 KB (224 MB)
[    4.019094] cdx: vmbus_open: channel.id=133, sz= 2048 KB (2 MB)
[    4.022745] cdx: vmbus_establish_gpadl:req:relid=133, gpadl=925313; resp:relid=133, gpadl=925313, status=0x0
[    4.028173] cdx: GPADL: total: requested = 231936 KB (226 MB); got = 231936 KB (226 MB)
[    4.033476] cdx: vmbus_open: channel.id=134, sz= 2048 KB (2 MB)
[    4.037098] cdx: vmbus_establish_gpadl:req:relid=134, gpadl=925314; resp:relid=134, gpadl=925314, status=0x0
[    4.042495] cdx: GPADL: total: requested = 233984 KB (228 MB); got = 233984 KB (228 MB)
[    4.047865] cdx: vmbus_open: channel.id=135, sz= 2048 KB (2 MB)
[    4.051452] cdx: vmbus_establish_gpadl:req:relid=135, gpadl=925315; resp:relid=135, gpadl=925315, status=0x0
[    4.056781] cdx: GPADL: total: requested = 236032 KB (230 MB); got = 236032 KB (230 MB)
[    4.062022] cdx: vmbus_open: channel.id=136, sz= 2048 KB (2 MB)
[    4.065515] cdx: vmbus_establish_gpadl:req:relid=136, gpadl=925316; resp:relid=136, gpadl=925316, status=0x0
[    4.070721] cdx: GPADL: total: requested = 238080 KB (232 MB); got = 238080 KB (232 MB)
[    4.075983] cdx: vmbus_open: channel.id=137, sz= 2048 KB (2 MB)
[    4.079289] cdx: vmbus_establish_gpadl:req:relid=137, gpadl=925317; resp:relid=137, gpadl=925317, status=0x0
[    4.083697] cdx: GPADL: total: requested = 240128 KB (234 MB); got = 240128 KB (234 MB)
[    4.088998] cdx: vmbus_open: channel.id=138, sz= 2048 KB (2 MB)
[    4.092286] cdx: vmbus_establish_gpadl:req:relid=138, gpadl=925318; resp:relid=138, gpadl=925318, status=0x0
[    4.096632] cdx: GPADL: total: requested = 242176 KB (236 MB); got = 242176 KB (236 MB)
[    4.101364] cdx: vmbus_open: channel.id=139, sz= 2048 KB (2 MB)
[    4.104382] cdx: vmbus_establish_gpadl:req:relid=139, gpadl=925319; resp:relid=139, gpadl=925319, status=0x0
[    4.109683] cdx: GPADL: total: requested = 244224 KB (238 MB); got = 244224 KB (238 MB)
[    4.115022] cdx: vmbus_open: channel.id=140, sz= 2048 KB (2 MB)
[    4.118616] cdx: vmbus_establish_gpadl:req:relid=140, gpadl=925320; resp:relid=140, gpadl=925320, status=0x0
[    4.123965] cdx: GPADL: total: requested = 246272 KB (240 MB); got = 246272 KB (240 MB)
[    4.129288] cdx: vmbus_open: channel.id=141, sz= 2048 KB (2 MB)
[    4.132848] cdx: vmbus_establish_gpadl:req:relid=141, gpadl=925321; resp:relid=141, gpadl=925321, status=0x0
[    4.138139] cdx: GPADL: total: requested = 248320 KB (242 MB); got = 248320 KB (242 MB)
[    4.143462] cdx: vmbus_open: channel.id=142, sz= 2048 KB (2 MB)
[    4.146994] cdx: vmbus_establish_gpadl:req:relid=142, gpadl=925322; resp:relid=142, gpadl=925322, status=0x0
[    4.152245] cdx: GPADL: total: requested = 250368 KB (244 MB); got = 250368 KB (244 MB)
[    4.157543] cdx: vmbus_open: channel.id=143, sz= 2048 KB (2 MB)
[    4.161094] cdx: vmbus_establish_gpadl:req:relid=143, gpadl=925323; resp:relid=143, gpadl=925323, status=0x0
[    4.166399] cdx: GPADL: total: requested = 252416 KB (246 MB); got = 252416 KB (246 MB)
[    4.171635] cdx: vmbus_open: channel.id=144, sz= 2048 KB (2 MB)
[    4.175134] cdx: vmbus_establish_gpadl:req:relid=144, gpadl=925324; resp:relid=144, gpadl=925324, status=0x0
[    4.180469] cdx: GPADL: total: requested = 254464 KB (248 MB); got = 254464 KB (248 MB)
[    4.185914] cdx: vmbus_open: channel.id=145, sz= 2048 KB (2 MB)
[    4.189568] cdx: vmbus_establish_gpadl:req:relid=145, gpadl=925325; resp:relid=145, gpadl=925325, status=0x0
[    4.195019] cdx: GPADL: total: requested = 256512 KB (250 MB); got = 256512 KB (250 MB)
[    4.200437] cdx: vmbus_open: channel.id=146, sz= 2048 KB (2 MB)
[    4.204026] cdx: vmbus_establish_gpadl:req:relid=146, gpadl=925326; resp:relid=146, gpadl=925326, status=0x0
[    4.209307] cdx: GPADL: total: requested = 258560 KB (252 MB); got = 258560 KB (252 MB)
[    4.214584] cdx: vmbus_open: channel.id=147, sz= 2048 KB (2 MB)
[    4.218095] cdx: vmbus_establish_gpadl:req:relid=147, gpadl=925327; resp:relid=147, gpadl=925327, status=0x0
[    4.223347] cdx: GPADL: total: requested = 260608 KB (254 MB); got = 260608 KB (254 MB)
[    4.228662] cdx: vmbus_open: channel.id=148, sz= 2048 KB (2 MB)
[    4.232252] cdx: vmbus_establish_gpadl:req:relid=148, gpadl=925328; resp:relid=148, gpadl=925328, status=0x0
[    4.237578] cdx: GPADL: total: requested = 262656 KB (256 MB); got = 262656 KB (256 MB)
[    4.242934] cdx: vmbus_open: channel.id=149, sz= 2048 KB (2 MB)
[    4.245773] cdx: vmbus_establish_gpadl:req:relid=149, gpadl=925329; resp:relid=149, gpadl=925329, status=0x0
[    4.251299] cdx: GPADL: total: requested = 264704 KB (258 MB); got = 264704 KB (258 MB)
[    4.256750] cdx: vmbus_open: channel.id=150, sz= 2048 KB (2 MB)
[    4.260428] cdx: vmbus_establish_gpadl:req:relid=150, gpadl=925330; resp:relid=150, gpadl=925330, status=0x0
[    4.265865] cdx: GPADL: total: requested = 266752 KB (260 MB); got = 266752 KB (260 MB)
[    4.270479] scsi host3: storvsc_host_t
[    4.278676] scsi 3:0:0:1: Direct-Access     Msft     Virtual Disk     1.0  PQ: 0 ANSI: 5
[    4.337052] sd 0:0:0:0: Attached scsi generic sg0 type 0
[    4.337471] sd 0:0:0:0: [sda] 62914560 512-byte logical blocks: (32.2 GB/30.0 GiB)
[    4.337473] sd 0:0:0:0: [sda] 4096-byte physical blocks
[    4.337511] sd 1:0:1:0: [sdb] 8589934592 512-byte logical blocks: (4.40 TB/4.00 TiB)
[    4.337512] sd 1:0:1:0: [sdb] 4096-byte physical blocks
[    4.337536] sd 0:0:0:0: [sda] Write Protect is off
[    4.337537] sd 0:0:0:0: [sda] Mode Sense: 0f 00 10 00
[    4.337569] sd 1:0:1:0: [sdb] Write Protect is off
[    4.337570] sd 1:0:1:0: [sdb] Mode Sense: 0f 00 10 00
[    4.337628] sd 3:0:0:1: [sdc] 1048576000 512-byte logical blocks: (537 GB/500 GiB)
[    4.337629] sd 3:0:0:1: [sdc] 4096-byte physical blocks
[    4.337685] sd 0:0:0:0: [sda] Write cache: enabled, read cache: enabled, supports DPO and FUA
[    4.337687] sd 1:0:1:0: [sdb] Write cache: disabled, read cache: enabled, supports DPO and FUA
[    4.337803] sd 3:0:0:1: [sdc] Write Protect is off
[    4.337805] sd 3:0:0:1: [sdc] Mode Sense: 0f 00 10 00
[    4.337952] sd 3:0:0:1: [sdc] Write cache: disabled, read cache: enabled, supports DPO and FUA
[    4.338803]  sda: sda1 sda2
[    4.338850]  sdc: sdc1
[    4.339755] sd 3:0:0:1: [sdc] Attached SCSI disk
[    4.339884] sd 0:0:0:0: [sda] Attached SCSI disk
[    4.340246]  sdb: sdb1
[    4.340818] sd 1:0:1:0: [sdb] Attached SCSI disk
[    4.404440] sd 1:0:1:0: Attached scsi generic sg1 type 0
[    4.407488] sd 3:0:0:1: Attached scsi generic sg2 type 0
[    4.410547] ata_piix 0000:00:07.1: version 2.13
[    4.413080] ata_piix 0000:00:07.1: Hyper-V Virtual Machine detected, ATA device ignore set
[    4.420377] scsi host4: ata_piix
[    4.423299] scsi host5: ata_piix
[    4.425180] ata1: PATA max UDMA/33 cmd 0x1f0 ctl 0x3f6 bmdma 0xffa0 irq 14
[    4.428982] ata2: PATA max UDMA/33 cmd 0x170 ctl 0x376 bmdma 0xffa8 irq 15
[    4.432839] hv_vmbus: registering driver hv_netvsc
[    4.436194] cdx: vmbus_open: channel.id=15, sz= 1024 KB (1 MB)
[    4.439590] cdx: vmbus_establish_gpadl:req:relid=15, gpadl=925331; resp:relid=15, gpadl=925331, status=0x0
[    4.444925] cdx: GPADL: total: requested = 267776 KB (261 MB); got = 267776 KB (261 MB)
[    4.456545] cdx: netvsc_init_buf: 1: device=ffff8809d9639400, recv_sz= 16384 KB
[    4.462911] cdx: vmbus_establish_gpadl:req:relid=15, gpadl=925332; resp:relid=15, gpadl=925332, status=0x0
[    4.468239] cdx: GPADL: total: requested = 284160 KB (277 MB); got = 284160 KB (277 MB)
[    4.479602] cdx: netvsc_init_buf: 2: device=ffff8809d9639400, send_sz= 15360 KB
[    4.485734] cdx: vmbus_establish_gpadl:req:relid=15, gpadl=925333; resp:relid=15, gpadl=925333, status=0x0
[    4.491064] cdx: GPADL: total: requested = 299520 KB (292 MB); got = 299520 KB (292 MB)
[    4.500442] cdx: vmbus_open: channel.id=151, sz= 1024 KB (1 MB)
[    4.503857] cdx: vmbus_establish_gpadl:req:relid=151, gpadl=925334; resp:relid=151, gpadl=925334, status=0x0
[    4.509169] cdx: GPADL: total: requested = 300544 KB (293 MB); got = 300544 KB (293 MB)
[    4.514046] cdx: vmbus_open: channel.id=152, sz= 1024 KB (1 MB)
[    4.517459] cdx: vmbus_establish_gpadl:req:relid=152, gpadl=925335; resp:relid=152, gpadl=925335, status=0x0
[    4.522787] cdx: GPADL: total: requested = 301568 KB (294 MB); got = 301568 KB (294 MB)
[    4.527857] cdx: vmbus_open: channel.id=153, sz= 1024 KB (1 MB)
[    4.531372] cdx: vmbus_establish_gpadl:req:relid=153, gpadl=925336; resp:relid=153, gpadl=925336, status=0x0
[    4.536445] cdx: GPADL: total: requested = 302592 KB (295 MB); got = 302592 KB (295 MB)
[    4.541518] cdx: vmbus_open: channel.id=154, sz= 1024 KB (1 MB)
[    4.544984] cdx: vmbus_establish_gpadl:req:relid=154, gpadl=925337; resp:relid=154, gpadl=925337, status=0x0
[    4.550348] cdx: GPADL: total: requested = 303616 KB (296 MB); got = 303616 KB (296 MB)
[    4.555123] cdx: vmbus_open: channel.id=155, sz= 1024 KB (1 MB)
[    4.558584] cdx: vmbus_establish_gpadl:req:relid=155, gpadl=925338; resp:relid=155, gpadl=925338, status=0x0
[    4.563955] cdx: GPADL: total: requested = 304640 KB (297 MB); got = 304640 KB (297 MB)
[    4.568911] cdx: vmbus_open: channel.id=156, sz= 1024 KB (1 MB)
[    4.572298] cdx: vmbus_establish_gpadl:req:relid=156, gpadl=925339; resp:relid=156, gpadl=925339, status=0x0
[    4.577713] cdx: GPADL: total: requested = 305664 KB (298 MB); got = 305664 KB (298 MB)
[    4.582721] cdx: vmbus_open: channel.id=157, sz= 1024 KB (1 MB)
[    4.586153] cdx: vmbus_establish_gpadl:req:relid=157, gpadl=925340; resp:relid=157, gpadl=925340, status=0x0
[    4.590647] ata1.01: host indicates ignore ATA devices, ignored
[    4.591685] ata1.00: host indicates ignore ATA devices, ignored
[    4.598290] cdx: GPADL: total: requested = 306688 KB (299 MB); got = 306688 KB (299 MB)
[    4.765982] cdx: vmbus_open: channel.id=16, sz= 1024 KB (1 MB)
[    4.769538] cdx: vmbus_establish_gpadl:req:relid=16, gpadl=925341; resp:relid=16, gpadl=925341, status=0x0
[    4.774902] cdx: GPADL: total: requested = 307712 KB (300 MB); got = 307712 KB (300 MB)
[    4.787386] cdx: netvsc_init_buf: 1: device=ffff8809d9639800, recv_sz= 16384 KB
[    4.794021] cdx: vmbus_establish_gpadl:req:relid=16, gpadl=925342; resp:relid=16, gpadl=925342, status=0x0
[    4.799394] cdx: GPADL: total: requested = 324096 KB (316 MB); got = 324096 KB (316 MB)
[    4.810891] cdx: netvsc_init_buf: 2: device=ffff8809d9639800, send_sz= 15360 KB
[    4.817369] cdx: vmbus_establish_gpadl:req:relid=16, gpadl=925343; resp:relid=16, gpadl=925343, status=0x0
[    4.822693] cdx: GPADL: total: requested = 339456 KB (331 MB); got = 339456 KB (331 MB)
[    4.832463] cdx: vmbus_open: channel.id=158, sz= 1024 KB (1 MB)
[    4.835835] cdx: vmbus_establish_gpadl:req:relid=158, gpadl=925344; resp:relid=158, gpadl=925344, status=0x0
[    4.841108] cdx: GPADL: total: requested = 340480 KB (332 MB); got = 340480 KB (332 MB)
[    4.845969] cdx: vmbus_open: channel.id=159, sz= 1024 KB (1 MB)
[    4.849390] cdx: vmbus_establish_gpadl:req:relid=159, gpadl=925345; resp:relid=159, gpadl=925345, status=0x0
[    4.854700] cdx: GPADL: total: requested = 341504 KB (333 MB); got = 341504 KB (333 MB)
[    4.859562] cdx: vmbus_open: channel.id=160, sz= 1024 KB (1 MB)
[    4.862973] cdx: vmbus_establish_gpadl:req:relid=160, gpadl=925346; resp:relid=160, gpadl=925346, status=0x0
[    4.868283] cdx: GPADL: total: requested = 342528 KB (334 MB); got = 342528 KB (334 MB)
[    4.873122] cdx: vmbus_open: channel.id=161, sz= 1024 KB (1 MB)
[    4.876531] cdx: vmbus_establish_gpadl:req:relid=161, gpadl=925347; resp:relid=161, gpadl=925347, status=0x0
[    4.881840] cdx: GPADL: total: requested = 343552 KB (335 MB); got = 343552 KB (335 MB)
[    4.886697] cdx: vmbus_open: channel.id=162, sz= 1024 KB (1 MB)
[    4.890117] cdx: vmbus_establish_gpadl:req:relid=162, gpadl=925348; resp:relid=162, gpadl=925348, status=0x0
[    4.894881] cdx: GPADL: total: requested = 344576 KB (336 MB); got = 344576 KB (336 MB)
[    4.899375] cdx: vmbus_open: channel.id=163, sz= 1024 KB (1 MB)
[    4.902834] cdx: vmbus_establish_gpadl:req:relid=163, gpadl=925349; resp:relid=163, gpadl=925349, status=0x0
[    4.908202] cdx: GPADL: total: requested = 345600 KB (337 MB); got = 345600 KB (337 MB)
[    4.913134] cdx: vmbus_open: channel.id=164, sz= 1024 KB (1 MB)
[    4.916546] cdx: vmbus_establish_gpadl:req:relid=164, gpadl=925350; resp:relid=164, gpadl=925350, status=0x0
[    4.920919] cdx: GPADL: total: requested = 346624 KB (338 MB); got = 346624 KB (338 MB)
[    5.098008] cdx: vmbus_open: channel.id=17, sz= 1024 KB (1 MB)
[    5.101578] cdx: vmbus_establish_gpadl:req:relid=17, gpadl=925351; resp:relid=17, gpadl=925351, status=0x0
[    5.106146] cdx: GPADL: total: requested = 347648 KB (339 MB); got = 347648 KB (339 MB)
[    5.119536] cdx: netvsc_init_buf: 1: device=ffff8809d9639c00, recv_sz= 16384 KB
[    5.126198] cdx: vmbus_establish_gpadl:req:relid=17, gpadl=925352; resp:relid=17, gpadl=925352, status=0x0
[    5.131527] cdx: GPADL: total: requested = 364032 KB (355 MB); got = 364032 KB (355 MB)
[    5.143597] cdx: netvsc_init_buf: 2: device=ffff8809d9639c00, send_sz= 15360 KB
[    5.150031] cdx: vmbus_establish_gpadl:req:relid=17, gpadl=925353; resp:relid=17, gpadl=925353, status=0xc0000044
[    5.155637] cdx: GPADL: total: requested = 379392 KB (370 MB); got = 364032 KB (355 MB)
[    5.160027] hv_netvsc 000d3a4e-4bd6-000d-3a4e-4bd6000d3a4e (unnamed net_device) (uninitialized): unable to establish send buffer's gpadl
[    5.167787] hv_netvsc 000d3a4e-4bd6-000d-3a4e-4bd6000d3a4e (unnamed net_device) (uninitialized): unable to connect to NetVSP - -122
[    5.174790] hv_netvsc 000d3a4e-4bd6-000d-3a4e-4bd6000d3a4e (unnamed net_device) (uninitialized): unable to add netvsc device (ret -122)
[    5.196011] hv_vmbus: probe failed for device 000d3a4e-4bd6-000d-3a4e-4bd6000d3a4e (-122)
[    5.200691] hv_netvsc: probe of 000d3a4e-4bd6-000d-3a4e-4bd6000d3a4e failed with error -122
[    5.205681] cdx: vmbus_open: channel.id=18, sz= 1024 KB (1 MB)
[    5.209181] cdx: vmbus_establish_gpadl:req:relid=18, gpadl=925354; resp:relid=18, gpadl=925354, status=0x0
[    5.214548] cdx: GPADL: total: requested = 380416 KB (371 MB); got = 365056 KB (356 MB)
[    5.221660] cdx: netvsc_init_buf: 1: device=ffff8809d95f3000, recv_sz= 16384 KB
[    5.227929] cdx: vmbus_establish_gpadl:req:relid=18, gpadl=925355; resp:relid=18, gpadl=925355, status=0x0
[    5.233169] cdx: GPADL: total: requested = 396800 KB (387 MB); got = 381440 KB (372 MB)
[    5.239503] cdx: netvsc_init_buf: 2: device=ffff8809d95f3000, send_sz= 15360 KB
[    5.245624] cdx: vmbus_establish_gpadl:req:relid=18, gpadl=925356; resp:relid=18, gpadl=925356, status=0xc0000044
[    5.251196] cdx: GPADL: total: requested = 412160 KB (402 MB); got = 381440 KB (372 MB)
[    5.255553] hv_netvsc 000d3a4e-43f1-000d-3a4e-43f1000d3a4e (unnamed net_device) (uninitialized): unable to establish send buffer's gpadl
[    5.262915] hv_netvsc 000d3a4e-43f1-000d-3a4e-43f1000d3a4e (unnamed net_device) (uninitialized): unable to connect to NetVSP - -122
[    5.269613] hv_netvsc 000d3a4e-43f1-000d-3a4e-43f1000d3a4e (unnamed net_device) (uninitialized): unable to add netvsc device (ret -122)
[    5.288011] hv_vmbus: probe failed for device 000d3a4e-43f1-000d-3a4e-43f1000d3a4e (-122)
[    5.292612] hv_netvsc: probe of 000d3a4e-43f1-000d-3a4e-43f1000d3a4e failed with error -122
[    5.297455] cdx: vmbus_open: channel.id=19, sz= 1024 KB (1 MB)
[    5.300862] cdx: vmbus_establish_gpadl:req:relid=19, gpadl=925357; resp:relid=19, gpadl=925357, status=0x0
[    5.306058] cdx: GPADL: total: requested = 413184 KB (403 MB); got = 382464 KB (373 MB)
[    5.312369] cdx: netvsc_init_buf: 1: device=ffff8809d95f3400, recv_sz= 16384 KB
[    5.318644] cdx: vmbus_establish_gpadl:req:relid=19, gpadl=925358; resp:relid=19, gpadl=925358, status=0x0
[    5.323870] cdx: GPADL: total: requested = 429568 KB (419 MB); got = 398848 KB (389 MB)
[    5.330067] cdx: netvsc_init_buf: 2: device=ffff8809d95f3400, send_sz= 15360 KB
[    5.336190] cdx: vmbus_establish_gpadl:req:relid=19, gpadl=925359; resp:relid=19, gpadl=925359, status=0xc0000044
[    5.341729] cdx: GPADL: total: requested = 444928 KB (434 MB); got = 398848 KB (389 MB)
[    5.346174] hv_netvsc 000d3a4e-b092-000d-3a4e-b092000d3a4e (unnamed net_device) (uninitialized): unable to establish send buffer's gpadl
[    5.353715] hv_netvsc 000d3a4e-b092-000d-3a4e-b092000d3a4e (unnamed net_device) (uninitialized): unable to connect to NetVSP - -122
[    5.360423] hv_netvsc 000d3a4e-b092-000d-3a4e-b092000d3a4e (unnamed net_device) (uninitialized): unable to add netvsc device (ret -122)
[    5.380013] hv_vmbus: probe failed for device 000d3a4e-b092-000d-3a4e-b092000d3a4e (-122)
[    5.384635] hv_netvsc: probe of 000d3a4e-b092-000d-3a4e-b092000d3a4e failed with error -122
[    5.389498] cdx: vmbus_open: channel.id=20, sz= 1024 KB (1 MB)
[    5.392900] cdx: vmbus_establish_gpadl:req:relid=20, gpadl=925360; resp:relid=20, gpadl=925360, status=0x0
[    5.398170] cdx: GPADL: total: requested = 445952 KB (435 MB); got = 399872 KB (390 MB)
[    5.404864] cdx: netvsc_init_buf: 1: device=ffff8809d95f3800, recv_sz= 16384 KB
[    5.411211] cdx: vmbus_establish_gpadl:req:relid=20, gpadl=925361; resp:relid=20, gpadl=925361, status=0x0
[    5.416445] cdx: GPADL: total: requested = 462336 KB (451 MB); got = 416256 KB (406 MB)
[    5.423478] cdx: netvsc_init_buf: 2: device=ffff8809d95f3800, send_sz= 15360 KB
[    5.430000] cdx: vmbus_establish_gpadl:req:relid=20, gpadl=925362; resp:relid=20, gpadl=925362, status=0xc0000044
[    5.435842] cdx: GPADL: total: requested = 477696 KB (466 MB); got = 416256 KB (406 MB)
[    5.440255] hv_netvsc 000d3a4e-bd20-000d-3a4e-bd20000d3a4e (unnamed net_device) (uninitialized): unable to establish send buffer's gpadl
[    5.447707] hv_netvsc 000d3a4e-bd20-000d-3a4e-bd20000d3a4e (unnamed net_device) (uninitialized): unable to connect to NetVSP - -122
[    5.454528] hv_netvsc 000d3a4e-bd20-000d-3a4e-bd20000d3a4e (unnamed net_device) (uninitialized): unable to add netvsc device (ret -122)
[    5.484011] hv_vmbus: probe failed for device 000d3a4e-bd20-000d-3a4e-bd20000d3a4e (-122)
[    5.488625] hv_netvsc: probe of 000d3a4e-bd20-000d-3a4e-bd20000d3a4e failed with error -122
[    5.493385] cdx: vmbus_open: channel.id=21, sz= 1024 KB (1 MB)
[    5.496773] cdx: vmbus_establish_gpadl:req:relid=21, gpadl=925363; resp:relid=21, gpadl=925363, status=0x0
[    5.501932] cdx: GPADL: total: requested = 478720 KB (467 MB); got = 417280 KB (407 MB)
[    5.508619] cdx: netvsc_init_buf: 1: device=ffff8809d95f3c00, recv_sz= 16384 KB
[    5.514348] cdx: vmbus_establish_gpadl:req:relid=21, gpadl=925364; resp:relid=21, gpadl=925364, status=0x0
[    5.518756] cdx: GPADL: total: requested = 495104 KB (483 MB); got = 433664 KB (423 MB)
[    5.526287] cdx: netvsc_init_buf: 2: device=ffff8809d95f3c00, send_sz= 15360 KB
[    5.531930] cdx: vmbus_establish_gpadl:req:relid=21, gpadl=925365; resp:relid=21, gpadl=925365, status=0xc0000044
[    5.536570] cdx: GPADL: total: requested = 510464 KB (498 MB); got = 433664 KB (423 MB)
[    5.541217] hv_netvsc 000d3a4e-b2b1-000d-3a4e-b2b1000d3a4e (unnamed net_device) (uninitialized): unable to establish send buffer's gpadl
[    5.548795] hv_netvsc 000d3a4e-b2b1-000d-3a4e-b2b1000d3a4e (unnamed net_device) (uninitialized): unable to connect to NetVSP - -122
[    5.555695] hv_netvsc 000d3a4e-b2b1-000d-3a4e-b2b1000d3a4e (unnamed net_device) (uninitialized): unable to add netvsc device (ret -122)
[    5.572035] hv_vmbus: probe failed for device 000d3a4e-b2b1-000d-3a4e-b2b1000d3a4e (-122)
[    5.576482] hv_netvsc: probe of 000d3a4e-b2b1-000d-3a4e-b2b1000d3a4e failed with error -122
[    5.581090] cdx: vmbus_open: channel.id=22, sz= 1024 KB (1 MB)
[    5.584454] cdx: vmbus_establish_gpadl:req:relid=22, gpadl=925366; resp:relid=22, gpadl=925366, status=0x0
[    5.589653] cdx: GPADL: total: requested = 511488 KB (499 MB); got = 434688 KB (424 MB)
[    5.597088] cdx: netvsc_init_buf: 1: device=ffff8809d9578000, recv_sz= 16384 KB
[    5.603364] cdx: vmbus_establish_gpadl:req:relid=22, gpadl=925367; resp:relid=22, gpadl=925367, status=0x0
[    5.608649] cdx: GPADL: total: requested = 527872 KB (515 MB); got = 451072 KB (440 MB)
[    5.616634] cdx: netvsc_init_buf: 2: device=ffff8809d9578000, send_sz= 15360 KB
[    5.622801] cdx: vmbus_establish_gpadl:req:relid=22, gpadl=925368; resp:relid=22, gpadl=925368, status=0xc0000044
[    5.628432] cdx: GPADL: total: requested = 543232 KB (530 MB); got = 451072 KB (440 MB)
[    5.632822] hv_netvsc 000d3a4e-bba2-000d-3a4e-bba2000d3a4e (unnamed net_device) (uninitialized): unable to establish send buffer's gpadl
[    5.640107] hv_netvsc 000d3a4e-bba2-000d-3a4e-bba2000d3a4e (unnamed net_device) (uninitialized): unable to connect to NetVSP - -122
[    5.646746] hv_netvsc 000d3a4e-bba2-000d-3a4e-bba2000d3a4e (unnamed net_device) (uninitialized): unable to add netvsc device (ret -122)
[    5.664030] hv_vmbus: probe failed for device 000d3a4e-bba2-000d-3a4e-bba2000d3a4e (-122)
[    5.668604] hv_netvsc: probe of 000d3a4e-bba2-000d-3a4e-bba2000d3a4e failed with error -122
[    5.673305] FUJITSU Extended Socket Network Device Driver - version 1.0 - Copyright (c) 2015 FUJITSU LIMITED
[    5.678974] i8042: PNP: PS/2 Controller [PNP0303:PS2K,PNP0f03:PS2M] at 0x60,0x64 irq 1,12
[    5.687301] serio: i8042 KBD port at 0x60,0x64 irq 1
[    5.690084] serio: i8042 AUX port at 0x60,0x64 irq 12
[    5.692944] hv_vmbus: registering driver hyperv_keyboard
[    5.695949] cdx: vmbus_open: channel.id=6, sz= 80 KB (0 MB)
[    5.699133] cdx: vmbus_establish_gpadl:req:relid=6, gpadl=925369; resp:relid=6, gpadl=925369, status=0x0
[    5.704363] cdx: GPADL: total: requested = 543312 KB (530 MB); got = 451152 KB (440 MB)
[    5.709077] mousedev: PS/2 mouse device common for all mice
[    5.712373] input: PC Speaker as /devices/platform/pcspkr/input/input2
[    5.716159] rtc_cmos 00:00: RTC can wake from S4
[    5.739743] rtc_cmos 00:00: rtc core: registered rtc_cmos as rtc0
[    5.740543] input: AT Translated Set 2 keyboard as /devices/platform/i8042/serio0/input/input1
[    5.744618] input: AT Translated Set 2 keyboard as /devices/LNXSYSTM:00/LNXSYBUS:00/PNP0A03:00/device:07/VMBUS:01/d34b2567-b9b6-42b9-8778-0a4ec0b955bf/serio2/input/input4
[    5.757670] rtc_cmos 00:00: alarms up to one month, 114 bytes nvram
[    5.761287] piix4_smbus 0000:00:07.3: SMBus base address uninitialized - upgrade BIOS or use force_addr=0xaddr
[    5.766834] EDAC sbridge: Seeking for: PCI ID 8086:2fa0
[    5.769770] EDAC sbridge:  Ver: 1.1.2 
[    5.771986] ledtrig-cpu: registered to indicate activity on CPUs
[    5.775284] No iBFT detected.
[    5.776965] hidraw: raw HID events driver (C) Jiri Kosina
[    5.779929] hv_vmbus: registering driver hid_hyperv
[    5.782648] cdx: vmbus_open: channel.id=5, sz= 80 KB (0 MB)
[    5.785730] cdx: vmbus_establish_gpadl:req:relid=5, gpadl=925370; resp:relid=5, gpadl=925370, status=0x0
[    5.790840] cdx: GPADL: total: requested = 543392 KB (530 MB); got = 451232 KB (440 MB)
[    5.795517] input: Microsoft Vmbus HID-compliant Mouse as /devices/0006:045E:0621.0001/input/input6
[    5.800621] hid-generic 0006:045E:0621.0001: input: <UNKNOWN> HID v0.01 Mouse [Microsoft Vmbus HID-compliant Mouse] on 
[    5.806500] hv_utils: Registering HyperV Utility Driver
[    5.809351] hv_vmbus: registering driver hv_util
[    5.811919] cdx: vmbus_open: channel.id=11, sz= 32 KB (0 MB)
[    5.815062] cdx: vmbus_establish_gpadl:req:relid=11, gpadl=925371; resp:relid=11, gpadl=925371, status=0x0
[    5.820318] cdx: GPADL: total: requested = 543424 KB (530 MB); got = 451264 KB (440 MB)
[    5.824824] cdx: vmbus_open: channel.id=12, sz= 32 KB (0 MB)
[    5.824847] hv_utils: Shutdown IC version 3.0
[    5.830426] cdx: vmbus_establish_gpadl:req:relid=12, gpadl=925372; resp:relid=12, gpadl=925372, status=0x0
[    5.835623] cdx: GPADL: total: requested = 543456 KB (530 MB); got = 451296 KB (440 MB)
[    5.840086] hv_utils: TimeSync IC version 4.0
[    5.840096] cdx: vmbus_open: channel.id=13, sz= 32 KB (0 MB)
[    5.840135] cdx: vmbus_establish_gpadl:req:relid=13, gpadl=925373; resp:relid=13, gpadl=925373, status=0x0
[    5.840136] cdx: GPADL: total: requested = 543488 KB (530 MB); got = 451328 KB (440 MB)
[    5.840209] cdx: vmbus_open: channel.id=9, sz= 32 KB (0 MB)
[    5.840242] cdx: vmbus_establish_gpadl:req:relid=9, gpadl=925374; resp:relid=9, gpadl=925374, status=0x0
[    5.840242] cdx: GPADL: total: requested = 543520 KB (530 MB); got = 451360 KB (440 MB)
[    5.840357] cdx: vmbus_open: channel.id=10, sz= 32 KB (0 MB)
[    5.840391] cdx: vmbus_establish_gpadl:req:relid=10, gpadl=925375; resp:relid=10, gpadl=925375, status=0x0
[    5.840392] cdx: GPADL: total: requested = 543552 KB (530 MB); got = 451392 KB (440 MB)
[    5.840451] hv_vmbus: registering driver hv_balloon
[    5.840466] cdx: vmbus_open: channel.id=1, sz= 40 KB (0 MB)
[    5.840502] cdx: vmbus_establish_gpadl:req:relid=1, gpadl=925376; resp:relid=1, gpadl=925376, status=0x0
[    5.840502] cdx: GPADL: total: requested = 543592 KB (530 MB); got = 451432 KB (440 MB)
[    5.844083] hv_utils: Heartbeat IC version 3.0
[    5.898221] hv_balloon: Using Dynamic Memory protocol version 2.0
[    5.904080] hv_utils: VSS IC version 5.0
[    5.908267] ip_tables: (C) 2000-2006 Netfilter Core Team
[    5.931382] NET: Registered protocol family 10
[    5.936988] NET: Registered protocol family 17
[    5.941524] AVX2 version of gcm_enc/dec engaged.
[    5.944188] AES CTR mode by8 optimization enabled
[    5.957812] registered taskstats version 1
[    5.957834] Loading compiled-in X.509 certificates
[    5.958445] Loaded X.509 cert 'Build time autogenerated kernel key: afe200c7bf35d3968f4fae04acde03326aa8433f'
[    5.958650] zswap: loaded using pool lzo/zbud
[    5.958666] page_owner is disabled
[    5.960371] Key type trusted registered
[    5.961950] Key type encrypted registered
[    5.961955] AppArmor: AppArmor sha1 policy hashing enabled
[    5.961960] ima: No TPM chip found, activating TPM-bypass!
[    5.961984] evm: HMAC attrs: 0x1
[    5.962457]   Magic number: 10:873:495
[    5.962822] PM: Checking hibernation image partition swap
[    6.152010] psmouse serio1: trackpoint: failed to get extended button data, assuming 3 buttons
[   10.352059] psmouse serio1: trackpoint: IBM TrackPoint firmware: 0x01, buttons: 3/3
[   10.352965] input: TPPS/2 IBM TrackPoint as /devices/platform/i8042/serio1/input/input5
[   10.353315] PM: Hibernation image not present or could not be loaded.
[   10.370413] Freeing unused kernel memory: 2224K
[   10.370422] Write protecting the kernel read-only data: 14336k
[   10.379590] Freeing unused kernel memory: 696K
[   10.384475] Freeing unused kernel memory: 708K
[   10.460307] systemd[1]: systemd 228 running in system mode. (+PAM -AUDIT +SELINUX -IMA +APPARMOR -SMACK +SYSVINIT +UTMP +LIBCRYPTSETUP +GCRYPT -GNUTLS +ACL +XZ -LZ4 +SECCOMP +BLKID -ELFUTILS +KMOD -IDN)
[   10.460323] systemd[1]: Detected virtualization microsoft.
[   10.460326] systemd[1]: Detected architecture x86-64.
[   10.460328] systemd[1]: Running in initial RAM disk.
[   10.484571] systemd[1]: Set hostname to <decui-sles12sp3-20180221-jenkins>.
[   10.556242] systemd[1]: Created slice System Slice.
[   10.563395] systemd[1]: Listening on udev Kernel Socket.
[   10.570798] systemd[1]: Reached target Timers.
[   10.577261] systemd[1]: Started Dispatch Password Requests to Console Directory Watch.
[   10.586457] systemd[1]: Listening on Journal Socket (/dev/log).
[   10.892227] blk_update_request: I/O error, dev fd0, sector 0
[   10.892236] floppy: error -5 while reading block 0
[   10.947800] EXT4-fs (sda2): mounted filesystem with ordered data mode. Opts: (null)
[   11.250156] systemd-journald[1022]: Received SIGTERM from PID 1 (systemd).
[   11.261758] systemd: 20 output lines suppressed due to ratelimiting
[   11.501399] EXT4-fs (sda2): re-mounted. Opts: (null)
[   11.660633] systemd-journald[1310]: Received request to flush runtime journal from PID 1
[   11.764282] blk_update_request: I/O error, dev fd0, sector 0
[   11.764300] floppy: error -5 while reading block 0
[   12.001604] EXT4-fs (sda1): mounting ext3 file system using the ext4 subsystem
[   12.009646] EXT4-fs (sda1): mounted filesystem with ordered data mode. Opts: (null)
[   12.196127] hv_utils: VSS: userspace daemon ver. 129 connected
[   42.405300] hv_utils: KVP IC version 4.0
[   43.232114] EXT4-fs (sdb1): mounted filesystem with ordered data mode. Opts: (null)
[   52.848185] hv_balloon: INFO_TYPE_MAX_PAGE_CNT = 1020264448
[  109.244180] EXT4-fs (sdc1): mounted filesystem with ordered data mode. Opts: (null)
