[    0.000000] Booting Linux on physical CPU 0x0000000000 [0x410fd490]
[    0.000000] Linux version 6.5.13-decui+ (root@lisa--526-e0-n0) (gcc (Ubuntu 11.4.0-1ubuntu1~22.04) 11.4.0, GNU ld (GNU Binutils for Ubuntu) 2.38) #5 SMP Sat Aug 24 07:03:18 UTC 2024 (Ubuntu 6.5.0-1025.26~22.04.1-azure 6.5.13)
[    0.000000] KASLR enabled
[    0.000000] earlycon: pl11 at MMIO 0x00000000effec000 (options '')
[    0.000000] printk: bootconsole [pl11] enabled
[    0.000000] printk: debug: ignoring loglevel setting.
[    0.000000] efi: EFI v2.7 by EDK II
[    0.000000] efi: ACPI 2.0=0x3fd5f018 SMBIOS=0x3e580000 SMBIOS 3.0=0x3e560000 MEMATTR=0x3f210018 MOKvar=0x3da00000 RNG=0x3fd5f818 MEMRESERVE=0x3da18118 
[    0.000000] random: crng init done
[    0.000000] secureboot: Secure boot disabled
[    0.000000] ACPI: Early table checksum verification disabled
[    0.000000] ACPI: RSDP 0x000000003FD5F018 000024 (v02 VRTUAL)
[    0.000000] ACPI: XSDT 0x000000003FD5FF18 00006C (v01 VRTUAL MICROSFT 00000001 MSFT 00000001)
[    0.000000] ACPI: FACP 0x000000003FD5FC18 000114 (v06 VRTUAL MICROSFT 00000001 MSFT 00000001)
[    0.000000] ACPI: DSDT 0x000000003FD40018 01E296 (v02 MSFTVM DSDT01   00000001 MSFT 05000000)
[    0.000000] ACPI: DBG2 0x000000003FD5FB18 000072 (v00 VRTUAL MICROSFT 00000001 MSFT 00000001)
[    0.000000] ACPI: GTDT 0x000000003FD5FD98 000060 (v02 VRTUAL MICROSFT 00000001 MSFT 00000001)
[    0.000000] ACPI: OEM0 0x000000003FD5F098 000064 (v01 VRTUAL MICROSFT 00000001 MSFT 00000001)
[    0.000000] ACPI: SPCR 0x000000003FD5FA98 000050 (v02 VRTUAL MICROSFT 00000001 MSFT 00000001)
[    0.000000] ACPI: APIC 0x000000003FD3F018 000F5C (v04 VRTUAL MICROSFT 00000001 MSFT 00000001)
[    0.000000] ACPI: SRAT 0x000000003FD5F198 000570 (v03 VRTUAL MICROSFT 00000001 MSFT 00000001)
[    0.000000] ACPI: PPTT 0x000000003FD3D018 001318 (v01 VRTUAL MICROSFT 00000000 MSFT 00000000)
[    0.000000] ACPI: BGRT 0x000000003FD5FE98 000038 (v01 VRTUAL MICROSFT 00000001 MSFT 00000001)
[    0.000000] ACPI: SPCR: console: pl011,mmio32,0xeffec000,115200
[    0.000000] ACPI: SRAT: Node 0 PXM 0 [mem 0x00000000-0x3fffffff] hotplug
[    0.000000] ACPI: SRAT: Node 0 PXM 0 [mem 0x100000000-0xfbfffffff] hotplug
[    0.000000] ACPI: SRAT: Node 0 PXM 0 [mem 0x1000000000-0x18ffffffff] hotplug
[    0.000000] ACPI: SRAT: Node 0 PXM 0 [mem 0x1900000000-0xffffffffff] hotplug
[    0.000000] ACPI: SRAT: Node 0 PXM 0 [mem 0x10000000000-0x1ffffffffff] hotplug
[    0.000000] ACPI: SRAT: Node 0 PXM 0 [mem 0x20000000000-0x3ffffffffff] hotplug
[    0.000000] ACPI: SRAT: Node 0 PXM 0 [mem 0x40000000000-0x7ffffffffff] hotplug
[    0.000000] ACPI: SRAT: Node 0 PXM 0 [mem 0x80000000000-0xfffffffffff] hotplug
[    0.000000] ACPI: SRAT: Node 0 PXM 0 [mem 0x100000000000-0x1fffffffffff] hotplug
[    0.000000] ACPI: SRAT: Node 0 PXM 0 [mem 0x200000000000-0x3fffffffffff] hotplug
[    0.000000] ACPI: SRAT: Node 0 PXM 0 [mem 0x400000000000-0x7fffffffffff] hotplug
[    0.000000] ACPI: SRAT: Node 0 PXM 0 [mem 0x800000000000-0xffffffffffff] hotplug
[    0.000000] NUMA: NODE_DATA [mem 0x18f3f9c5c0-0x18f3fa1fff]
[    0.000000] Zone ranges:
[    0.000000]   DMA      [mem 0x0000000000000000-0x00000000ffffffff]
[    0.000000]   DMA32    empty
[    0.000000]   Normal   [mem 0x0000000100000000-0x00000018ffffffff]
[    0.000000]   Device   empty
[    0.000000] Movable zone start for each node
[    0.000000] Early memory node ranges
[    0.000000]   node   0: [mem 0x0000000000000000-0x00000000007fffff]
[    0.000000]   node   0: [mem 0x0000000000824000-0x000000003d9fffff]
[    0.000000]   node   0: [mem 0x000000003da00000-0x000000003da0ffff]
[    0.000000]   node   0: [mem 0x000000003da10000-0x000000003e54ffff]
[    0.000000]   node   0: [mem 0x000000003e550000-0x000000003e87ffff]
[    0.000000]   node   0: [mem 0x000000003e880000-0x000000003fc7ffff]
[    0.000000]   node   0: [mem 0x000000003fc80000-0x000000003fcfffff]
[    0.000000]   node   0: [mem 0x000000003fd00000-0x000000003fffffff]
[    0.000000]   node   0: [mem 0x0000000100000000-0x0000000fbfffffff]
[    0.000000]   node   0: [mem 0x0000001000000000-0x00000018ffffffff]
[    0.000000] Initmem setup node 0 [mem 0x0000000000000000-0x00000018ffffffff]
[    0.000000] On node 0, zone DMA: 36 pages in unavailable ranges
[    0.000000] cma: Reserved 32 MiB at 0x000000003ba00000
[    0.000000] psci: probing for conduit method from ACPI.
[    0.000000] psci: PSCIv1.1 detected in firmware.
[    0.000000] psci: Using standard PSCI v0.2 function IDs
[    0.000000] psci: MIGRATE_INFO_TYPE not supported.
[    0.000000] psci: SMC Calling Convention v1.4
[    0.000000] ACPI: NUMA: SRAT: PXM 0 -> MPIDR 0x0 -> Node 0
[    0.000000] ACPI: NUMA: SRAT: PXM 0 -> MPIDR 0x1 -> Node 0
[    0.000000] ACPI: NUMA: SRAT: PXM 0 -> MPIDR 0x2 -> Node 0
[    0.000000] ACPI: NUMA: SRAT: PXM 0 -> MPIDR 0x3 -> Node 0
[    0.000000] ACPI: NUMA: SRAT: PXM 0 -> MPIDR 0x4 -> Node 0
[    0.000000] ACPI: NUMA: SRAT: PXM 0 -> MPIDR 0x5 -> Node 0
[    0.000000] ACPI: NUMA: SRAT: PXM 0 -> MPIDR 0x6 -> Node 0
[    0.000000] ACPI: NUMA: SRAT: PXM 0 -> MPIDR 0x7 -> Node 0
[    0.000000] ACPI: NUMA: SRAT: PXM 0 -> MPIDR 0x8 -> Node 0
[    0.000000] ACPI: NUMA: SRAT: PXM 0 -> MPIDR 0x9 -> Node 0
[    0.000000] ACPI: NUMA: SRAT: PXM 0 -> MPIDR 0xa -> Node 0
[    0.000000] ACPI: NUMA: SRAT: PXM 0 -> MPIDR 0xb -> Node 0
[    0.000000] ACPI: NUMA: SRAT: PXM 0 -> MPIDR 0xc -> Node 0
[    0.000000] ACPI: NUMA: SRAT: PXM 0 -> MPIDR 0xd -> Node 0
[    0.000000] ACPI: NUMA: SRAT: PXM 0 -> MPIDR 0xe -> Node 0
[    0.000000] ACPI: NUMA: SRAT: PXM 0 -> MPIDR 0xf -> Node 0
[    0.000000] ACPI: NUMA: SRAT: PXM 0 -> MPIDR 0x100 -> Node 0
[    0.000000] ACPI: NUMA: SRAT: PXM 0 -> MPIDR 0x101 -> Node 0
[    0.000000] ACPI: NUMA: SRAT: PXM 0 -> MPIDR 0x102 -> Node 0
[    0.000000] ACPI: NUMA: SRAT: PXM 0 -> MPIDR 0x103 -> Node 0
[    0.000000] ACPI: NUMA: SRAT: PXM 0 -> MPIDR 0x104 -> Node 0
[    0.000000] ACPI: NUMA: SRAT: PXM 0 -> MPIDR 0x105 -> Node 0
[    0.000000] ACPI: NUMA: SRAT: PXM 0 -> MPIDR 0x106 -> Node 0
[    0.000000] ACPI: NUMA: SRAT: PXM 0 -> MPIDR 0x107 -> Node 0
[    0.000000] ACPI: NUMA: SRAT: PXM 0 -> MPIDR 0x108 -> Node 0
[    0.000000] ACPI: NUMA: SRAT: PXM 0 -> MPIDR 0x109 -> Node 0
[    0.000000] ACPI: NUMA: SRAT: PXM 0 -> MPIDR 0x10a -> Node 0
[    0.000000] ACPI: NUMA: SRAT: PXM 0 -> MPIDR 0x10b -> Node 0
[    0.000000] ACPI: NUMA: SRAT: PXM 0 -> MPIDR 0x10c -> Node 0
[    0.000000] ACPI: NUMA: SRAT: PXM 0 -> MPIDR 0x10d -> Node 0
[    0.000000] ACPI: NUMA: SRAT: PXM 0 -> MPIDR 0x10e -> Node 0
[    0.000000] ACPI: NUMA: SRAT: PXM 0 -> MPIDR 0x10f -> Node 0
[    0.000000] ACPI: NUMA: SRAT: PXM 0 -> MPIDR 0x200 -> Node 0
[    0.000000] ACPI: NUMA: SRAT: PXM 0 -> MPIDR 0x201 -> Node 0
[    0.000000] ACPI: NUMA: SRAT: PXM 0 -> MPIDR 0x202 -> Node 0
[    0.000000] ACPI: NUMA: SRAT: PXM 0 -> MPIDR 0x203 -> Node 0
[    0.000000] ACPI: NUMA: SRAT: PXM 0 -> MPIDR 0x204 -> Node 0
[    0.000000] ACPI: NUMA: SRAT: PXM 0 -> MPIDR 0x205 -> Node 0
[    0.000000] ACPI: NUMA: SRAT: PXM 0 -> MPIDR 0x206 -> Node 0
[    0.000000] ACPI: NUMA: SRAT: PXM 0 -> MPIDR 0x207 -> Node 0
[    0.000000] ACPI: NUMA: SRAT: PXM 0 -> MPIDR 0x208 -> Node 0
[    0.000000] ACPI: NUMA: SRAT: PXM 0 -> MPIDR 0x209 -> Node 0
[    0.000000] ACPI: NUMA: SRAT: PXM 0 -> MPIDR 0x20a -> Node 0
[    0.000000] ACPI: NUMA: SRAT: PXM 0 -> MPIDR 0x20b -> Node 0
[    0.000000] ACPI: NUMA: SRAT: PXM 0 -> MPIDR 0x20c -> Node 0
[    0.000000] ACPI: NUMA: SRAT: PXM 0 -> MPIDR 0x20d -> Node 0
[    0.000000] ACPI: NUMA: SRAT: PXM 0 -> MPIDR 0x20e -> Node 0
[    0.000000] ACPI: NUMA: SRAT: PXM 0 -> MPIDR 0x20f -> Node 0
[    0.000000] percpu: Embedded 32 pages/cpu s92200 r8192 d30680 u131072
[    0.000000] pcpu-alloc: s92200 r8192 d30680 u131072 alloc=32*4096
[    0.000000] pcpu-alloc: [0] 00 [0] 01 [0] 02 [0] 03 [0] 04 [0] 05 [0] 06 [0] 07 
[    0.000000] pcpu-alloc: [0] 08 [0] 09 [0] 10 [0] 11 [0] 12 [0] 13 [0] 14 [0] 15 
[    0.000000] pcpu-alloc: [0] 16 [0] 17 [0] 18 [0] 19 [0] 20 [0] 21 [0] 22 [0] 23 
[    0.000000] pcpu-alloc: [0] 24 [0] 25 [0] 26 [0] 27 [0] 28 [0] 29 [0] 30 [0] 31 
[    0.000000] pcpu-alloc: [0] 32 [0] 33 [0] 34 [0] 35 [0] 36 [0] 37 [0] 38 [0] 39 
[    0.000000] pcpu-alloc: [0] 40 [0] 41 [0] 42 [0] 43 [0] 44 [0] 45 [0] 46 [0] 47 
[    0.000000] Detected PIPT I-cache on CPU0
[    0.000000] CPU features: detected: Address authentication (architected QARMA5 algorithm)
[    0.000000] CPU features: detected: GIC system register CPU interface
[    0.000000] CPU features: detected: Hardware dirty bit management
[    0.000000] CPU features: detected: Spectre-v4
[    0.000000] CPU features: detected: Spectre-BHB
[    0.000000] CPU features: kernel page table isolation forced ON by KASLR
[    0.000000] CPU features: detected: Kernel page table isolation (KPTI)
[    0.000000] CPU features: detected: ARM erratum 2067961 or 2054223
[    0.000000] alternatives: applying boot alternatives
[    0.000000] Kernel command line: BOOT_IMAGE=/boot/vmlinuz-6.5.13-decui+ root=UUID=59c7d2d8-9b48-490d-b35a-6a8cb3aebca4 ro console=tty1 console=ttyAMA0 earlycon=pl011,0xeffec000 initcall_blacklist=arm_pmu_acpi_init nvme_core.io_timeout=240 ignore_loglevel sysrq_always_enabled
[    0.000000] blacklisting initcall arm_pmu_acpi_init
[    0.000000] sysrq: sysrq always enabled.
[    0.000000] Unknown kernel command line parameters "BOOT_IMAGE=/boot/vmlinuz-6.5.13-decui+", will be passed to user space.
[    0.000000] printk: log_buf_len individual max cpu contribution: 4096 bytes
[    0.000000] printk: log_buf_len total cpu_extra contributions: 192512 bytes
[    0.000000] printk: log_buf_len min size: 262144 bytes
[    0.000000] printk: log_buf_len: 524288 bytes
[    0.000000] printk: early log buf free: 253224(96%)
[    0.000000] Dentry cache hash table entries: 8388608 (order: 14, 67108864 bytes, linear)
[    0.000000] Inode-cache hash table entries: 4194304 (order: 13, 33554432 bytes, linear)
[    0.000000] Fallback order for Node 0: 0 
[    0.000000] Built 1 zonelists, mobility grouping on.  Total pages: 24768476
[    0.000000] Policy zone: Normal
[    0.000000] mem auto-init: stack:off, heap alloc:on, heap free:off
[    0.000000] software IO TLB: area num 64.
[    0.000000] software IO TLB: mapped [mem 0x0000000031cc0000-0x0000000035cc0000] (64MB)
[    0.000000] Memory: 98614792K/100663152K available (18880K kernel code, 4942K rwdata, 14828K rodata, 11648K init, 1320K bss, 2015592K reserved, 32768K cma-reserved)
[    0.000000] SLUB: HWalign=64, Order=0-3, MinObjects=0, CPUs=48, Nodes=1
[    0.000000] ftrace: allocating 56853 entries in 223 pages
[    0.000000] ftrace: allocated 223 pages with 7 groups
[    0.000000] trace event string verifier disabled
[    0.000000] rcu: Hierarchical RCU implementation.
[    0.000000] rcu: 	RCU restricting CPUs from NR_CPUS=256 to nr_cpu_ids=48.
[    0.000000] 	Rude variant of Tasks RCU enabled.
[    0.000000] 	Tracing variant of Tasks RCU enabled.
[    0.000000] rcu: RCU calculated value of scheduler-enlistment delay is 25 jiffies.
[    0.000000] rcu: Adjusting geometry for rcu_fanout_leaf=16, nr_cpu_ids=48
[    0.000000] NR_IRQS: 64, nr_irqs: 64, preallocated irqs: 0
[    0.000000] GICv3: 960 SPIs implemented
[    0.000000] GICv3: 0 Extended SPIs implemented
[    0.000000] Root IRQ handler: gic_handle_irq
[    0.000000] GICv3: GICv3 features: 16 PPIs, RSS
[    0.000000] GICv3: CPU0: found redistributor 0 region 0:0x00000000effee000
[    0.000000] ITS: No ITS available, not enabling LPIs
[    0.000000] rcu: srcu_init: Setting srcu_struct sizes based on contention.
[    0.000000] arch_timer: cp15 timer(s) running at 1000.00MHz (virt).
[    0.000000] clocksource: arch_sys_counter: mask: 0x1fffffffffffffff max_cycles: 0x1cd42e4dffb, max_idle_ns: 881590591483 ns
[    0.000000] sched_clock: 61 bits at 1000MHz, resolution 1ns, wraps every 4398046511103ns
[    0.005738] Console: colour dummy device 80x25
[    0.008779] printk: console [tty1] enabled
[    0.012174] ACPI: Core revision 20230331
[    0.014936] Calibrating delay loop (skipped), value calculated using timer frequency.. 2000.00 BogoMIPS (lpj=4000000)
[    0.022125] pid_max: default: 49152 minimum: 384
[    0.025375] LSM: initializing lsm=lockdown,capability,landlock,yama,apparmor,integrity
[    0.030543] landlock: Up and running.
[    0.032916] Yama: becoming mindful.
[    0.035193] AppArmor: AppArmor initialized
[    0.037916] Mount-cache hash table entries: 131072 (order: 8, 1048576 bytes, linear)
[    0.046840] Mountpoint-cache hash table entries: 131072 (order: 8, 1048576 bytes, linear)
[    0.052927] RCU Tasks Rude: Setting shift to 6 and lim to 1 rcu_task_cb_adjust=1.
[    0.058067] RCU Tasks Trace: Setting shift to 6 and lim to 1 rcu_task_cb_adjust=1.
[    0.063243] Hyper-V: privilege flags low 0x2e7f, high 0x3b8030, hints 0x1e0000e, misc 0x31e1
[    0.068800] Hyper-V: Host Build 10.0.26100.1048-1-0
[    0.072171] Hyper-V: enabling crash_kexec_post_notifiers
[    0.075729] rcu: Hierarchical SRCU implementation.
[    0.078773] rcu: 	Max phase no-delay instances is 1000.
[    0.082369] Remapping and enabling EFI services.
[    0.085671] smp: Bringing up secondary CPUs ...
[    0.089326] Detected PIPT I-cache on CPU1
[    0.089389] GICv3: CPU1: found redistributor 1 region 1:0x00000000f000e000
[    0.089422] CPU1: Booted secondary processor 0x0000000001 [0x410fd490]
[    0.089667] Detected PIPT I-cache on CPU2
[    0.089822] GICv3: CPU2: found redistributor 2 region 2:0x00000000f002e000
[    0.089850] CPU2: Booted secondary processor 0x0000000002 [0x410fd490]
[    0.090077] Detected PIPT I-cache on CPU3
[    0.090241] GICv3: CPU3: found redistributor 3 region 3:0x00000000f004e000
[    0.090267] CPU3: Booted secondary processor 0x0000000003 [0x410fd490]
[    0.090483] Detected PIPT I-cache on CPU4
[    0.090669] GICv3: CPU4: found redistributor 4 region 4:0x00000000f006e000
[    0.090697] CPU4: Booted secondary processor 0x0000000004 [0x410fd490]
[    0.090914] Detected PIPT I-cache on CPU5
[    0.091111] GICv3: CPU5: found redistributor 5 region 5:0x00000000f008e000
[    0.091137] CPU5: Booted secondary processor 0x0000000005 [0x410fd490]
[    0.091352] Detected PIPT I-cache on CPU6
[    0.091566] GICv3: CPU6: found redistributor 6 region 6:0x00000000f00ae000
[    0.091592] CPU6: Booted secondary processor 0x0000000006 [0x410fd490]
[    0.091808] Detected PIPT I-cache on CPU7
[    0.092047] GICv3: CPU7: found redistributor 7 region 7:0x00000000f00ce000
[    0.092074] CPU7: Booted secondary processor 0x0000000007 [0x410fd490]
[    0.092291] Detected PIPT I-cache on CPU8
[    0.092548] GICv3: CPU8: found redistributor 8 region 8:0x00000000f00ee000
[    0.092575] CPU8: Booted secondary processor 0x0000000008 [0x410fd490]
[    0.092793] Detected PIPT I-cache on CPU9
[    0.093069] GICv3: CPU9: found redistributor 9 region 9:0x00000000f010e000
[    0.093096] CPU9: Booted secondary processor 0x0000000009 [0x410fd490]
[    0.093326] Detected PIPT I-cache on CPU10
[    0.093625] GICv3: CPU10: found redistributor a region 10:0x00000000f012e000
[    0.093654] CPU10: Booted secondary processor 0x000000000a [0x410fd490]
[    0.093871] Detected PIPT I-cache on CPU11
[    0.094181] GICv3: CPU11: found redistributor b region 11:0x00000000f014e000
[    0.094208] CPU11: Booted secondary processor 0x000000000b [0x410fd490]
[    0.094428] Detected PIPT I-cache on CPU12
[    0.094761] GICv3: CPU12: found redistributor c region 12:0x00000000f016e000
[    0.094788] CPU12: Booted secondary processor 0x000000000c [0x410fd490]
[    0.094925] Detected PIPT I-cache on CPU13
[    0.095230] GICv3: CPU13: found redistributor d region 13:0x00000000f018e000
[    0.095247] CPU13: Booted secondary processor 0x000000000d [0x410fd490]
[    0.095440] Detected PIPT I-cache on CPU14
[    0.095794] GICv3: CPU14: found redistributor e region 14:0x00000000f01ae000
[    0.095821] CPU14: Booted secondary processor 0x000000000e [0x410fd490]
[    0.096036] Detected PIPT I-cache on CPU15
[    0.096426] GICv3: CPU15: found redistributor f region 15:0x00000000f01ce000
[    0.096454] CPU15: Booted secondary processor 0x000000000f [0x410fd490]
[    0.096689] Detected PIPT I-cache on CPU16
[    0.097076] GICv3: CPU16: found redistributor 100 region 16:0x00000000f01ee000
[    0.097102] CPU16: Booted secondary processor 0x0000000100 [0x410fd490]
[    0.097313] Detected PIPT I-cache on CPU17
[    0.097715] GICv3: CPU17: found redistributor 101 region 17:0x00000000f020e000
[    0.097740] CPU17: Booted secondary processor 0x0000000101 [0x410fd490]
[    0.097950] Detected PIPT I-cache on CPU18
[    0.098380] GICv3: CPU18: found redistributor 102 region 18:0x00000000f022e000
[    0.098406] CPU18: Booted secondary processor 0x0000000102 [0x410fd490]
[    0.098616] Detected PIPT I-cache on CPU19
[    0.099065] GICv3: CPU19: found redistributor 103 region 19:0x00000000f024e000
[    0.099091] CPU19: Booted secondary processor 0x0000000103 [0x410fd490]
[    0.099305] Detected PIPT I-cache on CPU20
[    0.099762] GICv3: CPU20: found redistributor 104 region 20:0x00000000f026e000
[    0.099787] CPU20: Booted secondary processor 0x0000000104 [0x410fd490]
[    0.099927] Detected PIPT I-cache on CPU21
[    0.100361] GICv3: CPU21: found redistributor 105 region 21:0x00000000f028e000
[    0.100376] CPU21: Booted secondary processor 0x0000000105 [0x410fd490]
[    0.100570] Detected PIPT I-cache on CPU22
[    0.101060] GICv3: CPU22: found redistributor 106 region 22:0x00000000f02ae000
[    0.101086] CPU22: Booted secondary processor 0x0000000106 [0x410fd490]
[    0.101321] Detected PIPT I-cache on CPU23
[    0.101836] GICv3: CPU23: found redistributor 107 region 23:0x00000000f02ce000
[    0.101862] CPU23: Booted secondary processor 0x0000000107 [0x410fd490]
[    0.102074] Detected PIPT I-cache on CPU24
[    0.102587] GICv3: CPU24: found redistributor 108 region 24:0x00000000f02ee000
[    0.102611] CPU24: Booted secondary processor 0x0000000108 [0x410fd490]
[    0.102824] Detected PIPT I-cache on CPU25
[    0.103373] GICv3: CPU25: found redistributor 109 region 25:0x00000000f030e000
[    0.103399] CPU25: Booted secondary processor 0x0000000109 [0x410fd490]
[    0.103615] Detected PIPT I-cache on CPU26
[    0.104181] GICv3: CPU26: found redistributor 10a region 26:0x00000000f032e000
[    0.104208] CPU26: Booted secondary processor 0x000000010a [0x410fd490]
[    0.104433] Detected PIPT I-cache on CPU27
[    0.105005] GICv3: CPU27: found redistributor 10b region 27:0x00000000f034e000
[    0.105030] CPU27: Booted secondary processor 0x000000010b [0x410fd490]
[    0.105263] Detected PIPT I-cache on CPU28
[    0.105885] GICv3: CPU28: found redistributor 10c region 28:0x00000000f036e000
[    0.105913] CPU28: Booted secondary processor 0x000000010c [0x410fd490]
[    0.106137] Detected PIPT I-cache on CPU29
[    0.106785] GICv3: CPU29: found redistributor 10d region 29:0x00000000f038e000
[    0.106814] CPU29: Booted secondary processor 0x000000010d [0x410fd490]
[    0.107045] Detected PIPT I-cache on CPU30
[    0.107698] GICv3: CPU30: found redistributor 10e region 30:0x00000000f03ae000
[    0.107725] CPU30: Booted secondary processor 0x000000010e [0x410fd490]
[    0.107961] Detected PIPT I-cache on CPU31
[    0.108636] GICv3: CPU31: found redistributor 10f region 31:0x00000000f03ce000
[    0.108662] CPU31: Booted secondary processor 0x000000010f [0x410fd490]
[    0.108885] Detected PIPT I-cache on CPU32
[    0.109562] GICv3: CPU32: found redistributor 200 region 32:0x00000000f03ee000
[    0.109588] CPU32: Booted secondary processor 0x0000000200 [0x410fd490]
[    0.109816] Detected PIPT I-cache on CPU33
[    0.110496] GICv3: CPU33: found redistributor 201 region 33:0x00000000f040e000
[    0.110522] CPU33: Booted secondary processor 0x0000000201 [0x410fd490]
[    0.110746] Detected PIPT I-cache on CPU34
[    0.111451] GICv3: CPU34: found redistributor 202 region 34:0x00000000f042e000
[    0.111477] CPU34: Booted secondary processor 0x0000000202 [0x410fd490]
[    0.111698] Detected PIPT I-cache on CPU35
[    0.112413] GICv3: CPU35: found redistributor 203 region 35:0x00000000f044e000
[    0.112439] CPU35: Booted secondary processor 0x0000000203 [0x410fd490]
[    0.112659] Detected PIPT I-cache on CPU36
[    0.113393] GICv3: CPU36: found redistributor 204 region 36:0x00000000f046e000
[    0.113418] CPU36: Booted secondary processor 0x0000000204 [0x410fd490]
[    0.113639] Detected PIPT I-cache on CPU37
[    0.114390] GICv3: CPU37: found redistributor 205 region 37:0x00000000f048e000
[    0.114415] CPU37: Booted secondary processor 0x0000000205 [0x410fd490]
[    0.114651] Detected PIPT I-cache on CPU38
[    0.115426] GICv3: CPU38: found redistributor 206 region 38:0x00000000f04ae000
[    0.115451] CPU38: Booted secondary processor 0x0000000206 [0x410fd490]
[    0.115665] Detected PIPT I-cache on CPU39
[    0.116480] GICv3: CPU39: found redistributor 207 region 39:0x00000000f04ce000
[    0.116507] CPU39: Booted secondary processor 0x0000000207 [0x410fd490]
[    0.116722] Detected PIPT I-cache on CPU40
[    0.117540] GICv3: CPU40: found redistributor 208 region 40:0x00000000f04ee000
[    0.117565] CPU40: Booted secondary processor 0x0000000208 [0x410fd490]
[    0.117785] Detected PIPT I-cache on CPU41
[    0.118634] GICv3: CPU41: found redistributor 209 region 41:0x00000000f050e000
[    0.118660] CPU41: Booted secondary processor 0x0000000209 [0x410fd490]
[    0.118900] Detected PIPT I-cache on CPU42
[    0.119784] GICv3: CPU42: found redistributor 20a region 42:0x00000000f052e000
[    0.119812] CPU42: Booted secondary processor 0x000000020a [0x410fd490]
[    0.120029] Detected PIPT I-cache on CPU43
[    0.120915] GICv3: CPU43: found redistributor 20b region 43:0x00000000f054e000
[    0.120942] CPU43: Booted secondary processor 0x000000020b [0x410fd490]
[    0.121164] Detected PIPT I-cache on CPU44
[    0.122064] GICv3: CPU44: found redistributor 20c region 44:0x00000000f056e000
[    0.122091] CPU44: Booted secondary processor 0x000000020c [0x410fd490]
[    0.122318] Detected PIPT I-cache on CPU45
[    0.123237] GICv3: CPU45: found redistributor 20d region 45:0x00000000f058e000
[    0.123264] CPU45: Booted secondary processor 0x000000020d [0x410fd490]
[    0.123484] Detected PIPT I-cache on CPU46
[    0.124423] GICv3: CPU46: found redistributor 20e region 46:0x00000000f05ae000
[    0.124450] CPU46: Booted secondary processor 0x000000020e [0x410fd490]
[    0.124679] Detected PIPT I-cache on CPU47
[    0.125617] GICv3: CPU47: found redistributor 20f region 47:0x00000000f05ce000
[    0.125644] CPU47: Booted secondary processor 0x000000020f [0x410fd490]
[    0.125702] smp: Brought up 1 node, 48 CPUs
[    0.787027] SMP: Total of 48 processors activated.
[    0.790112] CPU features: detected: 32-bit EL0 Support
[    0.793347] CPU features: detected: Instruction cache invalidation not required for I/D coherence
[    0.802442] CPU features: detected: Data cache clean to the PoU not required for I/D coherence
[    0.808376] CPU features: detected: Common not Private translations
[    0.812625] CPU features: detected: CRC32 instructions
[    0.815945] CPU features: detected: Data cache clean to Point of Deep Persistence
[    0.821404] CPU features: detected: Data cache clean to Point of Persistence
[    0.825976] CPU features: detected: Generic authentication (architected QARMA5 algorithm)
[    0.831785] CPU features: detected: RCpc load-acquire (LDAPR)
[    0.835391] CPU features: detected: LSE atomic instructions
[    0.838932] CPU features: detected: Privileged Access Never
[    0.845495] CPU features: detected: Speculation barrier (SB)
[    0.849339] CPU features: detected: TLB range maintenance instructions
[    0.853690] CPU features: detected: Speculative Store Bypassing Safe (SSBS)
[    0.858281] CPU features: detected: Scalable Vector Extension
[    0.862694] SVE: maximum available vector length 16 bytes per vector
[    0.866874] SVE: default vector length 16 bytes per vector
[    0.870426] CPU: All CPU(s) started at EL1
[    0.873073] alternatives: applying system-wide alternatives
[    0.882198] devtmpfs: initialized
[    0.889091] setend instruction emulation is not supported on this system
[    0.894372] clocksource: jiffies: mask: 0xffffffff max_cycles: 0xffffffff, max_idle_ns: 7645041785100000 ns
[    0.900836] futex hash table entries: 16384 (order: 8, 1048576 bytes, linear)
[    0.909105] pinctrl core: initialized pinctrl subsystem
[    0.912780] SMBIOS 3.1.0 present.
[    0.914921] DMI: Microsoft Corporation Virtual Machine/Virtual Machine, BIOS Hyper-V UEFI Release v4.1 06/20/2024
[    0.922960] NET: Registered PF_NETLINK/PF_ROUTE protocol family
[    0.930453] DMA: preallocated 16384 KiB GFP_KERNEL pool for atomic allocations
[    0.938032] DMA: preallocated 16384 KiB GFP_KERNEL|GFP_DMA pool for atomic allocations
[    0.944572] cma: cma_alloc: reserved: alloc failed, req-size: 4096 pages, ret: -12
[    0.951862] DMA: preallocated 16384 KiB GFP_KERNEL|GFP_DMA32 pool for atomic allocations
[    0.962847] audit: initializing netlink subsys (disabled)
[    0.967380] audit: type=2000 audit(0.612:1): state=initialized audit_enabled=0 res=1
[    0.967545] thermal_sys: Registered thermal governor 'fair_share'
[    0.973906] thermal_sys: Registered thermal governor 'bang_bang'
[    0.978678] thermal_sys: Registered thermal governor 'step_wise'
[    0.983198] thermal_sys: Registered thermal governor 'user_space'
[    0.988066] thermal_sys: Registered thermal governor 'power_allocator'
[    0.992250] cpuidle: using governor ladder
[    0.999075] cpuidle: using governor menu
[    1.004994] hw-breakpoint: found 6 breakpoint and 4 watchpoint registers.
[    1.012360] ASID allocator initialised with 32768 entries
[    1.016244] acpiphp: ACPI Hot Plug PCI Controller Driver version: 0.5
[    1.020543] Serial: AMBA PL011 UART driver
[    1.023669] Modules: 2G module region forced by RANDOMIZE_MODULE_REGION_FULL
[    1.028281] Modules: 0 pages in range for non-PLT usage
[    1.028282] Modules: 511328 pages in range for PLT usage
[    1.032533] HugeTLB: registered 1.00 GiB page size, pre-allocated 0 pages
[    1.040723] HugeTLB: 0 KiB vmemmap can be freed for a 1.00 GiB page
[    1.044793] HugeTLB: registered 32.0 MiB page size, pre-allocated 0 pages
[    1.053326] HugeTLB: 0 KiB vmemmap can be freed for a 32.0 MiB page
[    1.057632] HugeTLB: registered 2.00 MiB page size, pre-allocated 0 pages
[    1.062060] HugeTLB: 0 KiB vmemmap can be freed for a 2.00 MiB page
[    1.066697] HugeTLB: registered 64.0 KiB page size, pre-allocated 0 pages
[    1.071471] HugeTLB: 0 KiB vmemmap can be freed for a 64.0 KiB page
[    1.076123] fbcon: Taking over console
[    1.078796] ACPI: Added _OSI(Module Device)
[    1.081520] ACPI: Added _OSI(Processor Device)
[    1.084379] ACPI: Added _OSI(3.0 _SCP Extensions)
[    1.087474] ACPI: Added _OSI(Processor Aggregator Device)
[    1.094222] ACPI: 1 ACPI AML tables successfully acquired and loaded
[    1.102125] ACPI: Interpreter enabled
[    1.104650] ACPI: Using GIC for interrupt routing
[    1.109072] ARMH0011:00: ttyAMA0 at MMIO 0xeffec000 (irq = 12, base_baud = 0) is a SBSA
[    1.115017] printk: console [ttyAMA0] enabled
[    1.119991] printk: bootconsole [pl11] disabled
[    1.125502] ARMH0011:01: ttyAMA1 at MMIO 0xeffeb000 (irq = 13, base_baud = 0) is a SBSA
[    1.130206] iommu: Default domain type: Translated
[    1.132486] iommu: DMA domain TLB invalidation policy: strict mode
[    1.135727] SCSI subsystem initialized
[    1.137696] libata version 3.00 loaded.
[    1.139525] ACPI: bus type USB registered
[    1.144888] usbcore: registered new interface driver usbfs
[    1.147648] usbcore: registered new interface driver hub
[    1.150479] usbcore: registered new device driver usb
[    1.153194] pps_core: LinuxPPS API ver. 1 registered
[    1.155590] pps_core: Software ver. 5.3.6 - Copyright 2005-2007 Rodolfo Giometti <giometti@linux.it>
[    1.159939] PTP clock support registered
[    1.161916] EDAC MC: Ver: 3.0.0
[    1.163551] scmi_core: SCMI protocol bus registered
[    1.166283] efivars: Registered efivars operations
[    1.171729] hv_vmbus: Vmbus version:5.3
[    1.174399] cdx: vmbus_on_msg_dpc: offer relid=6, 57164f39-9115-4e78-ab55-382f3bd5422d, fd149e91-82e0-4a7d-afa6-2a4166cbd7c0
[    1.181567] cdx: vmbus_on_msg_dpc: offer relid=8, 0e0b6031-5213-4934-818b-38d90ced39db, b6650ff7-33bc-4840-8048-e0676786f393
[    1.187723] cdx: vmbus_on_msg_dpc: offer relid=9, 9527e630-d0ae-497b-adce-e80ab0175caf, 2dd1ce17-079e-403c-b352-a1921ee207ee
[    1.194582] initcall arm_pmu_acpi_init blacklisted
[    1.197279] NetLabel: Initializing
[    1.199308] cdx: vmbus_on_msg_dpc: offer relid=18, ba6163d9-04a1-4d29-b605-72e2ffb1dc7f, f8b3781a-1e82-4818-a1c3-63d806ec15bb
[    1.210776] cdx: vmbus_on_msg_dpc: offer relid=19, ba6163d9-04a1-4d29-b605-72e2ffb1dc7f, f8b3781b-1e82-4818-a1c3-63d806ec15bb
[    1.217024] cdx: vmbus_on_msg_dpc: offer relid=2, c376c1c3-d276-48d2-90a9-c04748072c60, c4e5e7d1-d748-4afc-979d-683167910a55
[    1.223537] cdx: vmbus_on_msg_dpc: offer relid=3, 525074dc-8985-46e2-8057-a307dc18a502, 1eccfd72-4b41-45ef-b73a-4a6e44c12924
[    1.229800] cdx: vmbus_on_msg_dpc: offer relid=4, cfa8b69e-5b4a-4cc0-b98b-8ba1a1f3f95a, 58f75a6d-d949-4320-99e1-a2a2576d581c
[    1.236742] cdx: vmbus_on_msg_dpc: offer relid=5, f912ad6d-2b17-48ea-bd65-f927a61c7684, d34b2567-b9b6-42b9-8778-0a4ec0b955bf
[    1.246657] cdx: vmbus_on_msg_dpc: offer relid=7, da0a7802-e377-4aac-8e77-0558eb1073f8, 5620e0c7-8062-4dce-aeb7-520c7ef76171
[    1.252244] cdx: vmbus_on_msg_dpc: offer relid=10, f8615163-df3e-46c5-913f-f2d2f965ed0e, 7c1e5207-170f-7c1e-5207-170f7c1e5207
[    1.257656] cdx: vmbus_on_msg_dpc: offer relid=11, f8615163-df3e-46c5-913f-f2d2f965ed0e, 7c1e5207-1889-7c1e-5207-18897c1e5207
[    1.262893] cdx: vmbus_on_msg_dpc: offer relid=12, f8615163-df3e-46c5-913f-f2d2f965ed0e, 7c1e5207-17f4-7c1e-5207-17f47c1e5207
[    1.268132] cdx: vmbus_on_msg_dpc: offer relid=13, f8615163-df3e-46c5-913f-f2d2f965ed0e, 7c1e5207-185b-7c1e-5207-185b7c1e5207
[    1.273384] cdx: vmbus_on_msg_dpc: offer relid=14, f8615163-df3e-46c5-913f-f2d2f965ed0e, 7c1e5207-199e-7c1e-5207-199e7c1e5207
[    1.278860] cdx: vmbus_on_msg_dpc: offer relid=15, f8615163-df3e-46c5-913f-f2d2f965ed0e, 7c1e5207-14d1-7c1e-5207-14d17c1e5207
[    1.284395] cdx: vmbus_on_msg_dpc: offer relid=16, f8615163-df3e-46c5-913f-f2d2f965ed0e, 7c1e5207-1b61-7c1e-5207-1b617c1e5207
[    1.289989] cdx: vmbus_on_msg_dpc: offer relid=17, f8615163-df3e-46c5-913f-f2d2f965ed0e, 7c1e5207-1c19-7c1e-5207-1c197c1e5207
[    1.295469] cdx: vmbus_on_msg_dpc: offer relid=20, 44c4f61d-4444-4400-9d52-802e27ede19f, 4dca3f50-f28f-42b4-91fe-89f53730eb29
[    1.303671] cdx: vmbus_on_msg_dpc: offer relid=21, 44c4f61d-4444-4400-9d52-802e27ede19f, 23fa122a-e42c-4f9d-9072-1968a301c93f
[    1.309001] cdx: vmbus_on_msg_dpc: offer relid=22, 44c4f61d-4444-4400-9d52-802e27ede19f, 955bfbad-28ca-42bc-b299-47d14d76e0c3
[    1.314281] cdx: vmbus_on_msg_dpc: offer relid=23, 44c4f61d-4444-4400-9d52-802e27ede19f, 84e4f1f3-4617-41a8-996b-549cedbabda4
[    1.320019] cdx: vmbus_on_msg_dpc: offer relid=24, 44c4f61d-4444-4400-9d52-802e27ede19f, 83fa437d-2415-4b38-a4d1-432745571762
[    1.325275] cdx: vmbus_on_msg_dpc: offer relid=25, 44c4f61d-4444-4400-9d52-802e27ede19f, 36c888f6-ae7b-4e51-b1fb-4a17ade49c3c
[    1.330279] cdx: vmbus_on_msg_dpc: offer relid=1, a9a0f4e7-5a45-4d96-b827-8a841e8c03e6, 242ff919-07db-4180-9c2e-b86cb68c8c55
[    1.335376] NetLabel:  domain hash size = 128
[    1.337334] NetLabel:  protocols = UNLABELED CIPSOv4 CALIPSO
[    1.340144] NetLabel:  unlabeled traffic allowed by default
[    1.343100] mctp: management component transport protocol core
[    1.349052] NET: Registered PF_MCTP protocol family
[    1.351504] vgaarb: loaded
[    1.353412] clocksource: Switched to clocksource arch_sys_counter
[    1.364282] VFS: Disk quotas dquot_6.6.0
[    1.366326] VFS: Dquot-cache hash table entries: 512 (order 0, 4096 bytes)
[    1.369744] AppArmor: AppArmor Filesystem Enabled
[    1.371938] pnp: PnP ACPI init
[    1.373515] pnp: PnP ACPI: found 0 devices
[    1.376954] NET: Registered PF_INET protocol family
[    1.379614] IP idents hash table entries: 262144 (order: 9, 2097152 bytes, linear)
[    1.385405] tcp_listen_portaddr_hash hash table entries: 65536 (order: 8, 1048576 bytes, linear)
[    1.389518] Table-perturb hash table entries: 65536 (order: 6, 262144 bytes, linear)
[    1.396245] TCP established hash table entries: 524288 (order: 10, 4194304 bytes, linear)
[    1.400550] TCP bind hash table entries: 65536 (order: 9, 2097152 bytes, linear)
[    1.404115] TCP: Hash tables configured (established 524288 bind 65536)
[    1.407394] MPTCP token hash table entries: 65536 (order: 8, 1572864 bytes, linear)
[    1.411414] UDP hash table entries: 65536 (order: 9, 2097152 bytes, linear)
[    1.414793] UDP-Lite hash table entries: 65536 (order: 9, 2097152 bytes, linear)
[    1.418450] NET: Registered PF_UNIX/PF_LOCAL protocol family
[    1.421126] NET: Registered PF_XDP protocol family
[    1.423637] PCI: CLS 0 bytes, default 64
[    1.427632] Unpacking initramfs...
[    1.435524] kvm [1]: HYP mode not available
[    1.438436] Initialise system trusted keyrings
[    1.443144] Key type blacklist registered
[    1.447204] workingset: timestamp_bits=40 max_order=25 bucket_order=0
[    1.450751] zbud: loaded
[    1.452477] squashfs: version 4.0 (2009/01/31) Phillip Lougher
[    1.456565] fuse: init (API version 7.38)
[    1.459193] integrity: Platform Keyring initialized
[    1.462442] integrity: Machine keyring initialized
[    1.469715] Key type asymmetric registered
[    1.472556] Asymmetric key parser 'x509' registered
[    1.476157] Block layer SCSI generic (bsg) driver version 0.4 loaded (major 242)
[    1.480068] Freeing initrd memory: 16732K
[    1.480583] io scheduler mq-deadline registered
[    1.491394] shpchp: Standard Hot Plug PCI Controller Driver version: 0.4
[    1.497119] Serial: 8250/16550 driver, 32 ports, IRQ sharing enabled
[    1.501406] SuperH (H)SCI(F) driver initialized
[    1.503598] msm_serial: driver initialized
[    1.517805] loop: module loaded
[    1.519835] hv_vmbus: registering driver hv_storvsc
[    1.522895] tun: Universal TUN/TAP device driver, 1.6
[    1.525457] PPP generic driver version 2.4.2
[    1.526201] scsi host1: storvsc_host_t
[    1.527601] cdx: vmbus_on_msg_dpc: offer relid=26, ba6163d9-04a1-4d29-b605-72e2ffb1dc7f, f8b3781a-1e82-4818-a1c3-63d806ec15bb
[    1.527607] scsi host0: storvsc_host_t
[    1.537311] cdx: vmbus_on_msg_dpc: offer relid=27, ba6163d9-04a1-4d29-b605-72e2ffb1dc7f, f8b3781b-1e82-4818-a1c3-63d806ec15bb
[    1.542686] cdx: vmbus_on_msg_dpc: offer relid=28, ba6163d9-04a1-4d29-b605-72e2ffb1dc7f, f8b3781b-1e82-4818-a1c3-63d806ec15bb
[    1.544124] mousedev: PS/2 mouse device common for all mice
[    1.547852] cdx: vmbus_on_msg_dpc: offer relid=29, ba6163d9-04a1-4d29-b605-72e2ffb1dc7f, f8b3781a-1e82-4818-a1c3-63d806ec15bb
[    1.547866] scsi 0:0:0:0: Direct-Access     Msft     Virtual Disk     1.0  PQ: 0 ANSI: 5
[    1.551366] rtc-efi rtc-efi.0: registered as rtc0
[    1.559089] cdx: vmbus_on_msg_dpc: offer relid=30, ba6163d9-04a1-4d29-b605-72e2ffb1dc7f, f8b3781a-1e82-4818-a1c3-63d806ec15bb
[    1.563043] rtc-efi rtc-efi.0: setting system clock to 2024-08-24T21:16:11 UTC (1724534171)
[    1.565158] cdx: vmbus_on_msg_dpc: offer relid=31, ba6163d9-04a1-4d29-b605-72e2ffb1dc7f, f8b3781b-1e82-4818-a1c3-63d806ec15bb
[    1.570651] i2c_dev: i2c /dev entries driver
[    1.574597] cdx: vmbus_on_msg_dpc: offer relid=32, ba6163d9-04a1-4d29-b605-72e2ffb1dc7f, f8b3781a-1e82-4818-a1c3-63d806ec15bb
[    1.579963] device-mapper: core: CONFIG_IMA_DISABLE_HTABLE is disabled. Duplicate IMA measurements will not be recorded in the IMA log.
[    1.581953] cdx: vmbus_on_msg_dpc: offer relid=33, ba6163d9-04a1-4d29-b605-72e2ffb1dc7f, f8b3781b-1e82-4818-a1c3-63d806ec15bb
[    1.587252] device-mapper: uevent: version 1.0.3
[    1.592713] cdx: vmbus_on_msg_dpc: offer relid=34, ba6163d9-04a1-4d29-b605-72e2ffb1dc7f, f8b3781a-1e82-4818-a1c3-63d806ec15bb
[    1.601650] device-mapper: ioctl: 4.48.0-ioctl (2023-03-01) initialised: dm-devel@redhat.com
[    1.604079] cdx: vmbus_on_msg_dpc: offer relid=35, ba6163d9-04a1-4d29-b605-72e2ffb1dc7f, f8b3781b-1e82-4818-a1c3-63d806ec15bb
[    1.618639] cdx: vmbus_on_msg_dpc: offer relid=36, ba6163d9-04a1-4d29-b605-72e2ffb1dc7f, f8b3781a-1e82-4818-a1c3-63d806ec15bb
[    1.623367] ledtrig-cpu: registered to indicate activity on CPUs
[    1.624138] cdx: vmbus_on_msg_dpc: offer relid=37, ba6163d9-04a1-4d29-b605-72e2ffb1dc7f, f8b3781a-1e82-4818-a1c3-63d806ec15bb
[    1.627128] SMCCC: SOC_ID: ARCH_SOC_ID not implemented, skipping ....
[    1.632471] cdx: vmbus_on_msg_dpc: offer relid=38, ba6163d9-04a1-4d29-b605-72e2ffb1dc7f, f8b3781b-1e82-4818-a1c3-63d806ec15bb
[    1.635585] hv_utils: Registering HyperV Utility Driver
[    1.640714] cdx: vmbus_on_msg_dpc: offer relid=39, ba6163d9-04a1-4d29-b605-72e2ffb1dc7f, f8b3781a-1e82-4818-a1c3-63d806ec15bb
[    1.643092] hv_vmbus: registering driver hv_utils
[    1.651771] cdx: vmbus_on_msg_dpc: offer relid=40, ba6163d9-04a1-4d29-b605-72e2ffb1dc7f, f8b3781b-1e82-4818-a1c3-63d806ec15bb
[    1.653963] hv_vmbus: registering driver hv_balloon
[    1.659299] cdx: vmbus_on_msg_dpc: offer relid=41, ba6163d9-04a1-4d29-b605-72e2ffb1dc7f, f8b3781b-1e82-4818-a1c3-63d806ec15bb
[    1.667358] cdx: vmbus_on_msg_dpc: offer relid=42, ba6163d9-04a1-4d29-b605-72e2ffb1dc7f, f8b3781b-1e82-4818-a1c3-63d806ec15bb
[    1.672167] hw perfevents: enabled with armv8_pmuv3_0 PMU driver, 7 counters available
[    1.672679] cdx: vmbus_on_msg_dpc: offer relid=43, ba6163d9-04a1-4d29-b605-72e2ffb1dc7f, f8b3781a-1e82-4818-a1c3-63d806ec15bb
[    1.677670] watchdog: Delayed init of the lockup detector failed: -19
[    1.681565] drop_monitor: Initializing network drop monitor service
[    1.686198] cdx: vmbus_on_msg_dpc: offer relid=44, ba6163d9-04a1-4d29-b605-72e2ffb1dc7f, f8b3781b-1e82-4818-a1c3-63d806ec15bb
[    1.689696] watchdog: Hard watchdog permanently disabled
[    1.689812] NET: Registered PF_INET6 protocol family
[    1.696496] Segment Routing with IPv6
[    1.696504] In-situ OAM (IOAM) with IPv6
[    1.696525] NET: Registered PF_PACKET protocol family
[    1.696801] Key type dns_resolver registered
[    1.697644] cdx: vmbus_on_msg_dpc: offer relid=45, ba6163d9-04a1-4d29-b605-72e2ffb1dc7f, f8b3781b-1e82-4818-a1c3-63d806ec15bb
[    1.697833] registered taskstats version 1
[    1.728534] cdx: vmbus_on_msg_dpc: offer relid=46, ba6163d9-04a1-4d29-b605-72e2ffb1dc7f, f8b3781a-1e82-4818-a1c3-63d806ec15bb
[    1.735064] cdx: vmbus_on_msg_dpc: offer relid=47, ba6163d9-04a1-4d29-b605-72e2ffb1dc7f, f8b3781a-1e82-4818-a1c3-63d806ec15bb
[    1.738084] Loading compiled-in X.509 certificates
[    1.741505] hv_utils: TimeSync IC version 4.0
[    1.744236] Loaded X.509 cert 'Build time autogenerated kernel key: d077e3630de1c6b669822a8b5830ed72611e1434'
[    1.745926] hv_utils: Heartbeat IC version 3.0
[    1.751767] Key type .fscrypt registered
[    1.752597] hv_utils: Shutdown IC version 3.2
[    1.758384] Key type fscrypt-provisioning registered
[    1.760696] hv_balloon: Using Dynamic Memory protocol version 2.0
[    1.762861] sd 0:0:0:0: Attached scsi generic sg0 type 0
[    1.763016] sd 0:0:0:0: [sda] 62916608 512-byte logical blocks: (32.2 GB/30.0 GiB)
[    1.763019] sd 0:0:0:0: [sda] 4096-byte physical blocks
[    1.763064] sd 0:0:0:0: [sda] Write Protect is off
[    1.763065] sd 0:0:0:0: [sda] Mode Sense: 0f 00 10 00
[    1.763157] sd 0:0:0:0: [sda] Write cache: enabled, read cache: enabled, supports DPO and FUA
[    1.764941]  sda: sda1 sda15
[    1.766731] hv_balloon: Memory hot add disabled on ARM64
[    1.788219] sd 0:0:0:0: [sda] Attached SCSI disk
[    1.793364] Key type encrypted registered
[    1.795217] AppArmor: AppArmor sha1 policy hashing enabled
[    1.798230] integrity: Loading X.509 certificate: UEFI:db
[    1.804285] integrity: Loaded X.509 cert 'Microsoft Windows Production PCA 2011: a92902398e16c49778cd90f99e4f9ae17c55af53'
[    1.809705] integrity: Loading X.509 certificate: UEFI:db
[    1.812215] integrity: Loaded X.509 cert 'Microsoft Corporation: Windows UEFI CA 2023: aefc5fbbbe055d8f8daa585473499417ab5a5272'
[    1.818231] blacklist: Duplicate blacklisted hash bin:77dd190fa30d88ff5e3b011a0ae61e6209780c130b535ecb87e6f0888a0b6b2f
[    1.823367] ima: secureboot mode disabled
[    1.825203] ima: No TPM chip found, activating TPM-bypass!
[    1.827653] Loading compiled-in module X.509 certificates
[    1.830348] Loaded X.509 cert 'Build time autogenerated kernel key: d077e3630de1c6b669822a8b5830ed72611e1434'
[    1.834860] ima: Allocated hash algorithm: sha1
[    1.836847] ima: No architecture policies found
[    1.838887] evm: Initialising EVM extended attributes:
[    1.841195] evm: security.selinux
[    1.842700] evm: security.SMACK64
[    1.844180] evm: security.SMACK64EXEC
[    1.845816] evm: security.SMACK64TRANSMUTE
[    1.850935] evm: security.SMACK64MMAP
[    1.852720] evm: security.apparmor
[    1.854357] evm: security.ima
[    1.855754] evm: security.capability
[    1.857447] evm: HMAC attrs: 0x1
[    1.863056] clk: Disabling unused clocks
[    1.866851] Freeing unused kernel memory: 11648K
[    1.994496] Checked W+X mappings: passed, no W+X pages found
[    1.998094] Run /init as init process
[    1.999810]   with arguments:
[    2.001186]     /init
[    2.002470]   with environment:
[    2.008006]     HOME=/
[    2.009215]     TERM=linux
[    2.010743]     BOOT_IMAGE=/boot/vmlinuz-6.5.13-decui+
[    2.116955] hv_vmbus: registering driver hv_pci
[    2.117170] hid: raw HID events driver (C) Jiri Kosina
[    2.117260] hv_vmbus: registering driver hv_netvsc
[    2.120175] hv_pci 4dca3f50-f28f-42b4-91fe-89f53730eb29: PCI VMBus probing: Using version 0x10004
[    2.123391] cdx: vmbus_on_msg_dpc: offer relid=48, f8615163-df3e-46c5-913f-f2d2f965ed0e, 7c1e5207-170f-7c1e-5207-170f7c1e5207
[    2.135743] cdx: vmbus_on_msg_dpc: offer relid=49, f8615163-df3e-46c5-913f-f2d2f965ed0e, 7c1e5207-170f-7c1e-5207-170f7c1e5207
[    2.138828] hv_vmbus: registering driver hyperv_keyboard
[    2.138830] hv_vmbus: registering driver hid_hyperv
[    2.139176] ACPI: bus type drm_connector registered
[    2.141753] cdx: vmbus_on_msg_dpc: offer relid=50, f8615163-df3e-46c5-913f-f2d2f965ed0e, 7c1e5207-170f-7c1e-5207-170f7c1e5207
[    2.157490] cdx: vmbus_on_msg_dpc: offer relid=51, f8615163-df3e-46c5-913f-f2d2f965ed0e, 7c1e5207-170f-7c1e-5207-170f7c1e5207
[    2.163115] cdx: vmbus_on_msg_dpc: offer relid=52, f8615163-df3e-46c5-913f-f2d2f965ed0e, 7c1e5207-170f-7c1e-5207-170f7c1e5207
[    2.163538] hv_pci 4dca3f50-f28f-42b4-91fe-89f53730eb29: PCI host bridge to bus f28f:00
[    2.168881] cdx: vmbus_on_msg_dpc: offer relid=53, f8615163-df3e-46c5-913f-f2d2f965ed0e, 7c1e5207-170f-7c1e-5207-170f7c1e5207
[    2.168885] cdx: vmbus_on_msg_dpc: offer relid=54, f8615163-df3e-46c5-913f-f2d2f965ed0e, 7c1e5207-170f-7c1e-5207-170f7c1e5207
[    2.169387] input: Microsoft Vmbus HID-compliant Mouse as /devices/0006:045E:0621.0001/input/input0
[    2.169593] input: AT Translated Set 2 keyboard as /devices/LNXSYSTM:00/LNXSYBUS:00/ACPI0004:00/VMBUS:00/d34b2567-b9b6-42b9-8778-0a4ec0b955bf/serio0/input/input1
[    2.173306] pci_bus f28f:00: root bus resource [mem 0xfc0000000-0xfc00fffff window]
[    2.179710] hid 0006:045E:0621.0001: input: VIRTUAL HID v0.01 Mouse [Microsoft Vmbus HID-compliant Mouse] on 
[    2.185272] pci_bus f28f:00: No busn resource found for root bus, will use [bus 00-ff]
[    2.192495] hv_netvsc 7c1e5207-170f-7c1e-5207-170f7c1e5207 eth0: VF slot 1 added
[    2.192738] cdx: vmbus_on_msg_dpc: offer relid=55, 44c4f61d-4444-4400-9d52-802e27ede19f, 69172891-ef9a-48a2-982a-786ac7c8c711
[    2.204034] hv_pci 69172891-ef9a-48a2-982a-786ac7c8c711: PCI VMBus probing: Using version 0x10004
[    2.204441] pci f28f:00:00.0: [1414:b111] type 00 class 0x010802
[    2.205266] pci f28f:00:00.0: reg 0x10: [mem 0xfc0000000-0xfc00fffff 64bit]
[    2.210358] pci_bus f28f:00: busn_res: [bus 00-ff] end is updated to 00
[    2.216914] hv_pci 69172891-ef9a-48a2-982a-786ac7c8c711: PCI host bridge to bus ef9a:00
[    2.219813] pci f28f:00:00.0: BAR 0: assigned [mem 0xfc0000000-0xfc00fffff 64bit]
[    2.224095] pci_bus ef9a:00: root bus resource [mem 0xfc0100000-0xfc01fffff window]
[    2.224098] pci_bus ef9a:00: No busn resource found for root bus, will use [bus 00-ff]
[    2.226137] pci ef9a:00:02.0: [15b3:101a] type 00 class 0x020000
[    2.232138] nvme nvme0: pci function f28f:00:00.0
[    2.267954] cdx: vmbus_on_msg_dpc: offer relid=56, f8615163-df3e-46c5-913f-f2d2f965ed0e, 7c1e5207-1889-7c1e-5207-18897c1e5207
[    2.280661] nvme f28f:00:00.0: enabling device (0000 -> 0002)
[    2.283227] cdx: vmbus_on_msg_dpc: offer relid=57, f8615163-df3e-46c5-913f-f2d2f965ed0e, 7c1e5207-1889-7c1e-5207-18897c1e5207
[    2.286257] hv_vmbus: registering driver hyperv_drm
[    2.291978] cdx: vmbus_on_msg_dpc: offer relid=58, f8615163-df3e-46c5-913f-f2d2f965ed0e, 7c1e5207-1889-7c1e-5207-18897c1e5207
[    2.299755] pci ef9a:00:02.0: reg 0x10: [mem 0xfc0100000-0xfc01fffff 64bit pref]
[    2.303126] cdx: vmbus_on_msg_dpc: offer relid=59, f8615163-df3e-46c5-913f-f2d2f965ed0e, 7c1e5207-1889-7c1e-5207-18897c1e5207
[    2.304579] hv_netvsc 7c1e5207-1889-7c1e-5207-18897c1e5207 eth1: VF slot 2 added
[    2.312181] cdx: vmbus_on_msg_dpc: offer relid=60, f8615163-df3e-46c5-913f-f2d2f965ed0e, 7c1e5207-1889-7c1e-5207-18897c1e5207
[    2.321413] cdx: vmbus_on_msg_dpc: offer relid=61, f8615163-df3e-46c5-913f-f2d2f965ed0e, 7c1e5207-1889-7c1e-5207-18897c1e5207
[    2.328022] pci ef9a:00:02.0: enabling Extended Tags
[    2.330248] cdx: vmbus_on_msg_dpc: offer relid=62, f8615163-df3e-46c5-913f-f2d2f965ed0e, 7c1e5207-1889-7c1e-5207-18897c1e5207
[    2.335741] cdx: vmbus_on_msg_dpc: offer relid=63, 44c4f61d-4444-4400-9d52-802e27ede19f, 57524d70-c3e2-42df-99a4-a10c42645bd8
[    2.341528] hyperv_drm 5620e0c7-8062-4dce-aeb7-520c7ef76171: [drm] Synthvid Version major 3, minor 5
[    2.347854] pci ef9a:00:02.0: 0.000 Gb/s available PCIe bandwidth, limited by Unknown x0 link at ef9a:00:02.0 (capable of 252.048 Gb/s with 16.0 GT/s PCIe x16 link)
[    2.358267] [drm] Initialized hyperv_drm 1.0.0 2020 for 5620e0c7-8062-4dce-aeb7-520c7ef76171 on minor 0
[    2.360277] pci_bus ef9a:00: busn_res: [bus 00-ff] end is updated to 00
[    2.367359] Console: switching to colour frame buffer device 128x48
[    2.371331] hyperv_drm 5620e0c7-8062-4dce-aeb7-520c7ef76171: [drm] fb0: hyperv_drmdrmfb frame buffer device
[    2.381573] cdx: vmbus_on_msg_dpc: offer relid=64, f8615163-df3e-46c5-913f-f2d2f965ed0e, 7c1e5207-17f4-7c1e-5207-17f47c1e5207
[    2.387382] cdx: vmbus_on_msg_dpc: offer relid=65, f8615163-df3e-46c5-913f-f2d2f965ed0e, 7c1e5207-17f4-7c1e-5207-17f47c1e5207
[    2.392646] cdx: vmbus_on_msg_dpc: offer relid=66, f8615163-df3e-46c5-913f-f2d2f965ed0e, 7c1e5207-17f4-7c1e-5207-17f47c1e5207
[    2.401211] cdx: vmbus_on_msg_dpc: offer relid=67, f8615163-df3e-46c5-913f-f2d2f965ed0e, 7c1e5207-17f4-7c1e-5207-17f47c1e5207
[    2.406579] cma: cma_alloc: reserved: alloc failed, req-size: 4 pages, ret: -12
[    2.407365] cdx: vmbus_on_msg_dpc: offer relid=68, f8615163-df3e-46c5-913f-f2d2f965ed0e, 7c1e5207-17f4-7c1e-5207-17f47c1e5207
[    2.410802] cma: cma_alloc: reserved: alloc failed, req-size: 16 pages, ret: -12
[    2.416862] cdx: vmbus_on_msg_dpc: offer relid=69, f8615163-df3e-46c5-913f-f2d2f965ed0e, 7c1e5207-17f4-7c1e-5207-17f47c1e5207
[    2.420634] cma: cma_alloc: reserved: alloc failed, req-size: 4 pages, ret: -12
[    2.426281] cdx: vmbus_on_msg_dpc: offer relid=70, f8615163-df3e-46c5-913f-f2d2f965ed0e, 7c1e5207-17f4-7c1e-5207-17f47c1e5207
[    2.430045] cma: cma_alloc: reserved: alloc failed, req-size: 16 pages, ret: -12
[    2.439399] cma: cma_alloc: reserved: alloc failed, req-size: 4 pages, ret: -12
[    2.442712] hv_netvsc 7c1e5207-17f4-7c1e-5207-17f47c1e5207 eth2: VF slot 3 added
[    2.442851] cdx: vmbus_on_msg_dpc: offer relid=71, 44c4f61d-4444-4400-9d52-802e27ede19f, cfa808e0-4604-4f10-9c57-ec9270ab26a8
[    2.442978] cma: cma_alloc: reserved: alloc failed, req-size: 16 pages, ret: -12
[    2.460750] cdx: vmbus_on_msg_dpc: offer relid=72, f8615163-df3e-46c5-913f-f2d2f965ed0e, 7c1e5207-185b-7c1e-5207-185b7c1e5207
[    2.464829] cma: cma_alloc: reserved: alloc failed, req-size: 4 pages, ret: -12
[    2.471271] cdx: vmbus_on_msg_dpc: offer relid=73, f8615163-df3e-46c5-913f-f2d2f965ed0e, 7c1e5207-185b-7c1e-5207-185b7c1e5207
[    2.476319] cma: cma_alloc: reserved: alloc failed, req-size: 16 pages, ret: -12
[    2.482623] cdx: vmbus_on_msg_dpc: offer relid=74, f8615163-df3e-46c5-913f-f2d2f965ed0e, 7c1e5207-185b-7c1e-5207-185b7c1e5207
[    2.488073] cma: cma_alloc: reserved: alloc failed, req-size: 4 pages, ret: -12
[    2.496205] cdx: vmbus_on_msg_dpc: offer relid=75, f8615163-df3e-46c5-913f-f2d2f965ed0e, 7c1e5207-185b-7c1e-5207-185b7c1e5207
[    2.505605] cdx: vmbus_on_msg_dpc: offer relid=76, f8615163-df3e-46c5-913f-f2d2f965ed0e, 7c1e5207-185b-7c1e-5207-185b7c1e5207
[    2.511518] cdx: vmbus_on_msg_dpc: offer relid=77, f8615163-df3e-46c5-913f-f2d2f965ed0e, 7c1e5207-185b-7c1e-5207-185b7c1e5207
[    2.517409] cdx: vmbus_on_msg_dpc: offer relid=78, f8615163-df3e-46c5-913f-f2d2f965ed0e, 7c1e5207-185b-7c1e-5207-185b7c1e5207
[    2.523092] hv_netvsc 7c1e5207-185b-7c1e-5207-185b7c1e5207 eth3: VF slot 4 added
[    2.523850] cdx: vmbus_on_msg_dpc: offer relid=79, 44c4f61d-4444-4400-9d52-802e27ede19f, e7329dd2-ed86-43f7-93fa-514e6d821666
[    2.603306] hv_netvsc 7c1e5207-199e-7c1e-5207-199e7c1e5207 eth4: VF slot 5 added
[    2.603499] cdx: vmbus_on_msg_dpc: offer relid=80, 44c4f61d-4444-4400-9d52-802e27ede19f, aa2881d9-449c-4d08-a293-4ed2a795a854
[    2.617861] cdx: vmbus_on_msg_dpc: offer relid=81, f8615163-df3e-46c5-913f-f2d2f965ed0e, 7c1e5207-199e-7c1e-5207-199e7c1e5207
[    2.623720] cdx: vmbus_on_msg_dpc: offer relid=82, f8615163-df3e-46c5-913f-f2d2f965ed0e, 7c1e5207-199e-7c1e-5207-199e7c1e5207
[    2.629385] cdx: vmbus_on_msg_dpc: offer relid=83, f8615163-df3e-46c5-913f-f2d2f965ed0e, 7c1e5207-199e-7c1e-5207-199e7c1e5207
[    2.635571] cdx: vmbus_on_msg_dpc: offer relid=84, f8615163-df3e-46c5-913f-f2d2f965ed0e, 7c1e5207-199e-7c1e-5207-199e7c1e5207
[    2.641401] cdx: vmbus_on_msg_dpc: offer relid=85, f8615163-df3e-46c5-913f-f2d2f965ed0e, 7c1e5207-199e-7c1e-5207-199e7c1e5207
[    2.649404] cdx: vmbus_on_msg_dpc: offer relid=86, f8615163-df3e-46c5-913f-f2d2f965ed0e, 7c1e5207-199e-7c1e-5207-199e7c1e5207
[    2.661418] cdx: vmbus_on_msg_dpc: offer relid=87, f8615163-df3e-46c5-913f-f2d2f965ed0e, 7c1e5207-199e-7c1e-5207-199e7c1e5207
[    2.681170] nvme nvme0: 6/0/0 default/read/poll queues
[    2.693717] hv_netvsc 7c1e5207-14d1-7c1e-5207-14d17c1e5207 eth5: VF slot 6 added
[    2.693932] cdx: vmbus_on_msg_dpc: offer relid=88, 44c4f61d-4444-4400-9d52-802e27ede19f, c779b611-79f5-4c77-9be5-e7c959ce5ced
[    2.745305] hv_pci 4dca3f50-f28f-42b4-91fe-89f53730eb29: cdx: create_root_hv_pci_bus: done
[    2.745316] pci ef9a:00:02.0: BAR 0: assigned [mem 0xfc0100000-0xfc01fffff 64bit pref]
[    2.758055] hv_pci 23fa122a-e42c-4f9d-9072-1968a301c93f: PCI VMBus probing: Using version 0x10004
[    2.764787] hv_pci 23fa122a-e42c-4f9d-9072-1968a301c93f: PCI host bridge to bus e42c:00
[    2.769471] hv_pci 69172891-ef9a-48a2-982a-786ac7c8c711: cdx: create_root_hv_pci_bus: done
[    2.769783] pci_bus e42c:00: root bus resource [mem 0xfc0200000-0xfc02fffff window]
[    2.778215] pci_bus e42c:00: No busn resource found for root bus, will use [bus 00-ff]
[    2.783128] pci e42c:00:00.0: [1414:b111] type 00 class 0x010802
[    2.786837] pci e42c:00:00.0: reg 0x10: [mem 0xfc0200000-0xfc02fffff 64bit]
[    2.797524] pci_bus e42c:00: busn_res: [bus 00-ff] end is updated to 00
[    2.801285] pci e42c:00:00.0: BAR 0: assigned [mem 0xfc0200000-0xfc02fffff 64bit]
[    2.805472] hv_pci 57524d70-c3e2-42df-99a4-a10c42645bd8: PCI VMBus probing: Using version 0x10004
[    2.805944] nvme nvme1: pci function e42c:00:00.0
[    2.811655] cdx: vmbus_on_msg_dpc: offer relid=89, f8615163-df3e-46c5-913f-f2d2f965ed0e, 7c1e5207-14d1-7c1e-5207-14d17c1e5207
[    2.818942] cdx: vmbus_on_msg_dpc: offer relid=90, f8615163-df3e-46c5-913f-f2d2f965ed0e, 7c1e5207-14d1-7c1e-5207-14d17c1e5207
[    2.824658] nvme e42c:00:00.0: enabling device (0000 -> 0002)
[    2.824708] cdx: vmbus_on_msg_dpc: offer relid=91, f8615163-df3e-46c5-913f-f2d2f965ed0e, 7c1e5207-14d1-7c1e-5207-14d17c1e5207
[    2.833620] cdx: vmbus_on_msg_dpc: offer relid=92, f8615163-df3e-46c5-913f-f2d2f965ed0e, 7c1e5207-14d1-7c1e-5207-14d17c1e5207
[    2.839111] cdx: vmbus_on_msg_dpc: offer relid=93, f8615163-df3e-46c5-913f-f2d2f965ed0e, 7c1e5207-14d1-7c1e-5207-14d17c1e5207
[    2.844719] cdx: vmbus_on_msg_dpc: offer relid=94, f8615163-df3e-46c5-913f-f2d2f965ed0e, 7c1e5207-14d1-7c1e-5207-14d17c1e5207
[    2.850416] hv_pci 57524d70-c3e2-42df-99a4-a10c42645bd8: PCI host bridge to bus c3e2:00
[    2.857163] cdx: vmbus_on_msg_dpc: offer relid=95, f8615163-df3e-46c5-913f-f2d2f965ed0e, 7c1e5207-14d1-7c1e-5207-14d17c1e5207
[    2.863814] pci_bus c3e2:00: root bus resource [mem 0xfc0300000-0xfc03fffff window]
[    2.868134] pci_bus c3e2:00: No busn resource found for root bus, will use [bus 00-ff]
[    2.873777] pci c3e2:00:02.0: [15b3:101a] type 00 class 0x020000
[    2.878572] pci c3e2:00:02.0: reg 0x10: [mem 0xfc0300000-0xfc03fffff 64bit pref]
[    2.883583] pci c3e2:00:02.0: enabling Extended Tags
[    2.892229] pci c3e2:00:02.0: 0.000 Gb/s available PCIe bandwidth, limited by Unknown x0 link at c3e2:00:02.0 (capable of 252.048 Gb/s with 16.0 GT/s PCIe x16 link)
[    2.901725] pci_bus c3e2:00: busn_res: [bus 00-ff] end is updated to 00
[    2.915785] cdx: vmbus_on_msg_dpc: offer relid=96, f8615163-df3e-46c5-913f-f2d2f965ed0e, 7c1e5207-1b61-7c1e-5207-1b617c1e5207
[    2.921661] cdx: vmbus_on_msg_dpc: offer relid=97, f8615163-df3e-46c5-913f-f2d2f965ed0e, 7c1e5207-1b61-7c1e-5207-1b617c1e5207
[    2.927300] cdx: vmbus_on_msg_dpc: offer relid=98, f8615163-df3e-46c5-913f-f2d2f965ed0e, 7c1e5207-1b61-7c1e-5207-1b617c1e5207
[    2.932885] cdx: vmbus_on_msg_dpc: offer relid=99, f8615163-df3e-46c5-913f-f2d2f965ed0e, 7c1e5207-1b61-7c1e-5207-1b617c1e5207
[    2.939620] cdx: vmbus_on_msg_dpc: offer relid=100, f8615163-df3e-46c5-913f-f2d2f965ed0e, 7c1e5207-1b61-7c1e-5207-1b617c1e5207
[    2.946009] cdx: vmbus_on_msg_dpc: offer relid=101, f8615163-df3e-46c5-913f-f2d2f965ed0e, 7c1e5207-1b61-7c1e-5207-1b617c1e5207
[    2.956488] cdx: vmbus_on_msg_dpc: offer relid=102, f8615163-df3e-46c5-913f-f2d2f965ed0e, 7c1e5207-1b61-7c1e-5207-1b617c1e5207
[    2.976869] hv_netvsc 7c1e5207-1b61-7c1e-5207-1b617c1e5207 eth6: VF slot 7 added
[    2.977117] cdx: vmbus_on_msg_dpc: offer relid=103, 44c4f61d-4444-4400-9d52-802e27ede19f, 27cc3870-bcfb-496a-b6c4-047ab7963d24
[    2.996465] cdx: vmbus_on_msg_dpc: offer relid=104, f8615163-df3e-46c5-913f-f2d2f965ed0e, 7c1e5207-1c19-7c1e-5207-1c197c1e5207
[    3.006045] cdx: vmbus_on_msg_dpc: offer relid=105, f8615163-df3e-46c5-913f-f2d2f965ed0e, 7c1e5207-1c19-7c1e-5207-1c197c1e5207
[    3.012295] cdx: vmbus_on_msg_dpc: offer relid=106, f8615163-df3e-46c5-913f-f2d2f965ed0e, 7c1e5207-1c19-7c1e-5207-1c197c1e5207
[    3.018659] cdx: vmbus_on_msg_dpc: offer relid=107, f8615163-df3e-46c5-913f-f2d2f965ed0e, 7c1e5207-1c19-7c1e-5207-1c197c1e5207
[    3.025151] cdx: vmbus_on_msg_dpc: offer relid=108, f8615163-df3e-46c5-913f-f2d2f965ed0e, 7c1e5207-1c19-7c1e-5207-1c197c1e5207
[    3.031960] cdx: vmbus_on_msg_dpc: offer relid=109, f8615163-df3e-46c5-913f-f2d2f965ed0e, 7c1e5207-1c19-7c1e-5207-1c197c1e5207
[    3.038076] cdx: vmbus_on_msg_dpc: offer relid=110, f8615163-df3e-46c5-913f-f2d2f965ed0e, 7c1e5207-1c19-7c1e-5207-1c197c1e5207
[    3.059129] hv_netvsc 7c1e5207-1c19-7c1e-5207-1c197c1e5207 eth7: VF slot 8 added
[    3.059336] cdx: vmbus_on_msg_dpc: offer relid=111, 44c4f61d-4444-4400-9d52-802e27ede19f, c722f47f-5b54-4913-89e6-30871d1ed4b2
[    3.139692] nvme nvme1: 6/0/0 default/read/poll queues
[    3.206478] hv_pci 23fa122a-e42c-4f9d-9072-1968a301c93f: cdx: create_root_hv_pci_bus: done
[    3.206590] pci c3e2:00:02.0: BAR 0: assigned [mem 0xfc0300000-0xfc03fffff 64bit pref]
[    3.217144] hv_pci 955bfbad-28ca-42bc-b299-47d14d76e0c3: PCI VMBus probing: Using version 0x10004
[    3.219707] hv_pci 57524d70-c3e2-42df-99a4-a10c42645bd8: cdx: create_root_hv_pci_bus: done
[    3.227854] hv_pci 955bfbad-28ca-42bc-b299-47d14d76e0c3: PCI host bridge to bus 28ca:00
[    3.228415] hv_pci cfa808e0-4604-4f10-9c57-ec9270ab26a8: PCI VMBus probing: Using version 0x10004
[    3.232741] pci_bus 28ca:00: root bus resource [mem 0xfc0400000-0xfc04fffff window]
[    3.232744] pci_bus 28ca:00: No busn resource found for root bus, will use [bus 00-ff]
[    3.238523] hv_pci cfa808e0-4604-4f10-9c57-ec9270ab26a8: PCI host bridge to bus 4604:00
[    3.242789] pci 28ca:00:00.0: [1414:b111] type 00 class 0x010802
[    3.245962] pci_bus 4604:00: root bus resource [mem 0xfc0500000-0xfc05fffff window]
[    3.254731] pci 28ca:00:00.0: reg 0x10: [mem 0xfc0400000-0xfc04fffff 64bit]
[    3.256871] pci_bus 4604:00: No busn resource found for root bus, will use [bus 00-ff]
[    3.266674] pci_bus 28ca:00: busn_res: [bus 00-ff] end is updated to 00
[    3.273186] pci 4604:00:02.0: [15b3:101a] type 00 class 0x020000
[    3.274910] pci 28ca:00:00.0: BAR 0: assigned [mem 0xfc0400000-0xfc04fffff 64bit]
[    3.279960] pci 4604:00:02.0: reg 0x10: [mem 0xfc0500000-0xfc05fffff 64bit pref]
[    3.282729] nvme nvme2: pci function 28ca:00:00.0
[    3.287154] pci 4604:00:02.0: enabling Extended Tags
[    3.300475] nvme 28ca:00:00.0: enabling device (0000 -> 0002)
[    3.305898] pci 4604:00:02.0: 0.000 Gb/s available PCIe bandwidth, limited by Unknown x0 link at 4604:00:02.0 (capable of 252.048 Gb/s with 16.0 GT/s PCIe x16 link)
[    3.315918] pci_bus 4604:00: busn_res: [bus 00-ff] end is updated to 00
[    3.614819] nvme nvme2: 6/0/0 default/read/poll queues
[    3.679145] hv_pci 955bfbad-28ca-42bc-b299-47d14d76e0c3: cdx: create_root_hv_pci_bus: done
[    3.679176] pci 4604:00:02.0: BAR 0: assigned [mem 0xfc0500000-0xfc05fffff 64bit pref]
[    3.687423] hv_pci 84e4f1f3-4617-41a8-996b-549cedbabda4: PCI VMBus probing: Using version 0x10004
[    3.689497] hv_pci cfa808e0-4604-4f10-9c57-ec9270ab26a8: cdx: create_root_hv_pci_bus: done
[    3.699739] hv_pci 84e4f1f3-4617-41a8-996b-549cedbabda4: PCI host bridge to bus 4617:00
[    3.700349] hv_pci e7329dd2-ed86-43f7-93fa-514e6d821666: PCI VMBus probing: Using version 0x10004
[    3.703754] pci_bus 4617:00: root bus resource [mem 0xfc0600000-0xfc06fffff window]
[    3.703757] pci_bus 4617:00: No busn resource found for root bus, will use [bus 00-ff]
[    3.704305] pci 4617:00:00.0: [1414:b111] type 00 class 0x010802
[    3.709512] hv_pci e7329dd2-ed86-43f7-93fa-514e6d821666: PCI host bridge to bus ed86:00
[    3.715315] pci 4617:00:00.0: reg 0x10: [mem 0xfc0600000-0xfc06fffff 64bit]
[    3.719778] pci_bus ed86:00: root bus resource [mem 0xfc0700000-0xfc07fffff window]
[    3.728252] pci_bus 4617:00: busn_res: [bus 00-ff] end is updated to 00
[    3.728422] workqueue: vmbus_add_channel_work hogged CPU for >20000us 4 times, consider switching to WQ_UNBOUND
[    3.728430] pci_bus ed86:00: No busn resource found for root bus, will use [bus 00-ff]
[    3.733610] pci 4617:00:00.0: BAR 0: assigned [mem 0xfc0600000-0xfc06fffff 64bit]
[    3.739046] pci ed86:00:02.0: [15b3:101a] type 00 class 0x020000
[    3.746129] nvme nvme3: pci function 4617:00:00.0
[    3.753489] pci ed86:00:02.0: reg 0x10: [mem 0xfc0700000-0xfc07fffff 64bit pref]
[    3.768538] nvme 4617:00:00.0: enabling device (0000 -> 0002)
[    3.770753] pci ed86:00:02.0: enabling Extended Tags
[    3.790164] pci ed86:00:02.0: 0.000 Gb/s available PCIe bandwidth, limited by Unknown x0 link at ed86:00:02.0 (capable of 252.048 Gb/s with 16.0 GT/s PCIe x16 link)
[    3.799411] pci_bus ed86:00: busn_res: [bus 00-ff] end is updated to 00
[    4.088408] nvme nvme3: 6/0/0 default/read/poll queues
[    4.155529] hv_pci 84e4f1f3-4617-41a8-996b-549cedbabda4: cdx: create_root_hv_pci_bus: done
[    4.155552] pci ed86:00:02.0: BAR 0: assigned [mem 0xfc0700000-0xfc07fffff 64bit pref]
[    4.163877] hv_pci 83fa437d-2415-4b38-a4d1-432745571762: PCI VMBus probing: Using version 0x10004
[    4.165850] hv_pci e7329dd2-ed86-43f7-93fa-514e6d821666: cdx: create_root_hv_pci_bus: done
[    4.172860] hv_pci 83fa437d-2415-4b38-a4d1-432745571762: PCI host bridge to bus 2415:00
[    4.173418] hv_pci aa2881d9-449c-4d08-a293-4ed2a795a854: PCI VMBus probing: Using version 0x10004
[    4.176385] pci_bus 2415:00: root bus resource [mem 0xfc0800000-0xfc08fffff window]
[    4.181362] hv_pci aa2881d9-449c-4d08-a293-4ed2a795a854: PCI host bridge to bus 449c:00
[    4.184880] pci_bus 2415:00: No busn resource found for root bus, will use [bus 00-ff]
[    4.185538] pci 2415:00:00.0: [1414:b111] type 00 class 0x010802
[    4.188934] pci_bus 449c:00: root bus resource [mem 0xfc0900000-0xfc09fffff window]
[    4.195156] pci 2415:00:00.0: reg 0x10: [mem 0xfc0800000-0xfc08fffff 64bit]
[    4.197480] pci_bus 449c:00: No busn resource found for root bus, will use [bus 00-ff]
[    4.206248] pci_bus 2415:00: busn_res: [bus 00-ff] end is updated to 00
[    4.212073] pci 449c:00:02.0: [15b3:101a] type 00 class 0x020000
[    4.213971] pci 2415:00:00.0: BAR 0: assigned [mem 0xfc0800000-0xfc08fffff 64bit]
[    4.221846] pci 449c:00:02.0: reg 0x10: [mem 0xfc0900000-0xfc09fffff 64bit pref]
[    4.226149] nvme nvme4: pci function 2415:00:00.0
[    4.232269] pci 449c:00:02.0: enabling Extended Tags
[    4.246170] nvme 2415:00:00.0: enabling device (0000 -> 0002)
[    4.251664] pci 449c:00:02.0: 0.000 Gb/s available PCIe bandwidth, limited by Unknown x0 link at 449c:00:02.0 (capable of 252.048 Gb/s with 16.0 GT/s PCIe x16 link)
[    4.265131] pci_bus 449c:00: busn_res: [bus 00-ff] end is updated to 00
[    4.564657] nvme nvme4: 6/0/0 default/read/poll queues
[    4.628986] hv_pci 83fa437d-2415-4b38-a4d1-432745571762: cdx: create_root_hv_pci_bus: done
[    4.629014] pci 449c:00:02.0: BAR 0: assigned [mem 0xfc0900000-0xfc09fffff 64bit pref]
[    4.637575] hv_pci 36c888f6-ae7b-4e51-b1fb-4a17ade49c3c: PCI VMBus probing: Using version 0x10004
[    4.639606] hv_pci aa2881d9-449c-4d08-a293-4ed2a795a854: cdx: create_root_hv_pci_bus: done
[    4.649801] hv_pci 36c888f6-ae7b-4e51-b1fb-4a17ade49c3c: PCI host bridge to bus ae7b:00
[    4.650383] hv_pci c779b611-79f5-4c77-9be5-e7c959ce5ced: PCI VMBus probing: Using version 0x10004
[    4.653525] pci_bus ae7b:00: root bus resource [mem 0xfc0a00000-0xfc0afffff window]
[    4.662650] pci_bus ae7b:00: No busn resource found for root bus, will use [bus 00-ff]
[    4.667908] pci ae7b:00:00.0: [1414:b111] type 00 class 0x010802
[    4.671506] pci ae7b:00:00.0: reg 0x10: [mem 0xfc0a00000-0xfc0afffff 64bit]
[    4.678882] pci_bus ae7b:00: busn_res: [bus 00-ff] end is updated to 00
[    4.682683] pci ae7b:00:00.0: BAR 0: assigned [mem 0xfc0a00000-0xfc0afffff 64bit]
[    4.687359] nvme nvme5: pci function ae7b:00:00.0
[    4.702206] nvme ae7b:00:00.0: enabling device (0000 -> 0002)
[    5.007654] nvme nvme5: 6/0/0 default/read/poll queues
[    5.071299] hv_pci 36c888f6-ae7b-4e51-b1fb-4a17ade49c3c: cdx: create_root_hv_pci_bus: done
[    5.077310] hv_pci c779b611-79f5-4c77-9be5-e7c959ce5ced: PCI host bridge to bus 79f5:00
[    5.081498] pci_bus 79f5:00: root bus resource [mem 0xfc0b00000-0xfc0bfffff window]
[    5.086237] pci_bus 79f5:00: No busn resource found for root bus, will use [bus 00-ff]
[    5.091611] pci 79f5:00:02.0: [15b3:101a] type 00 class 0x020000
[    5.096537] pci 79f5:00:02.0: reg 0x10: [mem 0xfc0b00000-0xfc0bfffff 64bit pref]
[    5.104535] pci 79f5:00:02.0: enabling Extended Tags
[    5.112960] pci 79f5:00:02.0: 0.000 Gb/s available PCIe bandwidth, limited by Unknown x0 link at 79f5:00:02.0 (capable of 252.048 Gb/s with 16.0 GT/s PCIe x16 link)
[    5.122912] pci_bus 79f5:00: busn_res: [bus 00-ff] end is updated to 00
[    5.126763] pci 79f5:00:02.0: BAR 0: assigned [mem 0xfc0b00000-0xfc0bfffff 64bit pref]
[    5.132533] hv_pci c779b611-79f5-4c77-9be5-e7c959ce5ced: cdx: create_root_hv_pci_bus: done
[    5.137690] hv_pci 27cc3870-bcfb-496a-b6c4-047ab7963d24: PCI VMBus probing: Using version 0x10004
[    5.143448] hv_pci 27cc3870-bcfb-496a-b6c4-047ab7963d24: PCI host bridge to bus bcfb:00
[    5.147323] pci_bus bcfb:00: root bus resource [mem 0xfc0c00000-0xfc0cfffff window]
[    5.154300] pci_bus bcfb:00: No busn resource found for root bus, will use [bus 00-ff]
[    5.159279] pci bcfb:00:02.0: [15b3:101a] type 00 class 0x020000
[    5.164211] pci bcfb:00:02.0: reg 0x10: [mem 0xfc0c00000-0xfc0cfffff 64bit pref]
[    5.169231] pci bcfb:00:02.0: enabling Extended Tags
[    5.177719] pci bcfb:00:02.0: 0.000 Gb/s available PCIe bandwidth, limited by Unknown x0 link at bcfb:00:02.0 (capable of 252.048 Gb/s with 16.0 GT/s PCIe x16 link)
[    5.188601] pci_bus bcfb:00: busn_res: [bus 00-ff] end is updated to 00
[    5.192441] pci bcfb:00:02.0: BAR 0: assigned [mem 0xfc0c00000-0xfc0cfffff 64bit pref]
[    5.201638] hv_pci 27cc3870-bcfb-496a-b6c4-047ab7963d24: cdx: create_root_hv_pci_bus: done
[    5.206500] hv_pci c722f47f-5b54-4913-89e6-30871d1ed4b2: PCI VMBus probing: Using version 0x10004
[    5.212221] hv_pci c722f47f-5b54-4913-89e6-30871d1ed4b2: PCI host bridge to bus 5b54:00
[    5.216183] pci_bus 5b54:00: root bus resource [mem 0xfc0d00000-0xfc0dfffff window]
[    5.219892] pci_bus 5b54:00: No busn resource found for root bus, will use [bus 00-ff]
[    5.224664] pci 5b54:00:02.0: [15b3:101a] type 00 class 0x020000
[    5.231507] pci 5b54:00:02.0: reg 0x10: [mem 0xfc0d00000-0xfc0dfffff 64bit pref]
[    5.235516] workqueue: vmbus_add_channel_work hogged CPU for >20000us 8 times, consider switching to WQ_UNBOUND
[    5.247001] pci 5b54:00:02.0: enabling Extended Tags
[    5.259242] pci 5b54:00:02.0: 0.000 Gb/s available PCIe bandwidth, limited by Unknown x0 link at 5b54:00:02.0 (capable of 252.048 Gb/s with 16.0 GT/s PCIe x16 link)
[    5.270790] pci_bus 5b54:00: busn_res: [bus 00-ff] end is updated to 00
[    5.276360] pci 5b54:00:02.0: BAR 0: assigned [mem 0xfc0d00000-0xfc0dfffff 64bit pref]
[    5.282352] hv_pci c722f47f-5b54-4913-89e6-30871d1ed4b2: cdx: create_root_hv_pci_bus: done
[    5.308382] mlx5_core ef9a:00:02.0: enabling device (0000 -> 0002)
[    5.315549] mlx5_core ef9a:00:02.0: firmware version: 16.30.1278
[    5.456315] mlx5_core ef9a:00:02.0: cdx: hyperv_reg_block_invalidate: line 59: 1: pdev=ffff000109479000, ctxt=ffff00014064b800, func=mlx5_hv_vhca_invalidate+0x0/0x88 [mlx5_core]
[    5.464884] mlx5_core ef9a:00:02.0: cdx: hyperv_reg_block_invalidate: line 62: 2: pdev=ffff000109479000, ctxt=ffff00014064b800, func=mlx5_hv_vhca_invalidate+0x0/0x88 [mlx5_core], ret=0
[    5.473899] mlx5_core ef9a:00:02.0: mlx5_hv_vhca_init: success: pdev=ffff000109479000, hv_vhca=ffff00014064b800, agents_lock=ffff00014064b910
[    5.473902] mlx5_core ef9a:00:02.0: mlx5_hv_vhca_invalidate_work: 1: pdev=ffff000109479000, hv_vhca=ffff00014064b800, agents_lock=ffff00014064b910
[    5.483165] mlx5_core ef9a:00:02.0: mlx5_load: success: hv_vhca=ffff00014064b800
[    5.490296] mlx5_core ef9a:00:02.0: mlx5_hv_vhca_invalidate_work: 2: pdev=ffff000109479000, hv_vhca=ffff00014064b800, agents_lock=ffff00014064b910
[    5.498585] mlx5_core ef9a:00:02.0: mlx5_rescan_drivers_locked: 1: intf_state_mutex=ffff0001438ecd78, flag=0x0
[    5.506979] mlx5_core ef9a:00:02.0: mlx5_hv_vhca_invalidate_work: 3.1: pdev=ffff000109479000, hv_vhca=ffff00014064b800, agents_lock=ffff00014064b910, i=0
[    5.512267] mlx5_core ef9a:00:02.0: mlx5_rescan_drivers_locked: 2: intf_state_mutex=ffff0001438ecd78, flag=0x0
[    5.521040] mlx5_core ef9a:00:02.0: cdx: hyperv_read_cfg_blk: line 29: 1: pdev=ffff000109479000, buf=ffff00010569dd80, len=128, blk_id=0
[    5.528500] mlx5_core ef9a:00:02.0: delete_drivers: 1: intf_state_mutex=ffff0001438ecd78, flag=0x0
[    5.534860] mlx5_core ef9a:00:02.0: cdx: hyperv_read_cfg_blk: line 32: 2: pdev=ffff000109479000, buf=ffff00010569dd80, len=128, blk_id=0, out_len=128, ret=0
[    5.538893] mlx5_core ef9a:00:02.0: delete_drivers: 6: intf_state_mutex=ffff0001438ecd78, flag=0x0
[    5.538894] mlx5_core ef9a:00:02.0: mlx5_rescan_drivers_locked: 3: intf_state_mutex=ffff0001438ecd78, flag=0x0
[    5.548294] mlx5_core ef9a:00:02.0: cdx: hyperv_write_cfg_blk: line 44: 1: pdev=ffff000109479000, buf=ffff00010569dd80, len=128, blk_id=0
[    5.552645] mlx5_core ef9a:00:02.0: mlx5_rescan_drivers_locked: 4: intf_state_mutex=ffff0001438ecd78, flag=0x0
[    5.557855] mlx5_core ef9a:00:02.0: cdx: hyperv_write_cfg_blk: line 46: 2: pdev=ffff000109479000, buf=ffff00010569dd80, len=128, blk_id=0, ret=0
[    5.582186] mlx5_core ef9a:00:02.0: mlx5_hv_vhca_invalidate_work: 3.2: pdev=ffff000109479000, hv_vhca=ffff00014064b800, agents_lock=ffff00014064b910, i=0
[    5.589632] mlx5_core ef9a:00:02.0: mlx5_hv_vhca_invalidate_work: 3.3: pdev=ffff000109479000, hv_vhca=ffff00014064b800, agents_lock=ffff00014064b910
[    5.615435] mlx5_core ef9a:00:02.0: mlx5_hv_vhca_invalidate_work: 1: pdev=ffff000109479000, hv_vhca=ffff00014064b800, agents_lock=ffff00014064b910
[    5.615802] hv_netvsc 7c1e5207-170f-7c1e-5207-170f7c1e5207 eth0: VF registering: eth8
[    5.621990] mlx5_core ef9a:00:02.0: mlx5_hv_vhca_invalidate_work: 2: pdev=ffff000109479000, hv_vhca=ffff00014064b800, agents_lock=ffff00014064b910
[    5.621992] mlx5_core ef9a:00:02.0: mlx5_hv_vhca_invalidate_work: 3.1: pdev=ffff000109479000, hv_vhca=ffff00014064b800, agents_lock=ffff00014064b910, i=0
[    5.625968] mlx5_core ef9a:00:02.0 eth8: joined to eth0
[    5.631891] mlx5_core ef9a:00:02.0: cdx: hyperv_read_cfg_blk: line 29: 1: pdev=ffff000109479000, buf=ffff000105ab9700, len=128, blk_id=0
[    5.644648] mlx5_core ef9a:00:02.0: MLX5E: StrdRq(1) RqSz(8) StrdSz(256) RxCqeCmprss(0 basic)
[    5.648251] mlx5_core ef9a:00:02.0: cdx: hyperv_read_cfg_blk: line 32: 2: pdev=ffff000109479000, buf=ffff000105ab9700, len=128, blk_id=0, out_len=128, ret=0
[    5.658608] mlx5_core c3e2:00:02.0: enabling device (0000 -> 0002)
[    5.662437] mlx5_core ef9a:00:02.0: cdx: hyperv_write_cfg_blk: line 44: 1: pdev=ffff000109479000, buf=ffff000105ab9700, len=128, blk_id=0
[    5.668574] mlx5_core c3e2:00:02.0: firmware version: 16.30.1278
[    5.671720] mlx5_core ef9a:00:02.0: cdx: hyperv_write_cfg_blk: line 46: 2: pdev=ffff000109479000, buf=ffff000105ab9700, len=128, blk_id=0, ret=0
[    5.686805] mlx5_core ef9a:00:02.0: mlx5_hv_vhca_invalidate_work: 3.2: pdev=ffff000109479000, hv_vhca=ffff00014064b800, agents_lock=ffff00014064b910, i=0
[    5.694218] mlx5_core ef9a:00:02.0: mlx5_hv_vhca_invalidate_work: 3.3: pdev=ffff000109479000, hv_vhca=ffff00014064b800, agents_lock=ffff00014064b910
[    5.814387] mlx5_core c3e2:00:02.0: cdx: hyperv_reg_block_invalidate: line 59: 1: pdev=ffff00010947c000, ctxt=ffff00014065e800, func=mlx5_hv_vhca_invalidate+0x0/0x88 [mlx5_core]
[    5.823124] mlx5_core c3e2:00:02.0: cdx: hyperv_reg_block_invalidate: line 62: 2: pdev=ffff00010947c000, ctxt=ffff00014065e800, func=mlx5_hv_vhca_invalidate+0x0/0x88 [mlx5_core], ret=0
[    5.832685] mlx5_core c3e2:00:02.0: mlx5_hv_vhca_init: success: pdev=ffff00010947c000, hv_vhca=ffff00014065e800, agents_lock=ffff00014065e910
[    5.832688] mlx5_core c3e2:00:02.0: mlx5_hv_vhca_invalidate_work: 1: pdev=ffff00010947c000, hv_vhca=ffff00014065e800, agents_lock=ffff00014065e910
[    5.840928] mlx5_core c3e2:00:02.0: mlx5_load: success: hv_vhca=ffff00014065e800
[    5.848144] mlx5_core c3e2:00:02.0: mlx5_hv_vhca_invalidate_work: 2: pdev=ffff00010947c000, hv_vhca=ffff00014065e800, agents_lock=ffff00014065e910
[    5.848146] mlx5_core c3e2:00:02.0: mlx5_hv_vhca_invalidate_work: 3.1: pdev=ffff00010947c000, hv_vhca=ffff00014065e800, agents_lock=ffff00014065e910, i=0
[    5.851947] mlx5_core c3e2:00:02.0: mlx5_rescan_drivers_locked: 1: intf_state_mutex=ffff0001433ecd78, flag=0x0
[    5.859054] mlx5_core c3e2:00:02.0: cdx: hyperv_read_cfg_blk: line 29: 1: pdev=ffff00010947c000, buf=ffff00012bbb1880, len=128, blk_id=0
[    5.865802] mlx5_core c3e2:00:02.0: mlx5_rescan_drivers_locked: 2: intf_state_mutex=ffff0001433ecd78, flag=0x0
[    5.865804] mlx5_core c3e2:00:02.0: delete_drivers: 1: intf_state_mutex=ffff0001433ecd78, flag=0x0
[    5.865805] mlx5_core c3e2:00:02.0: delete_drivers: 6: intf_state_mutex=ffff0001433ecd78, flag=0x0
[    5.870701] mlx5_core c3e2:00:02.0: cdx: hyperv_read_cfg_blk: line 32: 2: pdev=ffff00010947c000, buf=ffff00012bbb1880, len=128, blk_id=0, out_len=128, ret=0
[    5.876525] mlx5_core c3e2:00:02.0: mlx5_rescan_drivers_locked: 3: intf_state_mutex=ffff0001433ecd78, flag=0x0
[    5.881451] mlx5_core c3e2:00:02.0: cdx: hyperv_write_cfg_blk: line 44: 1: pdev=ffff00010947c000, buf=ffff00012bbb1880, len=128, blk_id=0
[    5.885639] mlx5_core c3e2:00:02.0: mlx5_rescan_drivers_locked: 4: intf_state_mutex=ffff0001433ecd78, flag=0x0
[    5.890219] mlx5_core c3e2:00:02.0: cdx: hyperv_write_cfg_blk: line 46: 2: pdev=ffff00010947c000, buf=ffff00012bbb1880, len=128, blk_id=0, ret=0
[    5.930300] mlx5_core c3e2:00:02.0: mlx5_hv_vhca_invalidate_work: 3.2: pdev=ffff00010947c000, hv_vhca=ffff00014065e800, agents_lock=ffff00014065e910, i=0
[    5.937739] mlx5_core c3e2:00:02.0: mlx5_hv_vhca_invalidate_work: 3.3: pdev=ffff00010947c000, hv_vhca=ffff00014065e800, agents_lock=ffff00014065e910
[    5.948815] mlx5_core c3e2:00:02.0: mlx5_hv_vhca_invalidate_work: 1: pdev=ffff00010947c000, hv_vhca=ffff00014065e800, agents_lock=ffff00014065e910
[    5.949169] hv_netvsc 7c1e5207-1889-7c1e-5207-18897c1e5207 eth1: VF registering: eth9
[    5.956520] mlx5_core c3e2:00:02.0: mlx5_hv_vhca_invalidate_work: 2: pdev=ffff00010947c000, hv_vhca=ffff00014065e800, agents_lock=ffff00014065e910
[    5.956522] mlx5_core c3e2:00:02.0: mlx5_hv_vhca_invalidate_work: 3.1: pdev=ffff00010947c000, hv_vhca=ffff00014065e800, agents_lock=ffff00014065e910, i=0
[    5.956526] mlx5_core c3e2:00:02.0: cdx: hyperv_read_cfg_blk: line 29: 1: pdev=ffff00010947c000, buf=ffff000105ab9700, len=128, blk_id=0
[    5.960345] mlx5_core c3e2:00:02.0 eth9: joined to eth1
[    5.967541] mlx5_core c3e2:00:02.0: cdx: hyperv_read_cfg_blk: line 32: 2: pdev=ffff00010947c000, buf=ffff000105ab9700, len=128, blk_id=0, out_len=128, ret=0
[    5.980342] mlx5_core c3e2:00:02.0: MLX5E: StrdRq(1) RqSz(8) StrdSz(256) RxCqeCmprss(0 basic)
[    5.980990] mlx5_core c3e2:00:02.0: cdx: hyperv_write_cfg_blk: line 44: 1: pdev=ffff00010947c000, buf=ffff000105ab9700, len=128, blk_id=0
[    5.991452] mlx5_core 4604:00:02.0: enabling device (0000 -> 0002)
[    5.996540] mlx5_core c3e2:00:02.0: cdx: hyperv_write_cfg_blk: line 46: 2: pdev=ffff00010947c000, buf=ffff000105ab9700, len=128, blk_id=0, ret=0
[    6.009444] mlx5_core 4604:00:02.0: firmware version: 16.30.1278
[    6.012212] mlx5_core c3e2:00:02.0: mlx5_hv_vhca_invalidate_work: 3.2: pdev=ffff00010947c000, hv_vhca=ffff00014065e800, agents_lock=ffff00014065e910, i=0
[    6.042178] mlx5_core c3e2:00:02.0: mlx5_hv_vhca_invalidate_work: 3.3: pdev=ffff00010947c000, hv_vhca=ffff00014065e800, agents_lock=ffff00014065e910
[    6.154375] mlx5_core 4604:00:02.0: cdx: hyperv_reg_block_invalidate: line 59: 1: pdev=ffff00010947f000, ctxt=ffff00014661f400, func=mlx5_hv_vhca_invalidate+0x0/0x88 [mlx5_core]
[    6.163035] mlx5_core 4604:00:02.0: cdx: hyperv_reg_block_invalidate: line 62: 2: pdev=ffff00010947f000, ctxt=ffff00014661f400, func=mlx5_hv_vhca_invalidate+0x0/0x88 [mlx5_core], ret=0
[    6.171862] mlx5_core 4604:00:02.0: mlx5_hv_vhca_init: success: pdev=ffff00010947f000, hv_vhca=ffff00014661f400, agents_lock=ffff00014661f510
[    6.171864] mlx5_core 4604:00:02.0: mlx5_hv_vhca_invalidate_work: 1: pdev=ffff00010947f000, hv_vhca=ffff00014661f400, agents_lock=ffff00014661f510
[    6.180432] mlx5_core 4604:00:02.0: mlx5_load: success: hv_vhca=ffff00014661f400
[    6.184705] mlx5_core 4604:00:02.0: mlx5_hv_vhca_invalidate_work: 2: pdev=ffff00010947f000, hv_vhca=ffff00014661f400, agents_lock=ffff00014661f510
[    6.184707] mlx5_core 4604:00:02.0: mlx5_hv_vhca_invalidate_work: 3.1: pdev=ffff00010947f000, hv_vhca=ffff00014661f400, agents_lock=ffff00014661f510, i=0
[    6.184709] mlx5_core 4604:00:02.0: cdx: hyperv_read_cfg_blk: line 29: 1: pdev=ffff00010947f000, buf=ffff00010569dd80, len=128, blk_id=0
[    6.184935] mlx5_core 4604:00:02.0: cdx: hyperv_read_cfg_blk: line 32: 2: pdev=ffff00010947f000, buf=ffff00010569dd80, len=128, blk_id=0, out_len=128, ret=0
[    6.188898] mlx5_core 4604:00:02.0: mlx5_rescan_drivers_locked: 1: intf_state_mutex=ffff00014672cd78, flag=0x0
[    6.195269] mlx5_core 4604:00:02.0: cdx: hyperv_write_cfg_blk: line 44: 1: pdev=ffff00010947f000, buf=ffff00010569dd80, len=128, blk_id=0
[    6.201703] mlx5_core 4604:00:02.0: mlx5_rescan_drivers_locked: 2: intf_state_mutex=ffff00014672cd78, flag=0x0
[    6.201704] mlx5_core 4604:00:02.0: delete_drivers: 1: intf_state_mutex=ffff00014672cd78, flag=0x0
[    6.210890] mlx5_core 4604:00:02.0: cdx: hyperv_write_cfg_blk: line 46: 2: pdev=ffff00010947f000, buf=ffff00010569dd80, len=128, blk_id=0, ret=0
[    6.217129] mlx5_core 4604:00:02.0: delete_drivers: 6: intf_state_mutex=ffff00014672cd78, flag=0x0
[    6.221964] mlx5_core 4604:00:02.0: mlx5_hv_vhca_invalidate_work: 3.2: pdev=ffff00010947f000, hv_vhca=ffff00014661f400, agents_lock=ffff00014661f510, i=0
[    6.227696] mlx5_core 4604:00:02.0: mlx5_rescan_drivers_locked: 3: intf_state_mutex=ffff00014672cd78, flag=0x0
[    6.227697] mlx5_core 4604:00:02.0: mlx5_rescan_drivers_locked: 4: intf_state_mutex=ffff00014672cd78, flag=0x0
[    6.287243] mlx5_core 4604:00:02.0: mlx5_hv_vhca_invalidate_work: 3.3: pdev=ffff00010947f000, hv_vhca=ffff00014661f400, agents_lock=ffff00014661f510
[    6.287640] hv_netvsc 7c1e5207-17f4-7c1e-5207-17f47c1e5207 eth2: VF registering: eth10
[    6.294472] mlx5_core 4604:00:02.0: mlx5_hv_vhca_invalidate_work: 1: pdev=ffff00010947f000, hv_vhca=ffff00014661f400, agents_lock=ffff00014661f510
[    6.301178] mlx5_core 4604:00:02.0 eth10: joined to eth2
[    6.307401] mlx5_core 4604:00:02.0: mlx5_hv_vhca_invalidate_work: 2: pdev=ffff00010947f000, hv_vhca=ffff00014661f400, agents_lock=ffff00014661f510
[    6.307403] mlx5_core 4604:00:02.0: mlx5_hv_vhca_invalidate_work: 3.1: pdev=ffff00010947f000, hv_vhca=ffff00014661f400, agents_lock=ffff00014661f510, i=0
[    6.315835] mlx5_core 4604:00:02.0: MLX5E: StrdRq(1) RqSz(8) StrdSz(256) RxCqeCmprss(0 basic)
[    6.316253] mlx5_core 4604:00:02.0: cdx: hyperv_read_cfg_blk: line 29: 1: pdev=ffff00010947f000, buf=ffff00010569dd80, len=128, blk_id=0
[    6.326514] mlx5_core ed86:00:02.0: enabling device (0000 -> 0002)
[    6.327217] mlx5_core 4604:00:02.0: cdx: hyperv_read_cfg_blk: line 32: 2: pdev=ffff00010947f000, buf=ffff00010569dd80, len=128, blk_id=0, out_len=128, ret=0
[    6.336152] mlx5_core ed86:00:02.0: firmware version: 16.30.1278
[    6.336863] mlx5_core 4604:00:02.0: cdx: hyperv_write_cfg_blk: line 44: 1: pdev=ffff00010947f000, buf=ffff00010569dd80, len=128, blk_id=0
[    6.361676] mlx5_core 4604:00:02.0: cdx: hyperv_write_cfg_blk: line 46: 2: pdev=ffff00010947f000, buf=ffff00010569dd80, len=128, blk_id=0, ret=0
[    6.368752] mlx5_core 4604:00:02.0: mlx5_hv_vhca_invalidate_work: 3.2: pdev=ffff00010947f000, hv_vhca=ffff00014661f400, agents_lock=ffff00014661f510, i=0
[    6.376074] mlx5_core 4604:00:02.0: mlx5_hv_vhca_invalidate_work: 3.3: pdev=ffff00010947f000, hv_vhca=ffff00014661f400, agents_lock=ffff00014661f510
[    6.482087] mlx5_core ed86:00:02.0: cdx: hyperv_reg_block_invalidate: line 59: 1: pdev=ffff00013f5b6000, ctxt=ffff0001466a9200, func=mlx5_hv_vhca_invalidate+0x0/0x88 [mlx5_core]
[    6.492195] mlx5_core ed86:00:02.0: cdx: hyperv_reg_block_invalidate: line 62: 2: pdev=ffff00013f5b6000, ctxt=ffff0001466a9200, func=mlx5_hv_vhca_invalidate+0x0/0x88 [mlx5_core], ret=0
[    6.502474] mlx5_core ed86:00:02.0: mlx5_hv_vhca_init: success: pdev=ffff00013f5b6000, hv_vhca=ffff0001466a9200, agents_lock=ffff0001466a9310
[    6.502476] mlx5_core ed86:00:02.0: mlx5_hv_vhca_invalidate_work: 1: pdev=ffff00013f5b6000, hv_vhca=ffff0001466a9200, agents_lock=ffff0001466a9310
[    6.502480] mlx5_core ed86:00:02.0: mlx5_hv_vhca_invalidate_work: 2: pdev=ffff00013f5b6000, hv_vhca=ffff0001466a9200, agents_lock=ffff0001466a9310
[    6.515723] mlx5_core ed86:00:02.0: mlx5_load: success: hv_vhca=ffff0001466a9200
[    6.522131] mlx5_core ed86:00:02.0: mlx5_hv_vhca_invalidate_work: 3.1: pdev=ffff00013f5b6000, hv_vhca=ffff0001466a9200, agents_lock=ffff0001466a9310, i=0
[    6.530300] mlx5_core ed86:00:02.0: mlx5_rescan_drivers_locked: 1: intf_state_mutex=ffff0001471acd78, flag=0x0
[    6.534100] mlx5_core ed86:00:02.0: cdx: hyperv_read_cfg_blk: line 29: 1: pdev=ffff00013f5b6000, buf=ffff000105b9a380, len=128, blk_id=0
[    6.542949] mlx5_core ed86:00:02.0: mlx5_rescan_drivers_locked: 2: intf_state_mutex=ffff0001471acd78, flag=0x0
[    6.548147] mlx5_core ed86:00:02.0: cdx: hyperv_read_cfg_blk: line 32: 2: pdev=ffff00013f5b6000, buf=ffff000105b9a380, len=128, blk_id=0, out_len=128, ret=0
[    6.557701] mlx5_core ed86:00:02.0: delete_drivers: 1: intf_state_mutex=ffff0001471acd78, flag=0x0
[    6.562421] mlx5_core ed86:00:02.0: cdx: hyperv_write_cfg_blk: line 44: 1: pdev=ffff00013f5b6000, buf=ffff000105b9a380, len=128, blk_id=0
[    6.569022] mlx5_core ed86:00:02.0: delete_drivers: 6: intf_state_mutex=ffff0001471acd78, flag=0x0
[    6.573509] mlx5_core ed86:00:02.0: cdx: hyperv_write_cfg_blk: line 46: 2: pdev=ffff00013f5b6000, buf=ffff000105b9a380, len=128, blk_id=0, ret=0
[    6.579170] mlx5_core ed86:00:02.0: mlx5_rescan_drivers_locked: 3: intf_state_mutex=ffff0001471acd78, flag=0x0
[    6.579171] mlx5_core ed86:00:02.0: mlx5_rescan_drivers_locked: 4: intf_state_mutex=ffff0001471acd78, flag=0x0
[    6.583631] mlx5_core ed86:00:02.0: mlx5_hv_vhca_invalidate_work: 3.2: pdev=ffff00013f5b6000, hv_vhca=ffff0001466a9200, agents_lock=ffff0001466a9310, i=0
[    6.618385] mlx5_core ed86:00:02.0: mlx5_hv_vhca_invalidate_work: 3.3: pdev=ffff00013f5b6000, hv_vhca=ffff0001466a9200, agents_lock=ffff0001466a9310
[    6.641519] mlx5_core ed86:00:02.0: mlx5_hv_vhca_invalidate_work: 1: pdev=ffff00013f5b6000, hv_vhca=ffff0001466a9200, agents_lock=ffff0001466a9310
[    6.641950] hv_netvsc 7c1e5207-185b-7c1e-5207-185b7c1e5207 eth3: VF registering: eth11
[    6.651422] mlx5_core ed86:00:02.0: mlx5_hv_vhca_invalidate_work: 2: pdev=ffff00013f5b6000, hv_vhca=ffff0001466a9200, agents_lock=ffff0001466a9310
[    6.655382] mlx5_core ed86:00:02.0 eth11: joined to eth3
[    6.661861] mlx5_core ed86:00:02.0: mlx5_hv_vhca_invalidate_work: 3.1: pdev=ffff00013f5b6000, hv_vhca=ffff0001466a9200, agents_lock=ffff0001466a9310, i=0
[    6.670307] mlx5_core ed86:00:02.0: MLX5E: StrdRq(1) RqSz(8) StrdSz(256) RxCqeCmprss(0 basic)
[    6.670642] mlx5_core ed86:00:02.0: cdx: hyperv_read_cfg_blk: line 29: 1: pdev=ffff00013f5b6000, buf=ffff000125ef3d00, len=128, blk_id=0
[    6.678906] mlx5_core 449c:00:02.0: enabling device (0000 -> 0002)
[    6.681439] mlx5_core ed86:00:02.0: cdx: hyperv_read_cfg_blk: line 32: 2: pdev=ffff00013f5b6000, buf=ffff000125ef3d00, len=128, blk_id=0, out_len=128, ret=0
[    6.687375] mlx5_core 449c:00:02.0: firmware version: 16.30.1278
[    6.694680] mlx5_core ed86:00:02.0: cdx: hyperv_write_cfg_blk: line 44: 1: pdev=ffff00013f5b6000, buf=ffff000125ef3d00, len=128, blk_id=0
[    6.709829] mlx5_core ed86:00:02.0: cdx: hyperv_write_cfg_blk: line 46: 2: pdev=ffff00013f5b6000, buf=ffff000125ef3d00, len=128, blk_id=0, ret=0
[    6.717068] mlx5_core ed86:00:02.0: mlx5_hv_vhca_invalidate_work: 3.2: pdev=ffff00013f5b6000, hv_vhca=ffff0001466a9200, agents_lock=ffff0001466a9310, i=0
[    6.724717] mlx5_core ed86:00:02.0: mlx5_hv_vhca_invalidate_work: 3.3: pdev=ffff00013f5b6000, hv_vhca=ffff0001466a9200, agents_lock=ffff0001466a9310
[    6.834976] mlx5_core 449c:00:02.0: cdx: hyperv_reg_block_invalidate: line 59: 1: pdev=ffff00013f5b2000, ctxt=ffff000142beae00, func=mlx5_hv_vhca_invalidate+0x0/0x88 [mlx5_core]
[    6.843131] mlx5_core 449c:00:02.0: cdx: hyperv_reg_block_invalidate: line 62: 2: pdev=ffff00013f5b2000, ctxt=ffff000142beae00, func=mlx5_hv_vhca_invalidate+0x0/0x88 [mlx5_core], ret=0
[    6.856597] mlx5_core 449c:00:02.0: mlx5_hv_vhca_init: success: pdev=ffff00013f5b2000, hv_vhca=ffff000142beae00, agents_lock=ffff000142beaf10
[    6.856598] mlx5_core 449c:00:02.0: mlx5_hv_vhca_invalidate_work: 1: pdev=ffff00013f5b2000, hv_vhca=ffff000142beae00, agents_lock=ffff000142beaf10
[    6.858959] mlx5_core 449c:00:02.0: mlx5_load: success: hv_vhca=ffff000142beae00
[    6.862938] mlx5_core 449c:00:02.0: mlx5_hv_vhca_invalidate_work: 2: pdev=ffff00013f5b2000, hv_vhca=ffff000142beae00, agents_lock=ffff000142beaf10
[    6.862940] mlx5_core 449c:00:02.0: mlx5_hv_vhca_invalidate_work: 3.1: pdev=ffff00013f5b2000, hv_vhca=ffff000142beae00, agents_lock=ffff000142beaf10, i=0
[    6.869394] mlx5_core 449c:00:02.0: mlx5_rescan_drivers_locked: 1: intf_state_mutex=ffff000147bacd78, flag=0x0
[    6.872915] mlx5_core 449c:00:02.0: cdx: hyperv_read_cfg_blk: line 29: 1: pdev=ffff00013f5b2000, buf=ffff000105b9a380, len=128, blk_id=0
[    6.878840] mlx5_core 449c:00:02.0: mlx5_rescan_drivers_locked: 2: intf_state_mutex=ffff000147bacd78, flag=0x0
[    6.885538] mlx5_core 449c:00:02.0: cdx: hyperv_read_cfg_blk: line 32: 2: pdev=ffff00013f5b2000, buf=ffff000105b9a380, len=128, blk_id=0, out_len=128, ret=0
[    6.889888] mlx5_core 449c:00:02.0: delete_drivers: 1: intf_state_mutex=ffff000147bacd78, flag=0x0
[    6.895433] mlx5_core 449c:00:02.0: cdx: hyperv_write_cfg_blk: line 44: 1: pdev=ffff00013f5b2000, buf=ffff000105b9a380, len=128, blk_id=0
[    6.903297] mlx5_core 449c:00:02.0: delete_drivers: 6: intf_state_mutex=ffff000147bacd78, flag=0x0
[    6.903298] mlx5_core 449c:00:02.0: mlx5_rescan_drivers_locked: 3: intf_state_mutex=ffff000147bacd78, flag=0x0
[    6.910189] mlx5_core 449c:00:02.0: cdx: hyperv_write_cfg_blk: line 46: 2: pdev=ffff00013f5b2000, buf=ffff000105b9a380, len=128, blk_id=0, ret=0
[    6.914120] mlx5_core 449c:00:02.0: mlx5_rescan_drivers_locked: 4: intf_state_mutex=ffff000147bacd78, flag=0x0
[    6.948169] mlx5_core 449c:00:02.0: mlx5_hv_vhca_invalidate_work: 3.2: pdev=ffff00013f5b2000, hv_vhca=ffff000142beae00, agents_lock=ffff000142beaf10, i=0
[    6.955529] mlx5_core 449c:00:02.0: mlx5_hv_vhca_invalidate_work: 3.3: pdev=ffff00013f5b2000, hv_vhca=ffff000142beae00, agents_lock=ffff000142beaf10
[    6.966617] mlx5_core 449c:00:02.0: mlx5_hv_vhca_invalidate_work: 1: pdev=ffff00013f5b2000, hv_vhca=ffff000142beae00, agents_lock=ffff000142beaf10
[    6.966936] hv_netvsc 7c1e5207-199e-7c1e-5207-199e7c1e5207 eth4: VF registering: eth12
[    6.972631] mlx5_core 449c:00:02.0: mlx5_hv_vhca_invalidate_work: 2: pdev=ffff00013f5b2000, hv_vhca=ffff000142beae00, agents_lock=ffff000142beaf10
[    6.976666] mlx5_core 449c:00:02.0 eth12: joined to eth4
[    6.982607] mlx5_core 449c:00:02.0: mlx5_hv_vhca_invalidate_work: 3.1: pdev=ffff00013f5b2000, hv_vhca=ffff000142beae00, agents_lock=ffff000142beaf10, i=0
[    6.990892] mlx5_core 449c:00:02.0: MLX5E: StrdRq(1) RqSz(8) StrdSz(256) RxCqeCmprss(0 basic)
[    6.995585] mlx5_core 449c:00:02.0: cdx: hyperv_read_cfg_blk: line 29: 1: pdev=ffff00013f5b2000, buf=ffff000125ef3d00, len=128, blk_id=0
[    7.006457] mlx5_core 79f5:00:02.0: enabling device (0000 -> 0002)
[    7.009969] mlx5_core 449c:00:02.0: cdx: hyperv_read_cfg_blk: line 32: 2: pdev=ffff00013f5b2000, buf=ffff000125ef3d00, len=128, blk_id=0, out_len=128, ret=0
[    7.016821] mlx5_core 79f5:00:02.0: firmware version: 16.30.1278
[    7.021941] mlx5_core 449c:00:02.0: cdx: hyperv_write_cfg_blk: line 44: 1: pdev=ffff00013f5b2000, buf=ffff000125ef3d00, len=128, blk_id=0
[    7.040910] mlx5_core 449c:00:02.0: cdx: hyperv_write_cfg_blk: line 46: 2: pdev=ffff00013f5b2000, buf=ffff000125ef3d00, len=128, blk_id=0, ret=0
[    7.048722] mlx5_core 449c:00:02.0: mlx5_hv_vhca_invalidate_work: 3.2: pdev=ffff00013f5b2000, hv_vhca=ffff000142beae00, agents_lock=ffff000142beaf10, i=0
[    7.060826] mlx5_core 449c:00:02.0: mlx5_hv_vhca_invalidate_work: 3.3: pdev=ffff00013f5b2000, hv_vhca=ffff000142beae00, agents_lock=ffff000142beaf10
[    7.166377] mlx5_core 79f5:00:02.0: cdx: hyperv_reg_block_invalidate: line 59: 1: pdev=ffff00013f5b0000, ctxt=ffff000142bfea00, func=mlx5_hv_vhca_invalidate+0x0/0x88 [mlx5_core]
[    7.174819] mlx5_core 79f5:00:02.0: cdx: hyperv_reg_block_invalidate: line 62: 2: pdev=ffff00013f5b0000, ctxt=ffff000142bfea00, func=mlx5_hv_vhca_invalidate+0x0/0x88 [mlx5_core], ret=0
[    7.184840] mlx5_core 79f5:00:02.0: mlx5_hv_vhca_init: success: pdev=ffff00013f5b0000, hv_vhca=ffff000142bfea00, agents_lock=ffff000142bfeb10
[    7.184842] mlx5_core 79f5:00:02.0: mlx5_hv_vhca_invalidate_work: 1: pdev=ffff00013f5b0000, hv_vhca=ffff000142bfea00, agents_lock=ffff000142bfeb10
[    7.184846] mlx5_core 79f5:00:02.0: mlx5_hv_vhca_invalidate_work: 2: pdev=ffff00013f5b0000, hv_vhca=ffff000142bfea00, agents_lock=ffff000142bfeb10
[    7.193189] mlx5_core 79f5:00:02.0: mlx5_load: success: hv_vhca=ffff000142bfea00
[    7.200141] mlx5_core 79f5:00:02.0: mlx5_hv_vhca_invalidate_work: 3.1: pdev=ffff00013f5b0000, hv_vhca=ffff000142bfea00, agents_lock=ffff000142bfeb10, i=0
[    7.207513] mlx5_core 79f5:00:02.0: mlx5_rescan_drivers_locked: 1: intf_state_mutex=ffff00014856cd78, flag=0x0
[    7.211026] mlx5_core 79f5:00:02.0: cdx: hyperv_read_cfg_blk: line 29: 1: pdev=ffff00013f5b0000, buf=ffff00010569dd80, len=128, blk_id=0
[    7.217282] mlx5_core 79f5:00:02.0: mlx5_rescan_drivers_locked: 2: intf_state_mutex=ffff00014856cd78, flag=0x0
[    7.222107] mlx5_core 79f5:00:02.0: cdx: hyperv_read_cfg_blk: line 32: 2: pdev=ffff00013f5b0000, buf=ffff00010569dd80, len=128, blk_id=0, out_len=128, ret=0
[    7.227761] mlx5_core 79f5:00:02.0: delete_drivers: 1: intf_state_mutex=ffff00014856cd78, flag=0x0
[    7.232722] mlx5_core 79f5:00:02.0: cdx: hyperv_write_cfg_blk: line 44: 1: pdev=ffff00013f5b0000, buf=ffff00010569dd80, len=128, blk_id=0
[    7.232922] mlx5_core 79f5:00:02.0: cdx: hyperv_write_cfg_blk: line 46: 2: pdev=ffff00013f5b0000, buf=ffff00010569dd80, len=128, blk_id=0, ret=0
[    7.239315] mlx5_core 79f5:00:02.0: delete_drivers: 6: intf_state_mutex=ffff00014856cd78, flag=0x0
[    7.239317] mlx5_core 79f5:00:02.0: mlx5_rescan_drivers_locked: 3: intf_state_mutex=ffff00014856cd78, flag=0x0
[    7.243744] mlx5_core 79f5:00:02.0: mlx5_hv_vhca_invalidate_work: 3.2: pdev=ffff00013f5b0000, hv_vhca=ffff000142bfea00, agents_lock=ffff000142bfeb10, i=0
[    7.256609] mlx5_core 79f5:00:02.0: mlx5_rescan_drivers_locked: 4: intf_state_mutex=ffff00014856cd78, flag=0x0
[    7.264070] mlx5_core 79f5:00:02.0: mlx5_hv_vhca_invalidate_work: 3.3: pdev=ffff00013f5b0000, hv_vhca=ffff000142bfea00, agents_lock=ffff000142bfeb10
[    7.321368] mlx5_core 79f5:00:02.0: mlx5_hv_vhca_invalidate_work: 1: pdev=ffff00013f5b0000, hv_vhca=ffff000142bfea00, agents_lock=ffff000142bfeb10
[    7.321732] hv_netvsc 7c1e5207-14d1-7c1e-5207-14d17c1e5207 eth5: VF registering: eth13
[    7.328297] mlx5_core 79f5:00:02.0: mlx5_hv_vhca_invalidate_work: 2: pdev=ffff00013f5b0000, hv_vhca=ffff000142bfea00, agents_lock=ffff000142bfeb10
[    7.332312] mlx5_core 79f5:00:02.0 eth13: joined to eth5
[    7.338462] mlx5_core 79f5:00:02.0: mlx5_hv_vhca_invalidate_work: 3.1: pdev=ffff00013f5b0000, hv_vhca=ffff000142bfea00, agents_lock=ffff000142bfeb10, i=0
[    7.346710] mlx5_core 79f5:00:02.0: MLX5E: StrdRq(1) RqSz(8) StrdSz(256) RxCqeCmprss(0 basic)
[    7.347299] mlx5_core 79f5:00:02.0: cdx: hyperv_read_cfg_blk: line 29: 1: pdev=ffff00013f5b0000, buf=ffff000125ef3d00, len=128, blk_id=0
[    7.358940] mlx5_core bcfb:00:02.0: enabling device (0000 -> 0002)
[    7.361775] mlx5_core 79f5:00:02.0: cdx: hyperv_read_cfg_blk: line 32: 2: pdev=ffff00013f5b0000, buf=ffff000125ef3d00, len=128, blk_id=0, out_len=128, ret=0
[    7.368202] mlx5_core bcfb:00:02.0: firmware version: 16.30.1278
[    7.372300] mlx5_core 79f5:00:02.0: cdx: hyperv_write_cfg_blk: line 44: 1: pdev=ffff00013f5b0000, buf=ffff000125ef3d00, len=128, blk_id=0
[    7.388347] mlx5_core 79f5:00:02.0: cdx: hyperv_write_cfg_blk: line 46: 2: pdev=ffff00013f5b0000, buf=ffff000125ef3d00, len=128, blk_id=0, ret=0
[    7.395362] mlx5_core 79f5:00:02.0: mlx5_hv_vhca_invalidate_work: 3.2: pdev=ffff00013f5b0000, hv_vhca=ffff000142bfea00, agents_lock=ffff000142bfeb10, i=0
[    7.406171] mlx5_core 79f5:00:02.0: mlx5_hv_vhca_invalidate_work: 3.3: pdev=ffff00013f5b0000, hv_vhca=ffff000142bfea00, agents_lock=ffff000142bfeb10
[    7.519326] mlx5_core bcfb:00:02.0: cdx: hyperv_reg_block_invalidate: line 59: 1: pdev=ffff00013f5b3000, ctxt=ffff000148eb6c00, func=mlx5_hv_vhca_invalidate+0x0/0x88 [mlx5_core]
[    7.529687] mlx5_core bcfb:00:02.0: cdx: hyperv_reg_block_invalidate: line 62: 2: pdev=ffff00013f5b3000, ctxt=ffff000148eb6c00, func=mlx5_hv_vhca_invalidate+0x0/0x88 [mlx5_core], ret=0
[    7.540343] mlx5_core bcfb:00:02.0: mlx5_hv_vhca_init: success: pdev=ffff00013f5b3000, hv_vhca=ffff000148eb6c00, agents_lock=ffff000148eb6d10
[    7.540345] mlx5_core bcfb:00:02.0: mlx5_hv_vhca_invalidate_work: 1: pdev=ffff00013f5b3000, hv_vhca=ffff000148eb6c00, agents_lock=ffff000148eb6d10
[    7.542596] mlx5_core bcfb:00:02.0: mlx5_load: success: hv_vhca=ffff000148eb6c00
[    7.551544] mlx5_core bcfb:00:02.0: mlx5_hv_vhca_invalidate_work: 2: pdev=ffff00013f5b3000, hv_vhca=ffff000148eb6c00, agents_lock=ffff000148eb6d10
[    7.551546] mlx5_core bcfb:00:02.0: mlx5_hv_vhca_invalidate_work: 3.1: pdev=ffff00013f5b3000, hv_vhca=ffff000148eb6c00, agents_lock=ffff000148eb6d10, i=0
[    7.551547] mlx5_core bcfb:00:02.0: cdx: hyperv_read_cfg_blk: line 29: 1: pdev=ffff00013f5b3000, buf=ffff00010569dd80, len=128, blk_id=0
[    7.557584] mlx5_core bcfb:00:02.0: mlx5_rescan_drivers_locked: 1: intf_state_mutex=ffff000148fecd78, flag=0x0
[    7.561356] mlx5_core bcfb:00:02.0: cdx: hyperv_read_cfg_blk: line 32: 2: pdev=ffff00013f5b3000, buf=ffff00010569dd80, len=128, blk_id=0, out_len=128, ret=0
[    7.567271] mlx5_core bcfb:00:02.0: mlx5_rescan_drivers_locked: 2: intf_state_mutex=ffff000148fecd78, flag=0x0
[    7.567272] mlx5_core bcfb:00:02.0: delete_drivers: 1: intf_state_mutex=ffff000148fecd78, flag=0x0
[    7.573956] mlx5_core bcfb:00:02.0: cdx: hyperv_write_cfg_blk: line 44: 1: pdev=ffff00013f5b3000, buf=ffff00010569dd80, len=128, blk_id=0
[    7.579608] mlx5_core bcfb:00:02.0: delete_drivers: 6: intf_state_mutex=ffff000148fecd78, flag=0x0
[    7.584264] mlx5_core bcfb:00:02.0: cdx: hyperv_write_cfg_blk: line 46: 2: pdev=ffff00013f5b3000, buf=ffff00010569dd80, len=128, blk_id=0, ret=0
[    7.590658] mlx5_core bcfb:00:02.0: mlx5_rescan_drivers_locked: 3: intf_state_mutex=ffff000148fecd78, flag=0x0
[    7.590659] mlx5_core bcfb:00:02.0: mlx5_rescan_drivers_locked: 4: intf_state_mutex=ffff000148fecd78, flag=0x0
[    7.595315] mlx5_core bcfb:00:02.0: mlx5_hv_vhca_invalidate_work: 3.2: pdev=ffff00013f5b3000, hv_vhca=ffff000148eb6c00, agents_lock=ffff000148eb6d10, i=0
[    7.643586] mlx5_core bcfb:00:02.0: mlx5_hv_vhca_invalidate_work: 3.3: pdev=ffff00013f5b3000, hv_vhca=ffff000148eb6c00, agents_lock=ffff000148eb6d10
[    7.652066] mlx5_core bcfb:00:02.0: mlx5_hv_vhca_invalidate_work: 1: pdev=ffff00013f5b3000, hv_vhca=ffff000148eb6c00, agents_lock=ffff000148eb6d10
[    7.652419] hv_netvsc 7c1e5207-1b61-7c1e-5207-1b617c1e5207 eth6: VF registering: eth14
[    7.661204] mlx5_core bcfb:00:02.0: mlx5_hv_vhca_invalidate_work: 2: pdev=ffff00013f5b3000, hv_vhca=ffff000148eb6c00, agents_lock=ffff000148eb6d10
[    7.661206] mlx5_core bcfb:00:02.0: mlx5_hv_vhca_invalidate_work: 3.1: pdev=ffff00013f5b3000, hv_vhca=ffff000148eb6c00, agents_lock=ffff000148eb6d10, i=0
[    7.664987] mlx5_core bcfb:00:02.0 eth14: joined to eth6
[    7.671541] mlx5_core bcfb:00:02.0: cdx: hyperv_read_cfg_blk: line 29: 1: pdev=ffff00013f5b3000, buf=ffff000125ef3d00, len=128, blk_id=0
[    7.684135] mlx5_core bcfb:00:02.0: MLX5E: StrdRq(1) RqSz(8) StrdSz(256) RxCqeCmprss(0 basic)
[    7.690629] mlx5_core bcfb:00:02.0: cdx: hyperv_read_cfg_blk: line 32: 2: pdev=ffff00013f5b3000, buf=ffff000125ef3d00, len=128, blk_id=0, out_len=128, ret=0
[    7.703291] mlx5_core 5b54:00:02.0: enabling device (0000 -> 0002)
[    7.706415] mlx5_core bcfb:00:02.0: cdx: hyperv_write_cfg_blk: line 44: 1: pdev=ffff00013f5b3000, buf=ffff000125ef3d00, len=128, blk_id=0
[    7.706616] mlx5_core bcfb:00:02.0: cdx: hyperv_write_cfg_blk: line 46: 2: pdev=ffff00013f5b3000, buf=ffff000125ef3d00, len=128, blk_id=0, ret=0
[    7.712552] mlx5_core 5b54:00:02.0: firmware version: 16.30.1278
[    7.715346] mlx5_core bcfb:00:02.0: mlx5_hv_vhca_invalidate_work: 3.2: pdev=ffff00013f5b3000, hv_vhca=ffff000148eb6c00, agents_lock=ffff000148eb6d10, i=0
[    7.738597] mlx5_core bcfb:00:02.0: mlx5_hv_vhca_invalidate_work: 3.3: pdev=ffff00013f5b3000, hv_vhca=ffff000148eb6c00, agents_lock=ffff000148eb6d10
[    7.861303] mlx5_core 5b54:00:02.0: cdx: hyperv_reg_block_invalidate: line 59: 1: pdev=ffff000142b72000, ctxt=ffff000148f02a00, func=mlx5_hv_vhca_invalidate+0x0/0x88 [mlx5_core]
[    7.869794] mlx5_core 5b54:00:02.0: cdx: hyperv_reg_block_invalidate: line 62: 2: pdev=ffff000142b72000, ctxt=ffff000148f02a00, func=mlx5_hv_vhca_invalidate+0x0/0x88 [mlx5_core], ret=0
[    7.879126] mlx5_core 5b54:00:02.0: mlx5_hv_vhca_invalidate_work: 1: pdev=ffff000142b72000, hv_vhca=ffff000148f02a00, agents_lock=ffff000148f02b10
[    7.879125] mlx5_core 5b54:00:02.0: mlx5_hv_vhca_init: success: pdev=ffff000142b72000, hv_vhca=ffff000148f02a00, agents_lock=ffff000148f02b10
[    7.881271] mlx5_core 5b54:00:02.0: mlx5_load: success: hv_vhca=ffff000148f02a00
[    7.885385] mlx5_core 5b54:00:02.0: mlx5_hv_vhca_invalidate_work: 2: pdev=ffff000142b72000, hv_vhca=ffff000148f02a00, agents_lock=ffff000148f02b10
[    7.885386] mlx5_core 5b54:00:02.0: mlx5_hv_vhca_invalidate_work: 3.1: pdev=ffff000142b72000, hv_vhca=ffff000148f02a00, agents_lock=ffff000148f02b10, i=0
[    7.891695] mlx5_core 5b54:00:02.0: mlx5_rescan_drivers_locked: 1: intf_state_mutex=ffff00014996cd78, flag=0x0
[    7.895450] mlx5_core 5b54:00:02.0: cdx: hyperv_read_cfg_blk: line 29: 1: pdev=ffff000142b72000, buf=ffff00010569dd80, len=128, blk_id=0
[    7.902096] mlx5_core 5b54:00:02.0: mlx5_rescan_drivers_locked: 2: intf_state_mutex=ffff00014996cd78, flag=0x0
[    7.902097] mlx5_core 5b54:00:02.0: delete_drivers: 1: intf_state_mutex=ffff00014996cd78, flag=0x0
[    7.911657] mlx5_core 5b54:00:02.0: cdx: hyperv_read_cfg_blk: line 32: 2: pdev=ffff000142b72000, buf=ffff00010569dd80, len=128, blk_id=0, out_len=128, ret=0
[    7.916050] mlx5_core 5b54:00:02.0: delete_drivers: 6: intf_state_mutex=ffff00014996cd78, flag=0x0
[    7.921791] mlx5_core 5b54:00:02.0: cdx: hyperv_write_cfg_blk: line 44: 1: pdev=ffff000142b72000, buf=ffff00010569dd80, len=128, blk_id=0
[    7.926721] mlx5_core 5b54:00:02.0: mlx5_rescan_drivers_locked: 3: intf_state_mutex=ffff00014996cd78, flag=0x0
[    7.931224] mlx5_core 5b54:00:02.0: cdx: hyperv_write_cfg_blk: line 46: 2: pdev=ffff000142b72000, buf=ffff00010569dd80, len=128, blk_id=0, ret=0
[    7.937852] mlx5_core 5b54:00:02.0: mlx5_rescan_drivers_locked: 4: intf_state_mutex=ffff00014996cd78, flag=0x0
[    7.977024] mlx5_core 5b54:00:02.0: mlx5_hv_vhca_invalidate_work: 3.2: pdev=ffff000142b72000, hv_vhca=ffff000148f02a00, agents_lock=ffff000148f02b10, i=0
[    7.984918] mlx5_core 5b54:00:02.0: mlx5_hv_vhca_invalidate_work: 3.3: pdev=ffff000142b72000, hv_vhca=ffff000148f02a00, agents_lock=ffff000148f02b10
[    7.990911] hv_netvsc 7c1e5207-1c19-7c1e-5207-1c197c1e5207 eth7: VF registering: eth15
[    7.992161] mlx5_core 5b54:00:02.0: mlx5_hv_vhca_invalidate_work: 1: pdev=ffff000142b72000, hv_vhca=ffff000148f02a00, agents_lock=ffff000148f02b10
