[    0.000000] Booting Linux on physical CPU 0x0000000000 [0x410fd490]
[    0.000000] Linux version 6.11.0-rc5-decui+ (root@lisa--891-e0-n0) (gcc (Ubuntu 11.4.0-1ubuntu1~22.04) 11.4.0, GNU ld (GNU Binutils for Ubuntu) 2.38) #2 SMP Fri Sep 27 17:50:58 UTC 2024
[    0.000000] KASLR enabled
[    0.000000] earlycon: pl11 at MMIO 0x00000000effec000 (options '')
[    0.000000] printk: legacy bootconsole [pl11] enabled
[    0.000000] printk: debug: ignoring loglevel setting.
[    0.000000] efi: EFI v2.7 by EDK II
[    0.000000] efi: ACPI 2.0=0x3fd5f018 SMBIOS=0x3e580000 SMBIOS 3.0=0x3e560000 MEMATTR=0x3f21a698 MOKvar=0x3e460000 RNG=0x3fd5f818 MEMRESERVE=0x3e476298 
[    0.000000] random: crng init done
[    0.000000] ACPI: Early table checksum verification disabled
[    0.000000] ACPI: RSDP 0x000000003FD5F018 000024 (v02 VRTUAL)
[    0.000000] ACPI: XSDT 0x000000003FD5FF18 00006C (v01 VRTUAL MICROSFT 00000001 MSFT 00000001)
[    0.000000] ACPI: FACP 0x000000003FD5FC18 000114 (v06 VRTUAL MICROSFT 00000001 MSFT 00000001)
[    0.000000] ACPI: DSDT 0x000000003FD40018 01E296 (v02 MSFTVM DSDT01   00000001 MSFT 05000000)
[    0.000000] ACPI: DBG2 0x000000003FD5FB18 000072 (v00 VRTUAL MICROSFT 00000001 MSFT 00000001)
[    0.000000] ACPI: GTDT 0x000000003FD5FD98 000060 (v02 VRTUAL MICROSFT 00000001 MSFT 00000001)
[    0.000000] ACPI: OEM0 0x000000003FD5F098 000064 (v01 VRTUAL MICROSFT 00000001 MSFT 00000001)
[    0.000000] ACPI: SPCR 0x000000003FD5FA98 000050 (v02 VRTUAL MICROSFT 00000001 MSFT 00000001)
[    0.000000] ACPI: APIC 0x000000003FD3F018 000F5C (v04 VRTUAL MICROSFT 00000001 MSFT 00000001)
[    0.000000] ACPI: SRAT 0x000000003FD5F198 000570 (v03 VRTUAL MICROSFT 00000001 MSFT 00000001)
[    0.000000] ACPI: PPTT 0x000000003FD3D018 001318 (v01 VRTUAL MICROSFT 00000000 MSFT 00000000)
[    0.000000] ACPI: BGRT 0x000000003FD5FE98 000038 (v01 VRTUAL MICROSFT 00000001 MSFT 00000001)
[    0.000000] ACPI: SPCR: console: pl011,mmio32,0xeffec000,115200
[    0.000000] ACPI: Use ACPI SPCR as default console: Yes
[    0.000000] ACPI: SRAT: Node 0 PXM 0 [mem 0x00000000-0x3fffffff] hotplug
[    0.000000] ACPI: SRAT: Node 0 PXM 0 [mem 0x100000000-0xfbfffffff] hotplug
[    0.000000] ACPI: SRAT: Node 0 PXM 0 [mem 0x1000000000-0x30ffffffff] hotplug
[    0.000000] ACPI: SRAT: Node 0 PXM 0 [mem 0x3100000000-0xffffffffff] hotplug
[    0.000000] ACPI: SRAT: Node 0 PXM 0 [mem 0x10000000000-0x1ffffffffff] hotplug
[    0.000000] ACPI: SRAT: Node 0 PXM 0 [mem 0x20000000000-0x3ffffffffff] hotplug
[    0.000000] ACPI: SRAT: Node 0 PXM 0 [mem 0x40000000000-0x7ffffffffff] hotplug
[    0.000000] ACPI: SRAT: Node 0 PXM 0 [mem 0x80000000000-0xfffffffffff] hotplug
[    0.000000] ACPI: SRAT: Node 0 PXM 0 [mem 0x100000000000-0x1fffffffffff] hotplug
[    0.000000] ACPI: SRAT: Node 0 PXM 0 [mem 0x200000000000-0x3fffffffffff] hotplug
[    0.000000] ACPI: SRAT: Node 0 PXM 0 [mem 0x400000000000-0x7fffffffffff] hotplug
[    0.000000] ACPI: SRAT: Node 0 PXM 0 [mem 0x800000000000-0xffffffffffff] hotplug
[    0.000000] NUMA: NODE_DATA [mem 0x30e7f49ac0-0x30e7f4efff]
[    0.000000] Zone ranges:
[    0.000000]   DMA      [mem 0x0000000000000000-0x00000000ffffffff]
[    0.000000]   DMA32    empty
[    0.000000]   Normal   [mem 0x0000000100000000-0x00000030ffffffff]
[    0.000000]   Device   empty
[    0.000000] Movable zone start for each node
[    0.000000] Early memory node ranges
[    0.000000]   node   0: [mem 0x0000000000000000-0x00000000007fffff]
[    0.000000]   node   0: [mem 0x0000000000824000-0x000000003e45ffff]
[    0.000000]   node   0: [mem 0x000000003e460000-0x000000003e46ffff]
[    0.000000]   node   0: [mem 0x000000003e470000-0x000000003e54ffff]
[    0.000000]   node   0: [mem 0x000000003e550000-0x000000003e87ffff]
[    0.000000]   node   0: [mem 0x000000003e880000-0x000000003fc7ffff]
[    0.000000]   node   0: [mem 0x000000003fc80000-0x000000003fcfffff]
[    0.000000]   node   0: [mem 0x000000003fd00000-0x000000003fffffff]
[    0.000000]   node   0: [mem 0x0000000100000000-0x0000000fbfffffff]
[    0.000000]   node   0: [mem 0x0000001000000000-0x00000030ffffffff]
[    0.000000] Initmem setup node 0 [mem 0x0000000000000000-0x00000030ffffffff]
[    0.000000] On node 0, zone DMA: 36 pages in unavailable ranges
[    0.000000] cma: Reserved 32 MiB at 0x000000003c400000 on node -1
[    0.000000] psci: probing for conduit method from ACPI.
[    0.000000] psci: PSCIv1.1 detected in firmware.
[    0.000000] psci: Using standard PSCI v0.2 function IDs
[    0.000000] psci: MIGRATE_INFO_TYPE not supported.
[    0.000000] psci: SMC Calling Convention v1.4
[    0.000000] ACPI: NUMA: SRAT: PXM 0 -> MPIDR 0x0 -> Node 0
[    0.000000] ACPI: NUMA: SRAT: PXM 0 -> MPIDR 0x1 -> Node 0
[    0.000000] ACPI: NUMA: SRAT: PXM 0 -> MPIDR 0x2 -> Node 0
[    0.000000] ACPI: NUMA: SRAT: PXM 0 -> MPIDR 0x3 -> Node 0
[    0.000000] ACPI: NUMA: SRAT: PXM 0 -> MPIDR 0x4 -> Node 0
[    0.000000] ACPI: NUMA: SRAT: PXM 0 -> MPIDR 0x5 -> Node 0
[    0.000000] ACPI: NUMA: SRAT: PXM 0 -> MPIDR 0x6 -> Node 0
[    0.000000] ACPI: NUMA: SRAT: PXM 0 -> MPIDR 0x7 -> Node 0
[    0.000000] ACPI: NUMA: SRAT: PXM 0 -> MPIDR 0x8 -> Node 0
[    0.000000] ACPI: NUMA: SRAT: PXM 0 -> MPIDR 0x9 -> Node 0
[    0.000000] ACPI: NUMA: SRAT: PXM 0 -> MPIDR 0xa -> Node 0
[    0.000000] ACPI: NUMA: SRAT: PXM 0 -> MPIDR 0xb -> Node 0
[    0.000000] ACPI: NUMA: SRAT: PXM 0 -> MPIDR 0xc -> Node 0
[    0.000000] ACPI: NUMA: SRAT: PXM 0 -> MPIDR 0xd -> Node 0
[    0.000000] ACPI: NUMA: SRAT: PXM 0 -> MPIDR 0xe -> Node 0
[    0.000000] ACPI: NUMA: SRAT: PXM 0 -> MPIDR 0xf -> Node 0
[    0.000000] ACPI: NUMA: SRAT: PXM 0 -> MPIDR 0x100 -> Node 0
[    0.000000] ACPI: NUMA: SRAT: PXM 0 -> MPIDR 0x101 -> Node 0
[    0.000000] ACPI: NUMA: SRAT: PXM 0 -> MPIDR 0x102 -> Node 0
[    0.000000] ACPI: NUMA: SRAT: PXM 0 -> MPIDR 0x103 -> Node 0
[    0.000000] ACPI: NUMA: SRAT: PXM 0 -> MPIDR 0x104 -> Node 0
[    0.000000] ACPI: NUMA: SRAT: PXM 0 -> MPIDR 0x105 -> Node 0
[    0.000000] ACPI: NUMA: SRAT: PXM 0 -> MPIDR 0x106 -> Node 0
[    0.000000] ACPI: NUMA: SRAT: PXM 0 -> MPIDR 0x107 -> Node 0
[    0.000000] ACPI: NUMA: SRAT: PXM 0 -> MPIDR 0x108 -> Node 0
[    0.000000] ACPI: NUMA: SRAT: PXM 0 -> MPIDR 0x109 -> Node 0
[    0.000000] ACPI: NUMA: SRAT: PXM 0 -> MPIDR 0x10a -> Node 0
[    0.000000] ACPI: NUMA: SRAT: PXM 0 -> MPIDR 0x10b -> Node 0
[    0.000000] ACPI: NUMA: SRAT: PXM 0 -> MPIDR 0x10c -> Node 0
[    0.000000] ACPI: NUMA: SRAT: PXM 0 -> MPIDR 0x10d -> Node 0
[    0.000000] ACPI: NUMA: SRAT: PXM 0 -> MPIDR 0x10e -> Node 0
[    0.000000] ACPI: NUMA: SRAT: PXM 0 -> MPIDR 0x10f -> Node 0
[    0.000000] ACPI: NUMA: SRAT: PXM 0 -> MPIDR 0x200 -> Node 0
[    0.000000] ACPI: NUMA: SRAT: PXM 0 -> MPIDR 0x201 -> Node 0
[    0.000000] ACPI: NUMA: SRAT: PXM 0 -> MPIDR 0x202 -> Node 0
[    0.000000] ACPI: NUMA: SRAT: PXM 0 -> MPIDR 0x203 -> Node 0
[    0.000000] ACPI: NUMA: SRAT: PXM 0 -> MPIDR 0x204 -> Node 0
[    0.000000] ACPI: NUMA: SRAT: PXM 0 -> MPIDR 0x205 -> Node 0
[    0.000000] ACPI: NUMA: SRAT: PXM 0 -> MPIDR 0x206 -> Node 0
[    0.000000] ACPI: NUMA: SRAT: PXM 0 -> MPIDR 0x207 -> Node 0
[    0.000000] ACPI: NUMA: SRAT: PXM 0 -> MPIDR 0x208 -> Node 0
[    0.000000] ACPI: NUMA: SRAT: PXM 0 -> MPIDR 0x209 -> Node 0
[    0.000000] ACPI: NUMA: SRAT: PXM 0 -> MPIDR 0x20a -> Node 0
[    0.000000] ACPI: NUMA: SRAT: PXM 0 -> MPIDR 0x20b -> Node 0
[    0.000000] ACPI: NUMA: SRAT: PXM 0 -> MPIDR 0x20c -> Node 0
[    0.000000] ACPI: NUMA: SRAT: PXM 0 -> MPIDR 0x20d -> Node 0
[    0.000000] ACPI: NUMA: SRAT: PXM 0 -> MPIDR 0x20e -> Node 0
[    0.000000] ACPI: NUMA: SRAT: PXM 0 -> MPIDR 0x20f -> Node 0
[    0.000000] percpu: Embedded 35 pages/cpu s102744 r8192 d32424 u143360
[    0.000000] pcpu-alloc: s102744 r8192 d32424 u143360 alloc=35*4096
[    0.000000] pcpu-alloc: [0] 00 [0] 01 [0] 02 [0] 03 [0] 04 [0] 05 [0] 06 [0] 07 
[    0.000000] pcpu-alloc: [0] 08 [0] 09 [0] 10 [0] 11 [0] 12 [0] 13 [0] 14 [0] 15 
[    0.000000] pcpu-alloc: [0] 16 [0] 17 [0] 18 [0] 19 [0] 20 [0] 21 [0] 22 [0] 23 
[    0.000000] pcpu-alloc: [0] 24 [0] 25 [0] 26 [0] 27 [0] 28 [0] 29 [0] 30 [0] 31 
[    0.000000] pcpu-alloc: [0] 32 [0] 33 [0] 34 [0] 35 [0] 36 [0] 37 [0] 38 [0] 39 
[    0.000000] pcpu-alloc: [0] 40 [0] 41 [0] 42 [0] 43 [0] 44 [0] 45 [0] 46 [0] 47 
[    0.000000] Detected PIPT I-cache on CPU0
[    0.000000] CPU features: detected: Address authentication (architected QARMA5 algorithm)
[    0.000000] CPU features: detected: GIC system register CPU interface
[    0.000000] CPU features: detected: Spectre-v4
[    0.000000] CPU features: detected: Spectre-BHB
[    0.000000] CPU features: kernel page table isolation forced ON by KASLR
[    0.000000] CPU features: detected: Kernel page table isolation (KPTI)
[    0.000000] CPU features: detected: ARM erratum 2067961 or 2054223
[    0.000000] CPU features: detected: SSBS not fully self-synchronizing
[    0.000000] alternatives: applying boot alternatives
[    0.000000] Kernel command line: BOOT_IMAGE=/boot/vmlinuz-6.11.0-rc5-decui+ root=UUID=d68ebe54-b529-4bf3-80aa-7404b82c1503 ro console=tty1 console=ttyAMA0 earlycon=pl011,0xeffec000 initcall_blacklist=arm_pmu_acpi_init nvme_core.io_timeout=240 ignore_loglevel sysrq_always_enabled
[    0.000000] blacklisting initcall arm_pmu_acpi_init
[    0.000000] sysrq: sysrq always enabled.
[    0.000000] Unknown kernel command line parameters "BOOT_IMAGE=/boot/vmlinuz-6.11.0-rc5-decui+", will be passed to user space.
[    0.000000] printk: log_buf_len individual max cpu contribution: 4096 bytes
[    0.000000] printk: log_buf_len total cpu_extra contributions: 192512 bytes
[    0.000000] printk: log_buf_len min size: 262144 bytes
[    0.000000] printk: log_buf_len: 524288 bytes
[    0.000000] printk: early log buf free: 253208(96%)
[    0.000000] Dentry cache hash table entries: 16777216 (order: 15, 134217728 bytes, linear)
[    0.000000] Inode-cache hash table entries: 8388608 (order: 14, 67108864 bytes, linear)
[    0.000000] Fallback order for Node 0: 0 
[    0.000000] Built 1 zonelists, mobility grouping on.  Total pages: 50331612
[    0.000000] Policy zone: Normal
[    0.000000] mem auto-init: stack:off, heap alloc:on, heap free:off
[    0.000000] software IO TLB: area num 64.
[    0.000000] software IO TLB: mapped [mem 0x0000000032540000-0x0000000036540000] (64MB)
[    0.000000] SLUB: HWalign=64, Order=0-3, MinObjects=0, CPUs=48, Nodes=1
[    0.000000] ftrace: allocating 58600 entries in 229 pages
[    0.000000] ftrace: allocated 229 pages with 5 groups
[    0.000000] trace event string verifier disabled
[    0.000000] rcu: Hierarchical RCU implementation.
[    0.000000] rcu: 	RCU restricting CPUs from NR_CPUS=256 to nr_cpu_ids=48.
[    0.000000] 	Rude variant of Tasks RCU enabled.
[    0.000000] 	Tracing variant of Tasks RCU enabled.
[    0.000000] rcu: RCU calculated value of scheduler-enlistment delay is 25 jiffies.
[    0.000000] rcu: Adjusting geometry for rcu_fanout_leaf=16, nr_cpu_ids=48
[    0.000000] RCU Tasks Rude: Setting shift to 6 and lim to 1 rcu_task_cb_adjust=1.
[    0.000000] RCU Tasks Trace: Setting shift to 6 and lim to 1 rcu_task_cb_adjust=1.
[    0.000000] NR_IRQS: 64, nr_irqs: 64, preallocated irqs: 0
[    0.000000] GICv3: 960 SPIs implemented
[    0.000000] GICv3: 0 Extended SPIs implemented
[    0.000000] Root IRQ handler: gic_handle_irq
[    0.000000] GICv3: GICv3 features: 16 PPIs, RSS
[    0.000000] GICv3: GICD_CTRL.DS=0, SCR_EL3.FIQ=0
[    0.000000] GICv3: CPU0: found redistributor 0 region 0:0x00000000effee000
[    0.000000] ITS: No ITS available, not enabling LPIs
[    0.000000] rcu: srcu_init: Setting srcu_struct sizes based on contention.
[    0.000000] arch_timer: cp15 timer(s) running at 1000.00MHz (virt).
[    0.000000] clocksource: arch_sys_counter: mask: 0x1fffffffffffffff max_cycles: 0x1cd42e4dffb, max_idle_ns: 881590591483 ns
[    0.000000] sched_clock: 61 bits at 1000MHz, resolution 1ns, wraps every 4398046511103ns
[    0.005530] Console: colour dummy device 80x25
[    0.008498] printk: legacy console [tty1] enabled
[    0.011820] ACPI: Core revision 20240322
[    0.014539] Calibrating delay loop (skipped), value calculated using timer frequency.. 2000.00 BogoMIPS (lpj=4000000)
[    0.021870] pid_max: default: 49152 minimum: 384
[    0.025004] LSM: initializing lsm=lockdown,capability,landlock,yama,apparmor,ima,evm
[    0.030249] landlock: Up and running.
[    0.032697] Yama: becoming mindful.
[    0.035046] AppArmor: AppArmor initialized
[    0.037932] Mount-cache hash table entries: 262144 (order: 9, 2097152 bytes, linear)
[    0.043219] Mountpoint-cache hash table entries: 262144 (order: 9, 2097152 bytes, linear)
[    0.049200] Hyper-V: privilege flags low 0x2e7f, high 0x3b8030, hints 0x1e0000e, misc 0x31e1
[    0.055105] Hyper-V: Host Build 10.0.26100.1048-1-0
[    0.058381] Hyper-V: enabling crash_kexec_post_notifiers
[    0.061989] rcu: Hierarchical SRCU implementation.
[    0.065187] rcu: 	Max phase no-delay instances is 1000.
[    0.068934] Timer migration: 2 hierarchy levels; 8 children per group; 2 crossnode level
[    0.074542] Remapping and enabling EFI services.
[    0.077876] smp: Bringing up secondary CPUs ...
[    0.081080] Detected PIPT I-cache on CPU1
[    0.081127] GICv3: CPU1: found redistributor 1 region 1:0x00000000f000e000
[    0.081149] CPU1: Booted secondary processor 0x0000000001 [0x410fd490]
[    0.081355] Detected PIPT I-cache on CPU2
[    0.081484] GICv3: CPU2: found redistributor 2 region 2:0x00000000f002e000
[    0.081507] CPU2: Booted secondary processor 0x0000000002 [0x410fd490]
[    0.081700] Detected PIPT I-cache on CPU3
[    0.081846] GICv3: CPU3: found redistributor 3 region 3:0x00000000f004e000
[    0.081870] CPU3: Booted secondary processor 0x0000000003 [0x410fd490]
[    0.082065] Detected PIPT I-cache on CPU4
[    0.082230] GICv3: CPU4: found redistributor 4 region 4:0x00000000f006e000
[    0.082254] CPU4: Booted secondary processor 0x0000000004 [0x410fd490]
[    0.082458] Detected PIPT I-cache on CPU5
[    0.082641] GICv3: CPU5: found redistributor 5 region 5:0x00000000f008e000
[    0.082665] CPU5: Booted secondary processor 0x0000000005 [0x410fd490]
[    0.082856] Detected PIPT I-cache on CPU6
[    0.083056] GICv3: CPU6: found redistributor 6 region 6:0x00000000f00ae000
[    0.083081] CPU6: Booted secondary processor 0x0000000006 [0x410fd490]
[    0.083276] Detected PIPT I-cache on CPU7
[    0.083494] GICv3: CPU7: found redistributor 7 region 7:0x00000000f00ce000
[    0.083518] CPU7: Booted secondary processor 0x0000000007 [0x410fd490]
[    0.083715] Detected PIPT I-cache on CPU8
[    0.083950] GICv3: CPU8: found redistributor 8 region 8:0x00000000f00ee000
[    0.083975] CPU8: Booted secondary processor 0x0000000008 [0x410fd490]
[    0.084173] Detected PIPT I-cache on CPU9
[    0.084421] GICv3: CPU9: found redistributor 9 region 9:0x00000000f010e000
[    0.084445] CPU9: Booted secondary processor 0x0000000009 [0x410fd490]
[    0.084640] Detected PIPT I-cache on CPU10
[    0.084904] GICv3: CPU10: found redistributor a region 10:0x00000000f012e000
[    0.084928] CPU10: Booted secondary processor 0x000000000a [0x410fd490]
[    0.085122] Detected PIPT I-cache on CPU11
[    0.085400] GICv3: CPU11: found redistributor b region 11:0x00000000f014e000
[    0.085423] CPU11: Booted secondary processor 0x000000000b [0x410fd490]
[    0.085620] Detected PIPT I-cache on CPU12
[    0.085932] GICv3: CPU12: found redistributor c region 12:0x00000000f016e000
[    0.085958] CPU12: Booted secondary processor 0x000000000c [0x410fd490]
[    0.086153] Detected PIPT I-cache on CPU13
[    0.086470] GICv3: CPU13: found redistributor d region 13:0x00000000f018e000
[    0.086495] CPU13: Booted secondary processor 0x000000000d [0x410fd490]
[    0.086689] Detected PIPT I-cache on CPU14
[    0.087022] GICv3: CPU14: found redistributor e region 14:0x00000000f01ae000
[    0.087046] CPU14: Booted secondary processor 0x000000000e [0x410fd490]
[    0.087240] Detected PIPT I-cache on CPU15
[    0.087581] GICv3: CPU15: found redistributor f region 15:0x00000000f01ce000
[    0.087604] CPU15: Booted secondary processor 0x000000000f [0x410fd490]
[    0.087803] Detected PIPT I-cache on CPU16
[    0.088163] GICv3: CPU16: found redistributor 100 region 16:0x00000000f01ee000
[    0.088186] CPU16: Booted secondary processor 0x0000000100 [0x410fd490]
[    0.088374] Detected PIPT I-cache on CPU17
[    0.088741] GICv3: CPU17: found redistributor 101 region 17:0x00000000f020e000
[    0.088763] CPU17: Booted secondary processor 0x0000000101 [0x410fd490]
[    0.088947] Detected PIPT I-cache on CPU18
[    0.089332] GICv3: CPU18: found redistributor 102 region 18:0x00000000f022e000
[    0.089354] CPU18: Booted secondary processor 0x0000000102 [0x410fd490]
[    0.089541] Detected PIPT I-cache on CPU19
[    0.089945] GICv3: CPU19: found redistributor 103 region 19:0x00000000f024e000
[    0.089967] CPU19: Booted secondary processor 0x0000000103 [0x410fd490]
[    0.090153] Detected PIPT I-cache on CPU20
[    0.090573] GICv3: CPU20: found redistributor 104 region 20:0x00000000f026e000
[    0.090596] CPU20: Booted secondary processor 0x0000000104 [0x410fd490]
[    0.090787] Detected PIPT I-cache on CPU21
[    0.091231] GICv3: CPU21: found redistributor 105 region 21:0x00000000f028e000
[    0.091253] CPU21: Booted secondary processor 0x0000000105 [0x410fd490]
[    0.091466] Detected PIPT I-cache on CPU22
[    0.091934] GICv3: CPU22: found redistributor 106 region 22:0x00000000f02ae000
[    0.091958] CPU22: Booted secondary processor 0x0000000106 [0x410fd490]
[    0.092148] Detected PIPT I-cache on CPU23
[    0.092614] GICv3: CPU23: found redistributor 107 region 23:0x00000000f02ce000
[    0.092637] CPU23: Booted secondary processor 0x0000000107 [0x410fd490]
[    0.092825] Detected PIPT I-cache on CPU24
[    0.093311] GICv3: CPU24: found redistributor 108 region 24:0x00000000f02ee000
[    0.093334] CPU24: Booted secondary processor 0x0000000108 [0x410fd490]
[    0.093524] Detected PIPT I-cache on CPU25
[    0.094052] GICv3: CPU25: found redistributor 109 region 25:0x00000000f030e000
[    0.094075] CPU25: Booted secondary processor 0x0000000109 [0x410fd490]
[    0.094270] Detected PIPT I-cache on CPU26
[    0.094809] GICv3: CPU26: found redistributor 10a region 26:0x00000000f032e000
[    0.094833] CPU26: Booted secondary processor 0x000000010a [0x410fd490]
[    0.095023] Detected PIPT I-cache on CPU27
[    0.095579] GICv3: CPU27: found redistributor 10b region 27:0x00000000f034e000
[    0.095602] CPU27: Booted secondary processor 0x000000010b [0x410fd490]
[    0.095794] Detected PIPT I-cache on CPU28
[    0.096370] GICv3: CPU28: found redistributor 10c region 28:0x00000000f036e000
[    0.096393] CPU28: Booted secondary processor 0x000000010c [0x410fd490]
[    0.096588] Detected PIPT I-cache on CPU29
[    0.097189] GICv3: CPU29: found redistributor 10d region 29:0x00000000f038e000
[    0.097212] CPU29: Booted secondary processor 0x000000010d [0x410fd490]
[    0.097408] Detected PIPT I-cache on CPU30
[    0.098044] GICv3: CPU30: found redistributor 10e region 30:0x00000000f03ae000
[    0.098068] CPU30: Booted secondary processor 0x000000010e [0x410fd490]
[    0.098268] Detected PIPT I-cache on CPU31
[    0.098905] GICv3: CPU31: found redistributor 10f region 31:0x00000000f03ce000
[    0.098929] CPU31: Booted secondary processor 0x000000010f [0x410fd490]
[    0.099131] Detected PIPT I-cache on CPU32
[    0.099749] GICv3: CPU32: found redistributor 200 region 32:0x00000000f03ee000
[    0.099772] CPU32: Booted secondary processor 0x0000000200 [0x410fd490]
[    0.099959] Detected PIPT I-cache on CPU33
[    0.100592] GICv3: CPU33: found redistributor 201 region 33:0x00000000f040e000
[    0.100615] CPU33: Booted secondary processor 0x0000000201 [0x410fd490]
[    0.100809] Detected PIPT I-cache on CPU34
[    0.101479] GICv3: CPU34: found redistributor 202 region 34:0x00000000f042e000
[    0.101503] CPU34: Booted secondary processor 0x0000000202 [0x410fd490]
[    0.101703] Detected PIPT I-cache on CPU35
[    0.102405] GICv3: CPU35: found redistributor 203 region 35:0x00000000f044e000
[    0.102429] CPU35: Booted secondary processor 0x0000000203 [0x410fd490]
[    0.102618] Detected PIPT I-cache on CPU36
[    0.103321] GICv3: CPU36: found redistributor 204 region 36:0x00000000f046e000
[    0.103344] CPU36: Booted secondary processor 0x0000000204 [0x410fd490]
[    0.103540] Detected PIPT I-cache on CPU37
[    0.104284] GICv3: CPU37: found redistributor 205 region 37:0x00000000f048e000
[    0.104309] CPU37: Booted secondary processor 0x0000000205 [0x410fd490]
[    0.104505] Detected PIPT I-cache on CPU38
[    0.105232] GICv3: CPU38: found redistributor 206 region 38:0x00000000f04ae000
[    0.105256] CPU38: Booted secondary processor 0x0000000206 [0x410fd490]
[    0.105450] Detected PIPT I-cache on CPU39
[    0.106196] GICv3: CPU39: found redistributor 207 region 39:0x00000000f04ce000
[    0.106219] CPU39: Booted secondary processor 0x0000000207 [0x410fd490]
[    0.106420] Detected PIPT I-cache on CPU40
[    0.107207] GICv3: CPU40: found redistributor 208 region 40:0x00000000f04ee000
[    0.107231] CPU40: Booted secondary processor 0x0000000208 [0x410fd490]
[    0.107430] Detected PIPT I-cache on CPU41
[    0.108247] GICv3: CPU41: found redistributor 209 region 41:0x00000000f050e000
[    0.108271] CPU41: Booted secondary processor 0x0000000209 [0x410fd490]
[    0.108466] Detected PIPT I-cache on CPU42
[    0.109252] GICv3: CPU42: found redistributor 20a region 42:0x00000000f052e000
[    0.109275] CPU42: Booted secondary processor 0x000000020a [0x410fd490]
[    0.109471] Detected PIPT I-cache on CPU43
[    0.110308] GICv3: CPU43: found redistributor 20b region 43:0x00000000f054e000
[    0.110331] CPU43: Booted secondary processor 0x000000020b [0x410fd490]
[    0.110531] Detected PIPT I-cache on CPU44
[    0.111383] GICv3: CPU44: found redistributor 20c region 44:0x00000000f056e000
[    0.111407] CPU44: Booted secondary processor 0x000000020c [0x410fd490]
[    0.111601] Detected PIPT I-cache on CPU45
[    0.112440] GICv3: CPU45: found redistributor 20d region 45:0x00000000f058e000
[    0.112463] CPU45: Booted secondary processor 0x000000020d [0x410fd490]
[    0.112658] Detected PIPT I-cache on CPU46
[    0.113559] GICv3: CPU46: found redistributor 20e region 46:0x00000000f05ae000
[    0.113583] CPU46: Booted secondary processor 0x000000020e [0x410fd490]
[    0.113787] Detected PIPT I-cache on CPU47
[    0.114707] GICv3: CPU47: found redistributor 20f region 47:0x00000000f05ce000
[    0.114732] CPU47: Booted secondary processor 0x000000020f [0x410fd490]
[    0.114796] smp: Brought up 1 node, 48 CPUs
[    0.678383] SMP: Total of 48 processors activated.
[    0.681524] CPU: All CPU(s) started at EL1
[    0.684254] CPU features: detected: 32-bit EL0 Support
[    0.687825] CPU features: detected: Instruction cache invalidation not required for I/D coherence
[    0.693700] CPU features: detected: Data cache clean to the PoU not required for I/D coherence
[    0.699626] CPU features: detected: Common not Private translations
[    0.703920] CPU features: detected: CRC32 instructions
[    0.707436] CPU features: detected: Data cache clean to Point of Deep Persistence
[    0.712491] CPU features: detected: Data cache clean to Point of Persistence
[    0.717108] CPU features: detected: Generic authentication (architected QARMA5 algorithm)
[    0.722710] CPU features: detected: RCpc load-acquire (LDAPR)
[    0.726522] CPU features: detected: LSE atomic instructions
[    0.730256] CPU features: detected: Privileged Access Never
[    0.734014] CPU features: detected: Speculation barrier (SB)
[    0.737946] CPU features: detected: TLB range maintenance instructions
[    0.742339] CPU features: detected: Speculative Store Bypassing Safe (SSBS)
[    0.747144] CPU features: detected: Scalable Vector Extension
[    0.751781] alternatives: applying system-wide alternatives
[    0.757954] CPU features: detected: Hardware dirty bit management on CPU0-47
[    0.762727] SVE: maximum available vector length 16 bytes per vector
[    0.767032] SVE: default vector length 16 bytes per vector
[    0.771092] Memory: 197377792K/201326448K available (19264K kernel code, 5154K rwdata, 15532K rodata, 12288K init, 1004K bss, 3886060K reserved, 32768K cma-reserved)
[    0.781456] devtmpfs: initialized
[    0.792722] setend instruction emulation is not supported on this system
[    0.797527] clocksource: jiffies: mask: 0xffffffff max_cycles: 0xffffffff, max_idle_ns: 7645041785100000 ns
[    0.804087] futex hash table entries: 16384 (order: 8, 1048576 bytes, linear)
[    0.808889] 2G module region forced by RANDOMIZE_MODULE_REGION_FULL
[    0.813195] 0 pages in range for non-PLT usage
[    0.813196] 510912 pages in range for PLT usage
[    0.816277] pinctrl core: initialized pinctrl subsystem
[    0.822930] SMBIOS 3.1.0 present.
[    0.825141] DMI: Microsoft Corporation Virtual Machine/Virtual Machine, BIOS Hyper-V UEFI Release v4.1 06/20/2024
[    0.832178] DMI: Memory slots populated: 3/3
[    0.837007] NET: Registered PF_NETLINK/PF_ROUTE protocol family
[    0.841792] DMA: preallocated 4096 KiB GFP_KERNEL pool for atomic allocations
[    0.846889] DMA: preallocated 4096 KiB GFP_KERNEL|GFP_DMA pool for atomic allocations
[    0.852297] DMA: preallocated 4096 KiB GFP_KERNEL|GFP_DMA32 pool for atomic allocations
[    0.857606] audit: initializing netlink subsys (disabled)
[    0.861310] audit: type=2000 audit(0.588:1): state=initialized audit_enabled=0 res=1
[    0.861434] thermal_sys: Registered thermal governor 'fair_share'
[    0.866787] thermal_sys: Registered thermal governor 'bang_bang'
[    0.870851] thermal_sys: Registered thermal governor 'step_wise'
[    0.874811] thermal_sys: Registered thermal governor 'user_space'
[    0.879023] thermal_sys: Registered thermal governor 'power_allocator'
[    0.883075] cpuidle: using governor ladder
[    0.890101] cpuidle: using governor menu
[    0.892906] hw-breakpoint: found 6 breakpoint and 4 watchpoint registers.
[    0.898031] ASID allocator initialised with 32768 entries
[    0.901744] acpiphp: ACPI Hot Plug PCI Controller Driver version: 0.5
[    0.906055] Serial: AMBA PL011 UART driver
[    0.909404] HugeTLB: registered 1.00 GiB page size, pre-allocated 0 pages
[    0.913918] HugeTLB: 0 KiB vmemmap can be freed for a 1.00 GiB page
[    0.918127] HugeTLB: registered 32.0 MiB page size, pre-allocated 0 pages
[    0.922610] HugeTLB: 0 KiB vmemmap can be freed for a 32.0 MiB page
[    0.926958] HugeTLB: registered 2.00 MiB page size, pre-allocated 0 pages
[    0.931569] HugeTLB: 0 KiB vmemmap can be freed for a 2.00 MiB page
[    0.935777] HugeTLB: registered 64.0 KiB page size, pre-allocated 0 pages
[    0.940465] HugeTLB: 0 KiB vmemmap can be freed for a 64.0 KiB page
[    0.945046] fbcon: Taking over console
[    0.947578] ACPI: Added _OSI(Module Device)
[    0.950385] ACPI: Added _OSI(Processor Device)
[    0.953310] ACPI: Added _OSI(3.0 _SCP Extensions)
[    0.956588] ACPI: Added _OSI(Processor Aggregator Device)
[    0.963138] ACPI: 1 ACPI AML tables successfully acquired and loaded
[    0.967578] ACPI: Interpreter enabled
[    0.970148] ACPI: Using GIC for interrupt routing
[    0.974754] ARMH0011:00: ttyAMA0 at MMIO 0xeffec000 (irq = 12, base_baud = 0) is a SBSA
[    0.980188] printk: legacy console [ttyAMA0] enabled
[    0.985931] printk: legacy bootconsole [pl11] disabled
[    0.992419] ARMH0011:01: ttyAMA1 at MMIO 0xeffeb000 (irq = 13, base_baud = 0) is a SBSA
[    0.996674] ACPI: CPU0 has been hot-added
[    0.998716] ACPI: CPU1 has been hot-added
[    1.000762] ACPI: CPU2 has been hot-added
[    1.002972] ACPI: CPU3 has been hot-added
[    1.004965] ACPI: CPU4 has been hot-added
[    1.007014] ACPI: CPU5 has been hot-added
[    1.008943] ACPI: CPU6 has been hot-added
[    1.010954] ACPI: CPU7 has been hot-added
[    1.012925] ACPI: CPU8 has been hot-added
[    1.014925] ACPI: CPU9 has been hot-added
[    1.016961] ACPI: CPU10 has been hot-added
[    1.019100] ACPI: CPU11 has been hot-added
[    1.021096] ACPI: CPU12 has been hot-added
[    1.023076] ACPI: CPU13 has been hot-added
[    1.025043] ACPI: CPU14 has been hot-added
[    1.027010] ACPI: CPU15 has been hot-added
[    1.029139] ACPI: CPU16 has been hot-added
[    1.031267] ACPI: CPU17 has been hot-added
[    1.033389] ACPI: CPU18 has been hot-added
[    1.035399] ACPI: CPU19 has been hot-added
[    1.037514] ACPI: CPU20 has been hot-added
[    1.039547] ACPI: CPU21 has been hot-added
[    1.041646] ACPI: CPU22 has been hot-added
[    1.043733] ACPI: CPU23 has been hot-added
[    1.045785] ACPI: CPU24 has been hot-added
[    1.047791] ACPI: CPU25 has been hot-added
[    1.050120] ACPI: CPU26 has been hot-added
[    1.052436] ACPI: CPU27 has been hot-added
[    1.054614] ACPI: CPU28 has been hot-added
[    1.057003] ACPI: CPU29 has been hot-added
[    1.059395] ACPI: CPU30 has been hot-added
[    1.061520] ACPI: CPU31 has been hot-added
[    1.063794] ACPI: CPU32 has been hot-added
[    1.066109] ACPI: CPU33 has been hot-added
[    1.068383] ACPI: CPU34 has been hot-added
[    1.070600] ACPI: CPU35 has been hot-added
[    1.072877] ACPI: CPU36 has been hot-added
[    1.075202] ACPI: CPU37 has been hot-added
[    1.077571] ACPI: CPU38 has been hot-added
[    1.079738] ACPI: CPU39 has been hot-added
[    1.082253] ACPI: CPU40 has been hot-added
[    1.084581] ACPI: CPU41 has been hot-added
[    1.086815] ACPI: CPU42 has been hot-added
[    1.088930] ACPI: CPU43 has been hot-added
[    1.091420] ACPI: CPU44 has been hot-added
[    1.093748] ACPI: CPU45 has been hot-added
[    1.096115] ACPI: CPU46 has been hot-added
[    1.098436] ACPI: CPU47 has been hot-added
[    1.100756] iommu: Default domain type: Translated
[    1.103268] iommu: DMA domain TLB invalidation policy: strict mode
[    1.107655] SCSI subsystem initialized
[    1.109599] libata version 3.00 loaded.
[    1.111798] ACPI: bus type USB registered
[    1.114008] usbcore: registered new interface driver usbfs
[    1.116841] usbcore: registered new interface driver hub
[    1.119463] usbcore: registered new device driver usb
[    1.121927] pps_core: LinuxPPS API ver. 1 registered
[    1.124299] pps_core: Software ver. 5.3.6 - Copyright 2005-2007 Rodolfo Giometti <giometti@linux.it>
[    1.129032] PTP clock support registered
[    1.131100] EDAC MC: Ver: 3.0.0
[    1.132728] scmi_core: SCMI protocol bus registered
[    1.135445] efivars: Registered efivars operations
[    1.139940] hv_vmbus: Vmbus version:5.3
[    1.141801] cdx: vmbus_on_msg_dpc: offer relid=6, 57164f39-9115-4e78-ab55-382f3bd5422d, fd149e91-82e0-4a7d-afa6-2a4166cbd7c0
[    1.147430] cdx: vmbus_on_msg_dpc: offer relid=8, 0e0b6031-5213-4934-818b-38d90ced39db, b6650ff7-33bc-4840-8048-e0676786f393
[    1.152948] cdx: vmbus_on_msg_dpc: offer relid=9, 9527e630-d0ae-497b-adce-e80ab0175caf, 2dd1ce17-079e-403c-b352-a1921ee207ee
[    1.154264] initcall arm_pmu_acpi_init blacklisted
[    1.158684] cdx: vmbus_on_msg_dpc: offer relid=11, ba6163d9-04a1-4d29-b605-72e2ffb1dc7f, f8b3781a-1e82-4818-a1c3-63d806ec15bb
[    1.161229] NetLabel: Initializing
[    1.166638] cdx: vmbus_on_msg_dpc: offer relid=12, ba6163d9-04a1-4d29-b605-72e2ffb1dc7f, f8b3781b-1e82-4818-a1c3-63d806ec15bb
[    1.168332] NetLabel:  domain hash size = 128
[    1.173962] cdx: vmbus_on_msg_dpc: offer relid=1, c376c1c3-d276-48d2-90a9-c04748072c60, c4e5e7d1-d748-4afc-979d-683167910a55
[    1.176164] NetLabel:  protocols = UNLABELED CIPSOv4 CALIPSO
[    1.181768] cdx: vmbus_on_msg_dpc: offer relid=2, 525074dc-8985-46e2-8057-a307dc18a502, 1eccfd72-4b41-45ef-b73a-4a6e44c12924
[    1.184450] NetLabel:  unlabeled traffic allowed by default
[    1.190211] cdx: vmbus_on_msg_dpc: offer relid=3, cfa8b69e-5b4a-4cc0-b98b-8ba1a1f3f95a, 58f75a6d-d949-4320-99e1-a2a2576d581c
[    1.193360] mctp: management component transport protocol core
[    1.198856] cdx: vmbus_on_msg_dpc: offer relid=4, f912ad6d-2b17-48ea-bd65-f927a61c7684, d34b2567-b9b6-42b9-8778-0a4ec0b955bf
[    1.201687] NET: Registered PF_MCTP protocol family
[    1.207182] cdx: vmbus_on_msg_dpc: offer relid=5, da0a7802-e377-4aac-8e77-0558eb1073f8, 5620e0c7-8062-4dce-aeb7-520c7ef76171
[    1.209558] vgaarb: loaded
[    1.215150] cdx: vmbus_on_msg_dpc: offer relid=10, f8615163-df3e-46c5-913f-f2d2f965ed0e, 00224879-fd6d-0022-4879-fd6d00224879
[    1.222453] clocksource: Switched to clocksource arch_sys_counter
[    1.222470] cdx: vmbus_on_msg_dpc: offer relid=13, 44c4f61d-4444-4400-9d52-802e27ede19f, 53d25f47-e78d-4feb-8dac-8c6d6592c523
[    1.225829] VFS: Disk quotas dquot_6.6.0
[    1.231087] cdx: vmbus_on_msg_dpc: offer relid=14, 44c4f61d-4444-4400-9d52-802e27ede19f, e77a917f-5473-4d74-ae2c-7fd88eafa338
[    1.233103] VFS: Dquot-cache hash table entries: 512 (order 0, 4096 bytes)
[    1.238840] cdx: vmbus_on_msg_dpc: offer relid=15, 44c4f61d-4444-4400-9d52-802e27ede19f, 92cf301b-f11a-4f47-b743-351a5ea7322b
[    1.242224] AppArmor: AppArmor Filesystem Enabled
[    1.247697] cdx: vmbus_on_msg_dpc: offer relid=16, 44c4f61d-4444-4400-9d52-802e27ede19f, 8e2a7613-232c-4ea2-8c40-d0d546712af9
[    1.250044] pnp: PnP ACPI init
[    1.255707] cdx: vmbus_on_msg_dpc: offer relid=17, 44c4f61d-4444-4400-9d52-802e27ede19f, edfbad12-0041-41db-bded-122fc2b48338
[    1.257546] pnp: PnP ACPI: found 0 devices
[    1.263146] cdx: vmbus_on_msg_dpc: offer relid=18, 44c4f61d-4444-4400-9d52-802e27ede19f, 2fc4f2c3-1483-41f8-b4ee-c779a4a6bb00
[    1.266626] NET: Registered PF_INET protocol family
[    1.270971] cdx: vmbus_on_msg_dpc: offer relid=7, a9a0f4e7-5a45-4d96-b827-8a841e8c03e6, 242ff919-07db-4180-9c2e-b86cb68c8c55
[    1.273594] IP idents hash table entries: 262144 (order: 9, 2097152 bytes, linear)
[    1.284864] tcp_listen_portaddr_hash hash table entries: 65536 (order: 8, 1048576 bytes, linear)
[    1.289448] Table-perturb hash table entries: 65536 (order: 6, 262144 bytes, linear)
[    1.293538] TCP established hash table entries: 524288 (order: 10, 4194304 bytes, linear)
[    1.297844] TCP bind hash table entries: 65536 (order: 9, 2097152 bytes, linear)
[    1.301746] TCP: Hash tables configured (established 524288 bind 65536)
[    1.305379] MPTCP token hash table entries: 65536 (order: 8, 1572864 bytes, linear)
[    1.309372] UDP hash table entries: 65536 (order: 9, 2097152 bytes, linear)
[    1.313006] UDP-Lite hash table entries: 65536 (order: 9, 2097152 bytes, linear)
[    1.317226] NET: Registered PF_UNIX/PF_LOCAL protocol family
[    1.320303] NET: Registered PF_XDP protocol family
[    1.322830] PCI: CLS 0 bytes, default 64
[    1.324899] Unpacking initramfs...
[    1.334661] kvm [1]: HYP mode not available
[    1.337398] Initialise system trusted keyrings
[    1.339648] Key type blacklist registered
[    1.341662] workingset: timestamp_bits=40 max_order=26 bucket_order=0
[    1.344920] zbud: loaded
[    1.346364] squashfs: version 4.0 (2009/01/31) Phillip Lougher
[    1.350042] fuse: init (API version 7.40)
[    1.352681] integrity: Platform Keyring initialized
[    1.355094] integrity: Machine keyring initialized
[    1.364600] Key type asymmetric registered
[    1.366667] Asymmetric key parser 'x509' registered
[    1.369134] Block layer SCSI generic (bsg) driver version 0.4 loaded (major 242)
[    1.372842] io scheduler mq-deadline registered
[    1.374935] Freeing initrd memory: 16768K
[    1.378604] shpchp: Standard Hot Plug PCI Controller Driver version: 0.4
[    1.389449] Serial: 8250/16550 driver, 32 ports, IRQ sharing enabled
[    1.393858] msm_serial: driver initialized
[    1.396132] SuperH (H)SCI(F) driver initialized
[    1.402698] loop: module loaded
[    1.404374] hv_vmbus: registering driver hv_storvsc
[    1.407275] tun: Universal TUN/TAP device driver, 1.6
[    1.407421] cdx: vmbus_on_msg_dpc: offer relid=19, ba6163d9-04a1-4d29-b605-72e2ffb1dc7f, f8b3781a-1e82-4818-a1c3-63d806ec15bb
[    1.409970] PPP generic driver version 2.4.2
[    1.416223] cdx: vmbus_on_msg_dpc: offer relid=20, ba6163d9-04a1-4d29-b605-72e2ffb1dc7f, f8b3781a-1e82-4818-a1c3-63d806ec15bb
[    1.416235] scsi host0: storvsc_host_t
[    1.418781] mousedev: PS/2 mouse device common for all mice
[    1.424977] cdx: vmbus_on_msg_dpc: offer relid=21, ba6163d9-04a1-4d29-b605-72e2ffb1dc7f, f8b3781a-1e82-4818-a1c3-63d806ec15bb
[    1.424996] scsi host1: storvsc_host_t
[    1.427553] rtc-efi rtc-efi.0: registered as rtc0
[    1.429923] cdx: vmbus_on_msg_dpc: offer relid=22, ba6163d9-04a1-4d29-b605-72e2ffb1dc7f, f8b3781a-1e82-4818-a1c3-63d806ec15bb
[    1.436020] rtc-efi rtc-efi.0: setting system clock to 2024-09-27T18:46:01 UTC (1727462761)
[    1.437746] cdx: vmbus_on_msg_dpc: offer relid=23, ba6163d9-04a1-4d29-b605-72e2ffb1dc7f, f8b3781a-1e82-4818-a1c3-63d806ec15bb
[    1.437766] scsi 0:0:0:0: Direct-Access     Msft     Virtual Disk     1.0  PQ: 0 ANSI: 5
[    1.461427] cdx: vmbus_on_msg_dpc: offer relid=24, ba6163d9-04a1-4d29-b605-72e2ffb1dc7f, f8b3781a-1e82-4818-a1c3-63d806ec15bb
[    1.461459] i2c_dev: i2c /dev entries driver
[    1.467228] cdx: vmbus_on_msg_dpc: offer relid=25, ba6163d9-04a1-4d29-b605-72e2ffb1dc7f, f8b3781a-1e82-4818-a1c3-63d806ec15bb
[    1.469512] device-mapper: core: CONFIG_IMA_DISABLE_HTABLE is disabled. Duplicate IMA measurements will not be recorded in the IMA log.
[    1.475234] cdx: vmbus_on_msg_dpc: offer relid=26, ba6163d9-04a1-4d29-b605-72e2ffb1dc7f, f8b3781a-1e82-4818-a1c3-63d806ec15bb
[    1.475238] cdx: vmbus_on_msg_dpc: offer relid=27, ba6163d9-04a1-4d29-b605-72e2ffb1dc7f, f8b3781a-1e82-4818-a1c3-63d806ec15bb
[    1.481343] device-mapper: uevent: version 1.0.3
[    1.487058] cdx: vmbus_on_msg_dpc: offer relid=28, ba6163d9-04a1-4d29-b605-72e2ffb1dc7f, f8b3781a-1e82-4818-a1c3-63d806ec15bb
[    1.493074] device-mapper: ioctl: 4.48.0-ioctl (2023-03-01) initialised: dm-devel@lists.linux.dev
[    1.495353] cdx: vmbus_on_msg_dpc: offer relid=29, ba6163d9-04a1-4d29-b605-72e2ffb1dc7f, f8b3781a-1e82-4818-a1c3-63d806ec15bb
[    1.510867] cdx: vmbus_on_msg_dpc: offer relid=30, ba6163d9-04a1-4d29-b605-72e2ffb1dc7f, f8b3781b-1e82-4818-a1c3-63d806ec15bb
[    1.515502] ledtrig-cpu: registered to indicate activity on CPUs
[    1.516493] cdx: vmbus_on_msg_dpc: offer relid=31, ba6163d9-04a1-4d29-b605-72e2ffb1dc7f, f8b3781b-1e82-4818-a1c3-63d806ec15bb
[    1.525692] cdx: vmbus_on_msg_dpc: offer relid=32, ba6163d9-04a1-4d29-b605-72e2ffb1dc7f, f8b3781b-1e82-4818-a1c3-63d806ec15bb
[    1.525706] SMCCC: SOC_ID: ARCH_SOC_ID not implemented, skipping ....
[    1.531427] cdx: vmbus_on_msg_dpc: offer relid=33, ba6163d9-04a1-4d29-b605-72e2ffb1dc7f, f8b3781b-1e82-4818-a1c3-63d806ec15bb
[    1.540210] cdx: vmbus_on_msg_dpc: offer relid=34, ba6163d9-04a1-4d29-b605-72e2ffb1dc7f, f8b3781b-1e82-4818-a1c3-63d806ec15bb
[    1.540263] hv_utils: Registering HyperV Utility Driver
[    1.545886] cdx: vmbus_on_msg_dpc: offer relid=35, ba6163d9-04a1-4d29-b605-72e2ffb1dc7f, f8b3781b-1e82-4818-a1c3-63d806ec15bb
[    1.548612] hv_vmbus: registering driver hv_utils
[    1.554209] cdx: vmbus_on_msg_dpc: offer relid=36, ba6163d9-04a1-4d29-b605-72e2ffb1dc7f, f8b3781b-1e82-4818-a1c3-63d806ec15bb
[    1.556642] hv_vmbus: registering driver hv_balloon
[    1.562387] cdx: vmbus_on_msg_dpc: offer relid=37, ba6163d9-04a1-4d29-b605-72e2ffb1dc7f, f8b3781b-1e82-4818-a1c3-63d806ec15bb
[    1.570708] cdx: vmbus_on_msg_dpc: offer relid=38, ba6163d9-04a1-4d29-b605-72e2ffb1dc7f, f8b3781b-1e82-4818-a1c3-63d806ec15bb
[    1.575496] hw perfevents: enabled with armv8_pmuv3_0 PMU driver, 7 counters available
[    1.576251] cdx: vmbus_on_msg_dpc: offer relid=39, ba6163d9-04a1-4d29-b605-72e2ffb1dc7f, f8b3781b-1e82-4818-a1c3-63d806ec15bb
[    1.585966] watchdog: Delayed init of the lockup detector failed: -19
[    1.585967] cdx: vmbus_on_msg_dpc: offer relid=40, ba6163d9-04a1-4d29-b605-72e2ffb1dc7f, f8b3781b-1e82-4818-a1c3-63d806ec15bb
[    1.586205] hv_balloon: Using Dynamic Memory protocol version 2.0
[    1.586363] hv_utils: Heartbeat IC version 3.0
[    1.586400] hv_utils: Shutdown IC version 3.2
[    1.586426] hv_utils: TimeSync IC version 4.0
[    1.586601] drop_monitor: Initializing network drop monitor service
[    1.589964] watchdog: Hard watchdog permanently disabled
[    1.590831] sd 0:0:0:0: Attached scsi generic sg0 type 0
[    1.590982] sd 0:0:0:0: [sda] 62916608 512-byte logical blocks: (32.2 GB/30.0 GiB)
[    1.590987] sd 0:0:0:0: [sda] 4096-byte physical blocks
[    1.591036] sd 0:0:0:0: [sda] Write Protect is off
[    1.591037] sd 0:0:0:0: [sda] Mode Sense: 0f 00 10 00
[    1.591111] sd 0:0:0:0: [sda] Write cache: enabled, read cache: enabled, supports DPO and FUA
[    1.591141] hv_storvsc f8b3781a-1e82-4818-a1c3-63d806ec15bb: tag#3269 cmd 0x5a status: scsi 0x2 srb 0x86 hv 0xc0000001
[    1.592129] hv_storvsc f8b3781a-1e82-4818-a1c3-63d806ec15bb: tag#3276 cmd 0x5a status: scsi 0x2 srb 0x86 hv 0xc0000001
[    1.594314] NET: Registered PF_INET6 protocol family
[    1.595807] hv_balloon: Memory hot add disabled on ARM64
[    1.599577] Segment Routing with IPv6
[    1.648754] In-situ OAM (IOAM) with IPv6
[    1.650767] NET: Registered PF_PACKET protocol family
[    1.653371] Key type dns_resolver registered
[    1.656595] registered taskstats version 1
[    1.658995]  sda: sda1 sda15
[    1.660753] sd 0:0:0:0: [sda] Attached SCSI disk
[    1.668301] Loading compiled-in X.509 certificates
[    1.670994] Loaded X.509 cert 'Build time autogenerated kernel key: 9eaa235aeb36d9b49b5e924ba313487db055e259'
[    1.677700] Demotion targets for Node 0: null
[    1.680075] Key type .fscrypt registered
[    1.682083] Key type fscrypt-provisioning registered
[    1.688153] Key type encrypted registered
[    1.690213] AppArmor: AppArmor sha256 policy hashing enabled
[    1.693598] integrity: Loading X.509 certificate: UEFI:db
[    1.696326] integrity: Loaded X.509 cert 'Microsoft Windows Production PCA 2011: a92902398e16c49778cd90f99e4f9ae17c55af53'
[    1.701922] integrity: Loading X.509 certificate: UEFI:db
[    1.704623] integrity: Loaded X.509 cert 'Microsoft Corporation: Windows UEFI CA 2023: aefc5fbbbe055d8f8daa585473499417ab5a5272'
[    1.711042] blacklist: Duplicate blacklisted hash bin:77dd190fa30d88ff5e3b011a0ae61e6209780c130b535ecb87e6f0888a0b6b2f
[    1.716806] ima: secureboot mode disabled
[    1.718797] ima: No TPM chip found, activating TPM-bypass!
[    1.721570] Loading compiled-in module X.509 certificates
[    1.724696] Loaded X.509 cert 'Build time autogenerated kernel key: 9eaa235aeb36d9b49b5e924ba313487db055e259'
[    1.729808] ima: Allocated hash algorithm: sha1
[    1.732097] ima: No architecture policies found
[    1.734375] evm: Initialising EVM extended attributes:
[    1.737026] evm: security.selinux
[    1.738721] evm: security.SMACK64
[    1.740457] evm: security.SMACK64EXEC
[    1.742375] evm: security.SMACK64TRANSMUTE
[    1.744356] evm: security.SMACK64MMAP
[    1.746126] evm: security.apparmor
[    1.747829] evm: security.ima
[    1.749281] evm: security.capability
[    1.751139] evm: HMAC attrs: 0x1
[    1.764027] clk: Disabling unused clocks
[    1.766044] PM: genpd: Disabling unused power domains
[    1.770319] Freeing unused kernel memory: 12288K
[    2.016578] Checked W+X mappings: passed, no W+X pages found
[    2.019750] Run /init as init process
[    2.021471]   with arguments:
[    2.022934]     /init
[    2.023995]   with environment:
[    2.025525]     HOME=/
[    2.026655]     TERM=linux
[    2.027916]     BOOT_IMAGE=/boot/vmlinuz-6.11.0-rc5-decui+
[    2.134349] hv_vmbus: registering driver hyperv_keyboard
[    2.134740] hv_vmbus: registering driver hv_pci
[    2.135390] hv_vmbus: registering driver hv_netvsc
[    2.135498] hid: raw HID events driver (C) Jiri Kosina
[    2.138499] input: AT Translated Set 2 keyboard as /devices/LNXSYSTM:00/LNXSYBUS:00/ACPI0004:00/VMBUS:00/d34b2567-b9b6-42b9-8778-0a4ec0b955bf/serio0/input/input0
[    2.140283] cdx: vmbus_on_msg_dpc: offer relid=41, f8615163-df3e-46c5-913f-f2d2f965ed0e, 00224879-fd6d-0022-4879-fd6d00224879
[    2.145952] hv_vmbus: registering driver hid_hyperv
[    2.153481] cdx: vmbus_on_msg_dpc: offer relid=42, f8615163-df3e-46c5-913f-f2d2f965ed0e, 00224879-fd6d-0022-4879-fd6d00224879
[    2.155794] ACPI: bus type drm_connector registered
[    2.169959] cdx: vmbus_on_msg_dpc: offer relid=43, f8615163-df3e-46c5-913f-f2d2f965ed0e, 00224879-fd6d-0022-4879-fd6d00224879
[    2.175984] cdx: vmbus_on_msg_dpc: offer relid=44, f8615163-df3e-46c5-913f-f2d2f965ed0e, 00224879-fd6d-0022-4879-fd6d00224879
[    2.181654] cdx: vmbus_on_msg_dpc: offer relid=45, f8615163-df3e-46c5-913f-f2d2f965ed0e, 00224879-fd6d-0022-4879-fd6d00224879
[    2.187831] cdx: vmbus_on_msg_dpc: offer relid=46, f8615163-df3e-46c5-913f-f2d2f965ed0e, 00224879-fd6d-0022-4879-fd6d00224879
[    2.190928] hv_netvsc 00224879-fd6d-0022-4879-fd6d00224879 eth0: VF slot 1 added
[    2.193746] cdx: vmbus_on_msg_dpc: offer relid=47, f8615163-df3e-46c5-913f-f2d2f965ed0e, 00224879-fd6d-0022-4879-fd6d00224879
[    2.203724] cdx: vmbus_on_msg_dpc: offer relid=48, 44c4f61d-4444-4400-9d52-802e27ede19f, db570379-5f4a-436a-abe2-4e29f61dd68f
[    2.209768] hv_pci 53d25f47-e78d-4feb-8dac-8c6d6592c523: PCI VMBus probing: Using version 0x10004
[    2.209955] input: Microsoft Vmbus HID-compliant Mouse as /devices/0006:045E:0621.0001/input/input1
[    2.210127] hv_pci db570379-5f4a-436a-abe2-4e29f61dd68f: PCI VMBus probing: Using version 0x10004
[    2.211225] hv_pci db570379-5f4a-436a-abe2-4e29f61dd68f: PCI host bridge to bus 5f4a:00
[    2.211229] pci_bus 5f4a:00: root bus resource [mem 0xfc0000000-0xfc00fffff window]
[    2.211231] pci_bus 5f4a:00: No busn resource found for root bus, will use [bus 00-ff]
[    2.212290] pci 5f4a:00:02.0: [15b3:101a] type 00 class 0x020000 PCIe Endpoint
[    2.213968] pci 5f4a:00:02.0: BAR 0 [mem 0xfc0000000-0xfc00fffff 64bit pref]
[    2.215560] hv_pci 53d25f47-e78d-4feb-8dac-8c6d6592c523: PCI host bridge to bus e78d:00
[    2.215582] pci 5f4a:00:02.0: enabling Extended Tags
[    2.220102] hid 0006:045E:0621.0001: input: VIRTUAL HID v0.01 Mouse [Microsoft Vmbus HID-compliant Mouse] on 
[    2.222681] pci 5f4a:00:02.0: 0.000 Gb/s available PCIe bandwidth, limited by Unknown x0 link at 5f4a:00:02.0 (capable of 252.048 Gb/s with 16.0 GT/s PCIe x16 link)
[    2.224417] pci_bus 5f4a:00: busn_res: [bus 00-ff] end is updated to 00
[    2.224422] pci 5f4a:00:02.0: BAR 0 [mem 0xfc0000000-0xfc00fffff 64bit pref]: assigned
[    2.224962] pci_bus e78d:00: root bus resource [mem 0xfc0100000-0xfc01fffff window]
[    2.225745] hv_pci db570379-5f4a-436a-abe2-4e29f61dd68f: cdx: create_root_hv_pci_bus: done
[    2.270982] hv_vmbus: registering driver hyperv_drm
[    2.274263] pci_bus e78d:00: No busn resource found for root bus, will use [bus 00-ff]
[    2.278726] hyperv_drm 5620e0c7-8062-4dce-aeb7-520c7ef76171: [drm] Synthvid Version major 3, minor 5
[    2.281336] pci e78d:00:00.0: [1414:b111] type 00 class 0x010802 PCIe Endpoint
[    2.286222] [drm] Initialized hyperv_drm 1.0.0 for 5620e0c7-8062-4dce-aeb7-520c7ef76171 on minor 0
[    2.290109] pci e78d:00:00.0: BAR 0 [mem 0xfc0100000-0xfc01fffff 64bit]
[    2.302000] Console: switching to colour frame buffer device 128x48
[    2.305389] pci_bus e78d:00: busn_res: [bus 00-ff] end is updated to 00
[    2.305898] hyperv_drm 5620e0c7-8062-4dce-aeb7-520c7ef76171: [drm] fb0: hyperv_drmdrmfb frame buffer device
[    2.309339] pci e78d:00:00.0: BAR 0 [mem 0xfc0100000-0xfc01fffff 64bit]: assigned
[    2.318581] nvme nvme0: pci function e78d:00:00.0
[    2.333123] nvme e78d:00:00.0: enabling device (0000 -> 0002)
[    2.627209] nvme nvme0: 6/0/0 default/read/poll queues
[    2.691939] hv_pci 53d25f47-e78d-4feb-8dac-8c6d6592c523: cdx: create_root_hv_pci_bus: done
[    2.696403] hv_pci e77a917f-5473-4d74-ae2c-7fd88eafa338: PCI VMBus probing: Using version 0x10004
[    2.701253] hv_pci e77a917f-5473-4d74-ae2c-7fd88eafa338: PCI host bridge to bus 5473:00
[    2.705147] pci_bus 5473:00: root bus resource [mem 0xfc0200000-0xfc02fffff window]
[    2.709130] pci_bus 5473:00: No busn resource found for root bus, will use [bus 00-ff]
[    2.713428] pci 5473:00:00.0: [1414:b111] type 00 class 0x010802 PCIe Endpoint
[    2.717421] pci 5473:00:00.0: BAR 0 [mem 0xfc0200000-0xfc02fffff 64bit]
[    2.724020] pci_bus 5473:00: busn_res: [bus 00-ff] end is updated to 00
[    2.727219] pci 5473:00:00.0: BAR 0 [mem 0xfc0200000-0xfc02fffff 64bit]: assigned
[    2.731091] nvme nvme1: pci function 5473:00:00.0
[    2.745541] nvme 5473:00:00.0: enabling device (0000 -> 0002)
[    3.054807] nvme nvme1: 6/0/0 default/read/poll queues
[    3.119897] hv_pci e77a917f-5473-4d74-ae2c-7fd88eafa338: cdx: create_root_hv_pci_bus: done
[    3.124385] hv_pci 92cf301b-f11a-4f47-b743-351a5ea7322b: PCI VMBus probing: Using version 0x10004
[    3.129399] hv_pci 92cf301b-f11a-4f47-b743-351a5ea7322b: PCI host bridge to bus f11a:00
[    3.133332] pci_bus f11a:00: root bus resource [mem 0xfc0300000-0xfc03fffff window]
[    3.137353] pci_bus f11a:00: No busn resource found for root bus, will use [bus 00-ff]
[    3.142071] pci f11a:00:00.0: [1414:b111] type 00 class 0x010802 PCIe Endpoint
[    3.146426] pci f11a:00:00.0: BAR 0 [mem 0xfc0300000-0xfc03fffff 64bit]
[    3.153528] pci_bus f11a:00: busn_res: [bus 00-ff] end is updated to 00
[    3.157215] pci f11a:00:00.0: BAR 0 [mem 0xfc0300000-0xfc03fffff 64bit]: assigned
[    3.161511] nvme nvme2: pci function f11a:00:00.0
[    3.176481] nvme f11a:00:00.0: enabling device (0000 -> 0002)
[    3.483993] nvme nvme2: 6/0/0 default/read/poll queues
[    3.547986] hv_pci 92cf301b-f11a-4f47-b743-351a5ea7322b: cdx: create_root_hv_pci_bus: done
[    3.552974] hv_pci 8e2a7613-232c-4ea2-8c40-d0d546712af9: PCI VMBus probing: Using version 0x10004
[    3.558312] hv_pci 8e2a7613-232c-4ea2-8c40-d0d546712af9: PCI host bridge to bus 232c:00
[    3.562394] pci_bus 232c:00: root bus resource [mem 0xfc0400000-0xfc04fffff window]
[    3.566637] pci_bus 232c:00: No busn resource found for root bus, will use [bus 00-ff]
[    3.571649] pci 232c:00:00.0: [1414:b111] type 00 class 0x010802 PCIe Endpoint
[    3.576045] pci 232c:00:00.0: BAR 0 [mem 0xfc0400000-0xfc04fffff 64bit]
[    3.583114] pci_bus 232c:00: busn_res: [bus 00-ff] end is updated to 00
[    3.586694] pci 232c:00:00.0: BAR 0 [mem 0xfc0400000-0xfc04fffff 64bit]: assigned
[    3.591144] nvme nvme3: pci function 232c:00:00.0
[    3.605933] nvme 232c:00:00.0: enabling device (0000 -> 0002)
[    3.927746] nvme nvme3: 6/0/0 default/read/poll queues
[    3.992105] hv_pci 8e2a7613-232c-4ea2-8c40-d0d546712af9: cdx: create_root_hv_pci_bus: done
[    3.997137] hv_pci edfbad12-0041-41db-bded-122fc2b48338: PCI VMBus probing: Using version 0x10004
[    4.002634] hv_pci edfbad12-0041-41db-bded-122fc2b48338: PCI host bridge to bus 0041:00
[    4.006769] pci_bus 0041:00: root bus resource [mem 0xfc0500000-0xfc05fffff window]
[    4.011013] pci_bus 0041:00: No busn resource found for root bus, will use [bus 00-ff]
[    4.015914] pci 0041:00:00.0: [1414:b111] type 00 class 0x010802 PCIe Endpoint
[    4.020291] pci 0041:00:00.0: BAR 0 [mem 0xfc0500000-0xfc05fffff 64bit]
[    4.027424] pci_bus 0041:00: busn_res: [bus 00-ff] end is updated to 00
[    4.031057] pci 0041:00:00.0: BAR 0 [mem 0xfc0500000-0xfc05fffff 64bit]: assigned
[    4.035470] nvme nvme4: pci function 0041:00:00.0
[    4.050354] nvme 0041:00:00.0: enabling device (0000 -> 0002)
[    4.356737] nvme nvme4: 6/0/0 default/read/poll queues
[    4.420263] hv_pci edfbad12-0041-41db-bded-122fc2b48338: cdx: create_root_hv_pci_bus: done
[    4.425245] hv_pci 2fc4f2c3-1483-41f8-b4ee-c779a4a6bb00: PCI VMBus probing: Using version 0x10004
[    4.430364] hv_pci 2fc4f2c3-1483-41f8-b4ee-c779a4a6bb00: PCI host bridge to bus 1483:00
[    4.434332] pci_bus 1483:00: root bus resource [mem 0xfc0600000-0xfc06fffff window]
[    4.438492] pci_bus 1483:00: No busn resource found for root bus, will use [bus 00-ff]
[    4.443003] pci 1483:00:00.0: [1414:b111] type 00 class 0x010802 PCIe Endpoint
[    4.447147] pci 1483:00:00.0: BAR 0 [mem 0xfc0600000-0xfc06fffff 64bit]
[    4.454092] pci_bus 1483:00: busn_res: [bus 00-ff] end is updated to 00
[    4.457855] pci 1483:00:00.0: BAR 0 [mem 0xfc0600000-0xfc06fffff 64bit]: assigned
[    4.462235] nvme nvme5: pci function 1483:00:00.0
[    4.477025] nvme 1483:00:00.0: enabling device (0000 -> 0002)
[    4.799531] nvme nvme5: 6/0/0 default/read/poll queues
[    4.864565] hv_pci 2fc4f2c3-1483-41f8-b4ee-c779a4a6bb00: cdx: create_root_hv_pci_bus: done
[    4.887245] mlx5_core 5f4a:00:02.0: enabling device (0000 -> 0002)
[    4.893232] mlx5_core 5f4a:00:02.0: firmware version: 16.30.1278
[    5.017676] mlx5_core 5f4a:00:02.0: cdx: hyperv_reg_block_invalidate: line 59: 1: pdev=ffff000129e78000, ctxt=ffff000124ac2e00, func=mlx5_hv_vhca_invalidate+0x0/0x88 [mlx5_core]
[    5.025859] mlx5_core 5f4a:00:02.0: cdx: hyperv_reg_block_invalidate: line 62: 2: pdev=ffff000129e78000, ctxt=ffff000124ac2e00, func=mlx5_hv_vhca_invalidate+0x0/0x88 [mlx5_core], ret=0
[    5.034426] mlx5_core 5f4a:00:02.0: mlx5_hv_vhca_init: success: pdev=ffff000129e78000, hv_vhca=ffff000124ac2e00, agents_lock=ffff000124ac2f10
[    5.034430] mlx5_core 5f4a:00:02.0: mlx5_hv_vhca_invalidate_work: 1: pdev=ffff000129e78000, hv_vhca=ffff000124ac2e00, agents_lock=ffff000124ac2f10
[    5.042832] mlx5_core 5f4a:00:02.0: mlx5_load: success: hv_vhca=ffff000124ac2e00
[    5.047403] mlx5_core 5f4a:00:02.0: mlx5_hv_vhca_invalidate_work: 2: pdev=ffff000129e78000, hv_vhca=ffff000124ac2e00, agents_lock=ffff000124ac2f10
[    5.050846] mlx5_core 5f4a:00:02.0: mlx5_rescan_drivers_locked: 1: intf_state_mutex=ffff00010206c8c8, flag=0x0
[    5.057266] mlx5_core 5f4a:00:02.0: mlx5_hv_vhca_invalidate_work: 3.1: pdev=ffff000129e78000, hv_vhca=ffff000124ac2e00, agents_lock=ffff000124ac2f10, i=0
[    5.062064] mlx5_core 5f4a:00:02.0: mlx5_rescan_drivers_locked: 2: intf_state_mutex=ffff00010206c8c8, flag=0x0
[    5.068637] mlx5_core 5f4a:00:02.0: cdx: hyperv_read_cfg_blk: line 29: 1: pdev=ffff000129e78000, buf=ffff000102eba380, len=128, blk_id=0
[    5.073412] mlx5_core 5f4a:00:02.0: delete_drivers: 1: intf_state_mutex=ffff00010206c8c8, flag=0x0
[    5.079365] mlx5_core 5f4a:00:02.0: cdx: hyperv_read_cfg_blk: line 32: 2: pdev=ffff000129e78000, buf=ffff000102eba380, len=128, blk_id=0, out_len=128, ret=0
[    5.083390] mlx5_core 5f4a:00:02.0: delete_drivers: 6: intf_state_mutex=ffff00010206c8c8, flag=0x0
[    5.083392] mlx5_core 5f4a:00:02.0: mlx5_rescan_drivers_locked: 3: intf_state_mutex=ffff00010206c8c8, flag=0x0
[    5.083392] mlx5_core 5f4a:00:02.0: mlx5_rescan_drivers_locked: 4: intf_state_mutex=ffff00010206c8c8, flag=0x0
[    5.109057] mlx5_core 5f4a:00:02.0: cdx: hyperv_write_cfg_blk: line 44: 1: pdev=ffff000129e78000, buf=ffff000102eba380, len=128, blk_id=0
[    5.115515] mlx5_core 5f4a:00:02.0: cdx: hyperv_write_cfg_blk: line 46: 2: pdev=ffff000129e78000, buf=ffff000102eba380, len=128, blk_id=0, ret=0
[    5.122311] mlx5_core 5f4a:00:02.0: mlx5_hv_vhca_invalidate_work: 3.2: pdev=ffff000129e78000, hv_vhca=ffff000124ac2e00, agents_lock=ffff000124ac2f10, i=0
[    5.129404] mlx5_core 5f4a:00:02.0: mlx5_hv_vhca_invalidate_work: 3.3: pdev=ffff000129e78000, hv_vhca=ffff000124ac2e00, agents_lock=ffff000124ac2f10
[    5.137604] mlx5_core 5f4a:00:02.0: mlx5_hv_vhca_invalidate_work: 1: pdev=ffff000129e78000, hv_vhca=ffff000124ac2e00, agents_lock=ffff000124ac2f10
[    5.137953] hv_netvsc 00224879-fd6d-0022-4879-fd6d00224879 eth0: VF registering: eth1
[    5.143767] mlx5_core 5f4a:00:02.0: mlx5_hv_vhca_invalidate_work: 2: pdev=ffff000129e78000, hv_vhca=ffff000124ac2e00, agents_lock=ffff000124ac2f10
[    5.147415] mlx5_core 5f4a:00:02.0 eth1: joined to eth0
[    5.153815] mlx5_core 5f4a:00:02.0: mlx5_hv_vhca_invalidate_work: 3.1: pdev=ffff000129e78000, hv_vhca=ffff000124ac2e00, agents_lock=ffff000124ac2f10, i=0
[    5.161865] mlx5_core 5f4a:00:02.0: MLX5E: StrdRq(1) RqSz(8) StrdSz(256) RxCqeCmprss(0 basic)
[    5.162815] mlx5_core 5f4a:00:02.0: cdx: hyperv_read_cfg_blk: line 29: 1: pdev=ffff000129e78000, buf=ffff000129157000, len=128, blk_id=0
[    5.173600] mlx5_core 5f4a:00:02.0 enP24394s1: renamed from eth1
[    5.174165] mlx5_core 5f4a:00:02.0: cdx: hyperv_read_cfg_blk: line 32: 2: pdev=ffff000129e78000, buf=ffff000129157000, len=128, blk_id=0, out_len=128, ret=0
[    5.187672] mlx5_core 5f4a:00:02.0: cdx: hyperv_write_cfg_blk: line 44: 1: pdev=ffff000129e78000, buf=ffff000129157000, len=128, blk_id=0
[    5.194431] mlx5_core 5f4a:00:02.0: cdx: hyperv_write_cfg_blk: line 46: 2: pdev=ffff000129e78000, buf=ffff000129157000, len=128, blk_id=0, ret=0
[    5.201574] mlx5_core 5f4a:00:02.0: mlx5_hv_vhca_invalidate_work: 3.2: pdev=ffff000129e78000, hv_vhca=ffff000124ac2e00, agents_lock=ffff000124ac2f10, i=0
[    5.208729] mlx5_core 5f4a:00:02.0: mlx5_hv_vhca_invalidate_work: 3.3: pdev=ffff000129e78000, hv_vhca=ffff000124ac2e00, agents_lock=ffff000124ac2f10
[    5.219849] cdx: mlx5_ib_init: 1
[    5.223713] cdx: mlx5_ib_init: 2
[    5.351952] EXT4-fs (sda1): mounted filesystem d68ebe54-b529-4bf3-80aa-7404b82c1503 ro with ordered data mode. Quota mode: none.
[    5.448318] systemd[1]: Inserted module 'autofs4'
[    5.454355] systemd[1]: systemd 249.11-0ubuntu3.12 running in system mode (+PAM +AUDIT +SELINUX +APPARMOR +IMA +SMACK +SECCOMP +GCRYPT +GNUTLS +OPENSSL +ACL +BLKID +CURL +ELFUTILS +FIDO2 +IDN2 -IDN +IPTC +KMOD +LIBCRYPTSETUP +LIBFDISK +PCRE2 -PWQUALITY -P11KIT -QRENCODE +BZIP2 +LZ4 +XZ +ZLIB +ZSTD -XKBCOMMON +UTMP +SYSVINIT default-hierarchy=unified)
[    5.472848] systemd[1]: Detected virtualization microsoft.
[    5.476359] systemd[1]: Detected architecture arm64.
[    5.482131] systemd[1]: Hostname set to <lisa--891-e0-n0>.
[    5.531463] block sda: the capability attribute has been deprecated.
[    5.564744] systemd[1]: Configuration file /run/systemd/system/netplan-ovs-cleanup.service is marked world-inaccessible. This has no effect as configuration data is accessible via APIs without restrictions. Proceeding anyway.
[    5.603831] systemd[1]: Queued start job for default target Graphical Interface.
[    5.608192] systemd[1]: Unnecessary job was removed for /sys/devices/virtual/misc/vmbus!hv_fcopy.
[    5.614057] systemd[1]: Unnecessary job was removed for /sys/devices/virtual/misc/vmbus!hv_vss.
[    5.656171] systemd[1]: Created slice Slice for Azure VM Agent and Extensions.
[    5.664995] systemd[1]: Created slice Slice /system/modprobe.
[    5.672135] systemd[1]: Created slice Slice /system/serial-getty.
[    5.679315] systemd[1]: Created slice Slice /system/systemd-fsck.
[    5.686466] systemd[1]: Created slice User and Session Slice.
[    5.693603] systemd[1]: Started Forward Password Requests to Wall Directory Watch.
[    5.702426] systemd[1]: Set up automount Arbitrary Executable File Formats File System Automount Point.
[    5.712368] systemd[1]: Reached target Slice Units.
[    5.718328] systemd[1]: Reached target Mounting snaps.
[    5.724561] systemd[1]: Reached target Swaps.
[    5.729717] systemd[1]: Reached target System Time Set.
[    5.735894] systemd[1]: Reached target Local Verity Protected Volumes.
[    5.743155] systemd[1]: Listening on Device-mapper event daemon FIFOs.
[    5.750643] systemd[1]: Listening on LVM2 poll daemon socket.
[    5.757529] systemd[1]: Listening on multipathd control socket.
[    5.764484] systemd[1]: Listening on Syslog Socket.
[    5.770265] systemd[1]: Listening on fsck to fsckd communication Socket.
[    5.777847] systemd[1]: Listening on initctl Compatibility Named Pipe.
[    5.785414] systemd[1]: Listening on Journal Audit Socket.
[    5.791804] systemd[1]: Listening on Journal Socket (/dev/log).
[    5.798679] systemd[1]: Listening on Journal Socket.
[    5.804423] systemd[1]: Listening on Network Service Netlink Socket.
[    5.811613] systemd[1]: Listening on udev Control Socket.
[    5.818038] systemd[1]: Listening on udev Kernel Socket.
[    5.866589] systemd[1]: Mounting Huge Pages File System...
[    5.873077] systemd[1]: Mounting POSIX Message Queue File System...
[    5.880345] systemd[1]: Mounting Kernel Debug File System...
[    5.887072] systemd[1]: Mounting Kernel Trace File System...
[    5.895099] systemd[1]: Starting Journal Service...
[    5.901393] systemd[1]: Starting Set the console keyboard layout...
[    5.909078] systemd[1]: Starting Create List of Static Device Nodes...
[    5.916901] systemd[1]: Starting Monitoring of LVM2 mirrors, snapshots etc. using dmeventd or progress polling...
[    5.926352] systemd[1]: Condition check resulted in LXD - agent being skipped.
[    5.931361] systemd[1]: Starting Load Kernel Module configfs...
[    5.938288] systemd[1]: Starting Load Kernel Module drm...
[    5.944846] systemd[1]: Starting Load Kernel Module efi_pstore...
[    5.948598] pstore: Using crash dump compression: deflate
[    5.954757] systemd[1]: Starting Load Kernel Module fuse...
[    5.958922] pstore: Registered efi_pstore as persistent store backend
[    5.964192] systemd[1]: Condition check resulted in OpenVSwitch configuration for cleanup being skipped.
[    5.969426] systemd[1]: Condition check resulted in File System Check on Root Device being skipped.
[    5.976372] systemd[1]: Starting Load Kernel Modules...
[    5.982973] systemd[1]: Starting Remount Root and Kernel File Systems...
[    5.990926] systemd[1]: Starting Coldplug All udev Devices...
[    5.997851] systemd[1]: Starting Setup network rules for WALinuxAgent...
[    6.006206] systemd[1]: Started Journal Service.
[    6.026079] EXT4-fs (sda1): re-mounted d68ebe54-b529-4bf3-80aa-7404b82c1503 r/w. Quota mode: none.
[    6.103632] alua: device handler registered
[    6.106542] systemd-journald[733]: Received client request to flush runtime journal.
[    6.113575] emc: device handler registered
[    6.122585] rdac: device handler registered
[    6.616411] loop0: detected capacity change from 0 to 122368
[    6.620385] loop1: detected capacity change from 0 to 122416
[    6.700049] loop2: detected capacity change from 0 to 158472
[    6.707285] loop3: detected capacity change from 0 to 69032
[    6.916101] audit: type=1400 audit(1727462766.509:2): apparmor="STATUS" operation="profile_load" profile="unconfined" name="lsb_release" pid=977 comm="apparmor_parser"
[    6.924298] audit: type=1400 audit(1727462766.509:3): apparmor="STATUS" operation="profile_load" profile="unconfined" name="/usr/bin/man" pid=982 comm="apparmor_parser"
[    6.932412] audit: type=1400 audit(1727462766.509:4): apparmor="STATUS" operation="profile_load" profile="unconfined" name="man_filter" pid=982 comm="apparmor_parser"
[    6.942959] audit: type=1400 audit(1727462766.509:5): apparmor="STATUS" operation="profile_load" profile="unconfined" name="man_groff" pid=982 comm="apparmor_parser"
[    6.951346] audit: type=1400 audit(1727462766.509:6): apparmor="STATUS" operation="profile_load" profile="unconfined" name="nvidia_modprobe" pid=978 comm="apparmor_parser"
[    6.962494] audit: type=1400 audit(1727462766.509:7): apparmor="STATUS" operation="profile_load" profile="unconfined" name="nvidia_modprobe//kmod" pid=978 comm="apparmor_parser"
[    6.971824] audit: type=1400 audit(1727462766.509:8): apparmor="STATUS" operation="profile_load" profile="unconfined" name="/usr/sbin/chronyd" pid=985 comm="apparmor_parser"
[    6.983736] audit: type=1400 audit(1727462766.509:9): apparmor="STATUS" operation="profile_load" profile="unconfined" name="/usr/lib/snapd/snap-confine" pid=984 comm="apparmor_parser"
[    6.993185] audit: type=1400 audit(1727462766.509:10): apparmor="STATUS" operation="profile_load" profile="unconfined" name="/usr/lib/snapd/snap-confine//mount-namespace-capture-helper" pid=984 comm="apparmor_parser"
[    7.005793] audit: type=1400 audit(1727462766.509:11): apparmor="STATUS" operation="profile_load" profile="unconfined" name="ubuntu_pro_apt_news" pid=980 comm="apparmor_parser"
[    7.396157] /dev/sr0: Can't lookup blockdev
[    7.640869] mlx5_core 5f4a:00:02.0 enP24394s1: Link up
[    7.675468] hv_netvsc 00224879-fd6d-0022-4879-fd6d00224879 eth0: Data path switched to VF: enP24394s1
[    7.809908] hv_netvsc 00224879-fd6d-0022-4879-fd6d00224879 eth0: Data path switched from VF: enP24394s1
[    8.212416] mlx5_core 5f4a:00:02.0 enP24394s1: Link up
[    8.232203] hv_netvsc 00224879-fd6d-0022-4879-fd6d00224879 eth0: Data path switched to VF: enP24394s1
[   10.790696] loop4: detected capacity change from 0 to 8
[   49.686676] hv_balloon: Max. dynamic memory size: 196608 MB
[  716.698910] sysrq: HELP : loglevel(0-9) reboot(b) crash(c) terminate-all-tasks(e) memory-full-oom-kill(f) kill-all-tasks(i) thaw-filesystems(j) sak(k) show-backtrace-all-active-cpus(l) show-memory-usage(m) nice-all-RT-tasks(n) poweroff(o) show-registers(p) show-all-timers(q) unraw(r) sync(s) show-task-states(t) unmount(u) force-fb(v) show-blocked-tasks(w) dump-ftrace-buffer(z) replay-kernel-logs(R) 
[ 7434.315910] hv_pci db570379-5f4a-436a-abe2-4e29f61dd68f: cdx: hv_eject_device_work: 1: 
[ 7434.330047] hv_pci db570379-5f4a-436a-abe2-4e29f61dd68f: cdx: hv_eject_device_work: 2: pdev=ffff000129e78000
[ 7434.345401] hv_pci db570379-5f4a-436a-abe2-4e29f61dd68f: cdx: hv_eject_device_work: 3.1: pdev=ffff000129e78000
[ 7434.370231] mlx5_core 5f4a:00:02.0: mlx5_uninit_one: a: devlink=ffff00010206c000, intf_state_mutex=ffff00010206c8c8
[ 7434.385557] mlx5_core 5f4a:00:02.0: mlx5_uninit_one: b: devlink=ffff00010206c000, intf_state_mutex=ffff00010206c8c8
[ 7434.401177] mlx5_core 5f4a:00:02.0: mlx5_uninit_one: c: devlink=ffff00010206c000, intf_state_mutex=ffff00010206c8c8
[ 7434.425781] mlx5_core 5f4a:00:02.0: mlx5_uninit_one: d: devlink=ffff00010206c000, intf_state_mutex=ffff00010206c8c8
[ 7434.440960] mlx5_core 5f4a:00:02.0: mlx5_uninit_one: e: devlink=ffff00010206c000, intf_state_mutex=ffff00010206c8c8
[ 7434.456703] mlx5_core 5f4a:00:02.0: mlx5_unregister_device: 0: intf_state_mutex=ffff00010206c8c8
[ 7434.470925] mlx5_core 5f4a:00:02.0: mlx5_unregister_device: 1: intf_state_mutex=ffff00010206c8c8
[ 7434.485159] mlx5_core 5f4a:00:02.0: mlx5_unregister_device: 2: intf_state_mutex=ffff00010206c8c8
[ 7434.499407] mlx5_core 5f4a:00:02.0: mlx5_unregister_device: 3: intf_state_mutex=ffff00010206c8c8
[ 7434.514057] mlx5_core 5f4a:00:02.0: mlx5_rescan_drivers_locked: 1: intf_state_mutex=ffff00010206c8c8, flag=0x2
[ 7434.529544] mlx5_core 5f4a:00:02.0: mlx5_rescan_drivers_locked: 2: intf_state_mutex=ffff00010206c8c8, flag=0x2
[ 7434.545157] mlx5_core 5f4a:00:02.0: delete_drivers: 1: intf_state_mutex=ffff00010206c8c8, flag=0x2
[ 7434.560176] mlx5_core 5f4a:00:02.0: delete_drivers: 2.1: intf_state_mutex=ffff00010206c8c8, flag=0x2, i=2, del_all=1
[ 7434.584693] mlx5_core 5f4a:00:02.0: delete_drivers: 2.1.1: intf_state_mutex=ffff00010206c8c8, flag=0x2, i=2
[ 7434.599675] mlx5_core 5f4a:00:02.0: delete_drivers: 2.1.2: intf_state_mutex=ffff00010206c8c8, flag=0x2, i=2, enabled=1
[ 7434.615364] mlx5_core 5f4a:00:02.0: delete_drivers: 4: intf_state_mutex=ffff00010206c8c8, flag=0x2, i=2
[ 7434.630184] mlx5_core 5f4a:00:02.0: cdx_work_func: 1: intf_state_mutex=ffff00010206c8c8: sleep 5s...
[ 7439.718502] mlx5_core 5f4a:00:02.0: cdx_work_func: 2: intf_state_mutex=ffff00010206c8c8: sleep 5s... done: doing sysrq_w
[ 7439.734722] task:kworker/u192:0  state:D stack:0     pid:2258  tgid:2258  ppid:2      flags:0x00000008
[ 7439.749593] Workqueue: hv_pci_5f4a hv_eject_device_work [pci_hyperv]
[ 7439.762478] Call trace:
[ 7439.763946]  __switch_to+0xe0/0x128
[ 7439.775056]  __schedule+0x374/0x1438
[ 7439.777308]  schedule+0x30/0x160
[ 7439.779281]  schedule_timeout+0x8c/0x168
[ 7439.790714]  __wait_for_common+0xc8/0x248
[ 7439.793129]  wait_for_completion_timeout+0x28/0x40
[ 7439.805073]  cmd_exec+0xad4/0xd10 [mlx5_core]
[ 7439.807655]  mlx5_cmd_do+0x38/0x80 [mlx5_core]
[ 7439.819373]  mlx5_cmd_exec+0x2c/0x60 [mlx5_core]
[ 7439.831218]  mlx5_core_destroy_mkey+0x64/0x98 [mlx5_core]
[ 7439.834639]  destroy_mkey+0x40/0x78 [mlx5_ib]
[ 7439.846384]  mlx5_ib_dereg_mr+0xa8/0x620 [mlx5_ib]
[ 7439.849458]  ib_dealloc_pd_user+0x38/0x90 [ib_core]
[ 7439.861356]  mlx5r_umr_cleanup+0x20/0xa0 [mlx5_ib]
[ 7439.864236]  mlx5_ib_stage_pre_ib_reg_umr_cleanup+0x30/0x48 [mlx5_ib]
[ 7439.877441]  mlx5r_remove+0x7c/0xd8 [mlx5_ib]
[ 7439.889360]  auxiliary_bus_remove+0x2c/0x50
[ 7439.901147]  device_remove+0x54/0x90
[ 7439.903806]  device_release_driver_internal+0x1f4/0x2b8
[ 7439.916429]  device_release_driver+0x20/0x38
[ 7439.928346]  bus_remove_device+0xd8/0x158
[ 7439.931120]  device_del+0x154/0x388
[ 7439.942640]  mlx5_rescan_drivers_locked+0x1f8/0x508 [mlx5_core]
[ 7439.955581]  mlx5_unregister_device+0xf0/0x148 [mlx5_core]
[ 7439.968190]  mlx5_uninit_one+0xf0/0x2e8 [mlx5_core]
[ 7439.980848]  remove_one+0x68/0x168 [mlx5_core]
[ 7439.983695]  pci_device_remove+0x4c/0xf8
[ 7439.995377]  device_remove+0x54/0x90
[ 7439.997610]  device_release_driver_internal+0x1f4/0x2b8
[ 7440.009927]  device_release_driver+0x20/0x38
[ 7440.021719]  pci_stop_bus_device+0x98/0x108
[ 7440.033912]  pci_stop_and_remove_bus_device+0x20/0x40
[ 7440.037202]  hv_eject_device_work+0xc0/0x260 [pci_hyperv]
[ 7440.049801]  process_one_work+0x170/0x388
[ 7440.061501]  worker_thread+0x298/0x4b8
[ 7440.063882]  kthread+0xec/0xf8
[ 7440.075020]  ret_from_fork+0x10/0x20
[ 7440.086374] mlx5_core 5f4a:00:02.0: cdx_work_func: 3: intf_state_mutex=ffff00010206c8c8: sleep 5s... done: doing sysrq_w: done
[ 7464.322894] cdx: vmbus_on_msg_dpc: rescinding relid=48
[ 7464.322990] hv_netvsc 00224879-fd6d-0022-4879-fd6d00224879 eth0: VF slot 1 removed
[ 7464.325872] hv_pci db570379-5f4a-436a-abe2-4e29f61dd68f: cdx: hv_pci_remove: 1, state=2, chan.rescind=1
[ 7464.325875] hv_pci db570379-5f4a-436a-abe2-4e29f61dd68f: cdx: hv_pci_remove: 2, state=2, chan.rescind=1
[ 7464.471457] hv_utils: Heartbeat IC version 3.0
[ 7464.473876] hv_utils: Shutdown IC version 3.2
[ 7464.476300] hv_utils: TimeSync IC version 4.0
[ 7466.138230] hv_balloon: Max. dynamic memory size: 196608 MB
[ 7466.191382] hv_netvsc 00224879-fd6d-0022-4879-fd6d00224879 eth0: VF slot 1 added
[ 7466.597557] mlx5_core 5f4a:00:02.0: poll_health:785:(pid 0): Fatal error 1 detected
[ 7466.601654] mlx5_core 5f4a:00:02.0: print_health_info:425:(pid 0): PCI slot is unavailable
[ 7499.876812] mlx5_core 5f4a:00:02.0: wait_func_handle_exec_timeout:1144:(pid 2258): cmd[0]: DESTROY_MKEY(0x202) No done completion
[ 7499.882654] mlx5_core 5f4a:00:02.0: wait_func:1174:(pid 2258): DESTROY_MKEY(0x202) timeout. Will cause a leak of a command resource
[ 7499.888218] ------------[ cut here ]------------
[ 7499.890375] WARNING: CPU: 17 PID: 2258 at drivers/infiniband/core/verbs.c:340 ib_dealloc_pd_user+0x80/0x90 [ib_core]
[ 7499.895227] Modules linked in: nvme_fabrics binfmt_misc nls_iso8859_1 xt_conntrack nf_conntrack nf_defrag_ipv6 nf_defrag_ipv4 xt_owner xt_tcpudp nft_compat x_tables nf_tables libcrc32c nfnetlink serio_raw joydev dm_multipath sch_fq_codel scsi_dh_rdac scsi_dh_emc scsi_dh_alua efi_pstore autofs4 mlx5_ib ib_uverbs ib_core mlx5_core mlxfw tls psample crct10dif_ce polyval_ce polyval_generic ghash_ce sm4_ce_gcm sm4_ce_ccm sm4_ce sm4_ce_cipher sm4 sm3_ce sm3 sha3_ce hyperv_drm sha2_ce drm_shmem_helper sha256_arm64 hid_generic drm_kms_helper sha1_ce hid_hyperv drm hid hv_netvsc hyperv_keyboard pci_hyperv aes_ce_blk aes_ce_cipher
[ 7499.921019] CPU: 17 UID: 0 PID: 2258 Comm: kworker/u192:0 Not tainted 6.11.0-rc5-decui+ #2
[ 7499.925106] Hardware name: Microsoft Corporation Virtual Machine/Virtual Machine, BIOS Hyper-V UEFI Release v4.1 06/20/2024
[ 7499.930289] Workqueue: hv_pci_5f4a hv_eject_device_work [pci_hyperv]
[ 7499.933360] pstate: 62400005 (nZCv daif +PAN -UAO +TCO -DIT -SSBS BTYPE=--)
[ 7499.936690] pc : ib_dealloc_pd_user+0x80/0x90 [ib_core]
[ 7499.939194] lr : ib_dealloc_pd_user+0x38/0x90 [ib_core]
[ 7499.941726] sp : ffff800087e73900
[ 7499.943406] x29: ffff800087e73900 x28: 0000000000000002 x27: 0000000000000002
[ 7499.946888] x26: ffffa94be0060728 x25: 000000000000000e x24: ffffa94b82f04b40
[ 7499.950310] x23: ffffa94b82f04b60 x22: ffff0001358b4000 x21: ffffa94b82fcf250
[ 7499.953657] x20: 0000000000000000 x19: ffff000105278680 x18: 0000000000000000
[ 7499.957136] x17: 2859454b4d5f594f x16: ffffa94bde1071f8 x15: 3835323220646970
[ 7499.960558] x14: 283a343731313a63 x13: 0000000000000000 x12: 0000000000000001
[ 7499.963993] x11: 0000000000000002 x10: ffffffffffffff20 x9 : ffffa94b82d1b348
[ 7499.967442] x8 : 0101010101010101 x7 : 0000000000000001 x6 : 312b383a3d38377f
[ 7499.970872] x5 : 7f37383d3a382b31 x4 : 0000000000000000 x3 : 0000000000000000
[ 7499.974179] x2 : 0000000000000000 x1 : ffff000135a48000 x0 : 00000000ffffff92
[ 7499.977515] Call trace:
[ 7499.978811]  ib_dealloc_pd_user+0x80/0x90 [ib_core]
[ 7499.981162]  mlx5r_umr_cleanup+0x20/0xa0 [mlx5_ib]
[ 7499.983472]  mlx5_ib_stage_pre_ib_reg_umr_cleanup+0x30/0x48 [mlx5_ib]
[ 7499.986563]  mlx5r_remove+0x7c/0xd8 [mlx5_ib]
[ 7499.988737]  auxiliary_bus_remove+0x2c/0x50
[ 7499.990802]  device_remove+0x54/0x90
[ 7499.992584]  device_release_driver_internal+0x1f4/0x2b8
[ 7499.995177]  device_release_driver+0x20/0x38
[ 7499.997309]  bus_remove_device+0xd8/0x158
[ 7499.999304]  device_del+0x154/0x388
[ 7500.001028]  mlx5_rescan_drivers_locked+0x1f8/0x508 [mlx5_core]
[ 7500.004043]  mlx5_unregister_device+0xf0/0x148 [mlx5_core]
[ 7500.006680]  mlx5_uninit_one+0xf0/0x2e8 [mlx5_core]
[ 7500.009092]  remove_one+0x68/0x168 [mlx5_core]
[ 7500.011294]  pci_device_remove+0x4c/0xf8
[ 7500.013245]  device_remove+0x54/0x90
[ 7500.015038]  device_release_driver_internal+0x1f4/0x2b8
[ 7500.017554]  device_release_driver+0x20/0x38
[ 7500.019791]  pci_stop_bus_device+0x98/0x108
[ 7500.021849]  pci_stop_and_remove_bus_device+0x20/0x40
[ 7500.024242]  hv_eject_device_work+0xc0/0x260 [pci_hyperv]
[ 7500.026821]  process_one_work+0x170/0x388
[ 7500.028783]  worker_thread+0x298/0x4b8
[ 7500.030627]  kthread+0xec/0xf8
[ 7500.032166]  ret_from_fork+0x10/0x20
[ 7500.034078] ---[ end trace 0000000000000000 ]---
[ 7500.116710] mlx5_core 5f4a:00:02.0: delete_drivers: 5: intf_state_mutex=ffff00010206c8c8, flag=0x2, i=2
[ 7500.121102] mlx5_core 5f4a:00:02.0: delete_drivers: 2.1: intf_state_mutex=ffff00010206c8c8, flag=0x2, i=0, del_all=1
[ 7500.125823] mlx5_core 5f4a:00:02.0: delete_drivers: 2.1.1: intf_state_mutex=ffff00010206c8c8, flag=0x2, i=0
[ 7500.130196] mlx5_core 5f4a:00:02.0: delete_drivers: 2.1.2: intf_state_mutex=ffff00010206c8c8, flag=0x2, i=0, enabled=1
[ 7500.135021] mlx5_core 5f4a:00:02.0: delete_drivers: 4: intf_state_mutex=ffff00010206c8c8, flag=0x2, i=0
[ 7500.139904] hv_netvsc 00224879-fd6d-0022-4879-fd6d00224879 eth0: Data path switched from VF: enP24394s1
[ 7500.153488] hv_netvsc 00224879-fd6d-0022-4879-fd6d00224879 eth0: VF unregistering: enP24394s1
[ 7500.204669] mlx5_core 5f4a:00:02.0: mlx5_hv_vhca_agent_destroy: 1: pdev=ffff000129e78000, hv_vhca=ffff000124ac2e00, agents_lock=ffff000124ac2f10
[ 7500.211129] mlx5_core 5f4a:00:02.0: mlx5_hv_vhca_agent_destroy: 2: pdev=ffff000129e78000, hv_vhca=ffff000124ac2e00, agents_lock=ffff000124ac2f10
[ 7500.217316] mlx5_core 5f4a:00:02.0: mlx5_hv_vhca_agent_destroy: 3: pdev=ffff000129e78000, hv_vhca=ffff000124ac2e00, agents_lock=ffff000124ac2f10, cleanup=mlx5e_hv_vhca_stats_cleanup+0x0/0x38 [mlx5_core]
[ 7500.225939] mlx5_core 5f4a:00:02.0: mlx5_hv_vhca_agent_destroy: 4: pdev=ffff000129e78000, hv_vhca=ffff000124ac2e00, agents_lock=ffff000124ac2f10, cleanup=mlx5e_hv_vhca_stats_cleanup+0x0/0x38 [mlx5_core]
[ 7500.234252] mlx5_core 5f4a:00:02.0: mlx5_hv_vhca_invalidate_work: 1: pdev=ffff000129e78000, hv_vhca=ffff000124ac2e00, agents_lock=ffff000124ac2f10
[ 7500.234248] mlx5_core 5f4a:00:02.0: mlx5_hv_vhca_agent_destroy: 5: pdev=ffff000129e78000, hv_vhca=ffff000124ac2e00, agents_lock=ffff000124ac2f10, cleanup=mlx5e_hv_vhca_stats_cleanup+0x0/0x38 [mlx5_core]
[ 7500.240378] mlx5_core 5f4a:00:02.0: mlx5_hv_vhca_invalidate_work: 2: pdev=ffff000129e78000, hv_vhca=ffff000124ac2e00, agents_lock=ffff000124ac2f10
[ 7500.240380] mlx5_core 5f4a:00:02.0: mlx5_hv_vhca_invalidate_work: 3.1: pdev=ffff000129e78000, hv_vhca=ffff000124ac2e00, agents_lock=ffff000124ac2f10, i=0
[ 7500.240382] mlx5_core 5f4a:00:02.0: cdx: hyperv_read_cfg_blk: line 29: 1: pdev=ffff000129e78000, buf=ffff0001318bab00, len=128, blk_id=0
[ 7500.240385] mlx5_core 5f4a:00:02.0: cdx: hyperv_read_cfg_blk: line 32: 2: pdev=ffff000129e78000, buf=ffff0001318bab00, len=128, blk_id=0, out_len=-65535, ret=-19
[ 7500.275190] mlx5_core 5f4a:00:02.0: mlx5_hv_config_common:32:(pid 335): Failed to read hv config, err = -19, len = 128, offset = 0
[ 7500.280863] mlx5_core 5f4a:00:02.0: mlx5_hv_vhca_invalidate_work: 3.2: pdev=ffff000129e78000, hv_vhca=ffff000124ac2e00, agents_lock=ffff000124ac2f10, i=0
[ 7500.287657] mlx5_core 5f4a:00:02.0: mlx5_hv_vhca_invalidate_work: 3.3: pdev=ffff000129e78000, hv_vhca=ffff000124ac2e00, agents_lock=ffff000124ac2f10
[ 7500.376679] mlx5_core 5f4a:00:02.0: delete_drivers: 5: intf_state_mutex=ffff00010206c8c8, flag=0x2, i=0
[ 7500.381090] mlx5_core 5f4a:00:02.0: delete_drivers: 6: intf_state_mutex=ffff00010206c8c8, flag=0x2
[ 7500.385159] mlx5_core 5f4a:00:02.0: mlx5_rescan_drivers_locked: 3: intf_state_mutex=ffff00010206c8c8, flag=0x2
[ 7500.389672] mlx5_core 5f4a:00:02.0: mlx5_unregister_device: 4: intf_state_mutex=ffff00010206c8c8
[ 7500.393689] mlx5_core 5f4a:00:02.0: mlx5_unregister_device: 5: intf_state_mutex=ffff00010206c8c8
[ 7500.397834] mlx5_core 5f4a:00:02.0: mlx5_uninit_one: f: devlink=ffff00010206c000, intf_state_mutex=ffff00010206c8c8
[ 7500.402499] mlx5_core 5f4a:00:02.0: mlx5_uninit_one: g: devlink=ffff00010206c000, intf_state_mutex=ffff00010206c8c8
[ 7500.428764] mlx5_core 5f4a:00:02.0: mlx5_hv_vhca_cleanup: 1: pdev=ffff000129e78000, hv_vhca=ffff000124ac2e00, agents_lock=ffff000124ac2f10
[ 7500.434953] mlx5_core 5f4a:00:02.0: mlx5_hv_vhca_cleanup: 1: pdev=ffff000129e78000, hv_vhca=ffff000124ac2e00, agents_lock=ffff000124ac2f10, agent=ffff000103550cc0
[ 7500.441993] mlx5_core 5f4a:00:02.0: mlx5_hv_vhca_agent_destroy: 1: pdev=ffff000129e78000, hv_vhca=ffff000124ac2e00, agents_lock=ffff000124ac2f10
[ 7500.448525] mlx5_core 5f4a:00:02.0: mlx5_hv_vhca_agent_destroy: 2: pdev=ffff000129e78000, hv_vhca=ffff000124ac2e00, agents_lock=ffff000124ac2f10
[ 7500.455435] mlx5_core 5f4a:00:02.0: mlx5_hv_vhca_agent_destroy: 3: pdev=ffff000129e78000, hv_vhca=ffff000124ac2e00, agents_lock=ffff000124ac2f10, cleanup=0x0
[ 7500.462579] mlx5_core 5f4a:00:02.0: mlx5_hv_vhca_agent_destroy: 4: pdev=ffff000129e78000, hv_vhca=ffff000124ac2e00, agents_lock=ffff000124ac2f10, cleanup=0x0
[ 7500.469395] mlx5_core 5f4a:00:02.0: mlx5_hv_vhca_agent_destroy: 5: pdev=ffff000129e78000, hv_vhca=ffff000124ac2e00, agents_lock=ffff000124ac2f10, cleanup=0x0
[ 7500.469404] mlx5_core 5f4a:00:02.0: mlx5_hv_vhca_invalidate_work: 1: pdev=ffff000129e78000, hv_vhca=ffff000124ac2e00, agents_lock=ffff000124ac2f10
[ 7500.475621] mlx5_core 5f4a:00:02.0: mlx5_hv_vhca_cleanup: 2: pdev=ffff000129e78000, hv_vhca=ffff000124ac2e00, agents_lock=ffff000124ac2f10
[ 7500.481253] mlx5_core 5f4a:00:02.0: mlx5_hv_vhca_invalidate_work: 2: pdev=ffff000129e78000, hv_vhca=ffff000124ac2e00, agents_lock=ffff000124ac2f10
[ 7500.481255] mlx5_core 5f4a:00:02.0: mlx5_hv_vhca_invalidate_work: 3.3: pdev=ffff000129e78000, hv_vhca=ffff000124ac2e00, agents_lock=ffff000124ac2f10
[ 7500.502304] mlx5_core 5f4a:00:02.0: mlx5_hv_vhca_cleanup: 3: pdev=ffff000129e78000, hv_vhca=ffff000124ac2e00, agents_lock=ffff000124ac2f10
[ 7500.509011] mlx5_core 5f4a:00:02.0: mlx5_hv_vhca_cleanup: 4: pdev=ffff000129e78000, hv_vhca=ffff000124ac2e00, agents_lock=ffff000124ac2f10
[ 7500.515244] mlx5_core 5f4a:00:02.0: cdx: hyperv_reg_block_invalidate: line 59: 1: pdev=ffff000129e78000, ctxt=0000000000000000, func=0x0
[ 7500.521437] mlx5_core 5f4a:00:02.0: cdx: hyperv_reg_block_invalidate: line 62: 2: pdev=ffff000129e78000, ctxt=0000000000000000, func=0x0, ret=0
[ 7500.528148] mlx5_core 5f4a:00:02.0: mlx5_hv_vhca_cleanup: 5: pdev=ffff000129e78000, hv_vhca=ffff000124ac2e00, agents_lock=ffff000124ac2f10
[ 7501.880603] mlx5_core 5f4a:00:02.0: mlx5_uninit_one: h: devlink=ffff00010206c000, intf_state_mutex=ffff00010206c8c8
[ 7501.885685] mlx5_core 5f4a:00:02.0: mlx5_uninit_one: i: devlink=ffff00010206c000, intf_state_mutex=ffff00010206c8c8
[ 7501.928808] mlx5_core 5f4a:00:02.0: mlx5_uninit_one: j: devlink=ffff00010206c000, intf_state_mutex=ffff00010206c8c8
[ 7501.934218] mlx5_core 5f4a:00:02.0: mlx5_uninit_one: k: devlink=ffff00010206c000, intf_state_mutex=ffff00010206c8c8
[ 7501.939067] mlx5_core 5f4a:00:02.0: mlx5_uninit_one: l: devlink=ffff00010206c000, intf_state_mutex=ffff00010206c8c8
[ 7501.943875] mlx5_core 5f4a:00:02.0: mlx5_uninit_one: m: devlink=ffff00010206c000, intf_state_mutex=ffff00010206c8c8
[ 7501.948950] mlx5_core 5f4a:00:02.0: mlx5_uninit_one: n: devlink=ffff00010206c000, intf_state_mutex=ffff00010206c8c8
[ 7501.953809] mlx5_core 5f4a:00:02.0: mlx5_uninit_one: o: devlink=ffff00010206c000, intf_state_mutex=ffff00010206c8c8
[ 7501.961673] mlx5_core 5f4a:00:02.0: remove_one: 1: intf_state_mutex=ffff00010206c8c8: mlx5_mdev_uninit: done
[ 7501.966581] mlx5_core 5f4a:00:02.0: remove_one: 2: intf_state_mutex=ffff00010206c8c8: flushing cdx_work
[ 7501.971191] mlx5_core 5f4a:00:02.0: remove_one: 3: intf_state_mutex=ffff00010206c8c8: flushing cdx_work
[ 7501.975916] hv_pci db570379-5f4a-436a-abe2-4e29f61dd68f: cdx: hv_eject_device_work: 3.2: pdev=ffff000129e78000
[ 7501.980997] hv_pci db570379-5f4a-436a-abe2-4e29f61dd68f: cdx: hv_eject_device_work: 4: pdev=ffff000129e78000
[ 7501.985612] hv_pci db570379-5f4a-436a-abe2-4e29f61dd68f: cdx: hv_eject_device_work: 5: pdev=ffff000129e78000
[ 7501.990401] pci_bus 5f4a:00: busn_res: [bus 00] is released
[ 7501.993202] hv_pci db570379-5f4a-436a-abe2-4e29f61dd68f: cdx: hv_pci_remove: 3, state=3, chan.rescind=1
[ 7501.997629] hv_pci db570379-5f4a-436a-abe2-4e29f61dd68f: cdx: hv_pci_remove: 4, state=3, chan.rescind=1
[ 7502.002048] hv_pci db570379-5f4a-436a-abe2-4e29f61dd68f: cdx: hv_pci_remove: 4, state=3, chan.rescind=1
[ 7502.006371] cdx: vmbus_release_relid: relid=48
[ 7502.008680] cdx: vmbus_on_msg_dpc: offer relid=48, 44c4f61d-4444-4400-9d52-802e27ede19f, db570379-5f4a-436a-abe2-4e29f61dd68f
[ 7502.014567] hv_pci db570379-5f4a-436a-abe2-4e29f61dd68f: PCI VMBus probing: Using version 0x10004
[ 7502.019923] hv_pci db570379-5f4a-436a-abe2-4e29f61dd68f: PCI host bridge to bus 5f4a:00
[ 7502.023708] pci_bus 5f4a:00: root bus resource [mem 0xfc0000000-0xfc00fffff window]
[ 7502.027525] pci_bus 5f4a:00: No busn resource found for root bus, will use [bus 00-ff]
[ 7502.032079] pci 5f4a:00:02.0: [15b3:101a] type 00 class 0x020000 PCIe Endpoint
[ 7502.037213] pci 5f4a:00:02.0: BAR 0 [mem 0xfc0000000-0xfc00fffff 64bit pref]
[ 7502.041816] pci 5f4a:00:02.0: enabling Extended Tags
[ 7502.049916] pci 5f4a:00:02.0: 0.000 Gb/s available PCIe bandwidth, limited by Unknown x0 link at 5f4a:00:02.0 (capable of 252.048 Gb/s with 16.0 GT/s PCIe x16 link)
[ 7502.058587] pci_bus 5f4a:00: busn_res: [bus 00-ff] end is updated to 00
[ 7502.061927] pci 5f4a:00:02.0: BAR 0 [mem 0xfc0000000-0xfc00fffff 64bit pref]: assigned
[ 7502.068678] mlx5_core 5f4a:00:02.0: enabling device (0000 -> 0002)
[ 7502.074522] mlx5_core 5f4a:00:02.0: firmware version: 16.30.1278
[ 7502.197479] mlx5_core 5f4a:00:02.0: cdx: hyperv_reg_block_invalidate: line 59: 1: pdev=ffff000128010000, ctxt=ffff00014c0de200, func=mlx5_hv_vhca_invalidate+0x0/0x88 [mlx5_core]
[ 7502.204817] mlx5_core 5f4a:00:02.0: cdx: hyperv_reg_block_invalidate: line 62: 2: pdev=ffff000128010000, ctxt=ffff00014c0de200, func=mlx5_hv_vhca_invalidate+0x0/0x88 [mlx5_core], ret=0
[ 7502.212360] mlx5_core 5f4a:00:02.0: mlx5_hv_vhca_init: success: pdev=ffff000128010000, hv_vhca=ffff00014c0de200, agents_lock=ffff00014c0de310
[ 7502.212363] mlx5_core 5f4a:00:02.0: mlx5_hv_vhca_invalidate_work: 1: pdev=ffff000128010000, hv_vhca=ffff00014c0de200, agents_lock=ffff00014c0de310
[ 7502.219742] mlx5_core 5f4a:00:02.0: mlx5_load: success: hv_vhca=ffff00014c0de200
[ 7502.223594] mlx5_core 5f4a:00:02.0: mlx5_hv_vhca_invalidate_work: 2: pdev=ffff000128010000, hv_vhca=ffff00014c0de200, agents_lock=ffff00014c0de310
[ 7502.223596] mlx5_core 5f4a:00:02.0: mlx5_hv_vhca_invalidate_work: 3.1: pdev=ffff000128010000, hv_vhca=ffff00014c0de200, agents_lock=ffff00014c0de310, i=0
[ 7502.223599] mlx5_core 5f4a:00:02.0: cdx: hyperv_read_cfg_blk: line 29: 1: pdev=ffff000128010000, buf=ffff0001275c1c00, len=128, blk_id=0
[ 7502.226699] mlx5_core 5f4a:00:02.0: cdx: hyperv_read_cfg_blk: line 32: 2: pdev=ffff000128010000, buf=ffff0001275c1c00, len=128, blk_id=0, out_len=128, ret=0
[ 7502.227206] mlx5_core 5f4a:00:02.0: mlx5_rescan_drivers_locked: 1: intf_state_mutex=ffff0001358b28c8, flag=0x0
[ 7502.232790] mlx5_core 5f4a:00:02.0: cdx: hyperv_write_cfg_blk: line 44: 1: pdev=ffff000128010000, buf=ffff0001275c1c00, len=128, blk_id=0
[ 7502.238378] mlx5_core 5f4a:00:02.0: cdx: hyperv_write_cfg_blk: line 46: 2: pdev=ffff000128010000, buf=ffff0001275c1c00, len=128, blk_id=0, ret=0
[ 7502.238872] mlx5_core 5f4a:00:02.0: mlx5_rescan_drivers_locked: 2: intf_state_mutex=ffff0001358b28c8, flag=0x0
[ 7502.244032] mlx5_core 5f4a:00:02.0: mlx5_hv_vhca_invalidate_work: 3.2: pdev=ffff000128010000, hv_vhca=ffff00014c0de200, agents_lock=ffff00014c0de310, i=0
[ 7502.244033] mlx5_core 5f4a:00:02.0: mlx5_hv_vhca_invalidate_work: 3.3: pdev=ffff000128010000, hv_vhca=ffff00014c0de200, agents_lock=ffff00014c0de310
[ 7502.286991] mlx5_core 5f4a:00:02.0: delete_drivers: 1: intf_state_mutex=ffff0001358b28c8, flag=0x0
[ 7502.291391] mlx5_core 5f4a:00:02.0: delete_drivers: 6: intf_state_mutex=ffff0001358b28c8, flag=0x0
[ 7502.295693] mlx5_core 5f4a:00:02.0: mlx5_rescan_drivers_locked: 3: intf_state_mutex=ffff0001358b28c8, flag=0x0
[ 7502.300363] mlx5_core 5f4a:00:02.0: mlx5_rescan_drivers_locked: 4: intf_state_mutex=ffff0001358b28c8, flag=0x0
[ 7502.354629] mlx5_core 5f4a:00:02.0: mlx5_hv_vhca_invalidate_work: 1: pdev=ffff000128010000, hv_vhca=ffff00014c0de200, agents_lock=ffff00014c0de310
[ 7502.354961] hv_netvsc 00224879-fd6d-0022-4879-fd6d00224879 eth0: VF registering: eth1
[ 7502.360935] mlx5_core 5f4a:00:02.0: mlx5_hv_vhca_invalidate_work: 2: pdev=ffff000128010000, hv_vhca=ffff00014c0de200, agents_lock=ffff00014c0de310
[ 7502.364256] mlx5_core 5f4a:00:02.0 eth1: joined to eth0
[ 7502.370099] mlx5_core 5f4a:00:02.0: mlx5_hv_vhca_invalidate_work: 3.1: pdev=ffff000128010000, hv_vhca=ffff00014c0de200, agents_lock=ffff00014c0de310, i=0
[ 7502.378116] mlx5_core 5f4a:00:02.0: MLX5E: StrdRq(1) RqSz(8) StrdSz(256) RxCqeCmprss(0 basic)
[ 7502.378820] mlx5_core 5f4a:00:02.0: cdx: hyperv_read_cfg_blk: line 29: 1: pdev=ffff000128010000, buf=ffff000135b60900, len=128, blk_id=0
[ 7502.383019] mlx5_core 5f4a:00:02.0 enP24394s1: renamed from eth1
[ 7502.386851] hv_pci db570379-5f4a-436a-abe2-4e29f61dd68f: cdx: create_root_hv_pci_bus: done
[ 7502.388703] mlx5_core 5f4a:00:02.0: cdx: hyperv_read_cfg_blk: line 32: 2: pdev=ffff000128010000, buf=ffff000135b60900, len=128, blk_id=0, out_len=128, ret=0
[ 7502.406035] mlx5_core 5f4a:00:02.0: cdx: hyperv_write_cfg_blk: line 44: 1: pdev=ffff000128010000, buf=ffff000135b60900, len=128, blk_id=0
[ 7502.412294] mlx5_core 5f4a:00:02.0: cdx: hyperv_write_cfg_blk: line 46: 2: pdev=ffff000128010000, buf=ffff000135b60900, len=128, blk_id=0, ret=0
[ 7502.419220] mlx5_core 5f4a:00:02.0: mlx5_hv_vhca_invalidate_work: 3.2: pdev=ffff000128010000, hv_vhca=ffff00014c0de200, agents_lock=ffff00014c0de310, i=0
[ 7502.427188] mlx5_core 5f4a:00:02.0: mlx5_hv_vhca_invalidate_work: 3.3: pdev=ffff000128010000, hv_vhca=ffff00014c0de200, agents_lock=ffff00014c0de310
[ 7502.658991] mlx5_core 5f4a:00:02.0 enP24394s1: Link up
[ 7502.694135] hv_netvsc 00224879-fd6d-0022-4879-fd6d00224879 eth0: Data path switched to VF: enP24394s1
[ 7523.895804] cdx: vmbus_on_msg_dpc: rescinding relid=7
[ 7523.898987] cdx: vmbus_release_relid: relid=7
[ 7523.901469] cdx: vmbus_on_msg_dpc: offer relid=7, a9a0f4e7-5a45-4d96-b827-8a841e8c03e6, 242ff919-07db-4180-9c2e-b86cb68c8c55
