[    0.000000] Linux version 4.20.0-cdx-rc2-94.11-default+ (root@decui-sles12sp3-20180221-jenkins) (gcc version 4.8.5 (SUSE Linux)) #5 SMP Mon Nov 12 19:22:34 UTC 2018
[    0.000000] Command line: BOOT_IMAGE=/vmlinuz-4.20.0-cdx-rc2-94.11-default+ root=UUID=3b826bfc-f0dd-42d8-9e49-06cf472a2ef2 root=/dev/disk/by-uuid/3b826bfc-f0dd-42d8-9e49-06cf472a2ef2 disk=/dev/sda resume=swap USE_BY_UUID_DEVICE_NAMES=1 earlyprintk=ttyS0 console=ttyS0 rootdelay=300 net.ifnames=0 dis_ucode_ldr ignore_loglevel sysrq_always_enabled unknown_nmi_panic oops=panic panic=30 maxcpus=256 mem=40G hv_storvsc.storvsc_ringbuffer_size=262144
[    0.000000] x86/fpu: Supporting XSAVE feature 0x001: 'x87 floating point registers'
[    0.000000] x86/fpu: Supporting XSAVE feature 0x002: 'SSE registers'
[    0.000000] x86/fpu: Supporting XSAVE feature 0x004: 'AVX registers'
[    0.000000] x86/fpu: xstate_offset[2]:  576, xstate_sizes[2]:  256
[    0.000000] x86/fpu: Enabled xstate features 0x7, context size is 832 bytes, using 'standard' format.
[    0.000000] BIOS-provided physical RAM map:
[    0.000000] BIOS-e820: [mem 0x0000000000000000-0x000000000009fbff] usable
[    0.000000] BIOS-e820: [mem 0x000000000009fc00-0x000000000009ffff] reserved
[    0.000000] BIOS-e820: [mem 0x00000000000e0000-0x00000000000fffff] reserved
[    0.000000] BIOS-e820: [mem 0x0000000000100000-0x000000003ffeffff] usable
[    0.000000] BIOS-e820: [mem 0x000000003fff0000-0x000000003fffefff] ACPI data
[    0.000000] BIOS-e820: [mem 0x000000003ffff000-0x000000003fffffff] ACPI NVS
[    0.000000] BIOS-e820: [mem 0x0000000100000000-0x0000000fdfffffff] usable
[    0.000000] BIOS-e820: [mem 0x0000001000000000-0x000000f41fffffff] usable
[    0.000000] BIOS-e820: [mem 0x000000f420200000-0x000001e7601fffff] usable
[    0.000000] BIOS-e820: [mem 0x000001e760400000-0x000002daa03fffff] usable
[    0.000000] BIOS-e820: [mem 0x000002daa0600000-0x000003cde05fffff] usable
[    0.000000] printk: bootconsole [earlyser0] enabled
[    0.000000] printk: debug: ignoring loglevel setting.
[    0.000000] e820: remove [mem 0xa00000000-0xfffffffffffffffe] usable
[    0.000000] NX (Execute Disable) protection: active
[    0.000000] user-defined physical RAM map:
[    0.000000] user: [mem 0x0000000000000000-0x000000000009fbff] usable
[    0.000000] user: [mem 0x000000000009fc00-0x000000000009ffff] reserved
[    0.000000] user: [mem 0x00000000000e0000-0x00000000000fffff] reserved
[    0.000000] user: [mem 0x0000000000100000-0x000000003ffeffff] usable
[    0.000000] user: [mem 0x000000003fff0000-0x000000003fffefff] ACPI data
[    0.000000] user: [mem 0x000000003ffff000-0x000000003fffffff] ACPI NVS
[    0.000000] user: [mem 0x0000000100000000-0x00000009ffffffff] usable
[    0.000000] SMBIOS 2.3 present.
[    0.000000] DMI: Microsoft Corporation Virtual Machine/Virtual Machine, BIOS 090007  06/02/2017
[    0.000000] Hypervisor detected: Microsoft Hyper-V
[    0.000000] Hyper-V: features 0x2e7f, hints 0x4c2c
[    0.000000] Hyper-V Host Build:14393-10.0-0-0.280
[    0.000000] Hyper-V: LAPIC Timer Frequency: 0xc3500
[    0.000000] tsc: Marking TSC unstable due to running on Hyper-V
[    0.000000] Hyper-V: Using hypercall for remote TLB flush
[    0.000000] tsc: Detected 2493.987 MHz processor
[    0.000909] e820: update [mem 0x00000000-0x00000fff] usable ==> reserved
[    0.004748] e820: remove [mem 0x000a0000-0x000fffff] usable
[    0.007913] last_pfn = 0xa00000 max_arch_pfn = 0x400000000
[    0.011049] MTRR default type: uncachable
[    0.013313] MTRR fixed ranges enabled:
[    0.015395]   00000-9FFFF write-back
[    0.017377]   A0000-DFFFF uncachable
[    0.019359]   E0000-FFFFF write-back
[    0.021353] MTRR variable ranges enabled:
[    0.023581]   0 base 00000000000 mask FFFC0000000 write-back
[    0.026720]   1 base 00100000000 mask FF000000000 write-back
[    0.029853]   2 base 01000000000 mask 80000000000 write-back
[    0.033002]   3 base 80000000000 mask 00000000000 write-back
[    0.036119]   4 disabled
[    0.037505]   5 disabled
[    0.038875]   6 disabled
[    0.040254]   7 disabled
[    0.041631] x86/PAT: Configuration [0-7]: WB  WC  UC- UC  WB  WP  UC- WT  
[    0.045408] e820: update [mem 0x40000000-0xffffffff] usable ==> reserved
[    0.049049] last_pfn = 0x3fff0 max_arch_pfn = 0x400000000
[    0.059398] found SMP MP-table at [mem 0x000ff780-0x000ff78f] mapped at [(____ptrval____)]
[    0.064077] check: Scanning 1 areas for low memory corruption
[    0.067278] Base memory trampoline at [(____ptrval____)] 99000 size 24576
[    0.071076] Using GB pages for direct mapping
[    0.073460] BRK [0x03602000, 0x03602fff] PGTABLE
[    0.075955] BRK [0x03603000, 0x03603fff] PGTABLE
[    0.078447] BRK [0x03604000, 0x03604fff] PGTABLE
[    0.081092] RAMDISK: [mem 0x37281000-0x37937fff]
[    0.083623] ACPI: Early table checksum verification disabled
[    0.086743] ACPI: RSDP 0x00000000000F5BF0 000014 (v00 ACPIAM)
[    0.089845] ACPI: RSDT 0x000000003FFF0000 000040 (v01 VRTUAL MICROSFT 06001702 MSFT 00000097)
[    0.094480] ACPI: FACP 0x000000003FFF0200 000081 (v02 VRTUAL MICROSFT 06001702 MSFT 00000097)
[    0.099082] ACPI: DSDT 0x000000003FFF1D24 003CBE (v01 MSFTVM MSFTVM02 00000002 INTL 02002026)
[    0.103712] ACPI: FACS 0x000000003FFFF000 000040
[    0.106229] ACPI: WAET 0x000000003FFF1A80 000028 (v01 VRTUAL MICROSFT 06001702 MSFT 00000097)
[    0.110990] ACPI: SLIC 0x000000003FFF1AC0 000176 (v01 VRTUAL MICROSFT 06001702 MSFT 00000097)
[    0.115825] ACPI: OEM0 0x000000003FFF1CC0 000064 (v01 VRTUAL MICROSFT 06001702 MSFT 00000097)
[    0.120660] ACPI: SRAT 0x000000003FFF0800 0009C0 (v02 VRTUAL MICROSFT 00000001 MSFT 00000001)
[    0.125428] ACPI: APIC 0x000000003FFF0300 000452 (v01 VRTUAL MICROSFT 06001702 MSFT 00000097)
[    0.130232] ACPI: OEMB 0x000000003FFFF040 000064 (v01 VRTUAL MICROSFT 06001702 MSFT 00000097)
[    0.134958] ACPI: Local APIC address 0xfee00000
[    0.137501] SRAT: PXM 0 -> APIC 0x00 -> Node 0
[    0.139933] SRAT: PXM 0 -> APIC 0x01 -> Node 0
[    0.142370] SRAT: PXM 0 -> APIC 0x02 -> Node 0
[    0.144792] SRAT: PXM 0 -> APIC 0x03 -> Node 0
[    0.147217] SRAT: PXM 0 -> APIC 0x04 -> Node 0
[    0.149647] SRAT: PXM 0 -> APIC 0x05 -> Node 0
[    0.152061] SRAT: PXM 0 -> APIC 0x06 -> Node 0
[    0.154543] SRAT: PXM 0 -> APIC 0x07 -> Node 0
[    0.157028] SRAT: PXM 0 -> APIC 0x08 -> Node 0
[    0.159526] SRAT: PXM 0 -> APIC 0x09 -> Node 0
[    0.161979] SRAT: PXM 0 -> APIC 0x0a -> Node 0
[    0.164452] SRAT: PXM 0 -> APIC 0x0b -> Node 0
[    0.166906] SRAT: PXM 0 -> APIC 0x0c -> Node 0
[    0.169406] SRAT: PXM 0 -> APIC 0x0d -> Node 0
[    0.171872] SRAT: PXM 0 -> APIC 0x0e -> Node 0
[    0.174378] SRAT: PXM 0 -> APIC 0x0f -> Node 0
[    0.176887] SRAT: PXM 0 -> APIC 0x10 -> Node 0
[    0.179404] SRAT: PXM 0 -> APIC 0x11 -> Node 0
[    0.181909] SRAT: PXM 0 -> APIC 0x12 -> Node 0
[    0.184443] SRAT: PXM 0 -> APIC 0x13 -> Node 0
[    0.186917] SRAT: PXM 0 -> APIC 0x14 -> Node 0
[    0.189384] SRAT: PXM 0 -> APIC 0x15 -> Node 0
[    0.191867] SRAT: PXM 0 -> APIC 0x16 -> Node 0
[    0.194342] SRAT: PXM 0 -> APIC 0x17 -> Node 0
[    0.196802] SRAT: PXM 0 -> APIC 0x18 -> Node 0
[    0.199285] SRAT: PXM 0 -> APIC 0x19 -> Node 0
[    0.201718] SRAT: PXM 0 -> APIC 0x1a -> Node 0
[    0.204184] SRAT: PXM 0 -> APIC 0x1b -> Node 0
[    0.206637] SRAT: PXM 0 -> APIC 0x1c -> Node 0
[    0.209096] SRAT: PXM 0 -> APIC 0x1d -> Node 0
[    0.211560] SRAT: PXM 0 -> APIC 0x1e -> Node 0
[    0.214003] SRAT: PXM 0 -> APIC 0x1f -> Node 0
[    0.216468] SRAT: PXM 1 -> APIC 0x20 -> Node 1
[    0.218918] SRAT: PXM 1 -> APIC 0x21 -> Node 1
[    0.221395] SRAT: PXM 1 -> APIC 0x22 -> Node 1
[    0.223865] SRAT: PXM 1 -> APIC 0x23 -> Node 1
[    0.226346] SRAT: PXM 1 -> APIC 0x24 -> Node 1
[    0.228807] SRAT: PXM 1 -> APIC 0x25 -> Node 1
[    0.231286] SRAT: PXM 1 -> APIC 0x26 -> Node 1
[    0.233747] SRAT: PXM 1 -> APIC 0x27 -> Node 1
[    0.236219] SRAT: PXM 1 -> APIC 0x28 -> Node 1
[    0.238666] SRAT: PXM 1 -> APIC 0x29 -> Node 1
[    0.241087] SRAT: PXM 1 -> APIC 0x2a -> Node 1
[    0.243526] SRAT: PXM 1 -> APIC 0x2b -> Node 1
[    0.245958] SRAT: PXM 1 -> APIC 0x2c -> Node 1
[    0.248432] SRAT: PXM 1 -> APIC 0x2d -> Node 1
[    0.250870] SRAT: PXM 1 -> APIC 0x2e -> Node 1
[    0.253319] SRAT: PXM 1 -> APIC 0x2f -> Node 1
[    0.255753] SRAT: PXM 1 -> APIC 0x30 -> Node 1
[    0.258214] SRAT: PXM 1 -> APIC 0x31 -> Node 1
[    0.260673] SRAT: PXM 1 -> APIC 0x32 -> Node 1
[    0.263114] SRAT: PXM 1 -> APIC 0x33 -> Node 1
[    0.265565] SRAT: PXM 1 -> APIC 0x34 -> Node 1
[    0.267993] SRAT: PXM 1 -> APIC 0x35 -> Node 1
[    0.270484] SRAT: PXM 1 -> APIC 0x36 -> Node 1
[    0.272957] SRAT: PXM 1 -> APIC 0x37 -> Node 1
[    0.275460] SRAT: PXM 1 -> APIC 0x38 -> Node 1
[    0.277924] SRAT: PXM 1 -> APIC 0x39 -> Node 1
[    0.280427] SRAT: PXM 1 -> APIC 0x3a -> Node 1
[    0.282900] SRAT: PXM 1 -> APIC 0x3b -> Node 1
[    0.285397] SRAT: PXM 1 -> APIC 0x3c -> Node 1
[    0.287877] SRAT: PXM 1 -> APIC 0x3d -> Node 1
[    0.290361] SRAT: PXM 1 -> APIC 0x3e -> Node 1
[    0.292770] SRAT: PXM 1 -> APIC 0x3f -> Node 1
[    0.295202] SRAT: PXM 2 -> APIC 0x40 -> Node 2
[    0.297603] SRAT: PXM 2 -> APIC 0x41 -> Node 2
[    0.300006] SRAT: PXM 2 -> APIC 0x42 -> Node 2
[    0.302434] SRAT: PXM 2 -> APIC 0x43 -> Node 2
[    0.304838] SRAT: PXM 2 -> APIC 0x44 -> Node 2
[    0.307294] SRAT: PXM 2 -> APIC 0x45 -> Node 2
[    0.309712] SRAT: PXM 2 -> APIC 0x46 -> Node 2
[    0.312134] SRAT: PXM 2 -> APIC 0x47 -> Node 2
[    0.314565] SRAT: PXM 2 -> APIC 0x48 -> Node 2
[    0.316989] SRAT: PXM 2 -> APIC 0x49 -> Node 2
[    0.319436] SRAT: PXM 2 -> APIC 0x4a -> Node 2
[    0.321851] SRAT: PXM 2 -> APIC 0x4b -> Node 2
[    0.324295] SRAT: PXM 2 -> APIC 0x4c -> Node 2
[    0.326716] SRAT: PXM 2 -> APIC 0x4d -> Node 2
[    0.329141] SRAT: PXM 2 -> APIC 0x4e -> Node 2
[    0.331571] SRAT: PXM 2 -> APIC 0x4f -> Node 2
[    0.333999] SRAT: PXM 2 -> APIC 0x50 -> Node 2
[    0.336435] SRAT: PXM 2 -> APIC 0x51 -> Node 2
[    0.338850] SRAT: PXM 2 -> APIC 0x52 -> Node 2
[    0.341297] SRAT: PXM 2 -> APIC 0x53 -> Node 2
[    0.343721] SRAT: PXM 2 -> APIC 0x54 -> Node 2
[    0.346131] SRAT: PXM 2 -> APIC 0x55 -> Node 2
[    0.348569] SRAT: PXM 2 -> APIC 0x56 -> Node 2
[    0.350992] SRAT: PXM 2 -> APIC 0x57 -> Node 2
[    0.353408] SRAT: PXM 2 -> APIC 0x58 -> Node 2
[    0.355825] SRAT: PXM 2 -> APIC 0x59 -> Node 2
[    0.358243] SRAT: PXM 2 -> APIC 0x5a -> Node 2
[    0.360665] SRAT: PXM 2 -> APIC 0x5b -> Node 2
[    0.363072] SRAT: PXM 2 -> APIC 0x5c -> Node 2
[    0.365504] SRAT: PXM 2 -> APIC 0x5d -> Node 2
[    0.367920] SRAT: PXM 2 -> APIC 0x5e -> Node 2
[    0.370352] SRAT: PXM 2 -> APIC 0x5f -> Node 2
[    0.372765] SRAT: PXM 3 -> APIC 0x60 -> Node 3
[    0.375202] SRAT: PXM 3 -> APIC 0x61 -> Node 3
[    0.377623] SRAT: PXM 3 -> APIC 0x62 -> Node 3
[    0.380047] SRAT: PXM 3 -> APIC 0x63 -> Node 3
[    0.382471] SRAT: PXM 3 -> APIC 0x64 -> Node 3
[    0.384896] SRAT: PXM 3 -> APIC 0x65 -> Node 3
[    0.387344] SRAT: PXM 3 -> APIC 0x66 -> Node 3
[    0.389753] SRAT: PXM 3 -> APIC 0x67 -> Node 3
[    0.392185] SRAT: PXM 3 -> APIC 0x68 -> Node 3
[    0.394592] SRAT: PXM 3 -> APIC 0x69 -> Node 3
[    0.397010] SRAT: PXM 3 -> APIC 0x6a -> Node 3
[    0.399431] SRAT: PXM 3 -> APIC 0x6b -> Node 3
[    0.401845] SRAT: PXM 3 -> APIC 0x6c -> Node 3
[    0.404263] SRAT: PXM 3 -> APIC 0x6d -> Node 3
[    0.406647] SRAT: PXM 3 -> APIC 0x6e -> Node 3
[    0.409046] SRAT: PXM 3 -> APIC 0x6f -> Node 3
[    0.411480] SRAT: PXM 3 -> APIC 0x70 -> Node 3
[    0.413897] SRAT: PXM 3 -> APIC 0x71 -> Node 3
[    0.416346] SRAT: PXM 3 -> APIC 0x72 -> Node 3
[    0.418762] SRAT: PXM 3 -> APIC 0x73 -> Node 3
[    0.421204] SRAT: PXM 3 -> APIC 0x74 -> Node 3
[    0.423619] SRAT: PXM 3 -> APIC 0x75 -> Node 3
[    0.426048] SRAT: PXM 3 -> APIC 0x76 -> Node 3
[    0.428501] SRAT: PXM 3 -> APIC 0x77 -> Node 3
[    0.430926] SRAT: PXM 3 -> APIC 0x78 -> Node 3
[    0.433359] SRAT: PXM 3 -> APIC 0x79 -> Node 3
[    0.435781] SRAT: PXM 3 -> APIC 0x7a -> Node 3
[    0.438216] SRAT: PXM 3 -> APIC 0x7b -> Node 3
[    0.440644] SRAT: PXM 3 -> APIC 0x7c -> Node 3
[    0.443062] SRAT: PXM 3 -> APIC 0x7d -> Node 3
[    0.445501] SRAT: PXM 3 -> APIC 0x7e -> Node 3
[    0.447924] SRAT: PXM 3 -> APIC 0x7f -> Node 3
[    0.450358] ACPI: SRAT: Node 0 PXM 0 [mem 0x00000000-0x3fffffff] hotplug
[    0.453989] ACPI: SRAT: Node 0 PXM 0 [mem 0x100000000-0xfdfffffff] hotplug
[    0.457745] ACPI: SRAT: Node 0 PXM 0 [mem 0x1000000000-0xf41fffffff] hotplug
[    0.461577] ACPI: SRAT: Node 1 PXM 1 [mem 0xf420200000-0x1e7601fffff] hotplug
[    0.465496] ACPI: SRAT: Node 2 PXM 2 [mem 0x1e760400000-0x2daa03fffff] hotplug
[    0.469483] ACPI: SRAT: Node 3 PXM 3 [mem 0x2daa0600000-0x3cde05fffff] hotplug
[    0.473432] ACPI: SRAT: Node 0 PXM 0 [mem 0x3cde0800000-0x3da683fffff] hotplug
[    0.477388] ACPI: SRAT: Node 1 PXM 1 [mem 0x3da68600000-0x3e6f01fffff] hotplug
[    0.481348] ACPI: SRAT: Node 2 PXM 2 [mem 0x3e6f0400000-0x3f377ffffff] hotplug
[    0.485300] ACPI: SRAT: Node 3 PXM 3 [mem 0x3f378200000-0x3ffffdfffff] hotplug
[    0.489282] NUMA: Node 0 [mem 0x00000000-0x3fffffff] + [mem 0x100000000-0x9ffffffff] -> [mem 0x00000000-0x9ffffffff]
[    0.495040] NODE_DATA(0) allocated [mem 0x9fffd5000-0x9ffffefff]
[    0.498580] Zone ranges:
[    0.499957]   DMA      [mem 0x0000000000001000-0x0000000000ffffff]
[    0.503361]   DMA32    [mem 0x0000000001000000-0x00000000ffffffff]
[    0.506736]   Normal   [mem 0x0000000100000000-0x00000009ffffffff]
[    0.510108]   Device   empty
[    0.511688] Movable zone start for each node
[    0.514009] Early memory node ranges
[    0.515962]   node   0: [mem 0x0000000000001000-0x000000000009efff]
[    0.519370]   node   0: [mem 0x0000000000100000-0x000000003ffeffff]
[    0.522765]   node   0: [mem 0x0000000100000000-0x00000009ffffffff]
[    0.526204] Zeroed struct page in unavailable ranges: 114 pages
[    0.526205] Initmem setup node 0 [mem 0x0000000000001000-0x00000009ffffffff]
[    0.533255] On node 0 totalpages: 9699214
[    0.535438]   DMA zone: 64 pages used for memmap
[    0.537948]   DMA zone: 21 pages reserved
[    0.540133]   DMA zone: 3998 pages, LIFO batch:0
[    0.542738]   DMA32 zone: 4032 pages used for memmap
[    0.545447]   DMA32 zone: 258032 pages, LIFO batch:63
[    0.556828]   Normal zone: 147456 pages used for memmap
[    0.559706]   Normal zone: 9437184 pages, LIFO batch:63
[    0.565303] ACPI: PM-Timer IO Port: 0x408
[    0.567540] ACPI: Local APIC address 0xfee00000
[    0.570086] ACPI: LAPIC_NMI (acpi_id[0xff] dfl dfl lint[0x1])
[    0.573720] IOAPIC[0]: apic_id 0, version 17, address 0xfec00000, GSI 0-23
[    0.577564] ACPI: INT_SRC_OVR (bus 0 bus_irq 0 global_irq 2 dfl dfl)
[    0.581084] ACPI: INT_SRC_OVR (bus 0 bus_irq 9 global_irq 9 high level)
[    0.584820] ACPI: IRQ0 used by override.
[    0.587048] ACPI: IRQ9 used by override.
[    0.589278] Using ACPI (MADT) for SMP configuration information
[    0.592623] smpboot: Allowing 128 CPUs, 0 hotplug CPUs
[    0.595510] NODE_DATA(1) allocated [mem 0x9fff9db00-0x9fffc7aff]
[    0.598837]     NODE_DATA(1) on node 0
[    0.600941] Initmem setup node 1 [mem 0x0000000000000000-0x0000000000000000]
[    0.604837] On node 1 totalpages: 0
[    0.606762] NODE_DATA(2) allocated [mem 0x9fff73b00-0x9fff9daff]
[    0.610084]     NODE_DATA(2) on node 0
[    0.612193] Initmem setup node 2 [mem 0x0000000000000000-0x0000000000000000]
[    0.616083] On node 2 totalpages: 0
[    0.618007] NODE_DATA(3) allocated [mem 0x9fff49b00-0x9fff73aff]
[    0.621341]     NODE_DATA(3) on node 0
[    0.623446] Initmem setup node 3 [mem 0x0000000000000000-0x0000000000000000]
[    0.627350] On node 3 totalpages: 0
[    0.629295] PM: Registered nosave memory: [mem 0x00000000-0x00000fff]
[    0.632855] PM: Registered nosave memory: [mem 0x0009f000-0x0009ffff]
[    0.636417] PM: Registered nosave memory: [mem 0x000a0000-0x000dffff]
[    0.639999] PM: Registered nosave memory: [mem 0x000e0000-0x000fffff]
[    0.643609] PM: Registered nosave memory: [mem 0x3fff0000-0x3fffefff]
[    0.647227] PM: Registered nosave memory: [mem 0x3ffff000-0x3fffffff]
[    0.650826] PM: Registered nosave memory: [mem 0x40000000-0xffffffff]
[    0.654385] [mem 0x40000000-0xffffffff] available for PCI devices
[    0.657803] Booting paravirtualized kernel on bare hardware
[    0.660873] clocksource: refined-jiffies: mask: 0xffffffff max_cycles: 0xffffffff, max_idle_ns: 7645519600211568 ns
[    0.757911] random: get_random_bytes called from start_kernel+0x8b/0x4ec with crng_init=0
[    0.762554] setup_percpu: NR_CPUS:8192 nr_cpumask_bits:128 nr_cpu_ids:128 nr_node_ids:4
[    0.773910] percpu: Embedded 45 pages/cpu @(____ptrval____) s146904 r8192 d29224 u262144
[    0.778571] pcpu-alloc: s146904 r8192 d29224 u262144 alloc=1*2097152
[    0.782147] pcpu-alloc: [0] 000 001 002 003 004 005 006 007 
[    0.785333] pcpu-alloc: [0] 008 009 010 011 012 013 014 015 
[    0.788451] pcpu-alloc: [0] 016 017 018 019 020 021 022 023 
[    0.791566] pcpu-alloc: [0] 024 025 026 027 028 029 030 031 
[    0.794644] pcpu-alloc: [1] 032 033 034 035 036 037 038 039 
[    0.797777] pcpu-alloc: [1] 040 041 042 043 044 045 046 047 
[    0.800883] pcpu-alloc: [1] 048 049 050 051 052 053 054 055 
[    0.804011] pcpu-alloc: [1] 056 057 058 059 060 061 062 063 
[    0.807151] pcpu-alloc: [2] 064 065 066 067 068 069 070 071 
[    0.810294] pcpu-alloc: [2] 072 073 074 075 076 077 078 079 
[    0.813387] pcpu-alloc: [2] 080 081 082 083 084 085 086 087 
[    0.816537] pcpu-alloc: [2] 088 089 090 091 092 093 094 095 
[    0.819668] pcpu-alloc: [3] 096 097 098 099 100 101 102 103 
[    0.822846] pcpu-alloc: [3] 104 105 106 107 108 109 110 111 
[    0.825975] pcpu-alloc: [3] 112 113 114 115 116 117 118 119 
[    0.829121] pcpu-alloc: [3] 120 121 122 123 124 125 126 127 
[    0.832286] Hyper-V: PV spinlocks enabled
[    0.834471] PV qspinlock hash table entries: 512 (order: 1, 8192 bytes)
[    0.838070] Built 4 zonelists, mobility grouping on.  Total pages: 9547641
[    0.841829] Policy zone: Normal
[    0.843524] Kernel command line: BOOT_IMAGE=/vmlinuz-4.20.0-cdx-rc2-94.11-default+ root=UUID=3b826bfc-f0dd-42d8-9e49-06cf472a2ef2 root=/dev/disk/by-uuid/3b826bfc-f0dd-42d8-9e49-06cf472a2ef2 disk=/dev/sda resume=swap USE_BY_UUID_DEVICE_NAMES=1 earlyprintk=ttyS0 console=ttyS0 rootdelay=300 net.ifnames=0 dis_ucode_ldr ignore_loglevel sysrq_always_enabled unknown_nmi_panic oops=panic panic=30 maxcpus=256 mem=40G hv_storvsc.storvsc_ringbuffer_size=262144
[    0.865535] sysrq: sysrq always enabled.
[    0.867731] printk: log_buf_len individual max cpu contribution: 4096 bytes
[    0.871561] printk: log_buf_len total cpu_extra contributions: 520192 bytes
[    0.875332] printk: log_buf_len min size: 262144 bytes
[    0.878353] printk: log_buf_len: 1048576 bytes
[    0.880768] printk: early log buf free: 242868(92%)
[    0.912455] Memory: 1067752K/38796856K available (12309K kernel code, 2139K rwdata, 3996K rodata, 2732K init, 11992K bss, 743144K reserved, 0K cma-reserved)
[    0.921218] Kernel/User page tables isolation: enabled
[    0.924133] ftrace: allocating 35883 entries in 141 pages
[    0.940976] rcu: Hierarchical RCU implementation.
[    0.943617] rcu: 	RCU event tracing is enabled.
[    0.946147] rcu: 	RCU restricting CPUs from NR_CPUS=8192 to nr_cpu_ids=128.
[    0.950045] rcu: RCU calculated value of scheduler-enlistment delay is 25 jiffies.
[    0.954320] rcu: Adjusting geometry for rcu_fanout_leaf=16, nr_cpu_ids=128
[    0.960493] NR_IRQS: 524544, nr_irqs: 1448, preallocated irqs: 16
[    0.973875] Console: colour VGA+ 80x25
[    0.976068] printk: console [ttyS0] enabled
[    0.980701] printk: bootconsole [earlyser0] disabled
[    0.986219] mempolicy: Enabling automatic NUMA balancing. Configure with numa_balancing= or the kernel.numa_balancing sysctl
[    0.992399] ACPI: Core revision 20181003
[    0.994979] APIC: Switch to symmetric I/O mode setup
[    0.997722] Switched APIC routing to physical flat.
[    1.000621] Hyper-V: Using IPI hypercalls
[    1.002854] Hyper-V: Using MSR based APIC access
[    1.005547] clocksource: hyperv_clocksource_tsc_page: mask: 0xffffffffffffffff max_cycles: 0x24e6a1710, max_idle_ns: 440795202120 ns
[    1.030350] ..TIMER: vector=0x30 apic1=0 pin1=2 apic2=-1 pin2=-1
[    1.034154] Calibrating delay loop (skipped), value calculated using timer frequency.. 4987.97 BogoMIPS (lpj=9975948)
[    1.038146] pid_max: default: 131072 minimum: 1024
[    1.042744] LSM: Security Framework initializing
[    1.046300] AppArmor: AppArmor initialized
[    1.062096] Dentry cache hash table entries: 8388608 (order: 14, 67108864 bytes)
[    1.069007] Inode-cache hash table entries: 4194304 (order: 13, 33554432 bytes)
[    1.070455] Mount-cache hash table entries: 131072 (order: 8, 1048576 bytes)
[    1.074357] Mountpoint-cache hash table entries: 131072 (order: 8, 1048576 bytes)
[    1.082982] mce: CPU supports 1 MCE banks
[    1.085389] Last level iTLB entries: 4KB 1024, 2MB 1024, 4MB 1024
[    1.086146] Last level dTLB entries: 4KB 1024, 2MB 1024, 4MB 1024, 1GB 4
[    1.090148] Spectre V2 : Vulnerable: Minimal generic ASM retpoline
[    1.094145] Spectre V2 : Spectre v2 / SpectreRSB mitigation: Filling RSB on context switch
[    1.098145] Speculative Store Bypass: Vulnerable
[    1.102349] Freeing SMP alternatives memory: 36K
[    1.108268] smpboot: CPU0: Intel(R) Xeon(R) CPU E7-8890 v3 @ 2.50GHz (family: 0x6, model: 0x3f, stepping: 0x4)
[    1.110365] Performance Events: unsupported p6 CPU model 63 no PMU driver, software events only.
[    1.114191] rcu: Hierarchical SRCU implementation.
[    1.118547] NMI watchdog: Perf NMI watchdog permanently disabled
[    1.123920] smp: Bringing up secondary CPUs ...
[    1.126324] x86: Booting SMP configuration:
[    1.130149] .... node  #0, CPUs:          #1   #2   #3   #4   #5   #6   #7   #8   #9  #10  #11  #12  #13  #14  #15  #16  #17  #18  #19  #20  #21  #22  #23  #24  #25  #26  #27  #28  #29  #30  #31
[    1.150148] .... node  #1, CPUs:    #32  #33  #34  #35  #36  #37  #38  #39  #40  #41  #42  #43  #44  #45  #46  #47  #48  #49  #50  #51  #52  #53  #54  #55  #56  #57  #58  #59  #60  #61  #62  #63
[    1.258147] .... node  #2, CPUs:    #64  #65  #66  #67  #68  #69  #70  #71  #72  #73  #74  #75  #76  #77  #78  #79  #80  #81  #82  #83  #84  #85  #86  #87  #88  #89  #90  #91  #92  #93  #94  #95
[    1.366148] .... node  #3, CPUs:    #96  #97  #98  #99 #100 #101 #102 #103 #104 #105 #106 #107 #108 #109 #110 #111 #112 #113 #114 #115 #116 #117 #118 #119 #120 #121 #122 #123 #124 #125 #126 #127
[    1.470863] smp: Brought up 4 nodes, 128 CPUs
[    1.478146] smpboot: Max logical packages: 4
[    1.480592] smpboot: Total of 128 processors activated (638475.21 BogoMIPS)
[    1.830162] node 0 initialised, 9213722 pages in 340ms
[    1.836215] devtmpfs: initialized
[    1.838217] x86/mm: Memory block size: 128MB
[    1.843453] PM: Registering ACPI NVS region [mem 0x3ffff000-0x3fffffff] (4096 bytes)
[    1.847079] clocksource: jiffies: mask: 0xffffffff max_cycles: 0xffffffff, max_idle_ns: 7645041785100000 ns
[    1.850277] futex hash table entries: 32768 (order: 9, 2097152 bytes)
[    1.855890] pinctrl core: initialized pinctrl subsystem
[    1.858497] RTC time: 19:40:56, date: 11/12/18
[    1.861199] NET: Registered protocol family 16
[    1.862285] audit: initializing netlink subsys (disabled)
[    1.866183] audit: type=2000 audit(1542051655.860:1): state=initialized audit_enabled=0 res=1
[    1.870153] cpuidle: using governor ladder
[    1.874238] cpuidle: using governor menu
[    1.876542] ACPI: bus type PCI registered
[    1.878170] acpiphp: ACPI Hot Plug PCI Controller Driver version: 0.5
[    1.882613] PCI: Using configuration type 1 for base access
[    1.890869] HugeTLB registered 1.00 GiB page size, pre-allocated 0 pages
[    1.894148] HugeTLB registered 2.00 MiB page size, pre-allocated 0 pages
[    1.899039] cryptd: max_cpu_qlen set to 1000
[    1.903158] ACPI: Added _OSI(Module Device)
[    1.906150] ACPI: Added _OSI(Processor Device)
[    1.910161] ACPI: Added _OSI(3.0 _SCP Extensions)
[    1.910161] ACPI: Added _OSI(Processor Aggregator Device)
[    1.914147] ACPI: Added _OSI(Linux-Dell-Video)
[    1.918151] ACPI: Added _OSI(Linux-Lenovo-NV-HDMI-Audio)
[    1.923984] ACPI: 1 ACPI AML tables successfully acquired and loaded
[    1.931300] ACPI: Interpreter enabled
[    1.933461] ACPI: (supports S0 S5)
[    1.934153] ACPI: Using IOAPIC for interrupt routing
[    1.938173] PCI: Using host bridge windows from ACPI; if necessary, use "pci=nocrs" and report a bug
[    1.942455] ACPI: Enabled 1 GPEs in block 00 to 0F
[    1.966824] ACPI: PCI Root Bridge [PCI0] (domain 0000 [bus 00-ff])
[    1.970151] acpi PNP0A03:00: _OSC: OS supports [ASPM ClockPM Segments MSI]
[    1.974175] acpi PNP0A03:00: fail to add MMCONFIG information, can't access extended PCI configuration space under this bridge.
[    1.978294] PCI host bridge to bus 0000:00
[    1.982179] pci_bus 0000:00: root bus resource [mem 0xfe0000000-0xfffffffff window]
[    1.986146] pci_bus 0000:00: root bus resource [io  0x0000-0x0cf7 window]
[    1.990153] pci_bus 0000:00: root bus resource [io  0x0d00-0xffff window]
[    1.994146] pci_bus 0000:00: root bus resource [mem 0x000a0000-0x000bffff window]
[    1.998150] pci_bus 0000:00: root bus resource [mem 0x40000000-0xfffbffff window]
[    2.002147] pci_bus 0000:00: root bus resource [bus 00-ff]
[    2.006299] pci 0000:00:00.0: [8086:7192] type 00 class 0x060000
[    2.012121] pci 0000:00:07.0: [8086:7110] type 00 class 0x060100
[    2.018257] pci 0000:00:07.1: [8086:7111] type 00 class 0x010180
[    2.023690] pci 0000:00:07.1: reg 0x20: [io  0xffa0-0xffaf]
[    2.026938] pci 0000:00:07.1: legacy IDE quirk: reg 0x10: [io  0x01f0-0x01f7]
[    2.030151] pci 0000:00:07.1: legacy IDE quirk: reg 0x14: [io  0x03f6]
[    2.034147] pci 0000:00:07.1: legacy IDE quirk: reg 0x18: [io  0x0170-0x0177]
[    2.038149] pci 0000:00:07.1: legacy IDE quirk: reg 0x1c: [io  0x0376]
[    2.042683] pci 0000:00:07.3: [8086:7113] type 00 class 0x068000
[    2.046187] * Found PM-Timer Bug on the chipset. Due to workarounds for a bug,
               * this clock source is slow. Consider trying other clock sources
[    2.058146] pci 0000:00:07.3: quirk: [io  0x0400-0x043f] claimed by PIIX4 ACPI
[    2.063004] pci 0000:00:08.0: [1414:5353] type 00 class 0x030000
[    2.066731] pci 0000:00:08.0: reg 0x10: [mem 0xf8000000-0xfbffffff]
[    2.097111] ACPI: PCI Interrupt Link [LNKA] (IRQs 3 4 5 7 9 10 *11 12 14 15)
[    2.098393] ACPI: PCI Interrupt Link [LNKB] (IRQs 3 4 5 7 9 10 11 12 14 15) *0, disabled.
[    2.106378] ACPI: PCI Interrupt Link [LNKC] (IRQs 3 4 5 7 9 10 11 12 14 15) *0, disabled.
[    2.110376] ACPI: PCI Interrupt Link [LNKD] (IRQs 3 4 5 7 9 10 11 12 14 15) *0, disabled.
[    2.115267] pci 0000:00:08.0: vgaarb: setting as boot VGA device
[    2.117491] pci 0000:00:08.0: vgaarb: VGA device added: decodes=io+mem,owns=io+mem,locks=none
[    2.122147] pci 0000:00:08.0: vgaarb: bridge control possible
[    2.126146] vgaarb: loaded
[    2.127947] SCSI subsystem initialized
[    2.130633] libata version 3.00 loaded.
[    2.132460] pps_core: LinuxPPS API ver. 1 registered
[    2.134146] pps_core: Software ver. 5.3.6 - Copyright 2005-2007 Rodolfo Giometti <giometti@linux.it>
[    2.142149] PTP clock support registered
[    2.142151] EDAC MC: Ver: 3.0.0
[    2.154168] hv_vmbus: Vmbus version:4.0
[    2.156443] PCI: Using ACPI for IRQ routing
[    2.158150] PCI: pci_cache_line_size set to 64 bytes
[    2.161449] e820: reserve RAM buffer [mem 0x0009fc00-0x0009ffff]
[    2.166148] e820: reserve RAM buffer [mem 0x3fff0000-0x3fffffff]
[    2.169748] NetLabel: Initializing
[    2.170147] NetLabel:  domain hash size = 128
[    2.172633] NetLabel:  protocols = UNLABELED CIPSOv4 CALIPSO
[    2.174164] NetLabel:  unlabeled traffic allowed by default
[    2.178885] clocksource: Switched to clocksource hyperv_clocksource_tsc_page
[    2.196044] VFS: Disk quotas dquot_6.6.0
[    2.198519] VFS: Dquot-cache hash table entries: 512 (order 0, 4096 bytes)
[    2.202765] AppArmor: AppArmor Filesystem Enabled
[    2.205552] pnp: PnP ACPI init
[    2.207463] pnp 00:00: Plug and Play ACPI device, IDs PNP0b00 (active)
[    2.211364] pnp 00:01: Plug and Play ACPI device, IDs PNP0303 PNP030b (active)
[    2.215650] pnp 00:02: Plug and Play ACPI device, IDs PNP0f03 PNP0f13 (active)
[    2.220458] pnp 00:03: [dma 0 disabled]
[    2.222713] pnp 00:03: Plug and Play ACPI device, IDs PNP0501 (active)
[    2.227133] pnp 00:04: [dma 0 disabled]
[    2.229373] pnp 00:04: Plug and Play ACPI device, IDs PNP0501 (active)
[    2.233802] pnp 00:05: [dma 2]
[    2.235643] pnp 00:05: Plug and Play ACPI device, IDs PNP0700 (active)
[    2.239398] system 00:06: [io  0x01e0-0x01ef] has been reserved
[    2.242739] system 00:06: [io  0x0160-0x016f] has been reserved
[    2.246074] system 00:06: [io  0x0278-0x027f] has been reserved
[    2.249429] system 00:06: [io  0x0378-0x037f] has been reserved
[    2.252816] system 00:06: [io  0x0678-0x067f] has been reserved
[    2.256191] system 00:06: [io  0x0778-0x077f] has been reserved
[    2.259578] system 00:06: [io  0x04d0-0x04d1] has been reserved
[    2.262994] system 00:06: Plug and Play ACPI device, IDs PNP0c02 (active)
[    2.267050] system 00:07: [io  0x0400-0x043f] has been reserved
[    2.270382] system 00:07: [io  0x0370-0x0371] has been reserved
[    2.273722] system 00:07: [io  0x0440-0x044f] has been reserved
[    2.277129] system 00:07: [mem 0xfec00000-0xfec00fff] could not be reserved
[    2.281144] system 00:07: [mem 0xfee00000-0xfee00fff] has been reserved
[    2.284944] system 00:07: Plug and Play ACPI device, IDs PNP0c02 (active)
[    2.288965] system 00:08: [mem 0x00000000-0x0009ffff] could not be reserved
[    2.292827] system 00:08: [mem 0x000c0000-0x000dffff] could not be reserved
[    2.296734] system 00:08: [mem 0x000e0000-0x000fffff] could not be reserved
[    2.300622] system 00:08: [mem 0x00100000-0x3fffffff] could not be reserved
[    2.304541] system 00:08: [mem 0xfffc0000-0xffffffff] has been reserved
[    2.308283] system 00:08: Plug and Play ACPI device, IDs PNP0c01 (active)
[    2.312373] pnp: PnP ACPI: found 9 devices
[    2.321257] clocksource: acpi_pm: mask: 0xffffff max_cycles: 0xffffff, max_idle_ns: 2085701024 ns
[    2.326295] pci_bus 0000:00: resource 4 [mem 0xfe0000000-0xfffffffff window]
[    2.330303] pci_bus 0000:00: resource 5 [io  0x0000-0x0cf7 window]
[    2.333785] pci_bus 0000:00: resource 6 [io  0x0d00-0xffff window]
[    2.337294] pci_bus 0000:00: resource 7 [mem 0x000a0000-0x000bffff window]
[    2.341167] pci_bus 0000:00: resource 8 [mem 0x40000000-0xfffbffff window]
[    2.345375] NET: Registered protocol family 2
[    2.348122] tcp_listen_portaddr_hash hash table entries: 32768 (order: 7, 524288 bytes)
[    2.352962] TCP established hash table entries: 524288 (order: 10, 4194304 bytes)
[    2.358011] TCP bind hash table entries: 65536 (order: 8, 1048576 bytes)
[    2.361915] TCP: Hash tables configured (established 524288 bind 65536)
[    2.365975] UDP hash table entries: 32768 (order: 8, 1048576 bytes)
[    2.369796] UDP-Lite hash table entries: 32768 (order: 8, 1048576 bytes)
[    2.374322] NET: Registered protocol family 1
[    2.376746] pci 0000:00:00.0: Limiting direct PCI/PCI transfers
[    2.380321] pci 0000:00:08.0: Video device with shadowed ROM at [mem 0x000c0000-0x000dffff]
[    2.384980] PCI: CLS 0 bytes, default 64
[    2.387356] Unpacking initramfs...
[    2.902169] random: fast init done
[    2.971053] Freeing initrd memory: 6876K
[    2.973463] PCI-DMA: Using software bounce buffering for IO (SWIOTLB)
[    2.977292] software IO TLB: mapped [mem 0x3bff0000-0x3fff0000] (64MB)
[    2.984236] RAPL PMU: API unit is 2^-32 Joules, 3 fixed counters, 10737418240 ms ovfl timer
[    2.989167] RAPL PMU: hw unit of domain pp0-core 2^-0 Joules
[    2.992480] RAPL PMU: hw unit of domain package 2^-0 Joules
[    2.995734] RAPL PMU: hw unit of domain dram 2^-16 Joules
[    2.998905] KVM: vmx: using Hyper-V Enlightened VMCS
[    3.266518] check: Scanning for low memory corruption every 60 seconds
[    3.278231] Initialise system trusted keyrings
[    3.280792] Key type blacklist registered
[    3.283159] workingset: timestamp_bits=36 max_order=24 bucket_order=0
[    3.289610] zbud: loaded
[    3.346081] alg: No test for fips(ansi_cprng) (fips_ansi_cprng)
[    3.362609] Key type asymmetric registered
[    3.365003] Asymmetric key parser 'x509' registered
[    3.367828] Block layer SCSI generic (bsg) driver version 0.4 loaded (major 247)
[    3.372625] io scheduler noop registered
[    3.374936] io scheduler deadline registered
[    3.377490] io scheduler cfq registered (default)
[    3.380136] io scheduler mq-deadline registered
[    3.382668] io scheduler kyber registered
[    3.387966] hv_vmbus: registering driver hyperv_fb
[    3.390787] intel_idle: Please enable MWAIT in BIOS SETUP
[    3.390953] cdx: vmbus_open: channel.id=7, sz= 512 KB (0 MB)
[    3.393978] input: Power Button as /devices/LNXSYSTM:00/LNXPWRBN:00/input/input0
[    3.397342] cdx: vmbus_establish_gpadl:req:relid=7, gpadl=925200; resp:relid=7, gpadl=925200, status=0x0
[    3.401583] ACPI: Power Button [PWRF]
[    3.407019] cdx: total: want= 512 KB, 0 MB; got = 512 KB, 0 MB
[    3.412123] Serial: 8250/16550 driver, 32 ports, IRQ sharing enabled
[    3.412827] hyperv_fb: Screen resolution: 1152x864, Color depth: 32
[    3.424885] Console: switching to colour frame buffer device 144x54
[    3.446829] 00:03: ttyS0 at I/O 0x3f8 (irq = 4, base_baud = 115200) is a 16550A
[    3.481524] 00:04: ttyS1 at I/O 0x2f8 (irq = 3, base_baud = 115200) is a 16550A
[    3.486815] Non-volatile memory driver v1.3
[    3.489258] Linux agpgart interface v0.103
[    3.504030] hv_vmbus: registering driver hv_storvsc
[    3.506514] Floppy drive(s): fd0 is 1.44M
[    3.507004] ata_piix 0000:00:07.1: version 2.13
[    3.507142] cdx: vmbus_open: channel.id=2, sz= 512 KB (0 MB)
[    3.509196] cdx: vmbus_establish_gpadl:req:relid=2, gpadl=925201; resp:relid=2, gpadl=925201, status=0x0
[    3.511321] ata_piix 0000:00:07.1: Hyper-V Virtual Machine detected, ATA device ignore set
[    3.514442] cdx: total: want= 1024 KB, 1 MB; got = 1024 KB, 1 MB
[    3.522426] scsi host1: ata_piix
[    3.525196] scsi host0: storvsc_host_t
[    3.528568] scsi host2: ata_piix
[    3.531662] scsi 0:0:0:0: Direct-Access     Msft     Virtual Disk     1.0  PQ: 0 ANSI: 5
[    3.533042] ata1: PATA max UDMA/33 cmd 0x1f0 ctl 0x3f6 bmdma 0xffa0 irq 14
[    3.534482] FDC 0 is an 82078.
[    3.536219] sd 0:0:0:0: Attached scsi generic sg0 type 0
[    3.536538] sd 0:0:0:0: [sda] 62914560 512-byte logical blocks: (32.2 GB/30.0 GiB)
[    3.536539] sd 0:0:0:0: [sda] 4096-byte physical blocks
[    3.536589] sd 0:0:0:0: [sda] Write Protect is off
[    3.536590] sd 0:0:0:0: [sda] Mode Sense: 0f 00 10 00
[    3.536694] sd 0:0:0:0: [sda] Write cache: enabled, read cache: enabled, supports DPO and FUA
[    3.537440]  sda: sda1 sda2
[    3.538106] sd 0:0:0:0: [sda] Attached SCSI disk
[    3.540553] ata2: PATA max UDMA/33 cmd 0x170 ctl 0x376 bmdma 0xffa8 irq 15
[    3.540583] hv_vmbus: registering driver hv_netvsc
[    3.548529] cdx: vmbus_open: channel.id=3, sz= 512 KB (0 MB)
[    3.549318] i8042: PNP: PS/2 Controller [PNP0303:PS2K,PNP0f03:PS2M] at 0x60,0x64 irq 1,12
[    3.549719] cdx: vmbus_open: channel.id=15, sz= 1024 KB (1 MB)
[    3.549910] cdx: vmbus_establish_gpadl:req:relid=15, gpadl=925202; resp:relid=15, gpadl=925202, status=0x0
[    3.549911] cdx: total: want= 2048 KB, 2 MB; got = 2048 KB, 2 MB
[    3.553457] cdx: vmbus_establish_gpadl:req:relid=3, gpadl=925203; resp:relid=3, gpadl=925203, status=0x0
[    3.554222] cdx: netvsc_init_buf: 1: device=00000000bbf0a27d, recv_sz= 16384 KB
[    3.556622] cdx: vmbus_establish_gpadl:req:relid=15, gpadl=925204; resp:relid=15, gpadl=925204, status=0x0
[    3.556623] cdx: total: want= 18944 KB, 18 MB; got = 18432 KB, 18 MB
[    3.557290] cdx: netvsc_init_buf: 2: device=00000000bbf0a27d, send_sz= 1020 KB
[    3.557467] cdx: vmbus_establish_gpadl:req:relid=15, gpadl=925205; resp:relid=15, gpadl=925205, status=0x0
[    3.557468] cdx: total: want= 19964 KB, 19 MB; got = 19452 KB, 18 MB
[    3.558904] cdx: vmbus_open: channel.id=16, sz= 1024 KB (1 MB)
[    3.561018] cdx: total: want= 19964 KB, 19 MB; got = 19964 KB, 19 MB
[    3.562142] serio: i8042 KBD port at 0x60,0x64 irq 1
[    3.562156] serio: i8042 AUX port at 0x60,0x64 irq 12
[    3.562169] hv_vmbus: registering driver hyperv_keyboard
[    3.562262] mousedev: PS/2 mouse device common for all mice
[    3.562308] cdx: vmbus_open: channel.id=6, sz= 80 KB (0 MB)
[    3.562342] input: PC Speaker as /devices/platform/pcspkr/input/input1
[    3.562357] cdx: vmbus_establish_gpadl:req:relid=6, gpadl=925206; resp:relid=6, gpadl=925206, status=0x0
[    3.562358] cdx: total: want= 20044 KB, 19 MB; got = 20044 KB, 19 MB
[    3.562572] rtc_cmos 00:00: RTC can wake from S4
[    3.563814] cdx: vmbus_establish_gpadl:req:relid=16, gpadl=925207; resp:relid=16, gpadl=925207, status=0x0
[    3.568623] scsi host3: storvsc_host_t
[    3.569954] cdx: total: want= 21068 KB, 20 MB; got = 21068 KB, 20 MB
[    3.570659] input: AT Translated Set 2 keyboard as /devices/platform/i8042/serio0/input/input2
[    3.573718] scsi 3:0:1:0: Direct-Access     Msft     Virtual Disk     1.0  PQ: 0 ANSI: 5
[    3.584425] rtc_cmos 00:00: registered as rtc0
[    3.589050] sd 3:0:1:0: Attached scsi generic sg1 type 0
[    3.589374] sd 3:0:1:0: [sdb] 8589934592 512-byte logical blocks: (4.40 TB/4.00 TiB)
[    3.589375] sd 3:0:1:0: [sdb] 4096-byte physical blocks
[    3.589423] sd 3:0:1:0: [sdb] Write Protect is off
[    3.589424] sd 3:0:1:0: [sdb] Mode Sense: 0f 00 10 00
[    3.589525] sd 3:0:1:0: [sdb] Write cache: disabled, read cache: enabled, supports DPO and FUA
[    3.591597]  sdb: sdb1
[    3.592225] sd 3:0:1:0: [sdb] Attached SCSI disk
[    3.594262] rtc_cmos 00:00: alarms up to one month, 114 bytes nvram
[    3.599934] cdx: vmbus_open: channel.id=23, sz= 512 KB (0 MB)
[    3.603070] piix4_smbus 0000:00:07.3: SMBus base address uninitialized - upgrade BIOS or use force_addr=0xaddr
[    3.608495] cdx: vmbus_establish_gpadl:req:relid=23, gpadl=925208; resp:relid=23, gpadl=925208, status=0x0
[    3.611777] EDAC sbridge: Seeking for: PCI ID 8086:2fa0
[    3.616949] cdx: total: want= 21580 KB, 21 MB; got = 21580 KB, 21 MB
[    3.620504] EDAC sbridge:  Ver: 1.1.2 
[    3.624122] cdx: netvsc_init_buf: 1: device=00000000101896d9, recv_sz= 16384 KB
[    3.626962] cdx: vmbus_establish_gpadl:req:relid=16, gpadl=925209; resp:relid=16, gpadl=925209, status=0x0
[    3.629443] scsi host4: storvsc_host_t
[    3.643635] cdx: vmbus_open: channel.id=24, sz= 512 KB (0 MB)
[    3.644641] cdx: total: want= 37964 KB, 37 MB; got = 37964 KB, 37 MB
[    3.647618] cdx: vmbus_establish_gpadl:req:relid=24, gpadl=925210; resp:relid=24, gpadl=925210, status=0x0
[    3.651187] cdx: netvsc_init_buf: 2: device=00000000101896d9, send_sz= 1020 KB
[    3.653647] cdx: total: want= 38476 KB, 37 MB; got = 38476 KB, 37 MB
[    3.656985] cdx: vmbus_establish_gpadl:req:relid=16, gpadl=925211; resp:relid=16, gpadl=925211, status=0x0
[    3.663130] ledtrig-cpu: registered to indicate activity on CPUs
[    3.664206] scsi host5: storvsc_host_t
[    3.665542] scsi 5:0:0:1: Direct-Access     Msft     Virtual Disk     1.0  PQ: 0 ANSI: 5
[    3.665815] sd 5:0:0:1: Attached scsi generic sg2 type 0
[    3.665922] cdx: total: want= 39496 KB, 38 MB; got = 39496 KB, 38 MB
[    3.666237] sd 5:0:0:1: [sdc] 1048576000 512-byte logical blocks: (537 GB/500 GiB)
[    3.666239] sd 5:0:0:1: [sdc] 4096-byte physical blocks
[    3.666285] sd 5:0:0:1: [sdc] Write Protect is off
[    3.666287] sd 5:0:0:1: [sdc] Mode Sense: 0f 00 10 00
[    3.666382] sd 5:0:0:1: [sdc] Write cache: disabled, read cache: enabled, supports DPO and FUA
[    3.667306]  sdc: sdc1
[    3.668122] sd 5:0:0:1: [sdc] Attached SCSI disk
[    3.669539] No iBFT detected.
[    3.670408] cdx: vmbus_open: channel.id=25, sz= 1024 KB (1 MB)
[    3.670592] cdx: vmbus_establish_gpadl:req:relid=25, gpadl=925212; resp:relid=25, gpadl=925212, status=0x0
[    3.670593] cdx: total: want= 40520 KB, 39 MB; got = 40520 KB, 39 MB
[    3.703890] ata1.01: host indicates ignore ATA devices, ignored
[    3.704395] hidraw: raw HID events driver (C) Jiri Kosina
[    3.708073] ata1.00: host indicates ignore ATA devices, ignored
[    3.709873] hv_vmbus: registering driver hid_hyperv
[    3.778409] cdx: vmbus_open: channel.id=26, sz= 1024 KB (1 MB)
[    3.780548] hv_utils: Registering HyperV Utility Driver
[    3.780589] cdx: vmbus_open: channel.id=5, sz= 80 KB (0 MB)
[    3.784075] cdx: vmbus_establish_gpadl:req:relid=5, gpadl=925213; resp:relid=5, gpadl=925213, status=0x0
[    3.784244] cdx: vmbus_establish_gpadl:req:relid=26, gpadl=925214; resp:relid=26, gpadl=925214, status=0x0
[    3.784245] cdx: total: want= 41624 KB, 40 MB; got = 41544 KB, 40 MB
[    3.786198] hv_vmbus: registering driver hv_util
[    3.786211] hv_vmbus: registering driver hv_balloon
[    3.786231] cdx: vmbus_open: channel.id=11, sz= 32 KB (0 MB)
[    3.786267] cdx: vmbus_establish_gpadl:req:relid=11, gpadl=925215; resp:relid=11, gpadl=925215, status=0x0
[    3.786267] cdx: total: want= 41656 KB, 40 MB; got = 41576 KB, 40 MB
[    3.786381] cdx: vmbus_open: channel.id=12, sz= 32 KB (0 MB)
[    3.786412] cdx: vmbus_establish_gpadl:req:relid=12, gpadl=925216; resp:relid=12, gpadl=925216, status=0x0
[    3.786413] cdx: total: want= 41688 KB, 40 MB; got = 41608 KB, 40 MB
[    3.786428] hv_utils: Shutdown IC version 3.0
[    3.786518] cdx: vmbus_open: channel.id=13, sz= 32 KB (0 MB)
[    3.786538] hv_utils: TimeSync IC version 4.0
[    3.786551] cdx: vmbus_establish_gpadl:req:relid=13, gpadl=925217; resp:relid=13, gpadl=925217, status=0x0
[    3.786552] cdx: total: want= 41720 KB, 40 MB; got = 41640 KB, 40 MB
[    3.786616] cdx: vmbus_open: channel.id=9, sz= 32 KB (0 MB)
[    3.786648] cdx: vmbus_establish_gpadl:req:relid=9, gpadl=925218; resp:relid=9, gpadl=925218, status=0x0
[    3.786649] cdx: total: want= 41752 KB, 40 MB; got = 41672 KB, 40 MB
[    3.786659] hv_utils: VSS IC version 5.0
[    3.786739] cdx: vmbus_open: channel.id=10, sz= 32 KB (0 MB)
[    3.786772] cdx: vmbus_establish_gpadl:req:relid=10, gpadl=925219; resp:relid=10, gpadl=925219, status=0x0
[    3.786772] cdx: total: want= 41784 KB, 40 MB; got = 41704 KB, 40 MB
[    3.786794] hv_utils: Heartbeat IC version 3.0
[    3.790781] cdx: total: want= 41784 KB, 40 MB; got = 41784 KB, 40 MB
[    3.793864] cdx: vmbus_open: channel.id=1, sz= 40 KB (0 MB)
[    3.805412] input: Microsoft Vmbus HID-compliant Mouse as /devices/0006:045E:0621.0001/input/input5
[    3.808034] cdx: vmbus_establish_gpadl:req:relid=1, gpadl=925220; resp:relid=1, gpadl=925220, status=0x0
[    3.811101] hid-generic 0006:045E:0621.0001: input: <UNKNOWN> HID v0.01 Mouse [Microsoft Vmbus HID-compliant Mouse] on 
[    3.815970] cdx: total: want= 41824 KB, 40 MB; got = 41824 KB, 40 MB
[    3.845005] NET: Registered protocol family 10
[    3.847514] hv_balloon: Using Dynamic Memory protocol version 2.0
[    3.977590] cdx: vmbus_open: channel.id=27, sz= 1024 KB (1 MB)
[    3.981014] cdx: vmbus_establish_gpadl:req:relid=27, gpadl=925221; resp:relid=27, gpadl=925221, status=0x0
[    3.986169] psmouse serio1: trackpoint: failed to get extended button data, assuming 3 buttons
[    3.986251] cdx: total: want= 42848 KB, 41 MB; got = 42848 KB, 41 MB
[    4.102408] cdx: vmbus_open: channel.id=28, sz= 1024 KB (1 MB)
[    4.105965] cdx: vmbus_establish_gpadl:req:relid=28, gpadl=925222; resp:relid=28, gpadl=925222, status=0x0
[    4.111453] cdx: total: want= 43872 KB, 42 MB; got = 43872 KB, 42 MB
[    4.222410] cdx: vmbus_open: channel.id=29, sz= 1024 KB (1 MB)
[    4.225976] cdx: vmbus_establish_gpadl:req:relid=29, gpadl=925223; resp:relid=29, gpadl=925223, status=0x0
[    4.231529] cdx: total: want= 44896 KB, 43 MB; got = 44896 KB, 43 MB
[    4.342406] cdx: vmbus_open: channel.id=30, sz= 1024 KB (1 MB)
[    4.345912] cdx: vmbus_establish_gpadl:req:relid=30, gpadl=925224; resp:relid=30, gpadl=925224, status=0x0
[    4.351398] cdx: total: want= 45920 KB, 44 MB; got = 45920 KB, 44 MB
[    4.462403] cdx: vmbus_open: channel.id=31, sz= 1024 KB (1 MB)
[    4.465873] cdx: vmbus_establish_gpadl:req:relid=31, gpadl=925225; resp:relid=31, gpadl=925225, status=0x0
[    4.471268] cdx: total: want= 46944 KB, 45 MB; got = 46944 KB, 45 MB
[    4.582292] cdx: vmbus_open: channel.id=32, sz= 512 KB (0 MB)
[    4.585628] cdx: vmbus_establish_gpadl:req:relid=32, gpadl=925226; resp:relid=32, gpadl=925226, status=0x0
[    4.591034] cdx: total: want= 47456 KB, 46 MB; got = 47456 KB, 46 MB
[    4.679605] cdx: vmbus_open: channel.id=17, sz= 1024 KB (1 MB)
[    4.680447] Segment Routing with IPv6
[    4.683381] cdx: vmbus_establish_gpadl:req:relid=17, gpadl=925227; resp:relid=17, gpadl=925227, status=0x0
[    4.690635] cdx: total: want= 48480 KB, 47 MB; got = 48480 KB, 47 MB
[    4.698608] cdx: netvsc_init_buf: 1: device=00000000d04db2bf, recv_sz= 16384 KB
[    4.702285] cdx: vmbus_open: channel.id=33, sz= 512 KB (0 MB)
[    4.705984] cdx: vmbus_establish_gpadl:req:relid=17, gpadl=925228; resp:relid=17, gpadl=925228, status=0x0
[    4.706072] cdx: vmbus_establish_gpadl:req:relid=33, gpadl=925229; resp:relid=33, gpadl=925229, status=0x0
[    4.711407] cdx: total: want= 65376 KB, 63 MB; got = 64864 KB, 63 MB
[    4.716765] cdx: total: want= 65376 KB, 63 MB; got = 65376 KB, 63 MB
[    4.721006] cdx: netvsc_init_buf: 2: device=00000000d04db2bf, send_sz= 1020 KB
[    4.728078] cdx: vmbus_establish_gpadl:req:relid=17, gpadl=925230; resp:relid=17, gpadl=925230, status=0x0
[    4.733470] cdx: total: want= 66396 KB, 64 MB; got = 66396 KB, 64 MB
[    4.830311] cdx: vmbus_open: channel.id=34, sz= 512 KB (0 MB)
[    4.833699] cdx: vmbus_establish_gpadl:req:relid=34, gpadl=925231; resp:relid=34, gpadl=925231, status=0x0
[    4.839180] cdx: total: want= 66908 KB, 65 MB; got = 66908 KB, 65 MB
[    4.950285] cdx: vmbus_open: channel.id=35, sz= 512 KB (0 MB)
[    4.953660] cdx: vmbus_establish_gpadl:req:relid=35, gpadl=925232; resp:relid=35, gpadl=925232, status=0x0
[    4.959141] cdx: total: want= 67420 KB, 65 MB; got = 67420 KB, 65 MB
[    5.070278] cdx: vmbus_open: channel.id=36, sz= 512 KB (0 MB)
[    5.073671] cdx: vmbus_establish_gpadl:req:relid=36, gpadl=925233; resp:relid=36, gpadl=925233, status=0x0
[    5.079140] cdx: total: want= 67932 KB, 66 MB; got = 67932 KB, 66 MB
[    5.190288] cdx: vmbus_open: channel.id=37, sz= 512 KB (0 MB)
[    5.193697] cdx: vmbus_establish_gpadl:req:relid=37, gpadl=925234; resp:relid=37, gpadl=925234, status=0x0
[    5.199166] cdx: total: want= 68444 KB, 66 MB; got = 68444 KB, 66 MB
[    5.310281] cdx: vmbus_open: channel.id=38, sz= 512 KB (0 MB)
[    5.313656] cdx: vmbus_establish_gpadl:req:relid=38, gpadl=925235; resp:relid=38, gpadl=925235, status=0x0
[    5.319127] cdx: total: want= 68956 KB, 67 MB; got = 68956 KB, 67 MB
[    5.430287] cdx: vmbus_open: channel.id=39, sz= 512 KB (0 MB)
[    5.433667] cdx: vmbus_establish_gpadl:req:relid=39, gpadl=925236; resp:relid=39, gpadl=925236, status=0x0
[    5.439151] cdx: total: want= 69468 KB, 67 MB; got = 69468 KB, 67 MB
[    5.550283] cdx: vmbus_open: channel.id=40, sz= 512 KB (0 MB)
[    5.553696] cdx: vmbus_establish_gpadl:req:relid=40, gpadl=925237; resp:relid=40, gpadl=925237, status=0x0
[    5.559231] cdx: total: want= 69980 KB, 68 MB; got = 69980 KB, 68 MB
[    5.670279] cdx: vmbus_open: channel.id=41, sz= 512 KB (0 MB)
[    5.673747] cdx: vmbus_establish_gpadl:req:relid=41, gpadl=925238; resp:relid=41, gpadl=925238, status=0x0
[    5.679269] cdx: total: want= 70492 KB, 68 MB; got = 70492 KB, 68 MB
[    5.790285] cdx: vmbus_open: channel.id=42, sz= 512 KB (0 MB)
[    5.793658] cdx: vmbus_establish_gpadl:req:relid=42, gpadl=925239; resp:relid=42, gpadl=925239, status=0x0
[    5.799171] cdx: total: want= 71004 KB, 69 MB; got = 71004 KB, 69 MB
[    5.910282] cdx: vmbus_open: channel.id=43, sz= 512 KB (0 MB)
[    5.913698] cdx: vmbus_establish_gpadl:req:relid=43, gpadl=925240; resp:relid=43, gpadl=925240, status=0x0
[    5.919280] cdx: total: want= 71516 KB, 69 MB; got = 71516 KB, 69 MB
[    6.030286] cdx: vmbus_open: channel.id=44, sz= 512 KB (0 MB)
[    6.033734] cdx: vmbus_establish_gpadl:req:relid=44, gpadl=925241; resp:relid=44, gpadl=925241, status=0x0
[    6.039274] cdx: total: want= 72028 KB, 70 MB; got = 72028 KB, 70 MB
[    6.150283] cdx: vmbus_open: channel.id=45, sz= 512 KB (0 MB)
[    6.153731] cdx: vmbus_establish_gpadl:req:relid=45, gpadl=925242; resp:relid=45, gpadl=925242, status=0x0
[    6.159281] cdx: total: want= 72540 KB, 70 MB; got = 72540 KB, 70 MB
[    6.270286] cdx: vmbus_open: channel.id=46, sz= 512 KB (0 MB)
[    6.273741] cdx: vmbus_establish_gpadl:req:relid=46, gpadl=925243; resp:relid=46, gpadl=925243, status=0x0
[    6.279293] cdx: total: want= 73052 KB, 71 MB; got = 73052 KB, 71 MB
[    6.390290] cdx: vmbus_open: channel.id=47, sz= 512 KB (0 MB)
[    6.393659] cdx: vmbus_establish_gpadl:req:relid=47, gpadl=925244; resp:relid=47, gpadl=925244, status=0x0
[    6.399219] cdx: total: want= 73564 KB, 71 MB; got = 73564 KB, 71 MB
[    6.510287] cdx: vmbus_open: channel.id=48, sz= 512 KB (0 MB)
[    6.513751] cdx: vmbus_establish_gpadl:req:relid=48, gpadl=925245; resp:relid=48, gpadl=925245, status=0x0
[    6.519310] cdx: total: want= 74076 KB, 72 MB; got = 74076 KB, 72 MB
[    6.630292] cdx: vmbus_open: channel.id=49, sz= 512 KB (0 MB)
[    6.633784] cdx: vmbus_establish_gpadl:req:relid=49, gpadl=925246; resp:relid=49, gpadl=925246, status=0x0
[    6.639452] cdx: total: want= 74588 KB, 72 MB; got = 74588 KB, 72 MB
[    6.750281] cdx: vmbus_open: channel.id=50, sz= 512 KB (0 MB)
[    6.753718] cdx: vmbus_establish_gpadl:req:relid=50, gpadl=925247; resp:relid=50, gpadl=925247, status=0x0
[    6.759193] cdx: total: want= 75100 KB, 73 MB; got = 75100 KB, 73 MB
[    6.870289] cdx: vmbus_open: channel.id=51, sz= 512 KB (0 MB)
[    6.873649] cdx: vmbus_establish_gpadl:req:relid=51, gpadl=925248; resp:relid=51, gpadl=925248, status=0x0
[    6.879096] cdx: total: want= 75612 KB, 73 MB; got = 75612 KB, 73 MB
[    6.990284] cdx: vmbus_open: channel.id=52, sz= 512 KB (0 MB)
[    6.993690] cdx: vmbus_establish_gpadl:req:relid=52, gpadl=925249; resp:relid=52, gpadl=925249, status=0x0
[    6.999194] cdx: total: want= 76124 KB, 74 MB; got = 76124 KB, 74 MB
[    7.110280] cdx: vmbus_open: channel.id=53, sz= 512 KB (0 MB)
[    7.113677] cdx: vmbus_establish_gpadl:req:relid=53, gpadl=925250; resp:relid=53, gpadl=925250, status=0x0
[    7.119155] cdx: total: want= 76636 KB, 74 MB; got = 76636 KB, 74 MB
[    7.230287] cdx: vmbus_open: channel.id=54, sz= 512 KB (0 MB)
[    7.233647] cdx: vmbus_establish_gpadl:req:relid=54, gpadl=925251; resp:relid=54, gpadl=925251, status=0x0
[    7.239089] cdx: total: want= 77148 KB, 75 MB; got = 77148 KB, 75 MB
[    7.350283] cdx: vmbus_open: channel.id=55, sz= 512 KB (0 MB)
[    7.353674] cdx: vmbus_establish_gpadl:req:relid=55, gpadl=925252; resp:relid=55, gpadl=925252, status=0x0
[    7.359195] cdx: total: want= 77660 KB, 75 MB; got = 77660 KB, 75 MB
[    7.470287] cdx: vmbus_open: channel.id=56, sz= 512 KB (0 MB)
[    7.473739] cdx: vmbus_establish_gpadl:req:relid=56, gpadl=925253; resp:relid=56, gpadl=925253, status=0x0
[    7.479293] cdx: total: want= 78172 KB, 76 MB; got = 78172 KB, 76 MB
[    7.590283] cdx: vmbus_open: channel.id=57, sz= 512 KB (0 MB)
[    7.593694] cdx: vmbus_establish_gpadl:req:relid=57, gpadl=925254; resp:relid=57, gpadl=925254, status=0x0
[    7.599178] cdx: total: want= 78684 KB, 76 MB; got = 78684 KB, 76 MB
[    7.662178] psmouse serio1: trackpoint: IBM TrackPoint firmware: 0x01, buttons: 3/3
[    7.667401] input: TPPS/2 IBM TrackPoint as /devices/platform/i8042/serio1/input/input4
[    7.672345] input: AT Translated Set 2 keyboard as /devices/LNXSYSTM:00/LNXSYBUS:00/PNP0A03:00/device:07/VMBUS:01/d34b2567-b9b6-42b9-8778-0a4ec0b955bf/serio2/input/input6
[    7.710277] cdx: vmbus_open: channel.id=58, sz= 512 KB (0 MB)
[    7.713758] cdx: vmbus_establish_gpadl:req:relid=58, gpadl=925255; resp:relid=58, gpadl=925255, status=0x0
[    7.719371] cdx: total: want= 79196 KB, 77 MB; got = 79196 KB, 77 MB
[    7.830284] cdx: vmbus_open: channel.id=59, sz= 512 KB (0 MB)
[    7.833763] cdx: vmbus_establish_gpadl:req:relid=59, gpadl=925256; resp:relid=59, gpadl=925256, status=0x0
[    7.839369] cdx: total: want= 79708 KB, 77 MB; got = 79708 KB, 77 MB
[    7.950283] cdx: vmbus_open: channel.id=60, sz= 512 KB (0 MB)
[    7.953760] cdx: vmbus_establish_gpadl:req:relid=60, gpadl=925257; resp:relid=60, gpadl=925257, status=0x0
[    7.959377] cdx: total: want= 80220 KB, 78 MB; got = 80220 KB, 78 MB
[    8.070286] cdx: vmbus_open: channel.id=61, sz= 512 KB (0 MB)
[    8.073756] cdx: vmbus_establish_gpadl:req:relid=61, gpadl=925258; resp:relid=61, gpadl=925258, status=0x0
[    8.079414] cdx: total: want= 80732 KB, 78 MB; got = 80732 KB, 78 MB
[    8.190282] cdx: vmbus_open: channel.id=62, sz= 512 KB (0 MB)
[    8.193786] cdx: vmbus_establish_gpadl:req:relid=62, gpadl=925259; resp:relid=62, gpadl=925259, status=0x0
[    8.199416] cdx: total: want= 81244 KB, 79 MB; got = 81244 KB, 79 MB
[    8.310287] cdx: vmbus_open: channel.id=63, sz= 512 KB (0 MB)
[    8.313774] cdx: vmbus_establish_gpadl:req:relid=63, gpadl=925260; resp:relid=63, gpadl=925260, status=0x0
[    8.319424] cdx: total: want= 81756 KB, 79 MB; got = 81756 KB, 79 MB
[    8.430285] cdx: vmbus_open: channel.id=64, sz= 512 KB (0 MB)
[    8.433880] cdx: vmbus_establish_gpadl:req:relid=64, gpadl=925261; resp:relid=64, gpadl=925261, status=0x0
[    8.439504] cdx: total: want= 82268 KB, 80 MB; got = 82268 KB, 80 MB
[    8.550280] cdx: vmbus_open: channel.id=65, sz= 512 KB (0 MB)
[    8.553773] cdx: vmbus_establish_gpadl:req:relid=65, gpadl=925262; resp:relid=65, gpadl=925262, status=0x0
[    8.559370] cdx: total: want= 82780 KB, 80 MB; got = 82780 KB, 80 MB
[    8.670323] cdx: vmbus_open: channel.id=66, sz= 512 KB (0 MB)
[    8.673807] cdx: vmbus_establish_gpadl:req:relid=66, gpadl=925263; resp:relid=66, gpadl=925263, status=0x0
[    8.679400] cdx: total: want= 83292 KB, 81 MB; got = 83292 KB, 81 MB
[    8.790283] cdx: vmbus_open: channel.id=67, sz= 512 KB (0 MB)
[    8.793774] cdx: vmbus_establish_gpadl:req:relid=67, gpadl=925264; resp:relid=67, gpadl=925264, status=0x0
[    8.799385] cdx: total: want= 83804 KB, 81 MB; got = 83804 KB, 81 MB
[    8.910288] cdx: vmbus_open: channel.id=68, sz= 512 KB (0 MB)
[    8.913792] cdx: vmbus_establish_gpadl:req:relid=68, gpadl=925265; resp:relid=68, gpadl=925265, status=0x0
[    8.919435] cdx: total: want= 84316 KB, 82 MB; got = 84316 KB, 82 MB
[    9.030285] cdx: vmbus_open: channel.id=69, sz= 512 KB (0 MB)
[    9.033768] cdx: vmbus_establish_gpadl:req:relid=69, gpadl=925266; resp:relid=69, gpadl=925266, status=0x0
[    9.039377] cdx: total: want= 84828 KB, 82 MB; got = 84828 KB, 82 MB
[    9.138445] random: crng init done
[    9.150279] cdx: vmbus_open: channel.id=70, sz= 512 KB (0 MB)
[    9.153768] cdx: vmbus_establish_gpadl:req:relid=70, gpadl=925267; resp:relid=70, gpadl=925267, status=0x0
[    9.159408] cdx: total: want= 85340 KB, 83 MB; got = 85340 KB, 83 MB
[    9.270291] cdx: vmbus_open: channel.id=71, sz= 512 KB (0 MB)
[    9.273763] cdx: vmbus_establish_gpadl:req:relid=71, gpadl=925268; resp:relid=71, gpadl=925268, status=0x0
[    9.279359] cdx: total: want= 85852 KB, 83 MB; got = 85852 KB, 83 MB
[    9.390282] cdx: vmbus_open: channel.id=72, sz= 512 KB (0 MB)
[    9.393781] cdx: vmbus_establish_gpadl:req:relid=72, gpadl=925269; resp:relid=72, gpadl=925269, status=0x0
[    9.399389] cdx: total: want= 86364 KB, 84 MB; got = 86364 KB, 84 MB
[    9.510290] cdx: vmbus_open: channel.id=73, sz= 512 KB (0 MB)
[    9.513779] cdx: vmbus_establish_gpadl:req:relid=73, gpadl=925270; resp:relid=73, gpadl=925270, status=0x0
[    9.519373] cdx: total: want= 86876 KB, 84 MB; got = 86876 KB, 84 MB
[    9.630283] cdx: vmbus_open: channel.id=74, sz= 512 KB (0 MB)
[    9.633757] cdx: vmbus_establish_gpadl:req:relid=74, gpadl=925271; resp:relid=74, gpadl=925271, status=0x0
[    9.639389] cdx: total: want= 87388 KB, 85 MB; got = 87388 KB, 85 MB
[    9.750280] cdx: vmbus_open: channel.id=75, sz= 512 KB (0 MB)
[    9.753743] cdx: vmbus_establish_gpadl:req:relid=75, gpadl=925272; resp:relid=75, gpadl=925272, status=0x0
[    9.759285] cdx: total: want= 87900 KB, 85 MB; got = 87900 KB, 85 MB
[    9.870285] cdx: vmbus_open: channel.id=76, sz= 512 KB (0 MB)
[    9.873753] cdx: vmbus_establish_gpadl:req:relid=76, gpadl=925273; resp:relid=76, gpadl=925273, status=0x0
[    9.879304] cdx: total: want= 88412 KB, 86 MB; got = 88412 KB, 86 MB
[    9.990281] cdx: vmbus_open: channel.id=77, sz= 512 KB (0 MB)
[    9.993746] cdx: vmbus_establish_gpadl:req:relid=77, gpadl=925274; resp:relid=77, gpadl=925274, status=0x0
[    9.999290] cdx: total: want= 88924 KB, 86 MB; got = 88924 KB, 86 MB
[   10.110285] cdx: vmbus_open: channel.id=78, sz= 512 KB (0 MB)
[   10.113788] cdx: vmbus_establish_gpadl:req:relid=78, gpadl=925275; resp:relid=78, gpadl=925275, status=0x0
[   10.119401] cdx: total: want= 89436 KB, 87 MB; got = 89436 KB, 87 MB
[   10.230284] cdx: vmbus_open: channel.id=79, sz= 512 KB (0 MB)
[   10.233780] cdx: vmbus_establish_gpadl:req:relid=79, gpadl=925276; resp:relid=79, gpadl=925276, status=0x0
[   10.239383] cdx: total: want= 89948 KB, 87 MB; got = 89948 KB, 87 MB
[   10.350287] cdx: vmbus_open: channel.id=80, sz= 512 KB (0 MB)
[   10.353725] cdx: vmbus_establish_gpadl:req:relid=80, gpadl=925277; resp:relid=80, gpadl=925277, status=0x0
[   10.359289] cdx: total: want= 90460 KB, 88 MB; got = 90460 KB, 88 MB
[   10.470289] cdx: vmbus_open: channel.id=81, sz= 512 KB (0 MB)
[   10.473766] cdx: vmbus_establish_gpadl:req:relid=81, gpadl=925278; resp:relid=81, gpadl=925278, status=0x0
[   10.479362] cdx: total: want= 90972 KB, 88 MB; got = 90972 KB, 88 MB
[   10.590279] cdx: vmbus_open: channel.id=82, sz= 512 KB (0 MB)
[   10.593779] cdx: vmbus_establish_gpadl:req:relid=82, gpadl=925279; resp:relid=82, gpadl=925279, status=0x0
[   10.599380] cdx: total: want= 91484 KB, 89 MB; got = 91484 KB, 89 MB
[   10.710289] cdx: vmbus_open: channel.id=83, sz= 512 KB (0 MB)
[   10.713793] cdx: vmbus_establish_gpadl:req:relid=83, gpadl=925280; resp:relid=83, gpadl=925280, status=0x0
[   10.719361] cdx: total: want= 91996 KB, 89 MB; got = 91996 KB, 89 MB
[   10.830282] cdx: vmbus_open: channel.id=84, sz= 512 KB (0 MB)
[   10.833804] cdx: vmbus_establish_gpadl:req:relid=84, gpadl=925281; resp:relid=84, gpadl=925281, status=0x0
[   10.839363] cdx: total: want= 92508 KB, 90 MB; got = 92508 KB, 90 MB
[   10.950288] cdx: vmbus_open: channel.id=85, sz= 512 KB (0 MB)
[   10.953769] cdx: vmbus_establish_gpadl:req:relid=85, gpadl=925282; resp:relid=85, gpadl=925282, status=0x0
[   10.959354] cdx: total: want= 93020 KB, 90 MB; got = 93020 KB, 90 MB
[   11.070283] cdx: vmbus_open: channel.id=86, sz= 512 KB (0 MB)
[   11.073733] cdx: vmbus_establish_gpadl:req:relid=86, gpadl=925283; resp:relid=86, gpadl=925283, status=0x0
[   11.079280] cdx: total: want= 93532 KB, 91 MB; got = 93532 KB, 91 MB
[   11.190279] cdx: vmbus_open: channel.id=87, sz= 512 KB (0 MB)
[   11.193788] cdx: vmbus_establish_gpadl:req:relid=87, gpadl=925284; resp:relid=87, gpadl=925284, status=0x0
[   11.199332] cdx: total: want= 94044 KB, 91 MB; got = 94044 KB, 91 MB
[   11.310287] cdx: vmbus_open: channel.id=88, sz= 512 KB (0 MB)
[   11.313724] cdx: vmbus_establish_gpadl:req:relid=88, gpadl=925285; resp:relid=88, gpadl=925285, status=0x0
[   11.319251] cdx: total: want= 94556 KB, 92 MB; got = 94556 KB, 92 MB
[   11.430281] cdx: vmbus_open: channel.id=89, sz= 512 KB (0 MB)
[   11.433703] cdx: vmbus_establish_gpadl:req:relid=89, gpadl=925286; resp:relid=89, gpadl=925286, status=0x0
[   11.439137] cdx: total: want= 95068 KB, 92 MB; got = 95068 KB, 92 MB
[   11.550286] cdx: vmbus_open: channel.id=90, sz= 512 KB (0 MB)
[   11.553722] cdx: vmbus_establish_gpadl:req:relid=90, gpadl=925287; resp:relid=90, gpadl=925287, status=0x0
[   11.559254] cdx: total: want= 95580 KB, 93 MB; got = 95580 KB, 93 MB
[   11.670283] cdx: vmbus_open: channel.id=91, sz= 512 KB (0 MB)
[   11.673729] cdx: vmbus_establish_gpadl:req:relid=91, gpadl=925288; resp:relid=91, gpadl=925288, status=0x0
[   11.679229] cdx: total: want= 96092 KB, 93 MB; got = 96092 KB, 93 MB
[   11.790276] cdx: vmbus_open: channel.id=92, sz= 512 KB (0 MB)
[   11.793676] cdx: vmbus_establish_gpadl:req:relid=92, gpadl=925289; resp:relid=92, gpadl=925289, status=0x0
[   11.799188] cdx: total: want= 96604 KB, 94 MB; got = 96604 KB, 94 MB
[   11.910287] cdx: vmbus_open: channel.id=93, sz= 512 KB (0 MB)
[   11.913681] cdx: vmbus_establish_gpadl:req:relid=93, gpadl=925290; resp:relid=93, gpadl=925290, status=0x0
[   11.919206] cdx: total: want= 97116 KB, 94 MB; got = 97116 KB, 94 MB
[   12.030282] cdx: vmbus_open: channel.id=94, sz= 512 KB (0 MB)
[   12.033880] cdx: vmbus_establish_gpadl:req:relid=94, gpadl=925291; resp:relid=94, gpadl=925291, status=0x0
[   12.039502] cdx: total: want= 97628 KB, 95 MB; got = 97628 KB, 95 MB
[   12.150287] cdx: vmbus_open: channel.id=95, sz= 512 KB (0 MB)
[   12.153753] cdx: vmbus_establish_gpadl:req:relid=95, gpadl=925292; resp:relid=95, gpadl=925292, status=0x0
[   12.159292] cdx: total: want= 98140 KB, 95 MB; got = 98140 KB, 95 MB
[   12.270280] cdx: vmbus_open: channel.id=96, sz= 512 KB (0 MB)
[   12.273765] cdx: vmbus_establish_gpadl:req:relid=96, gpadl=925293; resp:relid=96, gpadl=925293, status=0x0
[   12.279396] cdx: total: want= 98652 KB, 96 MB; got = 98652 KB, 96 MB
[   12.390289] cdx: vmbus_open: channel.id=97, sz= 512 KB (0 MB)
[   12.393794] cdx: vmbus_establish_gpadl:req:relid=97, gpadl=925294; resp:relid=97, gpadl=925294, status=0x0
[   12.399425] cdx: total: want= 99164 KB, 96 MB; got = 99164 KB, 96 MB
[   12.510287] cdx: vmbus_open: channel.id=98, sz= 512 KB (0 MB)
[   12.513796] cdx: vmbus_establish_gpadl:req:relid=98, gpadl=925295; resp:relid=98, gpadl=925295, status=0x0
[   12.519438] cdx: total: want= 99676 KB, 97 MB; got = 99676 KB, 97 MB
[   12.630281] cdx: vmbus_open: channel.id=99, sz= 512 KB (0 MB)
[   12.633763] cdx: vmbus_establish_gpadl:req:relid=99, gpadl=925296; resp:relid=99, gpadl=925296, status=0x0
[   12.639282] cdx: total: want= 100188 KB, 97 MB; got = 100188 KB, 97 MB
[   12.750287] cdx: vmbus_open: channel.id=100, sz= 512 KB (0 MB)
[   12.753761] cdx: vmbus_establish_gpadl:req:relid=100, gpadl=925297; resp:relid=100, gpadl=925297, status=0x0
[   12.759347] cdx: total: want= 100700 KB, 98 MB; got = 100700 KB, 98 MB
[   12.870283] cdx: vmbus_open: channel.id=101, sz= 512 KB (0 MB)
[   12.873725] cdx: vmbus_establish_gpadl:req:relid=101, gpadl=925298; resp:relid=101, gpadl=925298, status=0x0
[   12.879308] cdx: total: want= 101212 KB, 98 MB; got = 101212 KB, 98 MB
[   12.990286] cdx: vmbus_open: channel.id=102, sz= 512 KB (0 MB)
[   12.993728] cdx: vmbus_establish_gpadl:req:relid=102, gpadl=925299; resp:relid=102, gpadl=925299, status=0x0
[   12.999314] cdx: total: want= 101724 KB, 99 MB; got = 101724 KB, 99 MB
[   13.110285] cdx: vmbus_open: channel.id=103, sz= 512 KB (0 MB)
[   13.113712] cdx: vmbus_establish_gpadl:req:relid=103, gpadl=925300; resp:relid=103, gpadl=925300, status=0x0
[   13.119298] cdx: total: want= 102236 KB, 99 MB; got = 102236 KB, 99 MB
[   13.230278] cdx: vmbus_open: channel.id=104, sz= 512 KB (0 MB)
[   13.233709] cdx: vmbus_establish_gpadl:req:relid=104, gpadl=925301; resp:relid=104, gpadl=925301, status=0x0
[   13.239281] cdx: total: want= 102748 KB, 100 MB; got = 102748 KB, 100 MB
[   13.350289] cdx: vmbus_open: channel.id=105, sz= 512 KB (0 MB)
[   13.353827] cdx: vmbus_establish_gpadl:req:relid=105, gpadl=925302; resp:relid=105, gpadl=925302, status=0x0
[   13.359511] cdx: total: want= 103260 KB, 100 MB; got = 103260 KB, 100 MB
[   13.470285] cdx: vmbus_open: channel.id=106, sz= 512 KB (0 MB)
[   13.473824] cdx: vmbus_establish_gpadl:req:relid=106, gpadl=925303; resp:relid=106, gpadl=925303, status=0x0
[   13.479506] cdx: total: want= 103772 KB, 101 MB; got = 103772 KB, 101 MB
[   13.590288] cdx: vmbus_open: channel.id=107, sz= 512 KB (0 MB)
[   13.593769] cdx: vmbus_establish_gpadl:req:relid=107, gpadl=925304; resp:relid=107, gpadl=925304, status=0x0
[   13.599438] cdx: total: want= 104284 KB, 101 MB; got = 104284 KB, 101 MB
[   13.710283] cdx: vmbus_open: channel.id=108, sz= 512 KB (0 MB)
[   13.713776] cdx: vmbus_establish_gpadl:req:relid=108, gpadl=925305; resp:relid=108, gpadl=925305, status=0x0
[   13.719463] cdx: total: want= 104796 KB, 102 MB; got = 104796 KB, 102 MB
[   13.830279] cdx: vmbus_open: channel.id=109, sz= 512 KB (0 MB)
[   13.833778] cdx: vmbus_establish_gpadl:req:relid=109, gpadl=925306; resp:relid=109, gpadl=925306, status=0x0
[   13.839404] cdx: total: want= 105308 KB, 102 MB; got = 105308 KB, 102 MB
[   13.950287] cdx: vmbus_open: channel.id=110, sz= 512 KB (0 MB)
[   13.953811] cdx: vmbus_establish_gpadl:req:relid=110, gpadl=925307; resp:relid=110, gpadl=925307, status=0x0
[   13.959452] cdx: total: want= 105820 KB, 103 MB; got = 105820 KB, 103 MB
[   14.070281] cdx: vmbus_open: channel.id=111, sz= 512 KB (0 MB)
[   14.073772] cdx: vmbus_establish_gpadl:req:relid=111, gpadl=925308; resp:relid=111, gpadl=925308, status=0x0
[   14.079363] cdx: total: want= 106332 KB, 103 MB; got = 106332 KB, 103 MB
[   14.190286] cdx: vmbus_open: channel.id=112, sz= 512 KB (0 MB)
[   14.193797] cdx: vmbus_establish_gpadl:req:relid=112, gpadl=925309; resp:relid=112, gpadl=925309, status=0x0
[   14.199488] cdx: total: want= 106844 KB, 104 MB; got = 106844 KB, 104 MB
[   14.310282] cdx: vmbus_open: channel.id=113, sz= 512 KB (0 MB)
[   14.313798] cdx: vmbus_establish_gpadl:req:relid=113, gpadl=925310; resp:relid=113, gpadl=925310, status=0x0
[   14.319470] cdx: total: want= 107356 KB, 104 MB; got = 107356 KB, 104 MB
[   14.430287] cdx: vmbus_open: channel.id=114, sz= 512 KB (0 MB)
[   14.433775] cdx: vmbus_establish_gpadl:req:relid=114, gpadl=925311; resp:relid=114, gpadl=925311, status=0x0
[   14.439378] cdx: total: want= 107868 KB, 105 MB; got = 107868 KB, 105 MB
[   14.550287] cdx: vmbus_open: channel.id=115, sz= 512 KB (0 MB)
[   14.553735] cdx: vmbus_establish_gpadl:req:relid=115, gpadl=925312; resp:relid=115, gpadl=925312, status=0x0
[   14.559334] cdx: total: want= 108380 KB, 105 MB; got = 108380 KB, 105 MB
[   14.670279] cdx: vmbus_open: channel.id=116, sz= 512 KB (0 MB)
[   14.673786] cdx: vmbus_establish_gpadl:req:relid=116, gpadl=925313; resp:relid=116, gpadl=925313, status=0x0
[   14.679472] cdx: total: want= 108892 KB, 106 MB; got = 108892 KB, 106 MB
[   14.790287] cdx: vmbus_open: channel.id=117, sz= 512 KB (0 MB)
[   14.793801] cdx: vmbus_establish_gpadl:req:relid=117, gpadl=925314; resp:relid=117, gpadl=925314, status=0x0
[   14.799474] cdx: total: want= 109404 KB, 106 MB; got = 109404 KB, 106 MB
[   14.910281] cdx: vmbus_open: channel.id=118, sz= 512 KB (0 MB)
[   14.913764] cdx: vmbus_establish_gpadl:req:relid=118, gpadl=925315; resp:relid=118, gpadl=925315, status=0x0
[   14.919432] cdx: total: want= 109916 KB, 107 MB; got = 109916 KB, 107 MB
[   15.030286] cdx: vmbus_open: channel.id=119, sz= 512 KB (0 MB)
[   15.033752] cdx: vmbus_establish_gpadl:req:relid=119, gpadl=925316; resp:relid=119, gpadl=925316, status=0x0
[   15.039392] cdx: total: want= 110428 KB, 107 MB; got = 110428 KB, 107 MB
[   15.150285] cdx: vmbus_open: channel.id=120, sz= 512 KB (0 MB)
[   15.153764] cdx: vmbus_establish_gpadl:req:relid=120, gpadl=925317; resp:relid=120, gpadl=925317, status=0x0
[   15.159434] cdx: total: want= 110940 KB, 108 MB; got = 110940 KB, 108 MB
[   15.270279] cdx: vmbus_open: channel.id=121, sz= 512 KB (0 MB)
[   15.273763] cdx: vmbus_establish_gpadl:req:relid=121, gpadl=925318; resp:relid=121, gpadl=925318, status=0x0
[   15.279338] cdx: total: want= 111452 KB, 108 MB; got = 111452 KB, 108 MB
[   15.390286] cdx: vmbus_open: channel.id=122, sz= 512 KB (0 MB)
[   15.393785] cdx: vmbus_establish_gpadl:req:relid=122, gpadl=925319; resp:relid=122, gpadl=925319, status=0x0
[   15.399463] cdx: total: want= 111964 KB, 109 MB; got = 111964 KB, 109 MB
[   15.510283] cdx: vmbus_open: channel.id=123, sz= 512 KB (0 MB)
[   15.513747] cdx: vmbus_establish_gpadl:req:relid=123, gpadl=925320; resp:relid=123, gpadl=925320, status=0x0
[   15.519353] cdx: total: want= 112476 KB, 109 MB; got = 112476 KB, 109 MB
[   15.630286] cdx: vmbus_open: channel.id=124, sz= 512 KB (0 MB)
[   15.633763] cdx: vmbus_establish_gpadl:req:relid=124, gpadl=925321; resp:relid=124, gpadl=925321, status=0x0
[   15.639377] cdx: total: want= 112988 KB, 110 MB; got = 112988 KB, 110 MB
[   15.750285] cdx: vmbus_open: channel.id=125, sz= 512 KB (0 MB)
[   15.753715] cdx: vmbus_establish_gpadl:req:relid=125, gpadl=925322; resp:relid=125, gpadl=925322, status=0x0
[   15.759214] cdx: total: want= 113500 KB, 110 MB; got = 113500 KB, 110 MB
[   15.870278] cdx: vmbus_open: channel.id=126, sz= 512 KB (0 MB)
[   15.873761] cdx: vmbus_establish_gpadl:req:relid=126, gpadl=925323; resp:relid=126, gpadl=925323, status=0x0
[   15.879367] cdx: total: want= 114012 KB, 111 MB; got = 114012 KB, 111 MB
[   15.990288] cdx: vmbus_open: channel.id=127, sz= 512 KB (0 MB)
[   15.993764] cdx: vmbus_establish_gpadl:req:relid=127, gpadl=925324; resp:relid=127, gpadl=925324, status=0x0
[   15.999317] cdx: total: want= 114524 KB, 111 MB; got = 114524 KB, 111 MB
[   16.110281] cdx: vmbus_open: channel.id=128, sz= 512 KB (0 MB)
[   16.113736] cdx: vmbus_establish_gpadl:req:relid=128, gpadl=925325; resp:relid=128, gpadl=925325, status=0x0
[   16.119309] cdx: total: want= 115036 KB, 112 MB; got = 115036 KB, 112 MB
[   16.230287] cdx: vmbus_open: channel.id=129, sz= 512 KB (0 MB)
[   16.233806] cdx: vmbus_establish_gpadl:req:relid=129, gpadl=925326; resp:relid=129, gpadl=925326, status=0x0
[   16.239430] cdx: total: want= 115548 KB, 112 MB; got = 115548 KB, 112 MB
[   16.350280] cdx: vmbus_open: channel.id=130, sz= 512 KB (0 MB)
[   16.353760] cdx: vmbus_establish_gpadl:req:relid=130, gpadl=925327; resp:relid=130, gpadl=925327, status=0x0
[   16.359389] cdx: total: want= 116060 KB, 113 MB; got = 116060 KB, 113 MB
[   16.470288] cdx: vmbus_open: channel.id=131, sz= 512 KB (0 MB)
[   16.473743] cdx: vmbus_establish_gpadl:req:relid=131, gpadl=925328; resp:relid=131, gpadl=925328, status=0x0
[   16.479383] cdx: total: want= 116572 KB, 113 MB; got = 116572 KB, 113 MB
[   16.590289] cdx: vmbus_open: channel.id=132, sz= 512 KB (0 MB)
[   16.593782] cdx: vmbus_establish_gpadl:req:relid=132, gpadl=925329; resp:relid=132, gpadl=925329, status=0x0
[   16.599378] cdx: total: want= 117084 KB, 114 MB; got = 117084 KB, 114 MB
[   16.710281] cdx: vmbus_open: channel.id=133, sz= 512 KB (0 MB)
[   16.713762] cdx: vmbus_establish_gpadl:req:relid=133, gpadl=925330; resp:relid=133, gpadl=925330, status=0x0
[   16.719420] cdx: total: want= 117596 KB, 114 MB; got = 117596 KB, 114 MB
[   16.830287] cdx: vmbus_open: channel.id=134, sz= 512 KB (0 MB)
[   16.833732] cdx: vmbus_establish_gpadl:req:relid=134, gpadl=925331; resp:relid=134, gpadl=925331, status=0x0
[   16.839320] cdx: total: want= 118108 KB, 115 MB; got = 118108 KB, 115 MB
[   16.950283] cdx: vmbus_open: channel.id=135, sz= 512 KB (0 MB)
[   16.953732] cdx: vmbus_establish_gpadl:req:relid=135, gpadl=925332; resp:relid=135, gpadl=925332, status=0x0
[   16.959325] cdx: total: want= 118620 KB, 115 MB; got = 118620 KB, 115 MB
[   17.070292] cdx: vmbus_open: channel.id=136, sz= 512 KB (0 MB)
[   17.073770] cdx: vmbus_establish_gpadl:req:relid=136, gpadl=925333; resp:relid=136, gpadl=925333, status=0x0
[   17.079384] cdx: total: want= 119132 KB, 116 MB; got = 119132 KB, 116 MB
[   17.190286] cdx: vmbus_open: channel.id=137, sz= 512 KB (0 MB)
[   17.193739] cdx: vmbus_establish_gpadl:req:relid=137, gpadl=925334; resp:relid=137, gpadl=925334, status=0x0
[   17.199392] cdx: total: want= 119644 KB, 116 MB; got = 119644 KB, 116 MB
[   17.310279] cdx: vmbus_open: channel.id=138, sz= 512 KB (0 MB)
[   17.313736] cdx: vmbus_establish_gpadl:req:relid=138, gpadl=925335; resp:relid=138, gpadl=925335, status=0x0
[   17.319400] cdx: total: want= 120156 KB, 117 MB; got = 120156 KB, 117 MB
[   17.430291] cdx: vmbus_open: channel.id=139, sz= 512 KB (0 MB)
[   17.433835] cdx: vmbus_establish_gpadl:req:relid=139, gpadl=925336; resp:relid=139, gpadl=925336, status=0x0
[   17.439521] cdx: total: want= 120668 KB, 117 MB; got = 120668 KB, 117 MB
[   17.550280] cdx: vmbus_open: channel.id=140, sz= 512 KB (0 MB)
[   17.553805] cdx: vmbus_establish_gpadl:req:relid=140, gpadl=925337; resp:relid=140, gpadl=925337, status=0x0
[   17.559490] cdx: total: want= 121180 KB, 118 MB; got = 121180 KB, 118 MB
[   17.670286] cdx: vmbus_open: channel.id=141, sz= 512 KB (0 MB)
[   17.673759] cdx: vmbus_establish_gpadl:req:relid=141, gpadl=925338; resp:relid=141, gpadl=925338, status=0x0
[   17.679392] cdx: total: want= 121692 KB, 118 MB; got = 121692 KB, 118 MB
[   17.790284] cdx: vmbus_open: channel.id=142, sz= 512 KB (0 MB)
[   17.793796] cdx: vmbus_establish_gpadl:req:relid=142, gpadl=925339; resp:relid=142, gpadl=925339, status=0x0
[   17.799449] cdx: total: want= 122204 KB, 119 MB; got = 122204 KB, 119 MB
[   17.910280] cdx: vmbus_open: channel.id=143, sz= 512 KB (0 MB)
[   17.913767] cdx: vmbus_establish_gpadl:req:relid=143, gpadl=925340; resp:relid=143, gpadl=925340, status=0x0
[   17.919445] cdx: total: want= 122716 KB, 119 MB; got = 122716 KB, 119 MB
[   18.030286] cdx: vmbus_open: channel.id=144, sz= 512 KB (0 MB)
[   18.033762] cdx: vmbus_establish_gpadl:req:relid=144, gpadl=925341; resp:relid=144, gpadl=925341, status=0x0
[   18.039382] cdx: total: want= 123228 KB, 120 MB; got = 123228 KB, 120 MB
[   18.150280] cdx: vmbus_open: channel.id=145, sz= 512 KB (0 MB)
[   18.153799] cdx: vmbus_establish_gpadl:req:relid=145, gpadl=925342; resp:relid=145, gpadl=925342, status=0x0
[   18.159488] cdx: total: want= 123740 KB, 120 MB; got = 123740 KB, 120 MB
[   18.270286] cdx: vmbus_open: channel.id=146, sz= 512 KB (0 MB)
[   18.273803] cdx: vmbus_establish_gpadl:req:relid=146, gpadl=925343; resp:relid=146, gpadl=925343, status=0x0
[   18.279495] cdx: total: want= 124252 KB, 121 MB; got = 124252 KB, 121 MB
[   18.390284] cdx: vmbus_open: channel.id=147, sz= 512 KB (0 MB)
[   18.393803] cdx: vmbus_establish_gpadl:req:relid=147, gpadl=925344; resp:relid=147, gpadl=925344, status=0x0
[   18.399445] cdx: total: want= 124764 KB, 121 MB; got = 124764 KB, 121 MB
[   18.510288] cdx: vmbus_open: channel.id=148, sz= 512 KB (0 MB)
[   18.513792] cdx: vmbus_establish_gpadl:req:relid=148, gpadl=925345; resp:relid=148, gpadl=925345, status=0x0
[   18.519434] cdx: total: want= 125276 KB, 122 MB; got = 125276 KB, 122 MB
[   18.630287] cdx: vmbus_open: channel.id=149, sz= 512 KB (0 MB)
[   18.633812] cdx: vmbus_establish_gpadl:req:relid=149, gpadl=925346; resp:relid=149, gpadl=925346, status=0x0
[   18.639466] cdx: total: want= 125788 KB, 122 MB; got = 125788 KB, 122 MB
[   18.750279] cdx: vmbus_open: channel.id=150, sz= 512 KB (0 MB)
[   18.753746] cdx: vmbus_establish_gpadl:req:relid=150, gpadl=925347; resp:relid=150, gpadl=925347, status=0x0
[   18.759393] cdx: total: want= 126300 KB, 123 MB; got = 126300 KB, 123 MB
[   18.870286] cdx: vmbus_open: channel.id=151, sz= 512 KB (0 MB)
[   18.873781] cdx: vmbus_establish_gpadl:req:relid=151, gpadl=925348; resp:relid=151, gpadl=925348, status=0x0
[   18.879403] cdx: total: want= 126812 KB, 123 MB; got = 126812 KB, 123 MB
[   18.990281] cdx: vmbus_open: channel.id=152, sz= 512 KB (0 MB)
[   18.993753] cdx: vmbus_establish_gpadl:req:relid=152, gpadl=925349; resp:relid=152, gpadl=925349, status=0x0
[   18.999389] cdx: total: want= 127324 KB, 124 MB; got = 127324 KB, 124 MB
[   19.110287] cdx: vmbus_open: channel.id=153, sz= 512 KB (0 MB)
[   19.113763] cdx: vmbus_establish_gpadl:req:relid=153, gpadl=925350; resp:relid=153, gpadl=925350, status=0x0
[   19.119407] cdx: total: want= 127836 KB, 124 MB; got = 127836 KB, 124 MB
[   19.230284] cdx: vmbus_open: channel.id=154, sz= 512 KB (0 MB)
[   19.233745] cdx: vmbus_establish_gpadl:req:relid=154, gpadl=925351; resp:relid=154, gpadl=925351, status=0x0
[   19.239335] cdx: total: want= 128348 KB, 125 MB; got = 128348 KB, 125 MB
[   19.350279] cdx: vmbus_open: channel.id=155, sz= 512 KB (0 MB)
[   19.353741] cdx: vmbus_establish_gpadl:req:relid=155, gpadl=925352; resp:relid=155, gpadl=925352, status=0x0
[   19.359322] cdx: total: want= 128860 KB, 125 MB; got = 128860 KB, 125 MB
[   19.470286] cdx: vmbus_open: channel.id=156, sz= 512 KB (0 MB)
[   19.473757] cdx: vmbus_establish_gpadl:req:relid=156, gpadl=925353; resp:relid=156, gpadl=925353, status=0x0
[   19.479419] cdx: total: want= 129372 KB, 126 MB; got = 129372 KB, 126 MB
[   19.590282] cdx: vmbus_open: channel.id=157, sz= 512 KB (0 MB)
[   19.593776] cdx: vmbus_establish_gpadl:req:relid=157, gpadl=925354; resp:relid=157, gpadl=925354, status=0x0
[   19.599434] cdx: total: want= 129884 KB, 126 MB; got = 129884 KB, 126 MB
[   19.710411] cdx: vmbus_open: channel.id=158, sz= 1024 KB (1 MB)
[   19.714038] cdx: vmbus_establish_gpadl:req:relid=158, gpadl=925355; resp:relid=158, gpadl=925355, status=0x0
[   19.719695] cdx: total: want= 130908 KB, 127 MB; got = 130908 KB, 127 MB
[   19.830404] cdx: vmbus_open: channel.id=159, sz= 1024 KB (1 MB)
[   19.833994] cdx: vmbus_establish_gpadl:req:relid=159, gpadl=925356; resp:relid=159, gpadl=925356, status=0x0
[   19.839603] cdx: total: want= 131932 KB, 128 MB; got = 131932 KB, 128 MB
[   19.950400] cdx: vmbus_open: channel.id=160, sz= 1024 KB (1 MB)
[   19.954017] cdx: vmbus_establish_gpadl:req:relid=160, gpadl=925357; resp:relid=160, gpadl=925357, status=0x0
[   19.959652] cdx: total: want= 132956 KB, 129 MB; got = 132956 KB, 129 MB
[   20.070411] cdx: vmbus_open: channel.id=161, sz= 1024 KB (1 MB)
[   20.073962] cdx: vmbus_establish_gpadl:req:relid=161, gpadl=925358; resp:relid=161, gpadl=925358, status=0x0
[   20.079600] cdx: total: want= 133980 KB, 130 MB; got = 133980 KB, 130 MB
[   20.190403] cdx: vmbus_open: channel.id=162, sz= 1024 KB (1 MB)
[   20.194022] cdx: vmbus_establish_gpadl:req:relid=162, gpadl=925359; resp:relid=162, gpadl=925359, status=0x0
[   20.199655] cdx: total: want= 135004 KB, 131 MB; got = 135004 KB, 131 MB
[   20.310410] cdx: vmbus_open: channel.id=163, sz= 1024 KB (1 MB)
[   20.313953] cdx: vmbus_establish_gpadl:req:relid=163, gpadl=925360; resp:relid=163, gpadl=925360, status=0x0
[   20.319514] cdx: total: want= 136028 KB, 132 MB; got = 136028 KB, 132 MB
[   20.430404] cdx: vmbus_open: channel.id=164, sz= 1024 KB (1 MB)
[   20.433989] cdx: vmbus_establish_gpadl:req:relid=164, gpadl=925361; resp:relid=164, gpadl=925361, status=0x0
[   20.439588] cdx: total: want= 137052 KB, 133 MB; got = 137052 KB, 133 MB
[   20.650300] NET: Registered protocol family 17
[   20.650925] cdx: vmbus_open: channel.id=18, sz= 1024 KB (1 MB)
[   20.656648] cdx: vmbus_establish_gpadl:req:relid=18, gpadl=925362; resp:relid=18, gpadl=925362, status=0x0
[   20.662306] cdx: total: want= 138076 KB, 134 MB; got = 138076 KB, 134 MB
[   20.664035] AVX2 version of gcm_enc/dec engaged.
[   20.668986] AES CTR mode by8 optimization enabled
[   20.670801] cdx: netvsc_init_buf: 1: device=000000001edd885e, recv_sz= 16384 KB
[   20.678324] cdx: vmbus_establish_gpadl:req:relid=18, gpadl=925363; resp:relid=18, gpadl=925363, status=0x0
[   20.683933] cdx: total: want= 154460 KB, 150 MB; got = 154460 KB, 150 MB
[   20.688538] cdx: netvsc_init_buf: 2: device=000000001edd885e, send_sz= 1020 KB
[   20.691300] registered taskstats version 1
[   20.692851] cdx: vmbus_establish_gpadl:req:relid=18, gpadl=925364; resp:relid=18, gpadl=925364, status=0x0
[   20.695045] Loading compiled-in X.509 certificates
[   20.700479] cdx: total: want= 155480 KB, 151 MB; got = 155480 KB, 151 MB
[   20.735739] Loaded X.509 cert 'Build time autogenerated kernel key: afe200c7bf35d3968f4fae04acde03326aa8433f'
[   20.741575] zswap: loaded using pool lzo/zbud
[   20.746179] page_owner is disabled
[   20.749866] Key type trusted registered
[   20.753710] Key type encrypted registered
[   20.755975] AppArmor: AppArmor sha1 policy hashing enabled
[   20.759037] ima: No TPM chip found, activating TPM-bypass!
[   20.762128] ima: Allocated hash algorithm: sha256
[   20.762436] cdx: vmbus_open: channel.id=165, sz= 1024 KB (1 MB)
[   20.764801] evm: Initialising EVM extended attributes:
[   20.768429] cdx: vmbus_establish_gpadl:req:relid=165, gpadl=925365; resp:relid=165, gpadl=925365, status=0x0
[   20.771131] evm: security.selinux
[   20.771131] evm: security.apparmor
[   20.771132] evm: security.ima
[   20.771133] evm: security.capability
[   20.776721] cdx: total: want= 156504 KB, 152 MB; got = 156504 KB, 152 MB
[   20.778609] evm: HMAC attrs: 0x1
[   20.778944]   Magic number: 10:82:698
[   20.792609] acpi LNXCPU:39: hash matches
[   20.794898] acpi LNXCPU:0c: hash matches
[   20.886412] cdx: vmbus_open: channel.id=166, sz= 1024 KB (1 MB)
[   20.890031] cdx: vmbus_establish_gpadl:req:relid=166, gpadl=925366; resp:relid=166, gpadl=925366, status=0x0
[   20.895688] cdx: total: want= 157528 KB, 153 MB; got = 157528 KB, 153 MB
[   21.006404] cdx: vmbus_open: channel.id=167, sz= 1024 KB (1 MB)
[   21.009954] cdx: vmbus_establish_gpadl:req:relid=167, gpadl=925367; resp:relid=167, gpadl=925367, status=0x0
[   21.015572] cdx: total: want= 158552 KB, 154 MB; got = 158552 KB, 154 MB
[   21.126403] cdx: vmbus_open: channel.id=168, sz= 1024 KB (1 MB)
[   21.129682] cdx: vmbus_establish_gpadl:req:relid=168, gpadl=925368; resp:relid=168, gpadl=925368, status=0x0
[   21.135237] cdx: total: want= 159576 KB, 155 MB; got = 159576 KB, 155 MB
[   21.246407] cdx: vmbus_open: channel.id=169, sz= 1024 KB (1 MB)
[   21.250013] cdx: vmbus_establish_gpadl:req:relid=169, gpadl=925369; resp:relid=169, gpadl=925369, status=0x0
[   21.255645] cdx: total: want= 160600 KB, 156 MB; got = 160600 KB, 156 MB
[   21.366411] cdx: vmbus_open: channel.id=170, sz= 1024 KB (1 MB)
[   21.369987] cdx: vmbus_establish_gpadl:req:relid=170, gpadl=925370; resp:relid=170, gpadl=925370, status=0x0
[   21.375632] cdx: total: want= 161624 KB, 157 MB; got = 161624 KB, 157 MB
[   21.486414] cdx: vmbus_open: channel.id=171, sz= 1024 KB (1 MB)
[   21.490021] cdx: vmbus_establish_gpadl:req:relid=171, gpadl=925371; resp:relid=171, gpadl=925371, status=0x0
[   21.495659] cdx: total: want= 162648 KB, 158 MB; got = 162648 KB, 158 MB
[   21.705831] cdx: vmbus_open: channel.id=19, sz= 1024 KB (1 MB)
[   21.709516] cdx: vmbus_establish_gpadl:req:relid=19, gpadl=925372; resp:relid=19, gpadl=925372, status=0x0
[   21.715073] cdx: total: want= 163672 KB, 159 MB; got = 163672 KB, 159 MB
[   21.723400] cdx: netvsc_init_buf: 1: device=000000003cb3a0af, recv_sz= 16384 KB
[   21.729894] cdx: vmbus_establish_gpadl:req:relid=19, gpadl=925373; resp:relid=19, gpadl=925373, status=0x0
[   21.735459] cdx: total: want= 180056 KB, 175 MB; got = 180056 KB, 175 MB
[   21.739975] cdx: netvsc_init_buf: 2: device=000000003cb3a0af, send_sz= 1020 KB
[   21.744295] cdx: vmbus_establish_gpadl:req:relid=19, gpadl=925374; resp:relid=19, gpadl=925374, status=0x0
[   21.749709] cdx: total: want= 181076 KB, 176 MB; got = 181076 KB, 176 MB
[   21.814404] cdx: vmbus_open: channel.id=172, sz= 1024 KB (1 MB)
[   21.818006] cdx: vmbus_establish_gpadl:req:relid=172, gpadl=925375; resp:relid=172, gpadl=925375, status=0x0
[   21.823662] cdx: total: want= 182100 KB, 177 MB; got = 182100 KB, 177 MB
[   21.934412] cdx: vmbus_open: channel.id=173, sz= 1024 KB (1 MB)
[   21.938028] cdx: vmbus_establish_gpadl:req:relid=173, gpadl=925376; resp:relid=173, gpadl=925376, status=0x0
[   21.943702] cdx: total: want= 183124 KB, 178 MB; got = 183124 KB, 178 MB
[   22.054404] cdx: vmbus_open: channel.id=174, sz= 1024 KB (1 MB)
[   22.058011] cdx: vmbus_establish_gpadl:req:relid=174, gpadl=925377; resp:relid=174, gpadl=925377, status=0x0
[   22.063666] cdx: total: want= 184148 KB, 179 MB; got = 184148 KB, 179 MB
[   22.174412] cdx: vmbus_open: channel.id=175, sz= 1024 KB (1 MB)
[   22.178019] cdx: vmbus_establish_gpadl:req:relid=175, gpadl=925378; resp:relid=175, gpadl=925378, status=0x0
[   22.183670] cdx: total: want= 185172 KB, 180 MB; got = 185172 KB, 180 MB
[   22.294408] cdx: vmbus_open: channel.id=176, sz= 1024 KB (1 MB)
[   22.298036] cdx: vmbus_establish_gpadl:req:relid=176, gpadl=925379; resp:relid=176, gpadl=925379, status=0x0
[   22.303695] cdx: total: want= 186196 KB, 181 MB; got = 186196 KB, 181 MB
[   22.414402] cdx: vmbus_open: channel.id=177, sz= 1024 KB (1 MB)
[   22.417982] cdx: vmbus_establish_gpadl:req:relid=177, gpadl=925380; resp:relid=177, gpadl=925380, status=0x0
[   22.423634] cdx: total: want= 187220 KB, 182 MB; got = 187220 KB, 182 MB
[   22.534407] cdx: vmbus_open: channel.id=178, sz= 1024 KB (1 MB)
[   22.537998] cdx: vmbus_establish_gpadl:req:relid=178, gpadl=925381; resp:relid=178, gpadl=925381, status=0x0
[   22.543626] cdx: total: want= 188244 KB, 183 MB; got = 188244 KB, 183 MB
[   22.753837] cdx: vmbus_open: channel.id=20, sz= 1024 KB (1 MB)
[   22.757523] cdx: vmbus_establish_gpadl:req:relid=20, gpadl=925382; resp:relid=20, gpadl=925382, status=0x0
[   22.763150] cdx: total: want= 189268 KB, 184 MB; got = 189268 KB, 184 MB
[   22.771420] cdx: netvsc_init_buf: 1: device=000000006e323d7e, recv_sz= 16384 KB
[   22.777887] cdx: vmbus_establish_gpadl:req:relid=20, gpadl=925383; resp:relid=20, gpadl=925383, status=0x0
[   22.783434] cdx: total: want= 205652 KB, 200 MB; got = 205652 KB, 200 MB
[   22.787952] cdx: netvsc_init_buf: 2: device=000000006e323d7e, send_sz= 1020 KB
[   22.792298] cdx: vmbus_establish_gpadl:req:relid=20, gpadl=925384; resp:relid=20, gpadl=925384, status=0x0
[   22.797829] cdx: total: want= 206672 KB, 201 MB; got = 206672 KB, 201 MB
[   22.862408] cdx: vmbus_open: channel.id=179, sz= 1024 KB (1 MB)
[   22.866003] cdx: vmbus_establish_gpadl:req:relid=179, gpadl=925385; resp:relid=179, gpadl=925385, status=0x0
[   22.871659] cdx: total: want= 207696 KB, 202 MB; got = 207696 KB, 202 MB
[   22.982410] cdx: vmbus_open: channel.id=180, sz= 1024 KB (1 MB)
[   22.986007] cdx: vmbus_establish_gpadl:req:relid=180, gpadl=925386; resp:relid=180, gpadl=925386, status=0x0
[   22.991638] cdx: total: want= 208720 KB, 203 MB; got = 208720 KB, 203 MB
[   23.102404] cdx: vmbus_open: channel.id=181, sz= 1024 KB (1 MB)
[   23.105986] cdx: vmbus_establish_gpadl:req:relid=181, gpadl=925387; resp:relid=181, gpadl=925387, status=0x0
[   23.111611] cdx: total: want= 209744 KB, 204 MB; got = 209744 KB, 204 MB
[   23.222403] cdx: vmbus_open: channel.id=182, sz= 1024 KB (1 MB)
[   23.225997] cdx: vmbus_establish_gpadl:req:relid=182, gpadl=925388; resp:relid=182, gpadl=925388, status=0x0
[   23.231652] cdx: total: want= 210768 KB, 205 MB; got = 210768 KB, 205 MB
[   23.342408] cdx: vmbus_open: channel.id=183, sz= 1024 KB (1 MB)
[   23.345996] cdx: vmbus_establish_gpadl:req:relid=183, gpadl=925389; resp:relid=183, gpadl=925389, status=0x0
[   23.351620] cdx: total: want= 211792 KB, 206 MB; got = 211792 KB, 206 MB
[   23.462403] cdx: vmbus_open: channel.id=184, sz= 1024 KB (1 MB)
[   23.465990] cdx: vmbus_establish_gpadl:req:relid=184, gpadl=925390; resp:relid=184, gpadl=925390, status=0x0
[   23.471640] cdx: total: want= 212816 KB, 207 MB; got = 212816 KB, 207 MB
[   23.582407] cdx: vmbus_open: channel.id=185, sz= 1024 KB (1 MB)
[   23.585983] cdx: vmbus_establish_gpadl:req:relid=185, gpadl=925391; resp:relid=185, gpadl=925391, status=0x0
[   23.591604] cdx: total: want= 213840 KB, 208 MB; got = 213840 KB, 208 MB
[   23.802811] cdx: vmbus_open: channel.id=21, sz= 1024 KB (1 MB)
[   23.806474] cdx: vmbus_establish_gpadl:req:relid=21, gpadl=925392; resp:relid=21, gpadl=925392, status=0x0
[   23.811976] cdx: total: want= 214864 KB, 209 MB; got = 214864 KB, 209 MB
[   23.820210] cdx: netvsc_init_buf: 1: device=00000000037fa66e, recv_sz= 16384 KB
[   23.826722] cdx: vmbus_establish_gpadl:req:relid=21, gpadl=925393; resp:relid=21, gpadl=925393, status=0x0
[   23.832235] cdx: total: want= 231248 KB, 225 MB; got = 231248 KB, 225 MB
[   23.836805] cdx: netvsc_init_buf: 2: device=00000000037fa66e, send_sz= 1020 KB
[   23.841215] cdx: vmbus_establish_gpadl:req:relid=21, gpadl=925394; resp:relid=21, gpadl=925394, status=0x0
[   23.846786] cdx: total: want= 232268 KB, 226 MB; got = 232268 KB, 226 MB
[   23.914409] cdx: vmbus_open: channel.id=186, sz= 1024 KB (1 MB)
[   23.917991] cdx: vmbus_establish_gpadl:req:relid=186, gpadl=925395; resp:relid=186, gpadl=925395, status=0x0
[   23.923226] cdx: total: want= 233292 KB, 227 MB; got = 233292 KB, 227 MB
[   24.034400] cdx: vmbus_open: channel.id=187, sz= 1024 KB (1 MB)
[   24.038034] cdx: vmbus_establish_gpadl:req:relid=187, gpadl=925396; resp:relid=187, gpadl=925396, status=0x0
[   24.043710] cdx: total: want= 234316 KB, 228 MB; got = 234316 KB, 228 MB
[   24.154409] cdx: vmbus_open: channel.id=188, sz= 1024 KB (1 MB)
[   24.158044] cdx: vmbus_establish_gpadl:req:relid=188, gpadl=925397; resp:relid=188, gpadl=925397, status=0x0
[   24.163749] cdx: total: want= 235340 KB, 229 MB; got = 235340 KB, 229 MB
[   24.274404] cdx: vmbus_open: channel.id=189, sz= 1024 KB (1 MB)
[   24.278018] cdx: vmbus_establish_gpadl:req:relid=189, gpadl=925398; resp:relid=189, gpadl=925398, status=0x0
[   24.283720] cdx: total: want= 236364 KB, 230 MB; got = 236364 KB, 230 MB
[   24.394410] cdx: vmbus_open: channel.id=190, sz= 1024 KB (1 MB)
[   24.398033] cdx: vmbus_establish_gpadl:req:relid=190, gpadl=925399; resp:relid=190, gpadl=925399, status=0x0
[   24.403737] cdx: total: want= 237388 KB, 231 MB; got = 237388 KB, 231 MB
[   24.514406] cdx: vmbus_open: channel.id=191, sz= 1024 KB (1 MB)
[   24.518023] cdx: vmbus_establish_gpadl:req:relid=191, gpadl=925400; resp:relid=191, gpadl=925400, status=0x0
[   24.523723] cdx: total: want= 238412 KB, 232 MB; got = 238412 KB, 232 MB
[   24.634411] cdx: vmbus_open: channel.id=192, sz= 1024 KB (1 MB)
[   24.637993] cdx: vmbus_establish_gpadl:req:relid=192, gpadl=925401; resp:relid=192, gpadl=925401, status=0x0
[   24.643636] cdx: total: want= 239436 KB, 233 MB; got = 239436 KB, 233 MB
[   24.854820] cdx: vmbus_open: channel.id=22, sz= 1024 KB (1 MB)
[   24.858560] cdx: vmbus_establish_gpadl:req:relid=22, gpadl=925402; resp:relid=22, gpadl=925402, status=0x0
[   24.864125] cdx: total: want= 240460 KB, 234 MB; got = 240460 KB, 234 MB
[   24.872433] cdx: netvsc_init_buf: 1: device=0000000006e89e45, recv_sz= 16384 KB
[   24.878875] cdx: vmbus_establish_gpadl:req:relid=22, gpadl=925403; resp:relid=22, gpadl=925403, status=0x0
[   24.884426] cdx: total: want= 256844 KB, 250 MB; got = 256844 KB, 250 MB
[   24.888929] cdx: netvsc_init_buf: 2: device=0000000006e89e45, send_sz= 1020 KB
[   24.893242] cdx: vmbus_establish_gpadl:req:relid=22, gpadl=925404; resp:relid=22, gpadl=925404, status=0x0
[   24.898681] cdx: total: want= 257864 KB, 251 MB; got = 257864 KB, 251 MB
[   24.966409] cdx: vmbus_open: channel.id=193, sz= 1024 KB (1 MB)
[   24.970004] cdx: vmbus_establish_gpadl:req:relid=193, gpadl=925405; resp:relid=193, gpadl=925405, status=0x0
[   24.975606] cdx: total: want= 258888 KB, 252 MB; got = 258888 KB, 252 MB
[   25.086402] cdx: vmbus_open: channel.id=194, sz= 1024 KB (1 MB)
[   25.089991] cdx: vmbus_establish_gpadl:req:relid=194, gpadl=925406; resp:relid=194, gpadl=925406, status=0x0
[   25.095576] cdx: total: want= 259912 KB, 253 MB; got = 259912 KB, 253 MB
[   25.206409] cdx: vmbus_open: channel.id=195, sz= 1024 KB (1 MB)
[   25.210002] cdx: vmbus_establish_gpadl:req:relid=195, gpadl=925407; resp:relid=195, gpadl=925407, status=0x0
[   25.215581] cdx: total: want= 260936 KB, 254 MB; got = 260936 KB, 254 MB
[   25.326408] cdx: vmbus_open: channel.id=196, sz= 1024 KB (1 MB)
[   25.329915] cdx: vmbus_establish_gpadl:req:relid=196, gpadl=925408; resp:relid=196, gpadl=925408, status=0x0
[   25.335406] cdx: total: want= 261960 KB, 255 MB; got = 261960 KB, 255 MB
[   25.446413] cdx: vmbus_open: channel.id=197, sz= 1024 KB (1 MB)
[   25.449906] cdx: vmbus_establish_gpadl:req:relid=197, gpadl=925409; resp:relid=197, gpadl=925409, status=0x0
[   25.455379] cdx: total: want= 262984 KB, 256 MB; got = 262984 KB, 256 MB
[   25.566409] cdx: vmbus_open: channel.id=198, sz= 1024 KB (1 MB)
[   25.569930] cdx: vmbus_establish_gpadl:req:relid=198, gpadl=925410; resp:relid=198, gpadl=925410, status=0x0
[   25.575399] cdx: total: want= 264008 KB, 257 MB; got = 264008 KB, 257 MB
[   25.686404] cdx: vmbus_open: channel.id=199, sz= 1024 KB (1 MB)
[   25.689939] cdx: vmbus_establish_gpadl:req:relid=199, gpadl=925411; resp:relid=199, gpadl=925411, status=0x0
[   25.695435] cdx: total: want= 265032 KB, 258 MB; got = 265032 KB, 258 MB
[   25.905488] Unstable clock detected, switching default tracing clock to "global"
               If you want to keep using the local clock, then add:
                 "trace_clock=local"
               on the kernel command line
[   25.932556] Freeing unused kernel image memory: 2732K
[   25.946189] Write protecting the kernel read-only data: 18432k
[   25.950857] Freeing unused kernel image memory: 1992K
[   25.954522] Freeing unused kernel image memory: 100K
[   25.957537] Run /init as init process
[   26.010408] cdx: vmbus_open: channel.id=200, sz= 1024 KB (1 MB)
[   26.014092] cdx: vmbus_establish_gpadl:req:relid=200, gpadl=925412; resp:relid=200, gpadl=925412, status=0x0
[   26.019763] cdx: total: want= 266056 KB, 259 MB; got = 266056 KB, 259 MB
[   26.055464] systemd[1]: systemd 228 running in system mode. (+PAM -AUDIT +SELINUX -IMA +APPARMOR -SMACK +SYSVINIT +UTMP +LIBCRYPTSETUP +GCRYPT -GNUTLS +ACL +XZ -LZ4 +SECCOMP +BLKID -ELFUTILS +KMOD -IDN)
[   26.065506] systemd[1]: Detected virtualization microsoft.
[   26.068533] systemd[1]: Detected architecture x86-64.
[   26.071313] systemd[1]: Running in initial RAM disk.
[   26.077512] systemd[1]: Set hostname to <decui-sles12sp3-20180221-jenkins>.
[   26.130407] cdx: vmbus_open: channel.id=201, sz= 1024 KB (1 MB)
[   26.133896] cdx: vmbus_establish_gpadl:req:relid=201, gpadl=925413; resp:relid=201, gpadl=925413, status=0x0
[   26.139457] cdx: total: want= 267080 KB, 260 MB; got = 267080 KB, 260 MB
[   26.250413] cdx: vmbus_open: channel.id=202, sz= 1024 KB (1 MB)
[   26.253961] cdx: vmbus_establish_gpadl:req:relid=202, gpadl=925414; resp:relid=202, gpadl=925414, status=0x0
[   26.259515] cdx: total: want= 268104 KB, 261 MB; got = 268104 KB, 261 MB
[   26.370407] cdx: vmbus_open: channel.id=203, sz= 1024 KB (1 MB)
[   26.373994] cdx: vmbus_establish_gpadl:req:relid=203, gpadl=925415; resp:relid=203, gpadl=925415, status=0x0
[   26.379600] cdx: total: want= 269128 KB, 262 MB; got = 269128 KB, 262 MB
[   26.490400] cdx: vmbus_open: channel.id=204, sz= 1024 KB (1 MB)
[   26.494007] cdx: vmbus_establish_gpadl:req:relid=204, gpadl=925416; resp:relid=204, gpadl=925416, status=0x0
[   26.499624] cdx: total: want= 270152 KB, 263 MB; got = 270152 KB, 263 MB
[   26.610410] cdx: vmbus_open: channel.id=205, sz= 1024 KB (1 MB)
[   26.613983] cdx: vmbus_establish_gpadl:req:relid=205, gpadl=925417; resp:relid=205, gpadl=925417, status=0x0
[   26.619562] cdx: total: want= 271176 KB, 264 MB; got = 271176 KB, 264 MB
[   26.730404] cdx: vmbus_open: channel.id=206, sz= 1024 KB (1 MB)
[   26.733941] cdx: vmbus_establish_gpadl:req:relid=206, gpadl=925418; resp:relid=206, gpadl=925418, status=0x0
[   26.739474] cdx: total: want= 272200 KB, 265 MB; got = 272200 KB, 265 MB
[   26.986528] systemd[1]: Listening on udev Control Socket.
[   26.992440] systemd[1]: Listening on Journal Socket.
[   26.998210] systemd[1]: Listening on Journal Socket (/dev/log).
[   27.004292] systemd[1]: Reached target Local File Systems.
[   27.009952] systemd[1]: Reached target Timers.
[   27.303622] EXT4-fs (sda2): mounted filesystem with ordered data mode. Opts: (null)
[   27.530051] systemd-journald[1031]: Received SIGTERM from PID 1 (systemd).
[   27.538981] printk: systemd: 20 output lines suppressed due to ratelimiting
[   27.677484] EXT4-fs (sda2): re-mounted. Opts: (null)
[   27.784692] systemd-journald[1418]: Received request to flush runtime journal from PID 1
[   28.087354] EXT4-fs (sda1): mounting ext3 file system using the ext4 subsystem
[   28.095532] EXT4-fs (sda1): mounted filesystem with ordered data mode. Opts: (null)
[   28.229337] hv_utils: VSS: userspace daemon ver. 129 connected
[   28.369608] IPv6: ADDRCONF(NETDEV_UP): eth0: link is not ready
[   28.373207] IPv6: ADDRCONF(NETDEV_CHANGE): eth0: link becomes ready
[   28.379226] IPv6: ADDRCONF(NETDEV_UP): eth3: link is not ready
[   28.926969] IPv6: ADDRCONF(NETDEV_UP): eth2: link is not ready
[   29.386172] IPv6: ADDRCONF(NETDEV_CHANGE): eth3: link becomes ready
[   29.389893] IPv6: ADDRCONF(NETDEV_CHANGE): eth2: link becomes ready
[   29.928886] IPv6: ADDRCONF(NETDEV_UP): eth4: link is not ready
[   30.410168] IPv6: ADDRCONF(NETDEV_CHANGE): eth4: link becomes ready
[   30.941483] IPv6: ADDRCONF(NETDEV_UP): eth6: link is not ready
[   31.434177] IPv6: ADDRCONF(NETDEV_CHANGE): eth6: link becomes ready
[   31.933792] IPv6: ADDRCONF(NETDEV_UP): eth1: link is not ready
[   32.458172] IPv6: ADDRCONF(NETDEV_CHANGE): eth1: link becomes ready
[   32.937978] IPv6: ADDRCONF(NETDEV_UP): eth5: link is not ready
[   33.482165] IPv6: ADDRCONF(NETDEV_CHANGE): eth5: link becomes ready
[   33.964886] IPv6: ADDRCONF(NETDEV_UP): eth7: link is not ready
[   34.506166] IPv6: ADDRCONF(NETDEV_CHANGE): eth7: link becomes ready
[   51.954513] hv_balloon: Max. dynamic memory size: 3985408 MB
[   53.517311] hv_utils: KVP IC version 4.0
[   54.439960] EXT4-fs (sdb1): mounted filesystem with ordered data mode. Opts: (null)
[   64.327161] EXT4-fs (sdc1): mounted filesystem with ordered data mode. Opts: (null)
