[    0.000000] Initializing cgroup subsys cpuset
[    0.000000] Initializing cgroup subsys cpu
[    0.000000] Initializing cgroup subsys cpuacct
[    0.000000] Linux version 4.4.114-cdx-94.11-default+ (root@decui-sles12sp3-20180221-jenkins) (gcc version 4.8.5 (SUSE Linux) ) #15 SMP Mon Nov 12 19:09:36 UTC 2018
[    0.000000] Command line: BOOT_IMAGE=/vmlinuz-4.4.114-cdx-94.11-default+ root=UUID=3b826bfc-f0dd-42d8-9e49-06cf472a2ef2 root=/dev/disk/by-uuid/3b826bfc-f0dd-42d8-9e49-06cf472a2ef2 disk=/dev/sda resume=swap USE_BY_UUID_DEVICE_NAMES=1 earlyprintk=ttyS0 console=ttyS0 rootdelay=300 net.ifnames=0 dis_ucode_ldr ignore_loglevel sysrq_always_enabled unknown_nmi_panic oops=panic panic=30 maxcpus=256 mem=40G hv_storvsc.storvsc_ringbuffer_size=262144
[    0.000000] x86/fpu: xstate_offset[2]:  576, xstate_sizes[2]:  256
[    0.000000] x86/fpu: Supporting XSAVE feature 0x001: 'x87 floating point registers'
[    0.000000] x86/fpu: Supporting XSAVE feature 0x002: 'SSE registers'
[    0.000000] x86/fpu: Supporting XSAVE feature 0x004: 'AVX registers'
[    0.000000] x86/fpu: Enabled xstate features 0x7, context size is 832 bytes, using 'standard' format.
[    0.000000] x86/fpu: Using 'eager' FPU context switches.
[    0.000000] e820: BIOS-provided physical RAM map:
[    0.000000] BIOS-e820: [mem 0x0000000000000000-0x000000000009fbff] usable
[    0.000000] BIOS-e820: [mem 0x000000000009fc00-0x000000000009ffff] reserved
[    0.000000] BIOS-e820: [mem 0x00000000000e0000-0x00000000000fffff] reserved
[    0.000000] BIOS-e820: [mem 0x0000000000100000-0x000000003ffeffff] usable
[    0.000000] BIOS-e820: [mem 0x000000003fff0000-0x000000003fffefff] ACPI data
[    0.000000] BIOS-e820: [mem 0x000000003ffff000-0x000000003fffffff] ACPI NVS
[    0.000000] BIOS-e820: [mem 0x0000000100000000-0x0000000fdfffffff] usable
[    0.000000] BIOS-e820: [mem 0x0000001000000000-0x000000f41fffffff] usable
[    0.000000] BIOS-e820: [mem 0x000000f420200000-0x000001e7601fffff] usable
[    0.000000] BIOS-e820: [mem 0x000001e760400000-0x000002daa03fffff] usable
[    0.000000] BIOS-e820: [mem 0x000002daa0600000-0x000003cde05fffff] usable
[    0.000000] bootconsole [earlyser0] enabled
[    0.000000] debug: ignoring loglevel setting.
[    0.000000] e820: remove [mem 0xa00000000-0xfffffffffffffffe] usable
[    0.000000] NX (Execute Disable) protection: active
[    0.000000] e820: user-defined physical RAM map:
[    0.000000] user: [mem 0x0000000000000000-0x000000000009fbff] usable
[    0.000000] user: [mem 0x000000000009fc00-0x000000000009ffff] reserved
[    0.000000] user: [mem 0x00000000000e0000-0x00000000000fffff] reserved
[    0.000000] user: [mem 0x0000000000100000-0x000000003ffeffff] usable
[    0.000000] user: [mem 0x000000003fff0000-0x000000003fffefff] ACPI data
[    0.000000] user: [mem 0x000000003ffff000-0x000000003fffffff] ACPI NVS
[    0.000000] user: [mem 0x0000000100000000-0x00000009ffffffff] usable
[    0.000000] SMBIOS 2.3 present.
[    0.000000] DMI: Microsoft Corporation Virtual Machine/Virtual Machine, BIOS 090007  06/02/2017
[    0.000000] Hypervisor detected: Microsoft HyperV
[    0.000000] HyperV: features 0x2e7f, hints 0x4c2c
[    0.000000] Hyper-V Host Build:14393-10.0-0-0.280
[    0.000000] HyperV: LAPIC Timer Frequency: 0xc3500
[    0.000000] tsc: Marking TSC unstable due to running on Hyper-V
[    0.000000] e820: update [mem 0x00000000-0x00000fff] usable ==> reserved
[    0.000000] e820: remove [mem 0x000a0000-0x000fffff] usable
[    0.000000] e820: last_pfn = 0xa00000 max_arch_pfn = 0x400000000
[    0.000000] MTRR default type: uncachable
[    0.000000] MTRR fixed ranges enabled:
[    0.000000]   00000-9FFFF write-back
[    0.000000]   A0000-DFFFF uncachable
[    0.000000]   E0000-FFFFF write-back
[    0.000000] MTRR variable ranges enabled:
[    0.000000]   0 base 00000000000 mask FFFC0000000 write-back
[    0.000000]   1 base 00100000000 mask FF000000000 write-back
[    0.000000]   2 base 01000000000 mask 80000000000 write-back
[    0.000000]   3 base 80000000000 mask 00000000000 write-back
[    0.000000]   4 disabled
[    0.000000]   5 disabled
[    0.000000]   6 disabled
[    0.000000]   7 disabled
[    0.000000] x86/PAT: Configuration [0-7]: WB  WC  UC- UC  WB  WC  UC- WT  
[    0.000000] e820: update [mem 0x40000000-0xffffffff] usable ==> reserved
[    0.000000] e820: last_pfn = 0x3fff0 max_arch_pfn = 0x400000000
[    0.000000] found SMP MP-table at [mem 0x000ff780-0x000ff78f] mapped at [ffff8800000ff780]
[    0.000000] Scanning 1 areas for low memory corruption
[    0.000000] Base memory trampoline at [ffff880000098000] 98000 size 28672
[    0.000000] Using GB pages for direct mapping
[    0.000000] BRK [0x0246d000, 0x0246dfff] PGTABLE
[    0.000000] BRK [0x0246e000, 0x0246efff] PGTABLE
[    0.000000] BRK [0x0246f000, 0x0246ffff] PGTABLE
[    0.000000] RAMDISK: [mem 0x37281000-0x37937fff]
[    0.000000] ACPI: Early table checksum verification disabled
[    0.000000] ACPI: RSDP 0x00000000000F5BF0 000014 (v00 ACPIAM)
[    0.000000] ACPI: RSDT 0x000000003FFF0000 000040 (v01 VRTUAL MICROSFT 06001702 MSFT 00000097)
[    0.000000] ACPI: FACP 0x000000003FFF0200 000081 (v02 VRTUAL MICROSFT 06001702 MSFT 00000097)
[    0.000000] ACPI: DSDT 0x000000003FFF1D24 003CBE (v01 MSFTVM MSFTVM02 00000002 INTL 02002026)
[    0.000000] ACPI: FACS 0x000000003FFFF000 000040
[    0.000000] ACPI: WAET 0x000000003FFF1A80 000028 (v01 VRTUAL MICROSFT 06001702 MSFT 00000097)
[    0.000000] ACPI: SLIC 0x000000003FFF1AC0 000176 (v01 VRTUAL MICROSFT 06001702 MSFT 00000097)
[    0.000000] ACPI: OEM0 0x000000003FFF1CC0 000064 (v01 VRTUAL MICROSFT 06001702 MSFT 00000097)
[    0.000000] ACPI: SRAT 0x000000003FFF0800 0009C0 (v02 VRTUAL MICROSFT 00000001 MSFT 00000001)
[    0.000000] ACPI: APIC 0x000000003FFF0300 000452 (v01 VRTUAL MICROSFT 06001702 MSFT 00000097)
[    0.000000] ACPI: OEMB 0x000000003FFFF040 000064 (v01 VRTUAL MICROSFT 06001702 MSFT 00000097)
[    0.000000] ACPI: Local APIC address 0xfee00000
[    0.000000] SRAT: PXM 0 -> APIC 0x00 -> Node 0
[    0.000000] SRAT: PXM 0 -> APIC 0x01 -> Node 0
[    0.000000] SRAT: PXM 0 -> APIC 0x02 -> Node 0
[    0.000000] SRAT: PXM 0 -> APIC 0x03 -> Node 0
[    0.000000] SRAT: PXM 0 -> APIC 0x04 -> Node 0
[    0.000000] SRAT: PXM 0 -> APIC 0x05 -> Node 0
[    0.000000] SRAT: PXM 0 -> APIC 0x06 -> Node 0
[    0.000000] SRAT: PXM 0 -> APIC 0x07 -> Node 0
[    0.000000] SRAT: PXM 0 -> APIC 0x08 -> Node 0
[    0.000000] SRAT: PXM 0 -> APIC 0x09 -> Node 0
[    0.000000] SRAT: PXM 0 -> APIC 0x0a -> Node 0
[    0.000000] SRAT: PXM 0 -> APIC 0x0b -> Node 0
[    0.000000] SRAT: PXM 0 -> APIC 0x0c -> Node 0
[    0.000000] SRAT: PXM 0 -> APIC 0x0d -> Node 0
[    0.000000] SRAT: PXM 0 -> APIC 0x0e -> Node 0
[    0.000000] SRAT: PXM 0 -> APIC 0x0f -> Node 0
[    0.000000] SRAT: PXM 0 -> APIC 0x10 -> Node 0
[    0.000000] SRAT: PXM 0 -> APIC 0x11 -> Node 0
[    0.000000] SRAT: PXM 0 -> APIC 0x12 -> Node 0
[    0.000000] SRAT: PXM 0 -> APIC 0x13 -> Node 0
[    0.000000] SRAT: PXM 0 -> APIC 0x14 -> Node 0
[    0.000000] SRAT: PXM 0 -> APIC 0x15 -> Node 0
[    0.000000] SRAT: PXM 0 -> APIC 0x16 -> Node 0
[    0.000000] SRAT: PXM 0 -> APIC 0x17 -> Node 0
[    0.000000] SRAT: PXM 0 -> APIC 0x18 -> Node 0
[    0.000000] SRAT: PXM 0 -> APIC 0x19 -> Node 0
[    0.000000] SRAT: PXM 0 -> APIC 0x1a -> Node 0
[    0.000000] SRAT: PXM 0 -> APIC 0x1b -> Node 0
[    0.000000] SRAT: PXM 0 -> APIC 0x1c -> Node 0
[    0.000000] SRAT: PXM 0 -> APIC 0x1d -> Node 0
[    0.000000] SRAT: PXM 0 -> APIC 0x1e -> Node 0
[    0.000000] SRAT: PXM 0 -> APIC 0x1f -> Node 0
[    0.000000] SRAT: PXM 1 -> APIC 0x20 -> Node 1
[    0.000000] SRAT: PXM 1 -> APIC 0x21 -> Node 1
[    0.000000] SRAT: PXM 1 -> APIC 0x22 -> Node 1
[    0.000000] SRAT: PXM 1 -> APIC 0x23 -> Node 1
[    0.000000] SRAT: PXM 1 -> APIC 0x24 -> Node 1
[    0.000000] SRAT: PXM 1 -> APIC 0x25 -> Node 1
[    0.000000] SRAT: PXM 1 -> APIC 0x26 -> Node 1
[    0.000000] SRAT: PXM 1 -> APIC 0x27 -> Node 1
[    0.000000] SRAT: PXM 1 -> APIC 0x28 -> Node 1
[    0.000000] SRAT: PXM 1 -> APIC 0x29 -> Node 1
[    0.000000] SRAT: PXM 1 -> APIC 0x2a -> Node 1
[    0.000000] SRAT: PXM 1 -> APIC 0x2b -> Node 1
[    0.000000] SRAT: PXM 1 -> APIC 0x2c -> Node 1
[    0.000000] SRAT: PXM 1 -> APIC 0x2d -> Node 1
[    0.000000] SRAT: PXM 1 -> APIC 0x2e -> Node 1
[    0.000000] SRAT: PXM 1 -> APIC 0x2f -> Node 1
[    0.000000] SRAT: PXM 1 -> APIC 0x30 -> Node 1
[    0.000000] SRAT: PXM 1 -> APIC 0x31 -> Node 1
[    0.000000] SRAT: PXM 1 -> APIC 0x32 -> Node 1
[    0.000000] SRAT: PXM 1 -> APIC 0x33 -> Node 1
[    0.000000] SRAT: PXM 1 -> APIC 0x34 -> Node 1
[    0.000000] SRAT: PXM 1 -> APIC 0x35 -> Node 1
[    0.000000] SRAT: PXM 1 -> APIC 0x36 -> Node 1
[    0.000000] SRAT: PXM 1 -> APIC 0x37 -> Node 1
[    0.000000] SRAT: PXM 1 -> APIC 0x38 -> Node 1
[    0.000000] SRAT: PXM 1 -> APIC 0x39 -> Node 1
[    0.000000] SRAT: PXM 1 -> APIC 0x3a -> Node 1
[    0.000000] SRAT: PXM 1 -> APIC 0x3b -> Node 1
[    0.000000] SRAT: PXM 1 -> APIC 0x3c -> Node 1
[    0.000000] SRAT: PXM 1 -> APIC 0x3d -> Node 1
[    0.000000] SRAT: PXM 1 -> APIC 0x3e -> Node 1
[    0.000000] SRAT: PXM 1 -> APIC 0x3f -> Node 1
[    0.000000] SRAT: PXM 2 -> APIC 0x40 -> Node 2
[    0.000000] SRAT: PXM 2 -> APIC 0x41 -> Node 2
[    0.000000] SRAT: PXM 2 -> APIC 0x42 -> Node 2
[    0.000000] SRAT: PXM 2 -> APIC 0x43 -> Node 2
[    0.000000] SRAT: PXM 2 -> APIC 0x44 -> Node 2
[    0.000000] SRAT: PXM 2 -> APIC 0x45 -> Node 2
[    0.000000] SRAT: PXM 2 -> APIC 0x46 -> Node 2
[    0.000000] SRAT: PXM 2 -> APIC 0x47 -> Node 2
[    0.000000] SRAT: PXM 2 -> APIC 0x48 -> Node 2
[    0.000000] SRAT: PXM 2 -> APIC 0x49 -> Node 2
[    0.000000] SRAT: PXM 2 -> APIC 0x4a -> Node 2
[    0.000000] SRAT: PXM 2 -> APIC 0x4b -> Node 2
[    0.000000] SRAT: PXM 2 -> APIC 0x4c -> Node 2
[    0.000000] SRAT: PXM 2 -> APIC 0x4d -> Node 2
[    0.000000] SRAT: PXM 2 -> APIC 0x4e -> Node 2
[    0.000000] SRAT: PXM 2 -> APIC 0x4f -> Node 2
[    0.000000] SRAT: PXM 2 -> APIC 0x50 -> Node 2
[    0.000000] SRAT: PXM 2 -> APIC 0x51 -> Node 2
[    0.000000] SRAT: PXM 2 -> APIC 0x52 -> Node 2
[    0.000000] SRAT: PXM 2 -> APIC 0x53 -> Node 2
[    0.000000] SRAT: PXM 2 -> APIC 0x54 -> Node 2
[    0.000000] SRAT: PXM 2 -> APIC 0x55 -> Node 2
[    0.000000] SRAT: PXM 2 -> APIC 0x56 -> Node 2
[    0.000000] SRAT: PXM 2 -> APIC 0x57 -> Node 2
[    0.000000] SRAT: PXM 2 -> APIC 0x58 -> Node 2
[    0.000000] SRAT: PXM 2 -> APIC 0x59 -> Node 2
[    0.000000] SRAT: PXM 2 -> APIC 0x5a -> Node 2
[    0.000000] SRAT: PXM 2 -> APIC 0x5b -> Node 2
[    0.000000] SRAT: PXM 2 -> APIC 0x5c -> Node 2
[    0.000000] SRAT: PXM 2 -> APIC 0x5d -> Node 2
[    0.000000] SRAT: PXM 2 -> APIC 0x5e -> Node 2
[    0.000000] SRAT: PXM 2 -> APIC 0x5f -> Node 2
[    0.000000] SRAT: PXM 3 -> APIC 0x60 -> Node 3
[    0.000000] SRAT: PXM 3 -> APIC 0x61 -> Node 3
[    0.000000] SRAT: PXM 3 -> APIC 0x62 -> Node 3
[    0.000000] SRAT: PXM 3 -> APIC 0x63 -> Node 3
[    0.000000] SRAT: PXM 3 -> APIC 0x64 -> Node 3
[    0.000000] SRAT: PXM 3 -> APIC 0x65 -> Node 3
[    0.000000] SRAT: PXM 3 -> APIC 0x66 -> Node 3
[    0.000000] SRAT: PXM 3 -> APIC 0x67 -> Node 3
[    0.000000] SRAT: PXM 3 -> APIC 0x68 -> Node 3
[    0.000000] SRAT: PXM 3 -> APIC 0x69 -> Node 3
[    0.000000] SRAT: PXM 3 -> APIC 0x6a -> Node 3
[    0.000000] SRAT: PXM 3 -> APIC 0x6b -> Node 3
[    0.000000] SRAT: PXM 3 -> APIC 0x6c -> Node 3
[    0.000000] SRAT: PXM 3 -> APIC 0x6d -> Node 3
[    0.000000] SRAT: PXM 3 -> APIC 0x6e -> Node 3
[    0.000000] SRAT: PXM 3 -> APIC 0x6f -> Node 3
[    0.000000] SRAT: PXM 3 -> APIC 0x70 -> Node 3
[    0.000000] SRAT: PXM 3 -> APIC 0x71 -> Node 3
[    0.000000] SRAT: PXM 3 -> APIC 0x72 -> Node 3
[    0.000000] SRAT: PXM 3 -> APIC 0x73 -> Node 3
[    0.000000] SRAT: PXM 3 -> APIC 0x74 -> Node 3
[    0.000000] SRAT: PXM 3 -> APIC 0x75 -> Node 3
[    0.000000] SRAT: PXM 3 -> APIC 0x76 -> Node 3
[    0.000000] SRAT: PXM 3 -> APIC 0x77 -> Node 3
[    0.000000] SRAT: PXM 3 -> APIC 0x78 -> Node 3
[    0.000000] SRAT: PXM 3 -> APIC 0x79 -> Node 3
[    0.000000] SRAT: PXM 3 -> APIC 0x7a -> Node 3
[    0.000000] SRAT: PXM 3 -> APIC 0x7b -> Node 3
[    0.000000] SRAT: PXM 3 -> APIC 0x7c -> Node 3
[    0.000000] SRAT: PXM 3 -> APIC 0x7d -> Node 3
[    0.000000] SRAT: PXM 3 -> APIC 0x7e -> Node 3
[    0.000000] SRAT: PXM 3 -> APIC 0x7f -> Node 3
[    0.000000] ACPI: SRAT: Node 0 PXM 0 [mem 0x00000000-0x3fffffff] hotplug
[    0.000000] ACPI: SRAT: Node 0 PXM 0 [mem 0x100000000-0xfdfffffff] hotplug
[    0.000000] ACPI: SRAT: Node 0 PXM 0 [mem 0x1000000000-0xf41fffffff] hotplug
[    0.000000] ACPI: SRAT: Node 1 PXM 1 [mem 0xf420200000-0x1e7601fffff] hotplug
[    0.000000] ACPI: SRAT: Node 2 PXM 2 [mem 0x1e760400000-0x2daa03fffff] hotplug
[    0.000000] ACPI: SRAT: Node 3 PXM 3 [mem 0x2daa0600000-0x3cde05fffff] hotplug
[    0.000000] ACPI: SRAT: Node 0 PXM 0 [mem 0x3cde0800000-0x3da683fffff] hotplug
[    0.000000] ACPI: SRAT: Node 1 PXM 1 [mem 0x3da68600000-0x3e6f01fffff] hotplug
[    0.000000] ACPI: SRAT: Node 2 PXM 2 [mem 0x3e6f0400000-0x3f377ffffff] hotplug
[    0.000000] ACPI: SRAT: Node 3 PXM 3 [mem 0x3f378200000-0x3ffffdfffff] hotplug
[    0.000000] NUMA: Node 0 [mem 0x00000000-0x3fffffff] + [mem 0x100000000-0x9ffffffff] -> [mem 0x00000000-0x9ffffffff]
[    0.000000] NODE_DATA(0) allocated [mem 0x9fffd4000-0x9ffffefff]
[    0.000000] Zone ranges:
[    0.000000]   DMA      [mem 0x0000000000001000-0x0000000000ffffff]
[    0.000000]   DMA32    [mem 0x0000000001000000-0x00000000ffffffff]
[    0.000000]   Normal   [mem 0x0000000100000000-0x00000009ffffffff]
[    0.000000]   Device   empty
[    0.000000] Movable zone start for each node
[    0.000000] Early memory node ranges
[    0.000000]   node   0: [mem 0x0000000000001000-0x000000000009efff]
[    0.000000]   node   0: [mem 0x0000000000100000-0x000000003ffeffff]
[    0.000000]   node   0: [mem 0x0000000100000000-0x00000009ffffffff]
[    0.000000] Initmem setup node 0 [mem 0x0000000000001000-0x00000009ffffffff]
[    0.000000] On node 0 totalpages: 9699214
[    0.000000]   DMA zone: 64 pages used for memmap
[    0.000000]   DMA zone: 22 pages reserved
[    0.000000]   DMA zone: 3998 pages, LIFO batch:0
[    0.000000]   DMA32 zone: 4032 pages used for memmap
[    0.000000]   DMA32 zone: 258032 pages, LIFO batch:31
[    0.000000]   Normal zone: 147456 pages used for memmap
[    0.000000]   Normal zone: 9437184 pages, LIFO batch:31
[    0.000000] ACPI: PM-Timer IO Port: 0x408
[    0.000000] ACPI: Local APIC address 0xfee00000
[    0.000000] ACPI: LAPIC_NMI (acpi_id[0xff] dfl dfl lint[0x1])
[    0.000000] IOAPIC[0]: apic_id 0, version 17, address 0xfec00000, GSI 0-23
[    0.000000] ACPI: INT_SRC_OVR (bus 0 bus_irq 0 global_irq 2 dfl dfl)
[    0.000000] ACPI: INT_SRC_OVR (bus 0 bus_irq 9 global_irq 9 high level)
[    0.000000] ACPI: IRQ0 used by override.
[    0.000000] ACPI: IRQ9 used by override.
[    0.000000] Using ACPI (MADT) for SMP configuration information
[    0.000000] smpboot: Allowing 128 CPUs, 0 hotplug CPUs
[    0.000000] NODE_DATA(1) allocated [mem 0x9fffa5000-0x9fffcffff]
[    0.000000]     NODE_DATA(1) on node 0
[    0.000000] Initmem setup node 1 [mem 0x0000000000000000-0x0000000000000000]
[    0.000000] On node 1 totalpages: 0
[    0.000000] NODE_DATA(2) allocated [mem 0x9fff7a000-0x9fffa4fff]
[    0.000000]     NODE_DATA(2) on node 0
[    0.000000] Initmem setup node 2 [mem 0x0000000000000000-0x0000000000000000]
[    0.000000] On node 2 totalpages: 0
[    0.000000] NODE_DATA(3) allocated [mem 0x9fff4f000-0x9fff79fff]
[    0.000000]     NODE_DATA(3) on node 0
[    0.000000] Initmem setup node 3 [mem 0x0000000000000000-0x0000000000000000]
[    0.000000] On node 3 totalpages: 0
[    0.000000] PM: Registered nosave memory: [mem 0x00000000-0x00000fff]
[    0.000000] PM: Registered nosave memory: [mem 0x0009f000-0x0009ffff]
[    0.000000] PM: Registered nosave memory: [mem 0x000a0000-0x000dffff]
[    0.000000] PM: Registered nosave memory: [mem 0x000e0000-0x000fffff]
[    0.000000] PM: Registered nosave memory: [mem 0x3fff0000-0x3fffefff]
[    0.000000] PM: Registered nosave memory: [mem 0x3ffff000-0x3fffffff]
[    0.000000] PM: Registered nosave memory: [mem 0x40000000-0xffffffff]
[    0.000000] e820: [mem 0x40000000-0xffffffff] available for PCI devices
[    0.000000] Booting paravirtualized kernel on bare hardware
[    0.000000] clocksource: refined-jiffies: mask: 0xffffffff max_cycles: 0xffffffff, max_idle_ns: 7645519600211568 ns
[    0.000000] setup_percpu: NR_CPUS:8192 nr_cpumask_bits:128 nr_cpu_ids:128 nr_node_ids:4
[    0.000000] PERCPU: Embedded 34 pages/cpu @ffff8809d8600000 s100568 r8192 d30504 u262144
[    0.000000] pcpu-alloc: s100568 r8192 d30504 u262144 alloc=1*2097152
[    0.000000] pcpu-alloc: [0] 000 001 002 003 004 005 006 007 
[    0.000000] pcpu-alloc: [0] 008 009 010 011 012 013 014 015 
[    0.000000] pcpu-alloc: [0] 016 017 018 019 020 021 022 023 
[    0.000000] pcpu-alloc: [0] 024 025 026 027 028 029 030 031 
[    0.000000] pcpu-alloc: [1] 032 033 034 035 036 037 038 039 
[    0.000000] pcpu-alloc: [1] 040 041 042 043 044 045 046 047 
[    0.000000] pcpu-alloc: [1] 048 049 050 051 052 053 054 055 
[    0.000000] pcpu-alloc: [1] 056 057 058 059 060 061 062 063 
[    0.000000] pcpu-alloc: [2] 064 065 066 067 068 069 070 071 
[    0.000000] pcpu-alloc: [2] 072 073 074 075 076 077 078 079 
[    0.000000] pcpu-alloc: [2] 080 081 082 083 084 085 086 087 
[    0.000000] pcpu-alloc: [2] 088 089 090 091 092 093 094 095 
[    0.000000] pcpu-alloc: [3] 096 097 098 099 100 101 102 103 
[    0.000000] pcpu-alloc: [3] 104 105 106 107 108 109 110 111 
[    0.000000] pcpu-alloc: [3] 112 113 114 115 116 117 118 119 
[    0.000000] pcpu-alloc: [3] 120 121 122 123 124 125 126 127 
[    0.000000] Built 4 zonelists in Node order, mobility grouping on.  Total pages: 9547640
[    0.000000] Policy zone: Normal
[    0.000000] Kernel command line: BOOT_IMAGE=/vmlinuz-4.4.114-cdx-94.11-default+ root=UUID=3b826bfc-f0dd-42d8-9e49-06cf472a2ef2 root=/dev/disk/by-uuid/3b826bfc-f0dd-42d8-9e49-06cf472a2ef2 disk=/dev/sda resume=swap USE_BY_UUID_DEVICE_NAMES=1 earlyprintk=ttyS0 console=ttyS0 rootdelay=300 net.ifnames=0 dis_ucode_ldr ignore_loglevel sysrq_always_enabled unknown_nmi_panic oops=panic panic=30 maxcpus=256 mem=40G hv_storvsc.storvsc_ringbuffer_size=262144
[    0.000000] sysrq: sysrq always enabled.
[    0.000000] log_buf_len individual max cpu contribution: 4096 bytes
[    0.000000] log_buf_len total cpu_extra contributions: 520192 bytes
[    0.000000] log_buf_len min size: 262144 bytes
[    0.000000] log_buf_len: 1048576 bytes
[    0.000000] early log buf free: 243080(92%)
[    0.000000] PID hash table entries: 4096 (order: 3, 32768 bytes)
[    0.000000] Memory: 3182872K/38796856K available (7477K kernel code, 1647K rwdata, 5436K rodata, 2224K init, 2664K bss, 719276K reserved, 0K cma-reserved)
[    0.000000] Kernel/User page tables isolation: enabled
[    0.000000] Hierarchical RCU implementation.
[    0.000000] 	RCU debugfs-based tracing is enabled.
[    0.000000] 	Build-time adjustment of leaf fanout to 64.
[    0.000000] 	RCU restricting CPUs from NR_CPUS=8192 to nr_cpu_ids=128.
[    0.000000] RCU: Adjusting geometry for rcu_fanout_leaf=64, nr_cpu_ids=128
[    0.000000] NR_IRQS:524544 nr_irqs:1448 16
[    0.000000] Console: colour VGA+ 80x25
[    0.000000] console [ttyS0] enabled
[    0.000000] bootconsole [earlyser0] disabled
[    0.000000] mempolicy: Enabling automatic NUMA balancing. Configure with numa_balancing= or the kernel.numa_balancing sysctl
[    0.000000] tsc: Fast TSC calibration failed
[    0.000000] tsc: Unable to calibrate against PIT
[    0.000000] tsc: using PMTIMER reference calibration
[    0.000000] tsc: Detected 2493.967 MHz processor
[    0.024042] Calibrating delay loop (skipped), value calculated using timer frequency.. 4987.93 BogoMIPS (lpj=9975868)
[    0.029629] pid_max: default: 131072 minimum: 1024
[    0.032079] ACPI: Core revision 20150930
[    0.038961] ACPI: 1 ACPI AML tables successfully acquired and loaded
[    0.042916] Security Framework initialized
[    0.044025] AppArmor: AppArmor initialized
[    0.050576] Dentry cache hash table entries: 8388608 (order: 14, 67108864 bytes)
[    0.068391] Inode-cache hash table entries: 4194304 (order: 13, 33554432 bytes)
[    0.078757] Mount-cache hash table entries: 131072 (order: 8, 1048576 bytes)
[    0.080069] Mountpoint-cache hash table entries: 131072 (order: 8, 1048576 bytes)
[    0.088281] Initializing cgroup subsys io
[    0.090603] Initializing cgroup subsys memory
[    0.092066] Initializing cgroup subsys devices
[    0.094569] Initializing cgroup subsys freezer
[    0.096022] Initializing cgroup subsys net_cls
[    0.100020] Initializing cgroup subsys perf_event
[    0.102682] Initializing cgroup subsys net_prio
[    0.104023] Initializing cgroup subsys hugetlb
[    0.108021] Initializing cgroup subsys pids
[    0.110505] CPU: Physical Processor ID: 0
[    0.112019] CPU: Processor Core ID: 0
[    0.116523] mce: CPU supports 1 MCE banks
[    0.118818] Last level iTLB entries: 4KB 1024, 2MB 1024, 4MB 1024
[    0.120020] Last level dTLB entries: 4KB 1024, 2MB 1024, 4MB 1024, 1GB 4
[    0.124022] Spectre V2 mitigation: Vulnerable: Minimal generic ASM retpoline
[    0.129533] Freeing SMP alternatives memory: 28K
[    0.139400] ftrace: allocating 29208 entries in 115 pages
[    0.148182] Switched APIC routing to physical flat.
[    0.152101] clocksource: hyperv_clocksource_tsc_page: mask: 0xffffffffffffffff max_cycles: 0x24e6a1710, max_idle_ns: 440795202120 ns
[    0.171912] ..TIMER: vector=0x30 apic1=0 pin1=2 apic2=-1 pin2=-1
[    0.172208] smpboot: CPU0: Intel(R) Xeon(R) CPU E7-8890 v3 @ 2.50GHz (family: 0x6, model: 0x3f, stepping: 0x4)
[    0.176924] Performance Events: unsupported p6 CPU model 63 no PMU driver, software events only.
[    0.185850] NMI watchdog: disabled (cpu0): hardware events not enabled
[    0.188001] NMI watchdog: Shutting down hard lockup detector on all cpus
[    0.192131] x86: Booting SMP configuration:
[    0.196002] .... node  #0, CPUs:  smpboot:      smpboot:    #1smpboot:    #2smpboot:    #3smpboot:    #4smpboot:    #5smpboot:    #6smpboot:    #7smpboot:    #8smpboot:    #9smpboot:   #10smpboot:   #11smpboot:   #12smpboot:   #13smpboot:   #14smpboot:   #15smpboot:   #16smpboot:   #17smpboot:   #18smpboot:   #19smpboot:   #20smpboot:   #21smpboot:   #22smpboot:   #23smpboot:   #24smpboot:   #25smpboot:   #26smpboot:   #27smpboot:   #28smpboot:   #29smpboot:   #30smpboot:   #31smpboot: 
[    0.261248] .... node  #1, CPUs:  smpboot:   #32smpboot:   #33smpboot:   #34smpboot:   #35smpboot:   #36smpboot:   #37smpboot:   #38smpboot:   #39smpboot:   #40smpboot:   #41smpboot:   #42smpboot:   #43smpboot:   #44smpboot:   #45smpboot:   #46smpboot:   #47smpboot:   #48smpboot:   #49smpboot:   #50smpboot:   #51smpboot:   #52smpboot:   #53smpboot:   #54smpboot:   #55smpboot:   #56smpboot:   #57smpboot:   #58smpboot:   #59smpboot:   #60smpboot:   #61smpboot:   #62smpboot:   #63smpboot: 
[    0.408002] .... node  #2, CPUs:  smpboot:   #64smpboot:   #65smpboot:   #66smpboot:   #67smpboot:   #68smpboot:   #69smpboot:   #70smpboot:   #71smpboot:   #72smpboot:   #73smpboot:   #74smpboot:   #75smpboot:   #76smpboot:   #77smpboot:   #78smpboot:   #79smpboot:   #80smpboot:   #81smpboot:   #82smpboot:   #83smpboot:   #84smpboot:   #85smpboot:   #86smpboot:   #87smpboot:   #88smpboot:   #89smpboot:   #90smpboot:   #91smpboot:   #92smpboot:   #93smpboot:   #94smpboot:   #95smpboot: 
[    0.557160] .... node  #3, CPUs:  smpboot:   #96smpboot:   #97smpboot:   #98smpboot:   #99smpboot:  #100smpboot:  #101smpboot:  #102smpboot:  #103smpboot:  #104smpboot:  #105smpboot:  #106smpboot:  #107smpboot:  #108smpboot:  #109smpboot:  #110smpboot:  #111smpboot:  #112smpboot:  #113smpboot:  #114smpboot:  #115smpboot:  #116smpboot:  #117smpboot:  #118smpboot:  #119smpboot:  #120smpboot:  #121smpboot:  #122smpboot:  #123smpboot:  #124smpboot:  #125smpboot:  #126smpboot:  #127
[    0.704478] x86: Booted up 4 nodes, 128 CPUs
[    0.707135] smpboot: Total of 128 processors activated (638468.22 BogoMIPS)
[    0.871038] node 0 initialised, 8723677 pages in 140ms
[    0.876140] devtmpfs: initialized
[    0.882599] evm: security.selinux
[    0.884002] evm: security.ima
[    0.885768] evm: security.capability
[    0.889215] PM: Registering ACPI NVS region [mem 0x3ffff000-0x3fffffff] (4096 bytes)
[    0.896858] clocksource: jiffies: mask: 0xffffffff max_cycles: 0xffffffff, max_idle_ns: 7645041785100000 ns
[    0.900094] futex hash table entries: 32768 (order: 9, 2097152 bytes)
[    0.910322] pinctrl core: initialized pinctrl subsystem
[    0.934831] RTC time: 19:31:02, date: 11/12/18
[    0.942128] NET: Registered protocol family 16
[    0.956004] cpuidle: using governor ladder
[    0.964003] cpuidle: using governor menu
[    0.966454] ACPI: bus type PCI registered
[    0.968002] acpiphp: ACPI Hot Plug PCI Controller Driver version: 0.5
[    0.972408] PCI: Using configuration type 1 for base access
[    1.000221] ACPI: Added _OSI(Module Device)
[    1.002657] ACPI: Added _OSI(Processor Device)
[    1.004002] ACPI: Added _OSI(3.0 _SCP Extensions)
[    1.006708] ACPI: Added _OSI(Processor Aggregator Device)
[    1.018443] ACPI: Interpreter enabled
[    1.020012] ACPI: (supports S0 S5)
[    1.021976] ACPI: Using IOAPIC for interrupt routing
[    1.024027] PCI: Using host bridge windows from ACPI; if necessary, use "pci=nocrs" and report a bug
[    1.049822] ACPI: PCI Root Bridge [PCI0] (domain 0000 [bus 00-ff])
[    1.052011] acpi PNP0A03:00: _OSC: OS supports [ASPM ClockPM Segments MSI]
[    1.056006] acpi PNP0A03:00: _OSC failed (AE_NOT_FOUND); disabling ASPM
[    1.060011] acpi PNP0A03:00: fail to add MMCONFIG information, can't access extended PCI configuration space under this bridge.
[    1.064151] PCI host bridge to bus 0000:00
[    1.068003] pci_bus 0000:00: root bus resource [mem 0xfe0000000-0xfffffffff window]
[    1.072002] pci_bus 0000:00: root bus resource [io  0x0000-0x0cf7 window]
[    1.076002] pci_bus 0000:00: root bus resource [io  0x0d00-0xffff window]
[    1.080002] pci_bus 0000:00: root bus resource [mem 0x000a0000-0x000bffff window]
[    1.084002] pci_bus 0000:00: root bus resource [mem 0x40000000-0xfffbffff window]
[    1.088002] pci_bus 0000:00: root bus resource [bus 00-ff]
[    1.092153] pci 0000:00:00.0: [8086:7192] type 00 class 0x060000
[    1.097790] pci 0000:00:07.0: [8086:7110] type 00 class 0x060100
[    1.104040] pci 0000:00:07.1: [8086:7111] type 00 class 0x010180
[    1.109113] pci 0000:00:07.1: reg 0x20: [io  0xffa0-0xffaf]
[    1.112766] pci 0000:00:07.1: legacy IDE quirk: reg 0x10: [io  0x01f0-0x01f7]
[    1.116003] pci 0000:00:07.1: legacy IDE quirk: reg 0x14: [io  0x03f6]
[    1.120001] pci 0000:00:07.1: legacy IDE quirk: reg 0x18: [io  0x0170-0x0177]
[    1.124001] pci 0000:00:07.1: legacy IDE quirk: reg 0x1c: [io  0x0376]
[    1.128479] pci 0000:00:07.3: [8086:7113] type 00 class 0x068000
[    1.131851] * Found PM-Timer Bug on the chipset. Due to workarounds for a bug,
               * this clock source is slow. Consider trying other clock sources
[    1.137746] pci 0000:00:07.3: quirk: [io  0x0400-0x043f] claimed by PIIX4 ACPI
[    1.140793] pci 0000:00:08.0: [1414:5353] type 00 class 0x030000
[    1.144367] pci 0000:00:08.0: reg 0x10: [mem 0xf8000000-0xfbffffff]
[    1.175902] ACPI: PCI Interrupt Link [LNKA] (IRQs 3 4 5 7 9 10 *11 12 14 15)
[    1.180949] ACPI: PCI Interrupt Link [LNKB] (IRQs 3 4 5 7 9 10 11 12 14 15) *0, disabled.
[    1.186761] ACPI: PCI Interrupt Link [LNKC] (IRQs 3 4 5 7 9 10 11 12 14 15) *0, disabled.
[    1.192416] ACPI: PCI Interrupt Link [LNKD] (IRQs 3 4 5 7 9 10 11 12 14 15) *0, disabled.
[    1.198884] ACPI: Enabled 1 GPEs in block 00 to 0F
[    1.201301] vgaarb: setting as boot device: PCI:0000:00:08.0
[    1.203288] vgaarb: device added: PCI:0000:00:08.0,decodes=io+mem,owns=io+mem,locks=none
[    1.204003] vgaarb: loaded
[    1.208001] vgaarb: bridge control possible 0000:00:08.0
[    1.212071] SCSI subsystem initialized
[    1.216057] libata version 3.00 loaded.
[    1.218203] pps_core: LinuxPPS API ver. 1 registered
[    1.220002] pps_core: Software ver. 5.3.6 - Copyright 2005-2007 Rodolfo Giometti <giometti@linux.it>
[    1.224007] PTP clock support registered
[    1.228012] EDAC MC: Ver: 3.0.0
[    1.234050] hv_vmbus: Vmbus version:4.0
[    1.233416] random: nonblocking pool is initialized
[    1.238940] PCI: Using ACPI for IRQ routing
[    1.240004] PCI: pci_cache_line_size set to 64 bytes
[    1.243306] e820: reserve RAM buffer [mem 0x0009fc00-0x0009ffff]
[    1.244016] e820: reserve RAM buffer [mem 0x3fff0000-0x3fffffff]
[    1.247623] NetLabel: Initializing
[    1.248000] NetLabel:  domain hash size = 128
[    1.248000] NetLabel:  protocols = UNLABELED CIPSOv4
[    1.248000] NetLabel:  unlabeled traffic allowed by default
[    1.248000] amd_nb: Cannot enumerate AMD northbridges
[    1.248000] clocksource: Switched to clocksource hyperv_clocksource_tsc_page
[    1.257599] AppArmor: AppArmor Filesystem Enabled
[    1.260472] pnp: PnP ACPI init
[    1.262397] pnp 00:00: Plug and Play ACPI device, IDs PNP0b00 (active)
[    1.266246] pnp 00:01: Plug and Play ACPI device, IDs PNP0303 PNP030b (active)
[    1.270515] pnp 00:02: Plug and Play ACPI device, IDs PNP0f03 PNP0f13 (active)
[    1.275290] pnp 00:03: [dma 0 disabled]
[    1.277543] pnp 00:03: Plug and Play ACPI device, IDs PNP0501 (active)
[    1.281891] pnp 00:04: [dma 0 disabled]
[    1.284145] pnp 00:04: Plug and Play ACPI device, IDs PNP0501 (active)
[    1.288512] pnp 00:05: [dma 2]
[    1.290326] pnp 00:05: Plug and Play ACPI device, IDs PNP0700 (active)
[    1.294075] system 00:06: [io  0x01e0-0x01ef] has been reserved
[    1.297441] system 00:06: [io  0x0160-0x016f] has been reserved
[    1.300791] system 00:06: [io  0x0278-0x027f] has been reserved
[    1.304146] system 00:06: [io  0x0378-0x037f] has been reserved
[    1.307492] system 00:06: [io  0x0678-0x067f] has been reserved
[    1.310841] system 00:06: [io  0x0778-0x077f] has been reserved
[    1.314213] system 00:06: [io  0x04d0-0x04d1] has been reserved
[    1.317578] system 00:06: Plug and Play ACPI device, IDs PNP0c02 (active)
[    1.321605] system 00:07: [io  0x0400-0x043f] has been reserved
[    1.324979] system 00:07: [io  0x0370-0x0371] has been reserved
[    1.328348] system 00:07: [io  0x0440-0x044f] has been reserved
[    1.331689] system 00:07: [mem 0xfec00000-0xfec00fff] could not be reserved
[    1.335632] system 00:07: [mem 0xfee00000-0xfee00fff] has been reserved
[    1.339390] system 00:07: Plug and Play ACPI device, IDs PNP0c02 (active)
[    1.343380] system 00:08: [mem 0x00000000-0x0009ffff] could not be reserved
[    1.347341] system 00:08: [mem 0x000c0000-0x000dffff] could not be reserved
[    1.351281] system 00:08: [mem 0x000e0000-0x000fffff] could not be reserved
[    1.355169] system 00:08: [mem 0x00100000-0x3fffffff] could not be reserved
[    1.359085] system 00:08: [mem 0xfffc0000-0xffffffff] has been reserved
[    1.362823] system 00:08: Plug and Play ACPI device, IDs PNP0c01 (active)
[    1.366905] pnp: PnP ACPI: found 9 devices
[    1.377488] clocksource: acpi_pm: mask: 0xffffff max_cycles: 0xffffff, max_idle_ns: 2085701024 ns
[    1.382468] pci_bus 0000:00: resource 4 [mem 0xfe0000000-0xfffffffff window]
[    1.386456] pci_bus 0000:00: resource 5 [io  0x0000-0x0cf7 window]
[    1.389983] pci_bus 0000:00: resource 6 [io  0x0d00-0xffff window]
[    1.393379] pci_bus 0000:00: resource 7 [mem 0x000a0000-0x000bffff window]
[    1.397129] pci_bus 0000:00: resource 8 [mem 0x40000000-0xfffbffff window]
[    1.406246] NET: Registered protocol family 2
[    1.409161] TCP established hash table entries: 524288 (order: 10, 4194304 bytes)
[    1.414156] TCP bind hash table entries: 65536 (order: 8, 1048576 bytes)
[    1.418019] TCP: Hash tables configured (established 524288 bind 65536)
[    1.421765] UDP hash table entries: 32768 (order: 8, 1048576 bytes)
[    1.425430] UDP-Lite hash table entries: 32768 (order: 8, 1048576 bytes)
[    1.431917] NET: Registered protocol family 1
[    1.434365] pci 0000:00:00.0: Limiting direct PCI/PCI transfers
[    1.437976] pci 0000:00:08.0: Video device with shadowed ROM
[    1.441147] PCI: CLS 0 bytes, default 64
[    1.443488] Unpacking initramfs...
[    2.031943] Freeing initrd memory: 6876K
[    2.034303] PCI-DMA: Using software bounce buffering for IO (SWIOTLB)
[    2.037954] software IO TLB [mem 0x3bff0000-0x3fff0000] (64MB) mapped at [ffff88003bff0000-ffff88003ffeffff]
[    2.052977] RAPL PMU detected, API unit is 2^-32 Joules, 3 fixed counters 10737418240 ms ovfl timer
[    2.057915] hw unit of domain pp0-core 2^-0 Joules
[    2.059631] hw unit of domain package 2^-0 Joules
[    2.061343] hw unit of domain dram 2^-16 Joules
[    2.063993] Scanning for low memory corruption every 60 seconds
[    2.067306] clocksource: tsc: mask: 0xffffffffffffffff max_cycles: 0x23f2f6ab3d0, max_idle_ns: 440795228657 ns
[    2.072131] kgr: successfully initialized
[    2.076433] audit: initializing netlink subsys (disabled)
[    2.079537] audit: type=2000 audit(1542051063.076:1): initialized
[    2.083396] Initialise system trusted keyring
[    2.088657] HugeTLB registered 1 GB page size, pre-allocated 0 pages
[    2.092157] HugeTLB registered 2 MB page size, pre-allocated 0 pages
[    2.095715] zbud: loaded
[    2.102086] VFS: Disk quotas dquot_6.6.0
[    2.105389] VFS: Dquot-cache hash table entries: 512 (order 0, 4096 bytes)
[    2.125007] alg: No test for fips(ansi_cprng) (fips_ansi_cprng)
[    2.134343] Key type asymmetric registered
[    2.136653] Asymmetric key parser 'x509' registered
[    2.140502] Block layer SCSI generic (bsg) driver version 0.4 loaded (major 249)
[    2.146005] io scheduler noop registered
[    2.148252] io scheduler deadline registered
[    2.150704] io scheduler cfq registered (default)
[    2.153494] pci_hotplug: PCI Hot Plug PCI Core version: 0.5
[    2.156583] pciehp: PCI Express Hot Plug Controller Driver version: 0.4
[    2.160276] hv_vmbus: registering driver hyperv_fb
[    2.163298] cdx: vmbus_open: channel.id=7, sz= 512 KB (0 MB)
[    2.166555] cdx: vmbus_establish_gpadl:req:relid=7, gpadl=925200; resp:relid=7, gpadl=925200, status=0x0
[    2.171728] cdx: GPADL: total: requested = 512 KB (0 MB); got = 512 KB (0 MB)
[    2.175797] hyperv_fb: Screen resolution: 1152x864, Color depth: 32
[    2.183635] Console: switching to colour frame buffer device 144x54
[    2.188600] intel_idle: does not run on family 6 model 63
[    2.191639] input: Power Button as /devices/LNXSYSTM:00/LNXPWRBN:00/input/input0
[    2.195767] ACPI: Power Button [PWRF]
[    2.200613] GHES: HEST is not enabled!
[    2.202859] Serial: 8250/16550 driver, 32 ports, IRQ sharing enabled
[    2.232948] 00:03: ttyS0 at I/O 0x3f8 (irq = 4, base_baud = 115200) is a 16550A
[    2.264301] 00:04: ttyS1 at I/O 0x2f8 (irq = 3, base_baud = 115200) is a 16550A
[    2.270690] Non-volatile memory driver v1.3
[    2.273226] Linux agpgart interface v0.103
[    2.289609] hv_vmbus: registering driver hv_storvsc
[    2.292928] cdx: vmbus_open: channel.id=2, sz= 512 KB (0 MB)
[    2.296412] cdx: vmbus_establish_gpadl:req:relid=2, gpadl=925201; resp:relid=2, gpadl=925201, status=0x0
[    2.302024] cdx: GPADL: total: requested = 1024 KB (1 MB); got = 1024 KB (1 MB)
[    2.303075] Floppy drive(s): fd0 is 1.44M
[    2.312072] scsi host0: storvsc_host_t
[    2.319888] scsi 0:0:0:0: Direct-Access     Msft     Virtual Disk     1.0  PQ: 0 ANSI: 5
[    2.323581] FDC 0 is an 82078.
[    2.329746] cdx: vmbus_open: channel.id=3, sz= 512 KB (0 MB)
[    2.333083] cdx: vmbus_establish_gpadl:req:relid=3, gpadl=925202; resp:relid=3, gpadl=925202, status=0x0
[    2.338431] cdx: GPADL: total: requested = 1536 KB (1 MB); got = 1536 KB (1 MB)
[    2.342890] scsi host1: storvsc_host_t
[    2.346735] scsi 1:0:1:0: Direct-Access     Msft     Virtual Disk     1.0  PQ: 0 ANSI: 5
[    2.351890] cdx: vmbus_open: channel.id=23, sz= 512 KB (0 MB)
[    2.355278] cdx: vmbus_establish_gpadl:req:relid=23, gpadl=925203; resp:relid=23, gpadl=925203, status=0x0
[    2.360724] cdx: GPADL: total: requested = 2048 KB (2 MB); got = 2048 KB (2 MB)
[    2.368181] cdx: vmbus_open: channel.id=25, sz= 512 KB (0 MB)
[    2.371642] cdx: vmbus_establish_gpadl:req:relid=25, gpadl=925204; resp:relid=25, gpadl=925204, status=0x0
[    2.377225] cdx: GPADL: total: requested = 2560 KB (2 MB); got = 2560 KB (2 MB)
[    2.381655] cdx: vmbus_open: channel.id=26, sz= 512 KB (0 MB)
[    2.385040] cdx: vmbus_establish_gpadl:req:relid=26, gpadl=925205; resp:relid=26, gpadl=925205, status=0x0
[    2.390467] cdx: GPADL: total: requested = 3072 KB (3 MB); got = 3072 KB (3 MB)
[    2.394830] cdx: vmbus_open: channel.id=27, sz= 512 KB (0 MB)
[    2.398210] cdx: vmbus_establish_gpadl:req:relid=27, gpadl=925206; resp:relid=27, gpadl=925206, status=0x0
[    2.403580] cdx: GPADL: total: requested = 3584 KB (3 MB); got = 3584 KB (3 MB)
[    2.407845] cdx: vmbus_open: channel.id=28, sz= 512 KB (0 MB)
[    2.411178] cdx: vmbus_establish_gpadl:req:relid=28, gpadl=925207; resp:relid=28, gpadl=925207, status=0x0
[    2.416501] cdx: GPADL: total: requested = 4096 KB (4 MB); got = 4096 KB (4 MB)
[    2.420788] cdx: vmbus_open: channel.id=29, sz= 512 KB (0 MB)
[    2.424160] cdx: vmbus_establish_gpadl:req:relid=29, gpadl=925208; resp:relid=29, gpadl=925208, status=0x0
[    2.429575] cdx: GPADL: total: requested = 4608 KB (4 MB); got = 4608 KB (4 MB)
[    2.433916] cdx: vmbus_open: channel.id=30, sz= 512 KB (0 MB)
[    2.437328] cdx: vmbus_establish_gpadl:req:relid=30, gpadl=925209; resp:relid=30, gpadl=925209, status=0x0
[    2.442819] cdx: GPADL: total: requested = 5120 KB (5 MB); got = 5120 KB (5 MB)
[    2.447215] cdx: vmbus_open: channel.id=31, sz= 512 KB (0 MB)
[    2.450540] cdx: vmbus_establish_gpadl:req:relid=31, gpadl=925210; resp:relid=31, gpadl=925210, status=0x0
[    2.455886] cdx: GPADL: total: requested = 5632 KB (5 MB); got = 5632 KB (5 MB)
[    2.460202] cdx: vmbus_open: channel.id=32, sz= 512 KB (0 MB)
[    2.463516] cdx: vmbus_establish_gpadl:req:relid=32, gpadl=925211; resp:relid=32, gpadl=925211, status=0x0
[    2.468912] cdx: GPADL: total: requested = 6144 KB (6 MB); got = 6144 KB (6 MB)
[    2.473278] cdx: vmbus_open: channel.id=33, sz= 512 KB (0 MB)
[    2.476627] cdx: vmbus_establish_gpadl:req:relid=33, gpadl=925212; resp:relid=33, gpadl=925212, status=0x0
[    2.481996] cdx: GPADL: total: requested = 6656 KB (6 MB); got = 6656 KB (6 MB)
[    2.486280] cdx: vmbus_open: channel.id=34, sz= 512 KB (0 MB)
[    2.489603] cdx: vmbus_establish_gpadl:req:relid=34, gpadl=925213; resp:relid=34, gpadl=925213, status=0x0
[    2.494929] cdx: GPADL: total: requested = 7168 KB (7 MB); got = 7168 KB (7 MB)
[    2.499223] cdx: vmbus_open: channel.id=35, sz= 512 KB (0 MB)
[    2.502540] cdx: vmbus_establish_gpadl:req:relid=35, gpadl=925214; resp:relid=35, gpadl=925214, status=0x0
[    2.507888] cdx: GPADL: total: requested = 7680 KB (7 MB); got = 7680 KB (7 MB)
[    2.512228] cdx: vmbus_open: channel.id=36, sz= 512 KB (0 MB)
[    2.515679] cdx: vmbus_establish_gpadl:req:relid=36, gpadl=925215; resp:relid=36, gpadl=925215, status=0x0
[    2.521282] cdx: GPADL: total: requested = 8192 KB (8 MB); got = 8192 KB (8 MB)
[    2.525684] cdx: vmbus_open: channel.id=37, sz= 512 KB (0 MB)
[    2.529190] cdx: vmbus_establish_gpadl:req:relid=37, gpadl=925216; resp:relid=37, gpadl=925216, status=0x0
[    2.534750] cdx: GPADL: total: requested = 8704 KB (8 MB); got = 8704 KB (8 MB)
[    2.539119] cdx: vmbus_open: channel.id=38, sz= 512 KB (0 MB)
[    2.542511] cdx: vmbus_establish_gpadl:req:relid=38, gpadl=925217; resp:relid=38, gpadl=925217, status=0x0
[    2.547975] cdx: GPADL: total: requested = 9216 KB (9 MB); got = 9216 KB (9 MB)
[    2.552198] cdx: vmbus_open: channel.id=39, sz= 512 KB (0 MB)
[    2.555449] cdx: vmbus_establish_gpadl:req:relid=39, gpadl=925218; resp:relid=39, gpadl=925218, status=0x0
[    2.560719] cdx: GPADL: total: requested = 9728 KB (9 MB); got = 9728 KB (9 MB)
[    2.564925] cdx: vmbus_open: channel.id=40, sz= 512 KB (0 MB)
[    2.568182] cdx: vmbus_establish_gpadl:req:relid=40, gpadl=925219; resp:relid=40, gpadl=925219, status=0x0
[    2.573541] cdx: GPADL: total: requested = 10240 KB (10 MB); got = 10240 KB (10 MB)
[    2.578031] cdx: vmbus_open: channel.id=41, sz= 512 KB (0 MB)
[    2.581323] cdx: vmbus_establish_gpadl:req:relid=41, gpadl=925220; resp:relid=41, gpadl=925220, status=0x0
[    2.586600] cdx: GPADL: total: requested = 10752 KB (10 MB); got = 10752 KB (10 MB)
[    2.590989] cdx: vmbus_open: channel.id=42, sz= 512 KB (0 MB)
[    2.594290] cdx: vmbus_establish_gpadl:req:relid=42, gpadl=925221; resp:relid=42, gpadl=925221, status=0x0
[    2.599649] cdx: GPADL: total: requested = 11264 KB (11 MB); got = 11264 KB (11 MB)
[    2.604144] cdx: vmbus_open: channel.id=43, sz= 512 KB (0 MB)
[    2.607425] cdx: vmbus_establish_gpadl:req:relid=43, gpadl=925222; resp:relid=43, gpadl=925222, status=0x0
[    2.612780] cdx: GPADL: total: requested = 11776 KB (11 MB); got = 11776 KB (11 MB)
[    2.617217] cdx: vmbus_open: channel.id=44, sz= 512 KB (0 MB)
[    2.620512] cdx: vmbus_establish_gpadl:req:relid=44, gpadl=925223; resp:relid=44, gpadl=925223, status=0x0
[    2.625865] cdx: GPADL: total: requested = 12288 KB (12 MB); got = 12288 KB (12 MB)
[    2.630346] cdx: vmbus_open: channel.id=45, sz= 512 KB (0 MB)
[    2.633608] cdx: vmbus_establish_gpadl:req:relid=45, gpadl=925224; resp:relid=45, gpadl=925224, status=0x0
[    2.638878] cdx: GPADL: total: requested = 12800 KB (12 MB); got = 12800 KB (12 MB)
[    2.643341] cdx: vmbus_open: channel.id=46, sz= 512 KB (0 MB)
[    2.646644] cdx: vmbus_establish_gpadl:req:relid=46, gpadl=925225; resp:relid=46, gpadl=925225, status=0x0
[    2.651997] cdx: GPADL: total: requested = 13312 KB (13 MB); got = 13312 KB (13 MB)
[    2.656608] cdx: vmbus_open: channel.id=47, sz= 512 KB (0 MB)
[    2.660013] cdx: vmbus_establish_gpadl:req:relid=47, gpadl=925226; resp:relid=47, gpadl=925226, status=0x0
[    2.665564] cdx: GPADL: total: requested = 13824 KB (13 MB); got = 13824 KB (13 MB)
[    2.670149] cdx: vmbus_open: channel.id=48, sz= 512 KB (0 MB)
[    2.673555] cdx: vmbus_establish_gpadl:req:relid=48, gpadl=925227; resp:relid=48, gpadl=925227, status=0x0
[    2.679008] cdx: GPADL: total: requested = 14336 KB (14 MB); got = 14336 KB (14 MB)
[    2.683508] cdx: vmbus_open: channel.id=49, sz= 512 KB (0 MB)
[    2.686825] cdx: vmbus_establish_gpadl:req:relid=49, gpadl=925228; resp:relid=49, gpadl=925228, status=0x0
[    2.692196] cdx: GPADL: total: requested = 14848 KB (14 MB); got = 14848 KB (14 MB)
[    2.696625] cdx: vmbus_open: channel.id=50, sz= 512 KB (0 MB)
[    2.699884] cdx: vmbus_establish_gpadl:req:relid=50, gpadl=925229; resp:relid=50, gpadl=925229, status=0x0
[    2.705233] cdx: GPADL: total: requested = 15360 KB (15 MB); got = 15360 KB (15 MB)
[    2.709677] cdx: vmbus_open: channel.id=51, sz= 512 KB (0 MB)
[    2.712947] cdx: vmbus_establish_gpadl:req:relid=51, gpadl=925230; resp:relid=51, gpadl=925230, status=0x0
[    2.718274] cdx: GPADL: total: requested = 15872 KB (15 MB); got = 15872 KB (15 MB)
[    2.722713] cdx: vmbus_open: channel.id=52, sz= 512 KB (0 MB)
[    2.726005] cdx: vmbus_establish_gpadl:req:relid=52, gpadl=925231; resp:relid=52, gpadl=925231, status=0x0
[    2.731333] cdx: GPADL: total: requested = 16384 KB (16 MB); got = 16384 KB (16 MB)
[    2.735782] cdx: vmbus_open: channel.id=53, sz= 512 KB (0 MB)
[    2.739112] cdx: vmbus_establish_gpadl:req:relid=53, gpadl=925232; resp:relid=53, gpadl=925232, status=0x0
[    2.744472] cdx: GPADL: total: requested = 16896 KB (16 MB); got = 16896 KB (16 MB)
[    2.748916] cdx: vmbus_open: channel.id=54, sz= 512 KB (0 MB)
[    2.752297] cdx: vmbus_establish_gpadl:req:relid=54, gpadl=925233; resp:relid=54, gpadl=925233, status=0x0
[    2.757839] cdx: GPADL: total: requested = 17408 KB (17 MB); got = 17408 KB (17 MB)
[    2.762484] cdx: vmbus_open: channel.id=55, sz= 512 KB (0 MB)
[    2.765858] cdx: vmbus_establish_gpadl:req:relid=55, gpadl=925234; resp:relid=55, gpadl=925234, status=0x0
[    2.771304] cdx: GPADL: total: requested = 17920 KB (17 MB); got = 17920 KB (17 MB)
[    2.775818] cdx: vmbus_open: channel.id=56, sz= 512 KB (0 MB)
[    2.779173] cdx: vmbus_establish_gpadl:req:relid=56, gpadl=925235; resp:relid=56, gpadl=925235, status=0x0
[    2.784601] cdx: GPADL: total: requested = 18432 KB (18 MB); got = 18432 KB (18 MB)
[    2.789131] cdx: vmbus_open: channel.id=57, sz= 512 KB (0 MB)
[    2.792482] cdx: vmbus_establish_gpadl:req:relid=57, gpadl=925236; resp:relid=57, gpadl=925236, status=0x0
[    2.797880] cdx: GPADL: total: requested = 18944 KB (18 MB); got = 18944 KB (18 MB)
[    2.802369] cdx: vmbus_open: channel.id=58, sz= 512 KB (0 MB)
[    2.805678] cdx: vmbus_establish_gpadl:req:relid=58, gpadl=925237; resp:relid=58, gpadl=925237, status=0x0
[    2.811054] cdx: GPADL: total: requested = 19456 KB (19 MB); got = 19456 KB (19 MB)
[    2.815521] cdx: vmbus_open: channel.id=59, sz= 512 KB (0 MB)
[    2.818827] cdx: vmbus_establish_gpadl:req:relid=59, gpadl=925238; resp:relid=59, gpadl=925238, status=0x0
[    2.824228] cdx: GPADL: total: requested = 19968 KB (19 MB); got = 19968 KB (19 MB)
[    2.828756] cdx: vmbus_open: channel.id=60, sz= 512 KB (0 MB)
[    2.832121] cdx: vmbus_establish_gpadl:req:relid=60, gpadl=925239; resp:relid=60, gpadl=925239, status=0x0
[    2.837457] cdx: GPADL: total: requested = 20480 KB (20 MB); got = 20480 KB (20 MB)
[    2.841956] cdx: vmbus_open: channel.id=61, sz= 512 KB (0 MB)
[    2.845313] cdx: vmbus_establish_gpadl:req:relid=61, gpadl=925240; resp:relid=61, gpadl=925240, status=0x0
[    2.850705] cdx: GPADL: total: requested = 20992 KB (20 MB); got = 20992 KB (20 MB)
[    2.855238] cdx: vmbus_open: channel.id=62, sz= 512 KB (0 MB)
[    2.858655] cdx: vmbus_establish_gpadl:req:relid=62, gpadl=925241; resp:relid=62, gpadl=925241, status=0x0
[    2.864171] cdx: GPADL: total: requested = 21504 KB (21 MB); got = 21504 KB (21 MB)
[    2.868771] cdx: vmbus_open: channel.id=63, sz= 512 KB (0 MB)
[    2.872127] cdx: vmbus_establish_gpadl:req:relid=63, gpadl=925242; resp:relid=63, gpadl=925242, status=0x0
[    2.877508] cdx: GPADL: total: requested = 22016 KB (21 MB); got = 22016 KB (21 MB)
[    2.882033] cdx: vmbus_open: channel.id=64, sz= 512 KB (0 MB)
[    2.885374] cdx: vmbus_establish_gpadl:req:relid=64, gpadl=925243; resp:relid=64, gpadl=925243, status=0x0
[    2.890728] cdx: GPADL: total: requested = 22528 KB (22 MB); got = 22528 KB (22 MB)
[    2.895254] cdx: vmbus_open: channel.id=65, sz= 512 KB (0 MB)
[    2.898575] cdx: vmbus_establish_gpadl:req:relid=65, gpadl=925244; resp:relid=65, gpadl=925244, status=0x0
[    2.903943] cdx: GPADL: total: requested = 23040 KB (22 MB); got = 23040 KB (22 MB)
[    2.908452] cdx: vmbus_open: channel.id=66, sz= 512 KB (0 MB)
[    2.911749] cdx: vmbus_establish_gpadl:req:relid=66, gpadl=925245; resp:relid=66, gpadl=925245, status=0x0
[    2.917230] cdx: GPADL: total: requested = 23552 KB (23 MB); got = 23552 KB (23 MB)
[    2.921787] cdx: vmbus_open: channel.id=67, sz= 512 KB (0 MB)
[    2.925508] cdx: vmbus_establish_gpadl:req:relid=67, gpadl=925246; resp:relid=67, gpadl=925246, status=0x0
[    2.932007] cdx: GPADL: total: requested = 24064 KB (23 MB); got = 24064 KB (23 MB)
[    2.937070] cdx: vmbus_open: channel.id=68, sz= 512 KB (0 MB)
[    2.940897] cdx: vmbus_establish_gpadl:req:relid=68, gpadl=925247; resp:relid=68, gpadl=925247, status=0x0
[    2.946744] cdx: GPADL: total: requested = 24576 KB (24 MB); got = 24576 KB (24 MB)
[    2.951258] cdx: vmbus_open: channel.id=69, sz= 512 KB (0 MB)
[    2.954623] cdx: vmbus_establish_gpadl:req:relid=69, gpadl=925248; resp:relid=69, gpadl=925248, status=0x0
[    2.959925] cdx: GPADL: total: requested = 25088 KB (24 MB); got = 25088 KB (24 MB)
[    2.964387] cdx: vmbus_open: channel.id=70, sz= 512 KB (0 MB)
[    2.967660] cdx: vmbus_establish_gpadl:req:relid=70, gpadl=925249; resp:relid=70, gpadl=925249, status=0x0
[    2.973018] cdx: GPADL: total: requested = 25600 KB (25 MB); got = 25600 KB (25 MB)
[    2.977450] cdx: vmbus_open: channel.id=71, sz= 512 KB (0 MB)
[    2.980727] cdx: vmbus_establish_gpadl:req:relid=71, gpadl=925250; resp:relid=71, gpadl=925250, status=0x0
[    2.986053] cdx: GPADL: total: requested = 26112 KB (25 MB); got = 26112 KB (25 MB)
[    2.990622] cdx: vmbus_open: channel.id=72, sz= 512 KB (0 MB)
[    2.993967] cdx: vmbus_establish_gpadl:req:relid=72, gpadl=925251; resp:relid=72, gpadl=925251, status=0x0
[    2.999318] cdx: GPADL: total: requested = 26624 KB (26 MB); got = 26624 KB (26 MB)
[    3.004408] cdx: vmbus_open: channel.id=73, sz= 512 KB (0 MB)
[    3.007977] cdx: vmbus_establish_gpadl:req:relid=73, gpadl=925252; resp:relid=73, gpadl=925252, status=0x0
[    3.013411] cdx: GPADL: total: requested = 27136 KB (26 MB); got = 27136 KB (26 MB)
[    3.017905] cdx: vmbus_open: channel.id=74, sz= 512 KB (0 MB)
[    3.021358] cdx: vmbus_establish_gpadl:req:relid=74, gpadl=925253; resp:relid=74, gpadl=925253, status=0x0
[    3.026913] cdx: GPADL: total: requested = 27648 KB (27 MB); got = 27648 KB (27 MB)
[    3.031571] cdx: vmbus_open: channel.id=75, sz= 512 KB (0 MB)
[    3.034900] cdx: vmbus_establish_gpadl:req:relid=75, gpadl=925254; resp:relid=75, gpadl=925254, status=0x0
[    3.040294] cdx: GPADL: total: requested = 28160 KB (27 MB); got = 28160 KB (27 MB)
[    3.044738] cdx: vmbus_open: channel.id=76, sz= 512 KB (0 MB)
[    3.048252] cdx: vmbus_establish_gpadl:req:relid=76, gpadl=925255; resp:relid=76, gpadl=925255, status=0x0
[    3.053690] cdx: GPADL: total: requested = 28672 KB (28 MB); got = 28672 KB (28 MB)
[    3.058186] cdx: vmbus_open: channel.id=77, sz= 512 KB (0 MB)
[    3.061498] cdx: vmbus_establish_gpadl:req:relid=77, gpadl=925256; resp:relid=77, gpadl=925256, status=0x0
[    3.067099] cdx: GPADL: total: requested = 29184 KB (28 MB); got = 29184 KB (28 MB)
[    3.071739] cdx: vmbus_open: channel.id=78, sz= 512 KB (0 MB)
[    3.075159] cdx: vmbus_establish_gpadl:req:relid=78, gpadl=925257; resp:relid=78, gpadl=925257, status=0x0
[    3.080680] cdx: GPADL: total: requested = 29696 KB (29 MB); got = 29696 KB (29 MB)
[    3.085344] cdx: vmbus_open: channel.id=79, sz= 512 KB (0 MB)
[    3.088771] cdx: vmbus_establish_gpadl:req:relid=79, gpadl=925258; resp:relid=79, gpadl=925258, status=0x0
[    3.094294] cdx: GPADL: total: requested = 30208 KB (29 MB); got = 30208 KB (29 MB)
[    3.098966] cdx: vmbus_open: channel.id=80, sz= 512 KB (0 MB)
[    3.102386] cdx: vmbus_establish_gpadl:req:relid=80, gpadl=925259; resp:relid=80, gpadl=925259, status=0x0
[    3.107981] cdx: GPADL: total: requested = 30720 KB (30 MB); got = 30720 KB (30 MB)
[    3.112600] cdx: vmbus_open: channel.id=81, sz= 512 KB (0 MB)
[    3.116010] cdx: vmbus_establish_gpadl:req:relid=81, gpadl=925260; resp:relid=81, gpadl=925260, status=0x0
[    3.121461] cdx: GPADL: total: requested = 31232 KB (30 MB); got = 31232 KB (30 MB)
[    3.126004] cdx: vmbus_open: channel.id=82, sz= 512 KB (0 MB)
[    3.129393] cdx: vmbus_establish_gpadl:req:relid=82, gpadl=925261; resp:relid=82, gpadl=925261, status=0x0
[    3.134846] cdx: GPADL: total: requested = 31744 KB (31 MB); got = 31744 KB (31 MB)
[    3.139517] cdx: vmbus_open: channel.id=83, sz= 512 KB (0 MB)
[    3.142883] cdx: vmbus_establish_gpadl:req:relid=83, gpadl=925262; resp:relid=83, gpadl=925262, status=0x0
[    3.148377] cdx: GPADL: total: requested = 32256 KB (31 MB); got = 32256 KB (31 MB)
[    3.153020] cdx: vmbus_open: channel.id=84, sz= 512 KB (0 MB)
[    3.156361] cdx: vmbus_establish_gpadl:req:relid=84, gpadl=925263; resp:relid=84, gpadl=925263, status=0x0
[    3.161818] cdx: GPADL: total: requested = 32768 KB (32 MB); got = 32768 KB (32 MB)
[    3.166491] cdx: vmbus_open: channel.id=85, sz= 512 KB (0 MB)
[    3.169866] cdx: vmbus_establish_gpadl:req:relid=85, gpadl=925264; resp:relid=85, gpadl=925264, status=0x0
[    3.175291] cdx: GPADL: total: requested = 33280 KB (32 MB); got = 33280 KB (32 MB)
[    3.179838] cdx: vmbus_open: channel.id=86, sz= 512 KB (0 MB)
[    3.183110] cdx: vmbus_establish_gpadl:req:relid=86, gpadl=925265; resp:relid=86, gpadl=925265, status=0x0
[    3.188608] cdx: GPADL: total: requested = 33792 KB (33 MB); got = 33792 KB (33 MB)
[    3.193226] cdx: vmbus_open: channel.id=87, sz= 512 KB (0 MB)
[    3.196550] cdx: vmbus_establish_gpadl:req:relid=87, gpadl=925266; resp:relid=87, gpadl=925266, status=0x0
[    3.201918] cdx: GPADL: total: requested = 34304 KB (33 MB); got = 34304 KB (33 MB)
[    3.206344] scsi host2: storvsc_host_t
[    3.262325] cdx: vmbus_open: channel.id=24, sz= 512 KB (0 MB)
[    3.265828] cdx: vmbus_establish_gpadl:req:relid=24, gpadl=925267; resp:relid=24, gpadl=925267, status=0x0
[    3.271449] cdx: GPADL: total: requested = 34816 KB (34 MB); got = 34816 KB (34 MB)
[    3.279584] cdx: vmbus_open: channel.id=88, sz= 512 KB (0 MB)
[    3.283063] cdx: vmbus_establish_gpadl:req:relid=88, gpadl=925268; resp:relid=88, gpadl=925268, status=0x0
[    3.288678] cdx: GPADL: total: requested = 35328 KB (34 MB); got = 35328 KB (34 MB)
[    3.293371] cdx: vmbus_open: channel.id=89, sz= 512 KB (0 MB)
[    3.296761] cdx: vmbus_establish_gpadl:req:relid=89, gpadl=925269; resp:relid=89, gpadl=925269, status=0x0
[    3.302204] cdx: GPADL: total: requested = 35840 KB (35 MB); got = 35840 KB (35 MB)
[    3.306780] cdx: vmbus_open: channel.id=90, sz= 512 KB (0 MB)
[    3.310162] cdx: vmbus_establish_gpadl:req:relid=90, gpadl=925270; resp:relid=90, gpadl=925270, status=0x0
[    3.315625] cdx: GPADL: total: requested = 36352 KB (35 MB); got = 36352 KB (35 MB)
[    3.320189] cdx: vmbus_open: channel.id=91, sz= 512 KB (0 MB)
[    3.323546] cdx: vmbus_establish_gpadl:req:relid=91, gpadl=925271; resp:relid=91, gpadl=925271, status=0x0
[    3.328988] cdx: GPADL: total: requested = 36864 KB (36 MB); got = 36864 KB (36 MB)
[    3.333542] cdx: vmbus_open: channel.id=92, sz= 512 KB (0 MB)
[    3.336855] cdx: vmbus_establish_gpadl:req:relid=92, gpadl=925272; resp:relid=92, gpadl=925272, status=0x0
[    3.342269] cdx: GPADL: total: requested = 37376 KB (36 MB); got = 37376 KB (36 MB)
[    3.346862] cdx: vmbus_open: channel.id=93, sz= 512 KB (0 MB)
[    3.350250] cdx: vmbus_establish_gpadl:req:relid=93, gpadl=925273; resp:relid=93, gpadl=925273, status=0x0
[    3.355600] cdx: GPADL: total: requested = 37888 KB (37 MB); got = 37888 KB (37 MB)
[    3.359997] cdx: vmbus_open: channel.id=94, sz= 512 KB (0 MB)
[    3.363249] cdx: vmbus_establish_gpadl:req:relid=94, gpadl=925274; resp:relid=94, gpadl=925274, status=0x0
[    3.368550] cdx: GPADL: total: requested = 38400 KB (37 MB); got = 38400 KB (37 MB)
[    3.372952] cdx: vmbus_open: channel.id=95, sz= 512 KB (0 MB)
[    3.376212] cdx: vmbus_establish_gpadl:req:relid=95, gpadl=925275; resp:relid=95, gpadl=925275, status=0x0
[    3.381470] cdx: GPADL: total: requested = 38912 KB (38 MB); got = 38912 KB (38 MB)
[    3.385863] cdx: vmbus_open: channel.id=96, sz= 512 KB (0 MB)
[    3.389124] cdx: vmbus_establish_gpadl:req:relid=96, gpadl=925276; resp:relid=96, gpadl=925276, status=0x0
[    3.394556] cdx: GPADL: total: requested = 39424 KB (38 MB); got = 39424 KB (38 MB)
[    3.399135] cdx: vmbus_open: channel.id=97, sz= 512 KB (0 MB)
[    3.402498] cdx: vmbus_establish_gpadl:req:relid=97, gpadl=925277; resp:relid=97, gpadl=925277, status=0x0
[    3.407872] cdx: GPADL: total: requested = 39936 KB (39 MB); got = 39936 KB (39 MB)
[    3.412320] cdx: vmbus_open: channel.id=98, sz= 512 KB (0 MB)
[    3.415573] cdx: vmbus_establish_gpadl:req:relid=98, gpadl=925278; resp:relid=98, gpadl=925278, status=0x0
[    3.420857] cdx: GPADL: total: requested = 40448 KB (39 MB); got = 40448 KB (39 MB)
[    3.425313] cdx: vmbus_open: channel.id=99, sz= 512 KB (0 MB)
[    3.428596] cdx: vmbus_establish_gpadl:req:relid=99, gpadl=925279; resp:relid=99, gpadl=925279, status=0x0
[    3.433906] cdx: GPADL: total: requested = 40960 KB (40 MB); got = 40960 KB (40 MB)
[    3.438363] cdx: vmbus_open: channel.id=100, sz= 512 KB (0 MB)
[    3.441673] cdx: vmbus_establish_gpadl:req:relid=100, gpadl=925280; resp:relid=100, gpadl=925280, status=0x0
[    3.447058] cdx: GPADL: total: requested = 41472 KB (40 MB); got = 41472 KB (40 MB)
[    3.451500] cdx: vmbus_open: channel.id=101, sz= 512 KB (0 MB)
[    3.454826] cdx: vmbus_establish_gpadl:req:relid=101, gpadl=925281; resp:relid=101, gpadl=925281, status=0x0
[    3.460232] cdx: GPADL: total: requested = 41984 KB (41 MB); got = 41984 KB (41 MB)
[    3.464675] cdx: vmbus_open: channel.id=102, sz= 512 KB (0 MB)
[    3.468016] cdx: vmbus_establish_gpadl:req:relid=102, gpadl=925282; resp:relid=102, gpadl=925282, status=0x0
[    3.473443] cdx: GPADL: total: requested = 42496 KB (41 MB); got = 42496 KB (41 MB)
[    3.477890] cdx: vmbus_open: channel.id=103, sz= 512 KB (0 MB)
[    3.481223] cdx: vmbus_establish_gpadl:req:relid=103, gpadl=925283; resp:relid=103, gpadl=925283, status=0x0
[    3.486605] cdx: GPADL: total: requested = 43008 KB (42 MB); got = 43008 KB (42 MB)
[    3.491023] cdx: vmbus_open: channel.id=104, sz= 512 KB (0 MB)
[    3.494363] cdx: vmbus_establish_gpadl:req:relid=104, gpadl=925284; resp:relid=104, gpadl=925284, status=0x0
[    3.499757] cdx: GPADL: total: requested = 43520 KB (42 MB); got = 43520 KB (42 MB)
[    3.504185] cdx: vmbus_open: channel.id=105, sz= 512 KB (0 MB)
[    3.507492] cdx: vmbus_establish_gpadl:req:relid=105, gpadl=925285; resp:relid=105, gpadl=925285, status=0x0
[    3.512867] cdx: GPADL: total: requested = 44032 KB (43 MB); got = 44032 KB (43 MB)
[    3.517305] cdx: vmbus_open: channel.id=106, sz= 512 KB (0 MB)
[    3.520630] cdx: vmbus_establish_gpadl:req:relid=106, gpadl=925286; resp:relid=106, gpadl=925286, status=0x0
[    3.526034] cdx: GPADL: total: requested = 44544 KB (43 MB); got = 44544 KB (43 MB)
[    3.530488] cdx: vmbus_open: channel.id=107, sz= 512 KB (0 MB)
[    3.533809] cdx: vmbus_establish_gpadl:req:relid=107, gpadl=925287; resp:relid=107, gpadl=925287, status=0x0
[    3.539210] cdx: GPADL: total: requested = 45056 KB (44 MB); got = 45056 KB (44 MB)
[    3.543660] cdx: vmbus_open: channel.id=108, sz= 512 KB (0 MB)
[    3.546992] cdx: vmbus_establish_gpadl:req:relid=108, gpadl=925288; resp:relid=108, gpadl=925288, status=0x0
[    3.552496] cdx: GPADL: total: requested = 45568 KB (44 MB); got = 45568 KB (44 MB)
[    3.557011] cdx: vmbus_open: channel.id=109, sz= 512 KB (0 MB)
[    3.560378] cdx: vmbus_establish_gpadl:req:relid=109, gpadl=925289; resp:relid=109, gpadl=925289, status=0x0
[    3.565863] cdx: GPADL: total: requested = 46080 KB (45 MB); got = 46080 KB (45 MB)
[    3.570347] cdx: vmbus_open: channel.id=110, sz= 512 KB (0 MB)
[    3.573675] cdx: vmbus_establish_gpadl:req:relid=110, gpadl=925290; resp:relid=110, gpadl=925290, status=0x0
[    3.579087] cdx: GPADL: total: requested = 46592 KB (45 MB); got = 46592 KB (45 MB)
[    3.583489] cdx: vmbus_open: channel.id=111, sz= 512 KB (0 MB)
[    3.586802] cdx: vmbus_establish_gpadl:req:relid=111, gpadl=925291; resp:relid=111, gpadl=925291, status=0x0
[    3.592170] cdx: GPADL: total: requested = 47104 KB (46 MB); got = 47104 KB (46 MB)
[    3.596566] cdx: vmbus_open: channel.id=112, sz= 512 KB (0 MB)
[    3.599868] cdx: vmbus_establish_gpadl:req:relid=112, gpadl=925292; resp:relid=112, gpadl=925292, status=0x0
[    3.605240] cdx: GPADL: total: requested = 47616 KB (46 MB); got = 47616 KB (46 MB)
[    3.609642] cdx: vmbus_open: channel.id=113, sz= 512 KB (0 MB)
[    3.612973] cdx: vmbus_establish_gpadl:req:relid=113, gpadl=925293; resp:relid=113, gpadl=925293, status=0x0
[    3.618365] cdx: GPADL: total: requested = 48128 KB (47 MB); got = 48128 KB (47 MB)
[    3.622786] cdx: vmbus_open: channel.id=114, sz= 512 KB (0 MB)
[    3.626116] cdx: vmbus_establish_gpadl:req:relid=114, gpadl=925294; resp:relid=114, gpadl=925294, status=0x0
[    3.631509] cdx: GPADL: total: requested = 48640 KB (47 MB); got = 48640 KB (47 MB)
[    3.636182] cdx: vmbus_open: channel.id=115, sz= 512 KB (0 MB)
[    3.639726] cdx: vmbus_establish_gpadl:req:relid=115, gpadl=925295; resp:relid=115, gpadl=925295, status=0x0
[    3.645325] cdx: GPADL: total: requested = 49152 KB (48 MB); got = 49152 KB (48 MB)
[    3.649766] cdx: vmbus_open: channel.id=116, sz= 512 KB (0 MB)
[    3.653155] cdx: vmbus_establish_gpadl:req:relid=116, gpadl=925296; resp:relid=116, gpadl=925296, status=0x0
[    3.658640] cdx: GPADL: total: requested = 49664 KB (48 MB); got = 49664 KB (48 MB)
[    3.663174] cdx: vmbus_open: channel.id=117, sz= 512 KB (0 MB)
[    3.666670] cdx: vmbus_establish_gpadl:req:relid=117, gpadl=925297; resp:relid=117, gpadl=925297, status=0x0
[    3.672250] cdx: GPADL: total: requested = 50176 KB (49 MB); got = 50176 KB (49 MB)
[    3.676877] cdx: vmbus_open: channel.id=118, sz= 512 KB (0 MB)
[    3.680315] cdx: vmbus_establish_gpadl:req:relid=118, gpadl=925298; resp:relid=118, gpadl=925298, status=0x0
[    3.685870] cdx: GPADL: total: requested = 50688 KB (49 MB); got = 50688 KB (49 MB)
[    3.690473] cdx: vmbus_open: channel.id=119, sz= 512 KB (0 MB)
[    3.693896] cdx: vmbus_establish_gpadl:req:relid=119, gpadl=925299; resp:relid=119, gpadl=925299, status=0x0
[    3.699424] cdx: GPADL: total: requested = 51200 KB (50 MB); got = 51200 KB (50 MB)
[    3.704101] cdx: vmbus_open: channel.id=120, sz= 512 KB (0 MB)
[    3.707539] cdx: vmbus_establish_gpadl:req:relid=120, gpadl=925300; resp:relid=120, gpadl=925300, status=0x0
[    3.713034] cdx: GPADL: total: requested = 51712 KB (50 MB); got = 51712 KB (50 MB)
[    3.717514] cdx: vmbus_open: channel.id=121, sz= 512 KB (0 MB)
[    3.720890] cdx: vmbus_establish_gpadl:req:relid=121, gpadl=925301; resp:relid=121, gpadl=925301, status=0x0
[    3.726406] cdx: GPADL: total: requested = 52224 KB (51 MB); got = 52224 KB (51 MB)
[    3.730963] cdx: vmbus_open: channel.id=122, sz= 512 KB (0 MB)
[    3.734364] cdx: vmbus_establish_gpadl:req:relid=122, gpadl=925302; resp:relid=122, gpadl=925302, status=0x0
[    3.739851] cdx: GPADL: total: requested = 52736 KB (51 MB); got = 52736 KB (51 MB)
[    3.744273] cdx: vmbus_open: channel.id=123, sz= 512 KB (0 MB)
[    3.747567] cdx: vmbus_establish_gpadl:req:relid=123, gpadl=925303; resp:relid=123, gpadl=925303, status=0x0
[    3.752937] cdx: GPADL: total: requested = 53248 KB (52 MB); got = 53248 KB (52 MB)
[    3.757363] cdx: vmbus_open: channel.id=124, sz= 512 KB (0 MB)
[    3.760661] cdx: vmbus_establish_gpadl:req:relid=124, gpadl=925304; resp:relid=124, gpadl=925304, status=0x0
[    3.766027] cdx: GPADL: total: requested = 53760 KB (52 MB); got = 53760 KB (52 MB)
[    3.770443] cdx: vmbus_open: channel.id=125, sz= 512 KB (0 MB)
[    3.773759] cdx: vmbus_establish_gpadl:req:relid=125, gpadl=925305; resp:relid=125, gpadl=925305, status=0x0
[    3.779187] cdx: GPADL: total: requested = 54272 KB (53 MB); got = 54272 KB (53 MB)
[    3.783757] cdx: vmbus_open: channel.id=126, sz= 512 KB (0 MB)
[    3.787199] cdx: vmbus_establish_gpadl:req:relid=126, gpadl=925306; resp:relid=126, gpadl=925306, status=0x0
[    3.792719] cdx: GPADL: total: requested = 54784 KB (53 MB); got = 54784 KB (53 MB)
[    3.797179] cdx: vmbus_open: channel.id=127, sz= 512 KB (0 MB)
[    3.800509] cdx: vmbus_establish_gpadl:req:relid=127, gpadl=925307; resp:relid=127, gpadl=925307, status=0x0
[    3.805930] cdx: GPADL: total: requested = 55296 KB (54 MB); got = 55296 KB (54 MB)
[    3.810455] cdx: vmbus_open: channel.id=128, sz= 512 KB (0 MB)
[    3.813804] cdx: vmbus_establish_gpadl:req:relid=128, gpadl=925308; resp:relid=128, gpadl=925308, status=0x0
[    3.819264] cdx: GPADL: total: requested = 55808 KB (54 MB); got = 55808 KB (54 MB)
[    3.823759] cdx: vmbus_open: channel.id=129, sz= 512 KB (0 MB)
[    3.827311] cdx: vmbus_establish_gpadl:req:relid=129, gpadl=925309; resp:relid=129, gpadl=925309, status=0x0
[    3.832929] cdx: GPADL: total: requested = 56320 KB (55 MB); got = 56320 KB (55 MB)
[    3.837515] cdx: vmbus_open: channel.id=130, sz= 512 KB (0 MB)
[    3.840925] cdx: vmbus_establish_gpadl:req:relid=130, gpadl=925310; resp:relid=130, gpadl=925310, status=0x0
[    3.846526] cdx: GPADL: total: requested = 56832 KB (55 MB); got = 56832 KB (55 MB)
[    3.850986] cdx: vmbus_open: channel.id=131, sz= 512 KB (0 MB)
[    3.854307] cdx: vmbus_establish_gpadl:req:relid=131, gpadl=925311; resp:relid=131, gpadl=925311, status=0x0
[    3.859715] cdx: GPADL: total: requested = 57344 KB (56 MB); got = 57344 KB (56 MB)
[    3.864179] cdx: vmbus_open: channel.id=132, sz= 512 KB (0 MB)
[    3.867513] cdx: vmbus_establish_gpadl:req:relid=132, gpadl=925312; resp:relid=132, gpadl=925312, status=0x0
[    3.872999] cdx: GPADL: total: requested = 57856 KB (56 MB); got = 57856 KB (56 MB)
[    3.877503] cdx: vmbus_open: channel.id=133, sz= 512 KB (0 MB)
[    3.880881] cdx: vmbus_establish_gpadl:req:relid=133, gpadl=925313; resp:relid=133, gpadl=925313, status=0x0
[    3.886336] cdx: GPADL: total: requested = 58368 KB (57 MB); got = 58368 KB (57 MB)
[    3.890798] cdx: vmbus_open: channel.id=134, sz= 512 KB (0 MB)
[    3.894122] cdx: vmbus_establish_gpadl:req:relid=134, gpadl=925314; resp:relid=134, gpadl=925314, status=0x0
[    3.899506] cdx: GPADL: total: requested = 58880 KB (57 MB); got = 58880 KB (57 MB)
[    3.903964] cdx: vmbus_open: channel.id=135, sz= 512 KB (0 MB)
[    3.907354] cdx: vmbus_establish_gpadl:req:relid=135, gpadl=925315; resp:relid=135, gpadl=925315, status=0x0
[    3.912802] cdx: GPADL: total: requested = 59392 KB (58 MB); got = 59392 KB (58 MB)
[    3.917317] cdx: vmbus_open: channel.id=136, sz= 512 KB (0 MB)
[    3.920707] cdx: vmbus_establish_gpadl:req:relid=136, gpadl=925316; resp:relid=136, gpadl=925316, status=0x0
[    3.926242] cdx: GPADL: total: requested = 59904 KB (58 MB); got = 59904 KB (58 MB)
[    3.930935] cdx: vmbus_open: channel.id=137, sz= 512 KB (0 MB)
[    3.934427] cdx: vmbus_establish_gpadl:req:relid=137, gpadl=925317; resp:relid=137, gpadl=925317, status=0x0
[    3.940036] cdx: GPADL: total: requested = 60416 KB (59 MB); got = 60416 KB (59 MB)
[    3.944556] cdx: vmbus_open: channel.id=138, sz= 512 KB (0 MB)
[    3.947925] cdx: vmbus_establish_gpadl:req:relid=138, gpadl=925318; resp:relid=138, gpadl=925318, status=0x0
[    3.953451] cdx: GPADL: total: requested = 60928 KB (59 MB); got = 60928 KB (59 MB)
[    3.957958] cdx: vmbus_open: channel.id=139, sz= 512 KB (0 MB)
[    3.961351] cdx: vmbus_establish_gpadl:req:relid=139, gpadl=925319; resp:relid=139, gpadl=925319, status=0x0
[    3.966782] cdx: GPADL: total: requested = 61440 KB (60 MB); got = 61440 KB (60 MB)
[    3.971297] cdx: vmbus_open: channel.id=140, sz= 512 KB (0 MB)
[    3.974680] cdx: vmbus_establish_gpadl:req:relid=140, gpadl=925320; resp:relid=140, gpadl=925320, status=0x0
[    3.980202] cdx: GPADL: total: requested = 61952 KB (60 MB); got = 61952 KB (60 MB)
[    3.984676] cdx: vmbus_open: channel.id=141, sz= 512 KB (0 MB)
[    3.988025] cdx: vmbus_establish_gpadl:req:relid=141, gpadl=925321; resp:relid=141, gpadl=925321, status=0x0
[    3.993523] cdx: GPADL: total: requested = 62464 KB (61 MB); got = 62464 KB (61 MB)
[    3.998043] cdx: vmbus_open: channel.id=142, sz= 512 KB (0 MB)
[    4.001429] cdx: vmbus_establish_gpadl:req:relid=142, gpadl=925322; resp:relid=142, gpadl=925322, status=0x0
[    4.006826] cdx: GPADL: total: requested = 62976 KB (61 MB); got = 62976 KB (61 MB)
[    4.011354] cdx: vmbus_open: channel.id=143, sz= 512 KB (0 MB)
[    4.014754] cdx: vmbus_establish_gpadl:req:relid=143, gpadl=925323; resp:relid=143, gpadl=925323, status=0x0
[    4.020242] cdx: GPADL: total: requested = 63488 KB (62 MB); got = 63488 KB (62 MB)
[    4.024735] cdx: vmbus_open: channel.id=144, sz= 512 KB (0 MB)
[    4.028155] cdx: vmbus_establish_gpadl:req:relid=144, gpadl=925324; resp:relid=144, gpadl=925324, status=0x0
[    4.033655] cdx: GPADL: total: requested = 64000 KB (62 MB); got = 64000 KB (62 MB)
[    4.038168] cdx: vmbus_open: channel.id=145, sz= 512 KB (0 MB)
[    4.041519] cdx: vmbus_establish_gpadl:req:relid=145, gpadl=925325; resp:relid=145, gpadl=925325, status=0x0
[    4.046932] cdx: GPADL: total: requested = 64512 KB (63 MB); got = 64512 KB (63 MB)
[    4.051470] cdx: vmbus_open: channel.id=146, sz= 512 KB (0 MB)
[    4.054827] cdx: vmbus_establish_gpadl:req:relid=146, gpadl=925326; resp:relid=146, gpadl=925326, status=0x0
[    4.060341] cdx: GPADL: total: requested = 65024 KB (63 MB); got = 65024 KB (63 MB)
[    4.064858] cdx: vmbus_open: channel.id=147, sz= 512 KB (0 MB)
[    4.068264] cdx: vmbus_establish_gpadl:req:relid=147, gpadl=925327; resp:relid=147, gpadl=925327, status=0x0
[    4.073775] cdx: GPADL: total: requested = 65536 KB (64 MB); got = 65536 KB (64 MB)
[    4.078276] cdx: vmbus_open: channel.id=148, sz= 512 KB (0 MB)
[    4.081660] cdx: vmbus_establish_gpadl:req:relid=148, gpadl=925328; resp:relid=148, gpadl=925328, status=0x0
[    4.087185] cdx: GPADL: total: requested = 66048 KB (64 MB); got = 66048 KB (64 MB)
[    4.091671] cdx: vmbus_open: channel.id=149, sz= 512 KB (0 MB)
[    4.095073] cdx: vmbus_establish_gpadl:req:relid=149, gpadl=925329; resp:relid=149, gpadl=925329, status=0x0
[    4.100602] cdx: GPADL: total: requested = 66560 KB (65 MB); got = 66560 KB (65 MB)
[    4.105138] cdx: vmbus_open: channel.id=150, sz= 512 KB (0 MB)
[    4.108529] cdx: vmbus_establish_gpadl:req:relid=150, gpadl=925330; resp:relid=150, gpadl=925330, status=0x0
[    4.114036] cdx: GPADL: total: requested = 67072 KB (65 MB); got = 67072 KB (65 MB)
[    4.118401] scsi host3: storvsc_host_t
[    4.125612] scsi 3:0:0:1: Direct-Access     Msft     Virtual Disk     1.0  PQ: 0 ANSI: 5
[    4.183530] sd 0:0:0:0: Attached scsi generic sg0 type 0
[    4.183812] sd 0:0:0:0: [sda] 62914560 512-byte logical blocks: (32.2 GB/30.0 GiB)
[    4.183813] sd 0:0:0:0: [sda] 4096-byte physical blocks
[    4.183872] sd 0:0:0:0: [sda] Write Protect is off
[    4.183873] sd 0:0:0:0: [sda] Mode Sense: 0f 00 10 00
[    4.184018] sd 0:0:0:0: [sda] Write cache: enabled, read cache: enabled, supports DPO and FUA
[    4.184119] sd 1:0:1:0: [sdb] 8589934592 512-byte logical blocks: (4.40 TB/4.00 TiB)
[    4.184120] sd 1:0:1:0: [sdb] 4096-byte physical blocks
[    4.184121] sd 3:0:0:1: [sdc] 1048576000 512-byte logical blocks: (537 GB/500 GiB)
[    4.184123] sd 3:0:0:1: [sdc] 4096-byte physical blocks
[    4.184185] sd 3:0:0:1: [sdc] Write Protect is off
[    4.184186] sd 1:0:1:0: [sdb] Write Protect is off
[    4.184187] sd 3:0:0:1: [sdc] Mode Sense: 0f 00 10 00
[    4.184188] sd 1:0:1:0: [sdb] Mode Sense: 0f 00 10 00
[    4.184294] sd 3:0:0:1: [sdc] Write cache: disabled, read cache: enabled, supports DPO and FUA
[    4.184316] sd 1:0:1:0: [sdb] Write cache: disabled, read cache: enabled, supports DPO and FUA
[    4.184945]  sda: sda1 sda2
[    4.185150]  sdc: sdc1
[    4.185905] sd 3:0:0:1: [sdc] Attached SCSI disk
[    4.185956] sd 0:0:0:0: [sda] Attached SCSI disk
[    4.186953]  sdb: sdb1
[    4.187829] sd 1:0:1:0: [sdb] Attached SCSI disk
[    4.250787] sd 1:0:1:0: Attached scsi generic sg1 type 0
[    4.253910] sd 3:0:0:1: Attached scsi generic sg2 type 0
[    4.256965] ata_piix 0000:00:07.1: version 2.13
[    4.259625] ata_piix 0000:00:07.1: Hyper-V Virtual Machine detected, ATA device ignore set
[    4.266778] scsi host4: ata_piix
[    4.269948] scsi host5: ata_piix
[    4.271840] ata1: PATA max UDMA/33 cmd 0x1f0 ctl 0x3f6 bmdma 0xffa0 irq 14
[    4.275743] ata2: PATA max UDMA/33 cmd 0x170 ctl 0x376 bmdma 0xffa8 irq 15
[    4.279605] hv_vmbus: registering driver hv_netvsc
[    4.282882] cdx: vmbus_open: channel.id=15, sz= 1024 KB (1 MB)
[    4.286270] cdx: vmbus_establish_gpadl:req:relid=15, gpadl=925331; resp:relid=15, gpadl=925331, status=0x0
[    4.291488] cdx: GPADL: total: requested = 68096 KB (66 MB); got = 68096 KB (66 MB)
[    4.303141] cdx: netvsc_init_buf: 1: device=ffff8809d9738800, recv_sz= 16384 KB
[    4.309449] cdx: vmbus_establish_gpadl:req:relid=15, gpadl=925332; resp:relid=15, gpadl=925332, status=0x0
[    4.314897] cdx: GPADL: total: requested = 84480 KB (82 MB); got = 84480 KB (82 MB)
[    4.326356] cdx: netvsc_init_buf: 2: device=ffff8809d9738800, send_sz= 15360 KB
[    4.332473] cdx: vmbus_establish_gpadl:req:relid=15, gpadl=925333; resp:relid=15, gpadl=925333, status=0x0
[    4.337960] cdx: GPADL: total: requested = 99840 KB (97 MB); got = 99840 KB (97 MB)
[    4.347684] cdx: vmbus_open: channel.id=151, sz= 1024 KB (1 MB)
[    4.351421] cdx: vmbus_establish_gpadl:req:relid=151, gpadl=925334; resp:relid=151, gpadl=925334, status=0x0
[    4.357096] cdx: GPADL: total: requested = 100864 KB (98 MB); got = 100864 KB (98 MB)
[    4.362024] cdx: vmbus_open: channel.id=152, sz= 1024 KB (1 MB)
[    4.365626] cdx: vmbus_establish_gpadl:req:relid=152, gpadl=925335; resp:relid=152, gpadl=925335, status=0x0
[    4.371179] cdx: GPADL: total: requested = 101888 KB (99 MB); got = 101888 KB (99 MB)
[    4.376031] cdx: vmbus_open: channel.id=153, sz= 1024 KB (1 MB)
[    4.379635] cdx: vmbus_establish_gpadl:req:relid=153, gpadl=925336; resp:relid=153, gpadl=925336, status=0x0
[    4.385212] cdx: GPADL: total: requested = 102912 KB (100 MB); got = 102912 KB (100 MB)
[    4.390112] cdx: vmbus_open: channel.id=154, sz= 1024 KB (1 MB)
[    4.393564] cdx: vmbus_establish_gpadl:req:relid=154, gpadl=925337; resp:relid=154, gpadl=925337, status=0x0
[    4.399025] cdx: GPADL: total: requested = 103936 KB (101 MB); got = 103936 KB (101 MB)
[    4.403905] cdx: vmbus_open: channel.id=155, sz= 1024 KB (1 MB)
[    4.407430] cdx: vmbus_establish_gpadl:req:relid=155, gpadl=925338; resp:relid=155, gpadl=925338, status=0x0
[    4.412979] cdx: GPADL: total: requested = 104960 KB (102 MB); got = 104960 KB (102 MB)
[    4.417840] cdx: vmbus_open: channel.id=156, sz= 1024 KB (1 MB)
[    4.421387] cdx: vmbus_establish_gpadl:req:relid=156, gpadl=925339; resp:relid=156, gpadl=925339, status=0x0
[    4.426888] cdx: GPADL: total: requested = 105984 KB (103 MB); got = 105984 KB (103 MB)
[    4.431724] cdx: vmbus_open: channel.id=157, sz= 1024 KB (1 MB)
[    4.435203] cdx: vmbus_establish_gpadl:req:relid=157, gpadl=925340; resp:relid=157, gpadl=925340, status=0x0
[    4.437733] ata1.01: host indicates ignore ATA devices, ignored
[    4.438556] ata1.00: host indicates ignore ATA devices, ignored
[    4.447384] cdx: GPADL: total: requested = 107008 KB (104 MB); got = 107008 KB (104 MB)
[    4.613859] cdx: vmbus_open: channel.id=16, sz= 1024 KB (1 MB)
[    4.617550] cdx: vmbus_establish_gpadl:req:relid=16, gpadl=925341; resp:relid=16, gpadl=925341, status=0x0
[    4.622924] cdx: GPADL: total: requested = 108032 KB (105 MB); got = 108032 KB (105 MB)
[    4.635370] cdx: netvsc_init_buf: 1: device=ffff8809d9738400, recv_sz= 16384 KB
[    4.641731] cdx: vmbus_establish_gpadl:req:relid=16, gpadl=925342; resp:relid=16, gpadl=925342, status=0x0
[    4.647246] cdx: GPADL: total: requested = 124416 KB (121 MB); got = 124416 KB (121 MB)
[    4.658947] cdx: netvsc_init_buf: 2: device=ffff8809d9738400, send_sz= 15360 KB
[    4.665057] cdx: vmbus_establish_gpadl:req:relid=16, gpadl=925343; resp:relid=16, gpadl=925343, status=0x0
[    4.670540] cdx: GPADL: total: requested = 139776 KB (136 MB); got = 139776 KB (136 MB)
[    4.680296] cdx: vmbus_open: channel.id=158, sz= 1024 KB (1 MB)
[    4.684025] cdx: vmbus_establish_gpadl:req:relid=158, gpadl=925344; resp:relid=158, gpadl=925344, status=0x0
[    4.689693] cdx: GPADL: total: requested = 140800 KB (137 MB); got = 140800 KB (137 MB)
[    4.694737] cdx: vmbus_open: channel.id=159, sz= 1024 KB (1 MB)
[    4.698296] cdx: vmbus_establish_gpadl:req:relid=159, gpadl=925345; resp:relid=159, gpadl=925345, status=0x0
[    4.703830] cdx: GPADL: total: requested = 141824 KB (138 MB); got = 141824 KB (138 MB)
[    4.708753] cdx: vmbus_open: channel.id=160, sz= 1024 KB (1 MB)
[    4.712285] cdx: vmbus_establish_gpadl:req:relid=160, gpadl=925346; resp:relid=160, gpadl=925346, status=0x0
[    4.717834] cdx: GPADL: total: requested = 142848 KB (139 MB); got = 142848 KB (139 MB)
[    4.722875] cdx: vmbus_open: channel.id=161, sz= 1024 KB (1 MB)
[    4.726539] cdx: vmbus_establish_gpadl:req:relid=161, gpadl=925347; resp:relid=161, gpadl=925347, status=0x0
[    4.732255] cdx: GPADL: total: requested = 143872 KB (140 MB); got = 143872 KB (140 MB)
[    4.737254] cdx: vmbus_open: channel.id=162, sz= 1024 KB (1 MB)
[    4.740848] cdx: vmbus_establish_gpadl:req:relid=162, gpadl=925348; resp:relid=162, gpadl=925348, status=0x0
[    4.746389] cdx: GPADL: total: requested = 144896 KB (141 MB); got = 144896 KB (141 MB)
[    4.751223] cdx: vmbus_open: channel.id=163, sz= 1024 KB (1 MB)
[    4.754672] cdx: vmbus_establish_gpadl:req:relid=163, gpadl=925349; resp:relid=163, gpadl=925349, status=0x0
[    4.760220] cdx: GPADL: total: requested = 145920 KB (142 MB); got = 145920 KB (142 MB)
[    4.765116] cdx: vmbus_open: channel.id=164, sz= 1024 KB (1 MB)
[    4.768649] cdx: vmbus_establish_gpadl:req:relid=164, gpadl=925350; resp:relid=164, gpadl=925350, status=0x0
[    4.774157] cdx: GPADL: total: requested = 146944 KB (143 MB); got = 146944 KB (143 MB)
[    4.946769] cdx: vmbus_open: channel.id=17, sz= 1024 KB (1 MB)
[    4.950483] cdx: vmbus_establish_gpadl:req:relid=17, gpadl=925351; resp:relid=17, gpadl=925351, status=0x0
[    4.955852] cdx: GPADL: total: requested = 147968 KB (144 MB); got = 147968 KB (144 MB)
[    4.968273] cdx: netvsc_init_buf: 1: device=ffff8809d9738000, recv_sz= 16384 KB
[    4.974509] cdx: vmbus_establish_gpadl:req:relid=17, gpadl=925352; resp:relid=17, gpadl=925352, status=0x0
[    4.979971] cdx: GPADL: total: requested = 164352 KB (160 MB); got = 164352 KB (160 MB)
[    4.991503] cdx: netvsc_init_buf: 2: device=ffff8809d9738000, send_sz= 15360 KB
[    4.997581] cdx: vmbus_establish_gpadl:req:relid=17, gpadl=925353; resp:relid=17, gpadl=925353, status=0x0
[    5.002961] cdx: GPADL: total: requested = 179712 KB (175 MB); got = 179712 KB (175 MB)
[    5.011869] cdx: vmbus_open: channel.id=165, sz= 1024 KB (1 MB)
[    5.015523] cdx: vmbus_establish_gpadl:req:relid=165, gpadl=925354; resp:relid=165, gpadl=925354, status=0x0
[    5.021103] cdx: GPADL: total: requested = 180736 KB (176 MB); got = 180736 KB (176 MB)
[    5.026081] cdx: vmbus_open: channel.id=166, sz= 1024 KB (1 MB)
[    5.029662] cdx: vmbus_establish_gpadl:req:relid=166, gpadl=925355; resp:relid=166, gpadl=925355, status=0x0
[    5.035106] cdx: GPADL: total: requested = 181760 KB (177 MB); got = 181760 KB (177 MB)
[    5.039919] cdx: vmbus_open: channel.id=167, sz= 1024 KB (1 MB)
[    5.043463] cdx: vmbus_establish_gpadl:req:relid=167, gpadl=925356; resp:relid=167, gpadl=925356, status=0x0
[    5.048893] cdx: GPADL: total: requested = 182784 KB (178 MB); got = 182784 KB (178 MB)
[    5.053740] cdx: vmbus_open: channel.id=168, sz= 1024 KB (1 MB)
[    5.057213] cdx: vmbus_establish_gpadl:req:relid=168, gpadl=925357; resp:relid=168, gpadl=925357, status=0x0
[    5.062600] cdx: GPADL: total: requested = 183808 KB (179 MB); got = 183808 KB (179 MB)
[    5.067420] cdx: vmbus_open: channel.id=169, sz= 1024 KB (1 MB)
[    5.070880] cdx: vmbus_establish_gpadl:req:relid=169, gpadl=925358; resp:relid=169, gpadl=925358, status=0x0
[    5.076299] cdx: GPADL: total: requested = 184832 KB (180 MB); got = 184832 KB (180 MB)
[    5.081108] cdx: vmbus_open: channel.id=170, sz= 1024 KB (1 MB)
[    5.084546] cdx: vmbus_establish_gpadl:req:relid=170, gpadl=925359; resp:relid=170, gpadl=925359, status=0x0
[    5.089933] cdx: GPADL: total: requested = 185856 KB (181 MB); got = 185856 KB (181 MB)
[    5.094740] cdx: vmbus_open: channel.id=171, sz= 1024 KB (1 MB)
[    5.098207] cdx: vmbus_establish_gpadl:req:relid=171, gpadl=925360; resp:relid=171, gpadl=925360, status=0x0
[    5.103606] cdx: GPADL: total: requested = 186880 KB (182 MB); got = 186880 KB (182 MB)
[    5.278756] cdx: vmbus_open: channel.id=18, sz= 1024 KB (1 MB)
[    5.282461] cdx: vmbus_establish_gpadl:req:relid=18, gpadl=925361; resp:relid=18, gpadl=925361, status=0x0
[    5.287927] cdx: GPADL: total: requested = 187904 KB (183 MB); got = 187904 KB (183 MB)
[    5.300297] cdx: netvsc_init_buf: 1: device=ffff8809d96f0c00, recv_sz= 16384 KB
[    5.306849] cdx: vmbus_establish_gpadl:req:relid=18, gpadl=925362; resp:relid=18, gpadl=925362, status=0x0
[    5.312283] cdx: GPADL: total: requested = 204288 KB (199 MB); got = 204288 KB (199 MB)
[    5.323766] cdx: netvsc_init_buf: 2: device=ffff8809d96f0c00, send_sz= 15360 KB
[    5.330167] cdx: vmbus_establish_gpadl:req:relid=18, gpadl=925363; resp:relid=18, gpadl=925363, status=0x0
[    5.335500] cdx: GPADL: total: requested = 219648 KB (214 MB); got = 219648 KB (214 MB)
[    5.344446] cdx: vmbus_open: channel.id=172, sz= 1024 KB (1 MB)
[    5.348039] cdx: vmbus_establish_gpadl:req:relid=172, gpadl=925364; resp:relid=172, gpadl=925364, status=0x0
[    5.353584] cdx: GPADL: total: requested = 220672 KB (215 MB); got = 220672 KB (215 MB)
[    5.358520] cdx: vmbus_open: channel.id=173, sz= 1024 KB (1 MB)
[    5.362074] cdx: vmbus_establish_gpadl:req:relid=173, gpadl=925365; resp:relid=173, gpadl=925365, status=0x0
[    5.367532] cdx: GPADL: total: requested = 221696 KB (216 MB); got = 221696 KB (216 MB)
[    5.372400] cdx: vmbus_open: channel.id=174, sz= 1024 KB (1 MB)
[    5.375845] cdx: vmbus_establish_gpadl:req:relid=174, gpadl=925366; resp:relid=174, gpadl=925366, status=0x0
[    5.381278] cdx: GPADL: total: requested = 222720 KB (217 MB); got = 222720 KB (217 MB)
[    5.386086] cdx: vmbus_open: channel.id=175, sz= 1024 KB (1 MB)
[    5.389540] cdx: vmbus_establish_gpadl:req:relid=175, gpadl=925367; resp:relid=175, gpadl=925367, status=0x0
[    5.394924] cdx: GPADL: total: requested = 223744 KB (218 MB); got = 223744 KB (218 MB)
[    5.399725] cdx: vmbus_open: channel.id=176, sz= 1024 KB (1 MB)
[    5.403202] cdx: vmbus_establish_gpadl:req:relid=176, gpadl=925368; resp:relid=176, gpadl=925368, status=0x0
[    5.408628] cdx: GPADL: total: requested = 224768 KB (219 MB); got = 224768 KB (219 MB)
[    5.413457] cdx: vmbus_open: channel.id=177, sz= 1024 KB (1 MB)
[    5.416906] cdx: vmbus_establish_gpadl:req:relid=177, gpadl=925369; resp:relid=177, gpadl=925369, status=0x0
[    5.422324] cdx: GPADL: total: requested = 225792 KB (220 MB); got = 225792 KB (220 MB)
[    5.427168] cdx: vmbus_open: channel.id=178, sz= 1024 KB (1 MB)
[    5.430629] cdx: vmbus_establish_gpadl:req:relid=178, gpadl=925370; resp:relid=178, gpadl=925370, status=0x0
[    5.436046] cdx: GPADL: total: requested = 226816 KB (221 MB); got = 226816 KB (221 MB)
[    5.611788] cdx: vmbus_open: channel.id=19, sz= 1024 KB (1 MB)
[    5.615459] cdx: vmbus_establish_gpadl:req:relid=19, gpadl=925371; resp:relid=19, gpadl=925371, status=0x0
[    5.620799] cdx: GPADL: total: requested = 227840 KB (222 MB); got = 227840 KB (222 MB)
[    5.633297] cdx: netvsc_init_buf: 1: device=ffff8809d96f0800, recv_sz= 16384 KB
[    5.639773] cdx: vmbus_establish_gpadl:req:relid=19, gpadl=925372; resp:relid=19, gpadl=925372, status=0x0
[    5.645140] cdx: GPADL: total: requested = 244224 KB (238 MB); got = 244224 KB (238 MB)
[    5.656772] cdx: netvsc_init_buf: 2: device=ffff8809d96f0800, send_sz= 15360 KB
[    5.663078] cdx: vmbus_establish_gpadl:req:relid=19, gpadl=925373; resp:relid=19, gpadl=925373, status=0x0
[    5.668448] cdx: GPADL: total: requested = 259584 KB (253 MB); got = 259584 KB (253 MB)
[    5.678021] cdx: vmbus_open: channel.id=179, sz= 1024 KB (1 MB)
[    5.681665] cdx: vmbus_establish_gpadl:req:relid=179, gpadl=925374; resp:relid=179, gpadl=925374, status=0x0
[    5.687283] cdx: GPADL: total: requested = 260608 KB (254 MB); got = 260608 KB (254 MB)
[    5.692318] cdx: vmbus_open: channel.id=180, sz= 1024 KB (1 MB)
[    5.695807] cdx: vmbus_establish_gpadl:req:relid=180, gpadl=925375; resp:relid=180, gpadl=925375, status=0x0
[    5.701298] cdx: GPADL: total: requested = 261632 KB (255 MB); got = 261632 KB (255 MB)
[    5.706150] cdx: vmbus_open: channel.id=181, sz= 1024 KB (1 MB)
[    5.709643] cdx: vmbus_establish_gpadl:req:relid=181, gpadl=925376; resp:relid=181, gpadl=925376, status=0x0
[    5.715119] cdx: GPADL: total: requested = 262656 KB (256 MB); got = 262656 KB (256 MB)
[    5.719982] cdx: vmbus_open: channel.id=182, sz= 1024 KB (1 MB)
[    5.723487] cdx: vmbus_establish_gpadl:req:relid=182, gpadl=925377; resp:relid=182, gpadl=925377, status=0x0
[    5.728969] cdx: GPADL: total: requested = 263680 KB (257 MB); got = 263680 KB (257 MB)
[    5.733827] cdx: vmbus_open: channel.id=183, sz= 1024 KB (1 MB)
[    5.737345] cdx: vmbus_establish_gpadl:req:relid=183, gpadl=925378; resp:relid=183, gpadl=925378, status=0x0
[    5.742827] cdx: GPADL: total: requested = 264704 KB (258 MB); got = 264704 KB (258 MB)
[    5.747698] cdx: vmbus_open: channel.id=184, sz= 1024 KB (1 MB)
[    5.751270] cdx: vmbus_establish_gpadl:req:relid=184, gpadl=925379; resp:relid=184, gpadl=925379, status=0x0
[    5.756778] cdx: GPADL: total: requested = 265728 KB (259 MB); got = 265728 KB (259 MB)
[    5.761646] cdx: vmbus_open: channel.id=185, sz= 1024 KB (1 MB)
[    5.765154] cdx: vmbus_establish_gpadl:req:relid=185, gpadl=925380; resp:relid=185, gpadl=925380, status=0x0
[    5.770754] cdx: GPADL: total: requested = 266752 KB (260 MB); got = 266752 KB (260 MB)
[    5.945774] cdx: vmbus_open: channel.id=20, sz= 1024 KB (1 MB)
[    5.949446] cdx: vmbus_establish_gpadl:req:relid=20, gpadl=925381; resp:relid=20, gpadl=925381, status=0x0
[    5.954816] cdx: GPADL: total: requested = 267776 KB (261 MB); got = 267776 KB (261 MB)
[    5.967285] cdx: netvsc_init_buf: 1: device=ffff8809d96f0400, recv_sz= 16384 KB
[    5.973875] cdx: vmbus_establish_gpadl:req:relid=20, gpadl=925382; resp:relid=20, gpadl=925382, status=0x0
[    5.979231] cdx: GPADL: total: requested = 284160 KB (277 MB); got = 284160 KB (277 MB)
[    5.990860] cdx: netvsc_init_buf: 2: device=ffff8809d96f0400, send_sz= 15360 KB
[    5.996772] cdx: vmbus_establish_gpadl:req:relid=20, gpadl=925383; resp:relid=20, gpadl=925383, status=0x0
[    6.002089] cdx: GPADL: total: requested = 299520 KB (292 MB); got = 299520 KB (292 MB)
[    6.011433] cdx: vmbus_open: channel.id=186, sz= 1024 KB (1 MB)
[    6.015062] cdx: vmbus_establish_gpadl:req:relid=186, gpadl=925384; resp:relid=186, gpadl=925384, status=0x0
[    6.020678] cdx: GPADL: total: requested = 300544 KB (293 MB); got = 300544 KB (293 MB)
[    6.025701] cdx: vmbus_open: channel.id=187, sz= 1024 KB (1 MB)
[    6.029350] cdx: vmbus_establish_gpadl:req:relid=187, gpadl=925385; resp:relid=187, gpadl=925385, status=0x0
[    6.035006] cdx: GPADL: total: requested = 301568 KB (294 MB); got = 301568 KB (294 MB)
[    6.040028] cdx: vmbus_open: channel.id=188, sz= 1024 KB (1 MB)
[    6.043512] cdx: vmbus_establish_gpadl:req:relid=188, gpadl=925386; resp:relid=188, gpadl=925386, status=0x0
[    6.049009] cdx: GPADL: total: requested = 302592 KB (295 MB); got = 302592 KB (295 MB)
[    6.053928] cdx: vmbus_open: channel.id=189, sz= 1024 KB (1 MB)
[    6.057486] cdx: vmbus_establish_gpadl:req:relid=189, gpadl=925387; resp:relid=189, gpadl=925387, status=0x0
[    6.063028] cdx: GPADL: total: requested = 303616 KB (296 MB); got = 303616 KB (296 MB)
[    6.067991] cdx: vmbus_open: channel.id=190, sz= 1024 KB (1 MB)
[    6.071567] cdx: vmbus_establish_gpadl:req:relid=190, gpadl=925388; resp:relid=190, gpadl=925388, status=0x0
[    6.077267] cdx: GPADL: total: requested = 304640 KB (297 MB); got = 304640 KB (297 MB)
[    6.082288] cdx: vmbus_open: channel.id=191, sz= 1024 KB (1 MB)
[    6.085884] cdx: vmbus_establish_gpadl:req:relid=191, gpadl=925389; resp:relid=191, gpadl=925389, status=0x0
[    6.091419] cdx: GPADL: total: requested = 305664 KB (298 MB); got = 305664 KB (298 MB)
[    6.096327] cdx: vmbus_open: channel.id=192, sz= 1024 KB (1 MB)
[    6.099846] cdx: vmbus_establish_gpadl:req:relid=192, gpadl=925390; resp:relid=192, gpadl=925390, status=0x0
[    6.105375] cdx: GPADL: total: requested = 306688 KB (299 MB); got = 306688 KB (299 MB)
[    6.277337] cdx: vmbus_open: channel.id=21, sz= 1024 KB (1 MB)
[    6.281067] cdx: vmbus_establish_gpadl:req:relid=21, gpadl=925391; resp:relid=21, gpadl=925391, status=0x0
[    6.286561] cdx: GPADL: total: requested = 307712 KB (300 MB); got = 307712 KB (300 MB)
[    6.298836] cdx: netvsc_init_buf: 1: device=ffff8809d96f0000, recv_sz= 16384 KB
[    6.305136] cdx: vmbus_establish_gpadl:req:relid=21, gpadl=925392; resp:relid=21, gpadl=925392, status=0x0
[    6.310618] cdx: GPADL: total: requested = 324096 KB (316 MB); got = 324096 KB (316 MB)
[    6.322161] cdx: netvsc_init_buf: 2: device=ffff8809d96f0000, send_sz= 15360 KB
[    6.328318] cdx: vmbus_establish_gpadl:req:relid=21, gpadl=925393; resp:relid=21, gpadl=925393, status=0x0
[    6.333776] cdx: GPADL: total: requested = 339456 KB (331 MB); got = 339456 KB (331 MB)
[    6.342953] cdx: vmbus_open: channel.id=193, sz= 1024 KB (1 MB)
[    6.346580] cdx: vmbus_establish_gpadl:req:relid=193, gpadl=925394; resp:relid=193, gpadl=925394, status=0x0
[    6.352206] cdx: GPADL: total: requested = 340480 KB (332 MB); got = 340480 KB (332 MB)
[    6.357204] cdx: vmbus_open: channel.id=194, sz= 1024 KB (1 MB)
[    6.360825] cdx: vmbus_establish_gpadl:req:relid=194, gpadl=925395; resp:relid=194, gpadl=925395, status=0x0
[    6.366437] cdx: GPADL: total: requested = 341504 KB (333 MB); got = 341504 KB (333 MB)
[    6.371373] cdx: vmbus_open: channel.id=195, sz= 1024 KB (1 MB)
[    6.374941] cdx: vmbus_establish_gpadl:req:relid=195, gpadl=925396; resp:relid=195, gpadl=925396, status=0x0
[    6.380484] cdx: GPADL: total: requested = 342528 KB (334 MB); got = 342528 KB (334 MB)
[    6.385407] cdx: vmbus_open: channel.id=196, sz= 1024 KB (1 MB)
[    6.388945] cdx: vmbus_establish_gpadl:req:relid=196, gpadl=925397; resp:relid=196, gpadl=925397, status=0x0
[    6.394457] cdx: GPADL: total: requested = 343552 KB (335 MB); got = 343552 KB (335 MB)
[    6.399381] cdx: vmbus_open: channel.id=197, sz= 1024 KB (1 MB)
[    6.402922] cdx: vmbus_establish_gpadl:req:relid=197, gpadl=925398; resp:relid=197, gpadl=925398, status=0x0
[    6.408621] cdx: GPADL: total: requested = 344576 KB (336 MB); got = 344576 KB (336 MB)
[    6.413645] cdx: vmbus_open: channel.id=198, sz= 1024 KB (1 MB)
[    6.417238] cdx: vmbus_establish_gpadl:req:relid=198, gpadl=925399; resp:relid=198, gpadl=925399, status=0x0
[    6.422809] cdx: GPADL: total: requested = 345600 KB (337 MB); got = 345600 KB (337 MB)
[    6.427753] cdx: vmbus_open: channel.id=199, sz= 1024 KB (1 MB)
[    6.431292] cdx: vmbus_establish_gpadl:req:relid=199, gpadl=925400; resp:relid=199, gpadl=925400, status=0x0
[    6.436862] cdx: GPADL: total: requested = 346624 KB (338 MB); got = 346624 KB (338 MB)
[    6.609357] cdx: vmbus_open: channel.id=22, sz= 1024 KB (1 MB)
[    6.613064] cdx: vmbus_establish_gpadl:req:relid=22, gpadl=925401; resp:relid=22, gpadl=925401, status=0x0
[    6.618498] cdx: GPADL: total: requested = 347648 KB (339 MB); got = 347648 KB (339 MB)
[    6.631169] cdx: netvsc_init_buf: 1: device=ffff8809d96f8c00, recv_sz= 16384 KB
[    6.637638] cdx: vmbus_establish_gpadl:req:relid=22, gpadl=925402; resp:relid=22, gpadl=925402, status=0x0
[    6.643149] cdx: GPADL: total: requested = 364032 KB (355 MB); got = 364032 KB (355 MB)
[    6.655103] cdx: netvsc_init_buf: 2: device=ffff8809d96f8c00, send_sz= 15360 KB
[    6.661383] cdx: vmbus_establish_gpadl:req:relid=22, gpadl=925403; resp:relid=22, gpadl=925403, status=0xc0000044
[    6.667237] cdx: GPADL: total: requested = 379392 KB (370 MB); got = 364032 KB (355 MB)
[    6.671822] hv_netvsc 000d3a4e-bba2-000d-3a4e-bba2000d3a4e (unnamed net_device) (uninitialized): unable to establish send buffer's gpadl
[    6.679570] hv_netvsc 000d3a4e-bba2-000d-3a4e-bba2000d3a4e (unnamed net_device) (uninitialized): unable to connect to NetVSP - -122
[    6.685986] hv_netvsc 000d3a4e-bba2-000d-3a4e-bba2000d3a4e (unnamed net_device) (uninitialized): unable to add netvsc device (ret -122)
[    6.704041] hv_vmbus: probe failed for device 000d3a4e-bba2-000d-3a4e-bba2000d3a4e (-122)
[    6.706393] hv_netvsc: probe of 000d3a4e-bba2-000d-3a4e-bba2000d3a4e failed with error -122
[    6.708820] FUJITSU Extended Socket Network Device Driver - version 1.0 - Copyright (c) 2015 FUJITSU LIMITED
[    6.711730] i8042: PNP: PS/2 Controller [PNP0303:PS2K,PNP0f03:PS2M] at 0x60,0x64 irq 1,12
[    6.717080] serio: i8042 KBD port at 0x60,0x64 irq 1
[    6.718488] serio: i8042 AUX port at 0x60,0x64 irq 12
[    6.719936] hv_vmbus: registering driver hyperv_keyboard
[    6.721473] cdx: vmbus_open: channel.id=6, sz= 80 KB (0 MB)
[    6.723102] cdx: vmbus_establish_gpadl:req:relid=6, gpadl=925404; resp:relid=6, gpadl=925404, status=0x0
[    6.727745] cdx: GPADL: total: requested = 379472 KB (370 MB); got = 364112 KB (355 MB)
[    6.732041] mousedev: PS/2 mouse device common for all mice
[    6.735111] input: PC Speaker as /devices/platform/pcspkr/input/input2
[    6.738645] rtc_cmos 00:00: RTC can wake from S4
[    6.762289] rtc_cmos 00:00: rtc core: registered rtc_cmos as rtc0
[    6.763060] input: AT Translated Set 2 keyboard as /devices/platform/i8042/serio0/input/input1
[    6.763703] input: AT Translated Set 2 keyboard as /devices/LNXSYSTM:00/LNXSYBUS:00/PNP0A03:00/device:07/VMBUS:01/d34b2567-b9b6-42b9-8778-0a4ec0b955bf/serio2/input/input4
[    6.775244] rtc_cmos 00:00: alarms up to one month, 114 bytes nvram
[    6.778811] piix4_smbus 0000:00:07.3: SMBus base address uninitialized - upgrade BIOS or use force_addr=0xaddr
[    6.784264] EDAC sbridge: Seeking for: PCI ID 8086:2fa0
[    6.787151] EDAC sbridge:  Ver: 1.1.2 
[    6.789395] ledtrig-cpu: registered to indicate activity on CPUs
[    6.792769] No iBFT detected.
[    6.794479] hidraw: raw HID events driver (C) Jiri Kosina
[    6.797585] hv_vmbus: registering driver hid_hyperv
[    6.800398] cdx: vmbus_open: channel.id=5, sz= 80 KB (0 MB)
[    6.803599] cdx: vmbus_establish_gpadl:req:relid=5, gpadl=925405; resp:relid=5, gpadl=925405, status=0x0
[    6.808890] cdx: GPADL: total: requested = 379552 KB (370 MB); got = 364192 KB (355 MB)
[    6.813585] input: Microsoft Vmbus HID-compliant Mouse as /devices/0006:045E:0621.0001/input/input6
[    6.818740] hid-generic 0006:045E:0621.0001: input: <UNKNOWN> HID v0.01 Mouse [Microsoft Vmbus HID-compliant Mouse] on 
[    6.824662] hv_utils: Registering HyperV Utility Driver
[    6.827424] hv_vmbus: registering driver hv_util
[    6.829901] cdx: vmbus_open: channel.id=11, sz= 32 KB (0 MB)
[    6.832979] cdx: vmbus_establish_gpadl:req:relid=11, gpadl=925406; resp:relid=11, gpadl=925406, status=0x0
[    6.838125] cdx: GPADL: total: requested = 379584 KB (370 MB); got = 364224 KB (355 MB)
[    6.842634] cdx: vmbus_open: channel.id=12, sz= 32 KB (0 MB)
[    6.842647] hv_utils: Shutdown IC version 3.0
[    6.848183] cdx: vmbus_establish_gpadl:req:relid=12, gpadl=925407; resp:relid=12, gpadl=925407, status=0x0
[    6.853423] cdx: GPADL: total: requested = 379616 KB (370 MB); got = 364256 KB (355 MB)
[    6.857865] hv_utils: TimeSync IC version 4.0
[    6.857888] cdx: vmbus_open: channel.id=13, sz= 32 KB (0 MB)
[    6.863775] cdx: vmbus_establish_gpadl:req:relid=13, gpadl=925408; resp:relid=13, gpadl=925408, status=0x0
[    6.869437] cdx: GPADL: total: requested = 379648 KB (370 MB); got = 364288 KB (355 MB)
[    6.874175] hv_utils: VSS IC version 5.0
[    6.874221] cdx: vmbus_open: channel.id=9, sz= 32 KB (0 MB)
[    6.879815] cdx: vmbus_establish_gpadl:req:relid=9, gpadl=925409; resp:relid=9, gpadl=925409, status=0x0
[    6.885219] cdx: GPADL: total: requested = 379680 KB (370 MB); got = 364320 KB (355 MB)
[    6.889872] hv_utils: Heartbeat IC version 3.0
[    6.889919] cdx: vmbus_open: channel.id=10, sz= 32 KB (0 MB)
[    6.895708] cdx: vmbus_establish_gpadl:req:relid=10, gpadl=925410; resp:relid=10, gpadl=925410, status=0x0
[    6.901142] cdx: GPADL: total: requested = 379712 KB (370 MB); got = 364352 KB (355 MB)
[    6.905780] hv_vmbus: registering driver hv_balloon
[    6.908627] cdx: vmbus_open: channel.id=1, sz= 40 KB (0 MB)
[    6.911844] cdx: vmbus_establish_gpadl:req:relid=1, gpadl=925411; resp:relid=1, gpadl=925411, status=0x0
[    6.917065] cdx: GPADL: total: requested = 379752 KB (370 MB); got = 364392 KB (355 MB)
[    6.921667] hv_balloon: Using Dynamic Memory protocol version 2.0
[    6.926603] ip_tables: (C) 2000-2006 Netfilter Core Team
[    6.949546] NET: Registered protocol family 10
[    6.955388] NET: Registered protocol family 17
[    6.959846] AVX2 version of gcm_enc/dec engaged.
[    6.962499] AES CTR mode by8 optimization enabled
[    6.975608] registered taskstats version 1
[    6.975631] Loading compiled-in X.509 certificates
[    6.976255] Loaded X.509 cert 'Build time autogenerated kernel key: afe200c7bf35d3968f4fae04acde03326aa8433f'
[    6.976435] zswap: loaded using pool lzo/zbud
[    6.976450] page_owner is disabled
[    6.978082] Key type trusted registered
[    6.979648] Key type encrypted registered
[    6.979654] AppArmor: AppArmor sha1 policy hashing enabled
[    6.979658] ima: No TPM chip found, activating TPM-bypass!
[    6.979682] evm: HMAC attrs: 0x1
[    6.980191]   Magic number: 10:426:546
[    6.980214] scsi_generic sg2: hash matches
[    6.980301] tty ttyS22: hash matches
[    6.980386] mem null: hash matches
[    6.980572] PM: Checking hibernation image partition swap
[    7.176010] psmouse serio1: trackpoint: failed to get extended button data, assuming 3 buttons
[   11.376069] psmouse serio1: trackpoint: IBM TrackPoint firmware: 0x01, buttons: 3/3
[   11.377015] input: TPPS/2 IBM TrackPoint as /devices/platform/i8042/serio1/input/input5
[   11.377370] PM: Hibernation image not present or could not be loaded.
[   11.394663] Freeing unused kernel memory: 2224K
[   11.394671] Write protecting the kernel read-only data: 14336k
[   11.403146] Freeing unused kernel memory: 696K
[   11.408109] Freeing unused kernel memory: 708K
[   11.485232] systemd[1]: systemd 228 running in system mode. (+PAM -AUDIT +SELINUX -IMA +APPARMOR -SMACK +SYSVINIT +UTMP +LIBCRYPTSETUP +GCRYPT -GNUTLS +ACL +XZ -LZ4 +SECCOMP +BLKID -ELFUTILS +KMOD -IDN)
[   11.485249] systemd[1]: Detected virtualization microsoft.
[   11.485253] systemd[1]: Detected architecture x86-64.
[   11.485254] systemd[1]: Running in initial RAM disk.
[   11.509353] systemd[1]: Set hostname to <decui-sles12sp3-20180221-jenkins>.
[   11.571688] systemd[1]: Reached target Swap.
[   11.578421] systemd[1]: Listening on udev Control Socket.
[   11.585832] systemd[1]: Listening on udev Kernel Socket.
[   11.594034] systemd[1]: Listening on Journal Socket (/dev/log).
[   11.602491] systemd[1]: Reached target Timers.
[   11.948245] blk_update_request: I/O error, dev fd0, sector 0
[   11.948259] floppy: error -5 while reading block 0
[   12.038123] EXT4-fs (sda2): mounted filesystem with ordered data mode. Opts: (null)
[   12.349924] systemd-journald[1012]: Received SIGTERM from PID 1 (systemd).
[   12.359513] systemd: 20 output lines suppressed due to ratelimiting
[   12.599792] EXT4-fs (sda2): re-mounted. Opts: (null)
[   12.751482] systemd-journald[1306]: Received request to flush runtime journal from PID 1
[   12.860258] blk_update_request: I/O error, dev fd0, sector 0
[   12.860262] floppy: error -5 while reading block 0
[   13.048445] EXT4-fs (sda1): mounting ext3 file system using the ext4 subsystem
[   13.056540] EXT4-fs (sda1): mounted filesystem with ordered data mode. Opts: (null)
[   13.267117] hv_utils: VSS: userspace daemon ver. 129 connected
[   43.440655] hv_utils: KVP IC version 4.0
[   43.985915] EXT4-fs (sdb1): mounted filesystem with ordered data mode. Opts: (null)
