[    0.000000] Linux version 4.20.0-cdx-rc2-94.11-default+ (root@decui-sles12sp3-20180221-jenkins) (gcc version 4.8.5 (SUSE Linux)) #5 SMP Mon Nov 12 19:22:34 UTC 2018
[    0.000000] Command line: BOOT_IMAGE=/vmlinuz-4.20.0-cdx-rc2-94.11-default+ root=UUID=3b826bfc-f0dd-42d8-9e49-06cf472a2ef2 root=/dev/disk/by-uuid/3b826bfc-f0dd-42d8-9e49-06cf472a2ef2 disk=/dev/sda resume=swap USE_BY_UUID_DEVICE_NAMES=1 earlyprintk=ttyS0 console=ttyS0 rootdelay=300 net.ifnames=0 dis_ucode_ldr ignore_loglevel sysrq_always_enabled unknown_nmi_panic oops=panic panic=30 maxcpus=256 mem=40G
[    0.000000] x86/fpu: Supporting XSAVE feature 0x001: 'x87 floating point registers'
[    0.000000] x86/fpu: Supporting XSAVE feature 0x002: 'SSE registers'
[    0.000000] x86/fpu: Supporting XSAVE feature 0x004: 'AVX registers'
[    0.000000] x86/fpu: xstate_offset[2]:  576, xstate_sizes[2]:  256
[    0.000000] x86/fpu: Enabled xstate features 0x7, context size is 832 bytes, using 'standard' format.
[    0.000000] BIOS-provided physical RAM map:
[    0.000000] BIOS-e820: [mem 0x0000000000000000-0x000000000009fbff] usable
[    0.000000] BIOS-e820: [mem 0x000000000009fc00-0x000000000009ffff] reserved
[    0.000000] BIOS-e820: [mem 0x00000000000e0000-0x00000000000fffff] reserved
[    0.000000] BIOS-e820: [mem 0x0000000000100000-0x000000003ffeffff] usable
[    0.000000] BIOS-e820: [mem 0x000000003fff0000-0x000000003fffefff] ACPI data
[    0.000000] BIOS-e820: [mem 0x000000003ffff000-0x000000003fffffff] ACPI NVS
[    0.000000] BIOS-e820: [mem 0x0000000100000000-0x0000000fdfffffff] usable
[    0.000000] BIOS-e820: [mem 0x0000001000000000-0x000000f41fffffff] usable
[    0.000000] BIOS-e820: [mem 0x000000f420200000-0x000001e7601fffff] usable
[    0.000000] BIOS-e820: [mem 0x000001e760400000-0x000002daa03fffff] usable
[    0.000000] BIOS-e820: [mem 0x000002daa0600000-0x000003cde05fffff] usable
[    0.000000] printk: bootconsole [earlyser0] enabled
[    0.000000] printk: debug: ignoring loglevel setting.
[    0.000000] e820: remove [mem 0xa00000000-0xfffffffffffffffe] usable
[    0.000000] NX (Execute Disable) protection: active
[    0.000000] user-defined physical RAM map:
[    0.000000] user: [mem 0x0000000000000000-0x000000000009fbff] usable
[    0.000000] user: [mem 0x000000000009fc00-0x000000000009ffff] reserved
[    0.000000] user: [mem 0x00000000000e0000-0x00000000000fffff] reserved
[    0.000000] user: [mem 0x0000000000100000-0x000000003ffeffff] usable
[    0.000000] user: [mem 0x000000003fff0000-0x000000003fffefff] ACPI data
[    0.000000] user: [mem 0x000000003ffff000-0x000000003fffffff] ACPI NVS
[    0.000000] user: [mem 0x0000000100000000-0x00000009ffffffff] usable
[    0.000000] SMBIOS 2.3 present.
[    0.000000] DMI: Microsoft Corporation Virtual Machine/Virtual Machine, BIOS 090007  06/02/2017
[    0.000000] Hypervisor detected: Microsoft Hyper-V
[    0.000000] Hyper-V: features 0x2e7f, hints 0x4c2c
[    0.000000] Hyper-V Host Build:14393-10.0-0-0.280
[    0.000000] Hyper-V: LAPIC Timer Frequency: 0xc3500
[    0.000000] tsc: Marking TSC unstable due to running on Hyper-V
[    0.000000] Hyper-V: Using hypercall for remote TLB flush
[    0.000000] tsc: Detected 2493.987 MHz processor
[    0.000910] e820: update [mem 0x00000000-0x00000fff] usable ==> reserved
[    0.004579] e820: remove [mem 0x000a0000-0x000fffff] usable
[    0.007645] last_pfn = 0xa00000 max_arch_pfn = 0x400000000
[    0.010677] MTRR default type: uncachable
[    0.012913] MTRR fixed ranges enabled:
[    0.015041]   00000-9FFFF write-back
[    0.017066]   A0000-DFFFF uncachable
[    0.019076]   E0000-FFFFF write-back
[    0.021099] MTRR variable ranges enabled:
[    0.023370]   0 base 00000000000 mask FFFC0000000 write-back
[    0.026518]   1 base 00100000000 mask FF000000000 write-back
[    0.029627]   2 base 01000000000 mask 80000000000 write-back
[    0.032719]   3 base 80000000000 mask 00000000000 write-back
[    0.035855]   4 disabled
[    0.037245]   5 disabled
[    0.038629]   6 disabled
[    0.040027]   7 disabled
[    0.041421] x86/PAT: Configuration [0-7]: WB  WC  UC- UC  WB  WP  UC- WT  
[    0.045224] e820: update [mem 0x40000000-0xffffffff] usable ==> reserved
[    0.048921] last_pfn = 0x3fff0 max_arch_pfn = 0x400000000
[    0.059311] found SMP MP-table at [mem 0x000ff780-0x000ff78f] mapped at [(____ptrval____)]
[    0.064071] check: Scanning 1 areas for low memory corruption
[    0.067318] Base memory trampoline at [(____ptrval____)] 99000 size 24576
[    0.071209] Using GB pages for direct mapping
[    0.073647] BRK [0x03602000, 0x03602fff] PGTABLE
[    0.076174] BRK [0x03603000, 0x03603fff] PGTABLE
[    0.078701] BRK [0x03604000, 0x03604fff] PGTABLE
[    0.081412] RAMDISK: [mem 0x37281000-0x37937fff]
[    0.084012] ACPI: Early table checksum verification disabled
[    0.087180] ACPI: RSDP 0x00000000000F5BF0 000014 (v00 ACPIAM)
[    0.090345] ACPI: RSDT 0x000000003FFF0000 000040 (v01 VRTUAL MICROSFT 06001702 MSFT 00000097)
[    0.095021] ACPI: FACP 0x000000003FFF0200 000081 (v02 VRTUAL MICROSFT 06001702 MSFT 00000097)
[    0.099725] ACPI: DSDT 0x000000003FFF1D24 003CBE (v01 MSFTVM MSFTVM02 00000002 INTL 02002026)
[    0.104454] ACPI: FACS 0x000000003FFFF000 000040
[    0.106990] ACPI: WAET 0x000000003FFF1A80 000028 (v01 VRTUAL MICROSFT 06001702 MSFT 00000097)
[    0.111672] ACPI: SLIC 0x000000003FFF1AC0 000176 (v01 VRTUAL MICROSFT 06001702 MSFT 00000097)
[    0.116370] ACPI: OEM0 0x000000003FFF1CC0 000064 (v01 VRTUAL MICROSFT 06001702 MSFT 00000097)
[    0.121067] ACPI: SRAT 0x000000003FFF0800 0009C0 (v02 VRTUAL MICROSFT 00000001 MSFT 00000001)
[    0.125740] ACPI: APIC 0x000000003FFF0300 000452 (v01 VRTUAL MICROSFT 06001702 MSFT 00000097)
[    0.130457] ACPI: OEMB 0x000000003FFFF040 000064 (v01 VRTUAL MICROSFT 06001702 MSFT 00000097)
[    0.135138] ACPI: Local APIC address 0xfee00000
[    0.137649] SRAT: PXM 0 -> APIC 0x00 -> Node 0
[    0.140078] SRAT: PXM 0 -> APIC 0x01 -> Node 0
[    0.142517] SRAT: PXM 0 -> APIC 0x02 -> Node 0
[    0.144975] SRAT: PXM 0 -> APIC 0x03 -> Node 0
[    0.147420] SRAT: PXM 0 -> APIC 0x04 -> Node 0
[    0.149856] SRAT: PXM 0 -> APIC 0x05 -> Node 0
[    0.152312] SRAT: PXM 0 -> APIC 0x06 -> Node 0
[    0.154750] SRAT: PXM 0 -> APIC 0x07 -> Node 0
[    0.157200] SRAT: PXM 0 -> APIC 0x08 -> Node 0
[    0.159654] SRAT: PXM 0 -> APIC 0x09 -> Node 0
[    0.162092] SRAT: PXM 0 -> APIC 0x0a -> Node 0
[    0.164549] SRAT: PXM 0 -> APIC 0x0b -> Node 0
[    0.167022] SRAT: PXM 0 -> APIC 0x0c -> Node 0
[    0.169458] SRAT: PXM 0 -> APIC 0x0d -> Node 0
[    0.171903] SRAT: PXM 0 -> APIC 0x0e -> Node 0
[    0.174329] SRAT: PXM 0 -> APIC 0x0f -> Node 0
[    0.176753] SRAT: PXM 0 -> APIC 0x10 -> Node 0
[    0.179209] SRAT: PXM 0 -> APIC 0x11 -> Node 0
[    0.181640] SRAT: PXM 0 -> APIC 0x12 -> Node 0
[    0.184084] SRAT: PXM 0 -> APIC 0x13 -> Node 0
[    0.186522] SRAT: PXM 0 -> APIC 0x14 -> Node 0
[    0.188959] SRAT: PXM 0 -> APIC 0x15 -> Node 0
[    0.191397] SRAT: PXM 0 -> APIC 0x16 -> Node 0
[    0.193855] SRAT: PXM 0 -> APIC 0x17 -> Node 0
[    0.196301] SRAT: PXM 0 -> APIC 0x18 -> Node 0
[    0.198736] SRAT: PXM 0 -> APIC 0x19 -> Node 0
[    0.201178] SRAT: PXM 0 -> APIC 0x1a -> Node 0
[    0.203627] SRAT: PXM 0 -> APIC 0x1b -> Node 0
[    0.206079] SRAT: PXM 0 -> APIC 0x1c -> Node 0
[    0.208520] SRAT: PXM 0 -> APIC 0x1d -> Node 0
[    0.210990] SRAT: PXM 0 -> APIC 0x1e -> Node 0
[    0.213432] SRAT: PXM 0 -> APIC 0x1f -> Node 0
[    0.215873] SRAT: PXM 1 -> APIC 0x20 -> Node 1
[    0.218317] SRAT: PXM 1 -> APIC 0x21 -> Node 1
[    0.220781] SRAT: PXM 1 -> APIC 0x22 -> Node 1
[    0.223221] SRAT: PXM 1 -> APIC 0x23 -> Node 1
[    0.225669] SRAT: PXM 1 -> APIC 0x24 -> Node 1
[    0.228127] SRAT: PXM 1 -> APIC 0x25 -> Node 1
[    0.230576] SRAT: PXM 1 -> APIC 0x26 -> Node 1
[    0.233009] SRAT: PXM 1 -> APIC 0x27 -> Node 1
[    0.235454] SRAT: PXM 1 -> APIC 0x28 -> Node 1
[    0.237900] SRAT: PXM 1 -> APIC 0x29 -> Node 1
[    0.240341] SRAT: PXM 1 -> APIC 0x2a -> Node 1
[    0.242778] SRAT: PXM 1 -> APIC 0x2b -> Node 1
[    0.245236] SRAT: PXM 1 -> APIC 0x2c -> Node 1
[    0.247679] SRAT: PXM 1 -> APIC 0x2d -> Node 1
[    0.250134] SRAT: PXM 1 -> APIC 0x2e -> Node 1
[    0.252564] SRAT: PXM 1 -> APIC 0x2f -> Node 1
[    0.255028] SRAT: PXM 1 -> APIC 0x30 -> Node 1
[    0.257475] SRAT: PXM 1 -> APIC 0x31 -> Node 1
[    0.259910] SRAT: PXM 1 -> APIC 0x32 -> Node 1
[    0.262336] SRAT: PXM 1 -> APIC 0x33 -> Node 1
[    0.264774] SRAT: PXM 1 -> APIC 0x34 -> Node 1
[    0.267224] SRAT: PXM 1 -> APIC 0x35 -> Node 1
[    0.269673] SRAT: PXM 1 -> APIC 0x36 -> Node 1
[    0.272116] SRAT: PXM 1 -> APIC 0x37 -> Node 1
[    0.274556] SRAT: PXM 1 -> APIC 0x38 -> Node 1
[    0.277029] SRAT: PXM 1 -> APIC 0x39 -> Node 1
[    0.279480] SRAT: PXM 1 -> APIC 0x3a -> Node 1
[    0.281924] SRAT: PXM 1 -> APIC 0x3b -> Node 1
[    0.284366] SRAT: PXM 1 -> APIC 0x3c -> Node 1
[    0.286795] SRAT: PXM 1 -> APIC 0x3d -> Node 1
[    0.289243] SRAT: PXM 1 -> APIC 0x3e -> Node 1
[    0.291678] SRAT: PXM 1 -> APIC 0x3f -> Node 1
[    0.294138] SRAT: PXM 2 -> APIC 0x40 -> Node 2
[    0.296582] SRAT: PXM 2 -> APIC 0x41 -> Node 2
[    0.299042] SRAT: PXM 2 -> APIC 0x42 -> Node 2
[    0.301480] SRAT: PXM 2 -> APIC 0x43 -> Node 2
[    0.303900] SRAT: PXM 2 -> APIC 0x44 -> Node 2
[    0.306319] SRAT: PXM 2 -> APIC 0x45 -> Node 2
[    0.308736] SRAT: PXM 2 -> APIC 0x46 -> Node 2
[    0.311172] SRAT: PXM 2 -> APIC 0x47 -> Node 2
[    0.313627] SRAT: PXM 2 -> APIC 0x48 -> Node 2
[    0.316120] SRAT: PXM 2 -> APIC 0x49 -> Node 2
[    0.318607] SRAT: PXM 2 -> APIC 0x4a -> Node 2
[    0.321122] SRAT: PXM 2 -> APIC 0x4b -> Node 2
[    0.323600] SRAT: PXM 2 -> APIC 0x4c -> Node 2
[    0.326092] SRAT: PXM 2 -> APIC 0x4d -> Node 2
[    0.328511] SRAT: PXM 2 -> APIC 0x4e -> Node 2
[    0.330947] SRAT: PXM 2 -> APIC 0x4f -> Node 2
[    0.333392] SRAT: PXM 2 -> APIC 0x50 -> Node 2
[    0.335961] SRAT: PXM 2 -> APIC 0x51 -> Node 2
[    0.338548] SRAT: PXM 2 -> APIC 0x52 -> Node 2
[    0.341146] SRAT: PXM 2 -> APIC 0x53 -> Node 2
[    0.343672] SRAT: PXM 2 -> APIC 0x54 -> Node 2
[    0.346181] SRAT: PXM 2 -> APIC 0x55 -> Node 2
[    0.348687] SRAT: PXM 2 -> APIC 0x56 -> Node 2
[    0.351256] SRAT: PXM 2 -> APIC 0x57 -> Node 2
[    0.353737] SRAT: PXM 2 -> APIC 0x58 -> Node 2
[    0.356234] SRAT: PXM 2 -> APIC 0x59 -> Node 2
[    0.358708] SRAT: PXM 2 -> APIC 0x5a -> Node 2
[    0.361211] SRAT: PXM 2 -> APIC 0x5b -> Node 2
[    0.363694] SRAT: PXM 2 -> APIC 0x5c -> Node 2
[    0.366196] SRAT: PXM 2 -> APIC 0x5d -> Node 2
[    0.368670] SRAT: PXM 2 -> APIC 0x5e -> Node 2
[    0.371086] SRAT: PXM 2 -> APIC 0x5f -> Node 2
[    0.373508] SRAT: PXM 3 -> APIC 0x60 -> Node 3
[    0.375924] SRAT: PXM 3 -> APIC 0x61 -> Node 3
[    0.378337] SRAT: PXM 3 -> APIC 0x62 -> Node 3
[    0.380749] SRAT: PXM 3 -> APIC 0x63 -> Node 3
[    0.383292] SRAT: PXM 3 -> APIC 0x64 -> Node 3
[    0.385715] SRAT: PXM 3 -> APIC 0x65 -> Node 3
[    0.388153] SRAT: PXM 3 -> APIC 0x66 -> Node 3
[    0.390573] SRAT: PXM 3 -> APIC 0x67 -> Node 3
[    0.393015] SRAT: PXM 3 -> APIC 0x68 -> Node 3
[    0.395441] SRAT: PXM 3 -> APIC 0x69 -> Node 3
[    0.397895] SRAT: PXM 3 -> APIC 0x6a -> Node 3
[    0.400347] SRAT: PXM 3 -> APIC 0x6b -> Node 3
[    0.402791] SRAT: PXM 3 -> APIC 0x6c -> Node 3
[    0.405254] SRAT: PXM 3 -> APIC 0x6d -> Node 3
[    0.407694] SRAT: PXM 3 -> APIC 0x6e -> Node 3
[    0.410172] SRAT: PXM 3 -> APIC 0x6f -> Node 3
[    0.412616] SRAT: PXM 3 -> APIC 0x70 -> Node 3
[    0.415064] SRAT: PXM 3 -> APIC 0x71 -> Node 3
[    0.417517] SRAT: PXM 3 -> APIC 0x72 -> Node 3
[    0.419968] SRAT: PXM 3 -> APIC 0x73 -> Node 3
[    0.422425] SRAT: PXM 3 -> APIC 0x74 -> Node 3
[    0.424965] SRAT: PXM 3 -> APIC 0x75 -> Node 3
[    0.427439] SRAT: PXM 3 -> APIC 0x76 -> Node 3
[    0.429926] SRAT: PXM 3 -> APIC 0x77 -> Node 3
[    0.432409] SRAT: PXM 3 -> APIC 0x78 -> Node 3
[    0.434905] SRAT: PXM 3 -> APIC 0x79 -> Node 3
[    0.437384] SRAT: PXM 3 -> APIC 0x7a -> Node 3
[    0.439876] SRAT: PXM 3 -> APIC 0x7b -> Node 3
[    0.442296] SRAT: PXM 3 -> APIC 0x7c -> Node 3
[    0.444717] SRAT: PXM 3 -> APIC 0x7d -> Node 3
[    0.447160] SRAT: PXM 3 -> APIC 0x7e -> Node 3
[    0.449572] SRAT: PXM 3 -> APIC 0x7f -> Node 3
[    0.452020] ACPI: SRAT: Node 0 PXM 0 [mem 0x00000000-0x3fffffff] hotplug
[    0.455655] ACPI: SRAT: Node 0 PXM 0 [mem 0x100000000-0xfdfffffff] hotplug
[    0.459411] ACPI: SRAT: Node 0 PXM 0 [mem 0x1000000000-0xf41fffffff] hotplug
[    0.463231] ACPI: SRAT: Node 1 PXM 1 [mem 0xf420200000-0x1e7601fffff] hotplug
[    0.467114] ACPI: SRAT: Node 2 PXM 2 [mem 0x1e760400000-0x2daa03fffff] hotplug
[    0.471071] ACPI: SRAT: Node 3 PXM 3 [mem 0x2daa0600000-0x3cde05fffff] hotplug
[    0.474995] ACPI: SRAT: Node 0 PXM 0 [mem 0x3cde0800000-0x3da683fffff] hotplug
[    0.478945] ACPI: SRAT: Node 1 PXM 1 [mem 0x3da68600000-0x3e6f01fffff] hotplug
[    0.482877] ACPI: SRAT: Node 2 PXM 2 [mem 0x3e6f0400000-0x3f377ffffff] hotplug
[    0.486800] ACPI: SRAT: Node 3 PXM 3 [mem 0x3f378200000-0x3ffffdfffff] hotplug
[    0.490737] NUMA: Node 0 [mem 0x00000000-0x3fffffff] + [mem 0x100000000-0x9ffffffff] -> [mem 0x00000000-0x9ffffffff]
[    0.496500] NODE_DATA(0) allocated [mem 0x9fffd5000-0x9ffffefff]
[    0.500015] Zone ranges:
[    0.501390]   DMA      [mem 0x0000000000001000-0x0000000000ffffff]
[    0.504774]   DMA32    [mem 0x0000000001000000-0x00000000ffffffff]
[    0.508205]   Normal   [mem 0x0000000100000000-0x00000009ffffffff]
[    0.511613]   Device   empty
[    0.513198] Movable zone start for each node
[    0.515550] Early memory node ranges
[    0.517524]   node   0: [mem 0x0000000000001000-0x000000000009efff]
[    0.521015]   node   0: [mem 0x0000000000100000-0x000000003ffeffff]
[    0.524460]   node   0: [mem 0x0000000100000000-0x00000009ffffffff]
[    0.527924] Zeroed struct page in unavailable ranges: 114 pages
[    0.527925] Initmem setup node 0 [mem 0x0000000000001000-0x00000009ffffffff]
[    0.535074] On node 0 totalpages: 9699214
[    0.537284]   DMA zone: 64 pages used for memmap
[    0.539805]   DMA zone: 21 pages reserved
[    0.542014]   DMA zone: 3998 pages, LIFO batch:0
[    0.544639]   DMA32 zone: 4032 pages used for memmap
[    0.547378]   DMA32 zone: 258032 pages, LIFO batch:63
[    0.558814]   Normal zone: 147456 pages used for memmap
[    0.561710]   Normal zone: 9437184 pages, LIFO batch:63
[    0.567111] ACPI: PM-Timer IO Port: 0x408
[    0.569386] ACPI: Local APIC address 0xfee00000
[    0.571971] ACPI: LAPIC_NMI (acpi_id[0xff] dfl dfl lint[0x1])
[    0.575662] IOAPIC[0]: apic_id 0, version 17, address 0xfec00000, GSI 0-23
[    0.579562] ACPI: INT_SRC_OVR (bus 0 bus_irq 0 global_irq 2 dfl dfl)
[    0.583182] ACPI: INT_SRC_OVR (bus 0 bus_irq 9 global_irq 9 high level)
[    0.586944] ACPI: IRQ0 used by override.
[    0.589159] ACPI: IRQ9 used by override.
[    0.591374] Using ACPI (MADT) for SMP configuration information
[    0.594715] smpboot: Allowing 128 CPUs, 0 hotplug CPUs
[    0.597556] NODE_DATA(1) allocated [mem 0x9fff9db00-0x9fffc7aff]
[    0.600876]     NODE_DATA(1) on node 0
[    0.602972] Initmem setup node 1 [mem 0x0000000000000000-0x0000000000000000]
[    0.606845] On node 1 totalpages: 0
[    0.608762] NODE_DATA(2) allocated [mem 0x9fff73b00-0x9fff9daff]
[    0.612093]     NODE_DATA(2) on node 0
[    0.614192] Initmem setup node 2 [mem 0x0000000000000000-0x0000000000000000]
[    0.618058] On node 2 totalpages: 0
[    0.619955] NODE_DATA(3) allocated [mem 0x9fff49b00-0x9fff73aff]
[    0.623238]     NODE_DATA(3) on node 0
[    0.625335] Initmem setup node 3 [mem 0x0000000000000000-0x0000000000000000]
[    0.629358] On node 3 totalpages: 0
[    0.631354] PM: Registered nosave memory: [mem 0x00000000-0x00000fff]
[    0.634999] PM: Registered nosave memory: [mem 0x0009f000-0x0009ffff]
[    0.638612] PM: Registered nosave memory: [mem 0x000a0000-0x000dffff]
[    0.642256] PM: Registered nosave memory: [mem 0x000e0000-0x000fffff]
[    0.645868] PM: Registered nosave memory: [mem 0x3fff0000-0x3fffefff]
[    0.649471] PM: Registered nosave memory: [mem 0x3ffff000-0x3fffffff]
[    0.653068] PM: Registered nosave memory: [mem 0x40000000-0xffffffff]
[    0.656665] [mem 0x40000000-0xffffffff] available for PCI devices
[    0.660089] Booting paravirtualized kernel on bare hardware
[    0.663203] clocksource: refined-jiffies: mask: 0xffffffff max_cycles: 0xffffffff, max_idle_ns: 7645519600211568 ns
[    0.760222] random: get_random_bytes called from start_kernel+0x8b/0x4ec with crng_init=0
[    0.764938] setup_percpu: NR_CPUS:8192 nr_cpumask_bits:128 nr_cpu_ids:128 nr_node_ids:4
[    0.776444] percpu: Embedded 45 pages/cpu @(____ptrval____) s146904 r8192 d29224 u262144
[    0.781080] pcpu-alloc: s146904 r8192 d29224 u262144 alloc=1*2097152
[    0.784679] pcpu-alloc: [0] 000 001 002 003 004 005 006 007 
[    0.787919] pcpu-alloc: [0] 008 009 010 011 012 013 014 015 
[    0.791150] pcpu-alloc: [0] 016 017 018 019 020 021 022 023 
[    0.794334] pcpu-alloc: [0] 024 025 026 027 028 029 030 031 
[    0.797468] pcpu-alloc: [1] 032 033 034 035 036 037 038 039 
[    0.800562] pcpu-alloc: [1] 040 041 042 043 044 045 046 047 
[    0.803656] pcpu-alloc: [1] 048 049 050 051 052 053 054 055 
[    0.806748] pcpu-alloc: [1] 056 057 058 059 060 061 062 063 
[    0.809854] pcpu-alloc: [2] 064 065 066 067 068 069 070 071 
[    0.813011] pcpu-alloc: [2] 072 073 074 075 076 077 078 079 
[    0.816137] pcpu-alloc: [2] 080 081 082 083 084 085 086 087 
[    0.819267] pcpu-alloc: [2] 088 089 090 091 092 093 094 095 
[    0.822390] pcpu-alloc: [3] 096 097 098 099 100 101 102 103 
[    0.825478] pcpu-alloc: [3] 104 105 106 107 108 109 110 111 
[    0.828606] pcpu-alloc: [3] 112 113 114 115 116 117 118 119 
[    0.831718] pcpu-alloc: [3] 120 121 122 123 124 125 126 127 
[    0.834879] Hyper-V: PV spinlocks enabled
[    0.837108] PV qspinlock hash table entries: 512 (order: 1, 8192 bytes)
[    0.840754] Built 4 zonelists, mobility grouping on.  Total pages: 9547641
[    0.844565] Policy zone: Normal
[    0.846299] Kernel command line: BOOT_IMAGE=/vmlinuz-4.20.0-cdx-rc2-94.11-default+ root=UUID=3b826bfc-f0dd-42d8-9e49-06cf472a2ef2 root=/dev/disk/by-uuid/3b826bfc-f0dd-42d8-9e49-06cf472a2ef2 disk=/dev/sda resume=swap USE_BY_UUID_DEVICE_NAMES=1 earlyprintk=ttyS0 console=ttyS0 rootdelay=300 net.ifnames=0 dis_ucode_ldr ignore_loglevel sysrq_always_enabled unknown_nmi_panic oops=panic panic=30 maxcpus=256 mem=40G
[    0.869203] sysrq: sysrq always enabled.
[    0.871416] printk: log_buf_len individual max cpu contribution: 4096 bytes
[    0.875267] printk: log_buf_len total cpu_extra contributions: 520192 bytes
[    0.879113] printk: log_buf_len min size: 262144 bytes
[    0.882163] printk: log_buf_len: 1048576 bytes
[    0.884603] printk: early log buf free: 242956(92%)
[    0.916531] Memory: 1067752K/38796856K available (12309K kernel code, 2139K rwdata, 3996K rodata, 2732K init, 11992K bss, 743144K reserved, 0K cma-reserved)
[    0.925521] Kernel/User page tables isolation: enabled
[    0.928532] ftrace: allocating 35883 entries in 141 pages
[    0.945441] rcu: Hierarchical RCU implementation.
[    0.948100] rcu: 	RCU event tracing is enabled.
[    0.950659] rcu: 	RCU restricting CPUs from NR_CPUS=8192 to nr_cpu_ids=128.
[    0.954578] rcu: RCU calculated value of scheduler-enlistment delay is 25 jiffies.
[    0.958866] rcu: Adjusting geometry for rcu_fanout_leaf=16, nr_cpu_ids=128
[    0.965261] NR_IRQS: 524544, nr_irqs: 1448, preallocated irqs: 16
[    0.980233] Console: colour VGA+ 80x25
[    0.982494] printk: console [ttyS0] enabled
[    0.987304] printk: bootconsole [earlyser0] disabled
[    0.993063] mempolicy: Enabling automatic NUMA balancing. Configure with numa_balancing= or the kernel.numa_balancing sysctl
[    0.999360] ACPI: Core revision 20181003
[    1.002026] APIC: Switch to symmetric I/O mode setup
[    1.004952] Switched APIC routing to physical flat.
[    1.008007] Hyper-V: Using IPI hypercalls
[    1.010467] Hyper-V: Using MSR based APIC access
[    1.013208] clocksource: hyperv_clocksource_tsc_page: mask: 0xffffffffffffffff max_cycles: 0x24e6a1710, max_idle_ns: 440795202120 ns
[    1.037850] ..TIMER: vector=0x30 apic1=0 pin1=2 apic2=-1 pin2=-1
[    1.041898] Calibrating delay loop (skipped), value calculated using timer frequency.. 4987.97 BogoMIPS (lpj=9975948)
[    1.045890] pid_max: default: 131072 minimum: 1024
[    1.050474] LSM: Security Framework initializing
[    1.053332] AppArmor: AppArmor initialized
[    1.069143] Dentry cache hash table entries: 8388608 (order: 14, 67108864 bytes)
[    1.080152] Inode-cache hash table entries: 4194304 (order: 13, 33554432 bytes)
[    1.082207] Mount-cache hash table entries: 131072 (order: 8, 1048576 bytes)
[    1.086105] Mountpoint-cache hash table entries: 131072 (order: 8, 1048576 bytes)
[    1.094479] mce: CPU supports 1 MCE banks
[    1.096843] Last level iTLB entries: 4KB 1024, 2MB 1024, 4MB 1024
[    1.097890] Last level dTLB entries: 4KB 1024, 2MB 1024, 4MB 1024, 1GB 4
[    1.101892] Spectre V2 : Vulnerable: Minimal generic ASM retpoline
[    1.105889] Spectre V2 : Spectre v2 / SpectreRSB mitigation: Filling RSB on context switch
[    1.109889] Speculative Store Bypass: Vulnerable
[    1.114096] Freeing SMP alternatives memory: 36K
[    1.119744] smpboot: CPU0: Intel(R) Xeon(R) CPU E7-8890 v3 @ 2.50GHz (family: 0x6, model: 0x3f, stepping: 0x4)
[    1.122110] Performance Events: unsupported p6 CPU model 63 no PMU driver, software events only.
[    1.125933] rcu: Hierarchical SRCU implementation.
[    1.130287] NMI watchdog: Perf NMI watchdog permanently disabled
[    1.135674] smp: Bringing up secondary CPUs ...
[    1.138066] x86: Booting SMP configuration:
[    1.141893] .... node  #0, CPUs:          #1   #2   #3   #4   #5   #6   #7   #8   #9  #10  #11  #12  #13  #14  #15  #16  #17  #18  #19  #20  #21  #22  #23  #24  #25  #26  #27  #28  #29  #30  #31
[    1.165892] .... node  #1, CPUs:    #32  #33  #34  #35  #36  #37  #38  #39  #40  #41  #42  #43  #44  #45  #46  #47  #48  #49  #50  #51  #52  #53  #54  #55  #56  #57  #58  #59  #60  #61  #62  #63
[    1.273891] .... node  #2, CPUs:    #64  #65  #66  #67  #68  #69  #70  #71  #72  #73  #74  #75  #76  #77  #78  #79  #80  #81  #82  #83  #84  #85  #86  #87  #88  #89  #90  #91  #92  #93  #94  #95
[    1.385891] .... node  #3, CPUs:    #96  #97  #98  #99 #100 #101 #102 #103 #104 #105 #106 #107 #108 #109 #110 #111 #112 #113 #114 #115 #116 #117 #118 #119 #120 #121 #122 #123 #124 #125 #126 #127
[    1.490600] smp: Brought up 4 nodes, 128 CPUs
[    1.497890] smpboot: Max logical packages: 4
[    1.501909] smpboot: Total of 128 processors activated (638472.43 BogoMIPS)
[    1.849907] node 0 initialised, 9213722 pages in 336ms
[    1.855686] devtmpfs: initialized
[    1.857962] x86/mm: Memory block size: 128MB
[    1.863142] PM: Registering ACPI NVS region [mem 0x3ffff000-0x3fffffff] (4096 bytes)
[    1.866819] clocksource: jiffies: mask: 0xffffffff max_cycles: 0xffffffff, max_idle_ns: 7645041785100000 ns
[    1.870019] futex hash table entries: 32768 (order: 9, 2097152 bytes)
[    1.875758] pinctrl core: initialized pinctrl subsystem
[    1.878258] RTC time: 19:37:42, date: 11/12/18
[    1.882434] NET: Registered protocol family 16
[    1.882434] audit: initializing netlink subsys (disabled)
[    1.885928] audit: type=2000 audit(1542051461.872:1): state=initialized audit_enabled=0 res=1
[    1.889909] cpuidle: using governor ladder
[    1.893980] cpuidle: using governor menu
[    1.896350] ACPI: bus type PCI registered
[    1.897915] acpiphp: ACPI Hot Plug PCI Controller Driver version: 0.5
[    1.902360] PCI: Using configuration type 1 for base access
[    1.911269] HugeTLB registered 1.00 GiB page size, pre-allocated 0 pages
[    1.913892] HugeTLB registered 2.00 MiB page size, pre-allocated 0 pages
[    1.918788] cryptd: max_cpu_qlen set to 1000
[    1.925943] ACPI: Added _OSI(Module Device)
[    1.925943] ACPI: Added _OSI(Processor Device)
[    1.929919] ACPI: Added _OSI(3.0 _SCP Extensions)
[    1.933891] ACPI: Added _OSI(Processor Aggregator Device)
[    1.933891] ACPI: Added _OSI(Linux-Dell-Video)
[    1.937890] ACPI: Added _OSI(Linux-Lenovo-NV-HDMI-Audio)
[    1.944259] ACPI: 1 ACPI AML tables successfully acquired and loaded
[    1.951582] ACPI: Interpreter enabled
[    1.953890] ACPI: (supports S0 S5)
[    1.953891] ACPI: Using IOAPIC for interrupt routing
[    1.957918] PCI: Using host bridge windows from ACPI; if necessary, use "pci=nocrs" and report a bug
[    1.962199] ACPI: Enabled 1 GPEs in block 00 to 0F
[    1.987011] ACPI: PCI Root Bridge [PCI0] (domain 0000 [bus 00-ff])
[    1.989895] acpi PNP0A03:00: _OSC: OS supports [ASPM ClockPM Segments MSI]
[    1.993932] acpi PNP0A03:00: fail to add MMCONFIG information, can't access extended PCI configuration space under this bridge.
[    2.002044] PCI host bridge to bus 0000:00
[    2.002044] pci_bus 0000:00: root bus resource [mem 0xfe0000000-0xfffffffff window]
[    2.005891] pci_bus 0000:00: root bus resource [io  0x0000-0x0cf7 window]
[    2.009890] pci_bus 0000:00: root bus resource [io  0x0d00-0xffff window]
[    2.013890] pci_bus 0000:00: root bus resource [mem 0x000a0000-0x000bffff window]
[    2.017891] pci_bus 0000:00: root bus resource [mem 0x40000000-0xfffbffff window]
[    2.021892] pci_bus 0000:00: root bus resource [bus 00-ff]
[    2.026043] pci 0000:00:00.0: [8086:7192] type 00 class 0x060000
[    2.031873] pci 0000:00:07.0: [8086:7110] type 00 class 0x060100
[    2.039087] pci 0000:00:07.1: [8086:7111] type 00 class 0x010180
[    2.044121] pci 0000:00:07.1: reg 0x20: [io  0xffa0-0xffaf]
[    2.046745] pci 0000:00:07.1: legacy IDE quirk: reg 0x10: [io  0x01f0-0x01f7]
[    2.053891] pci 0000:00:07.1: legacy IDE quirk: reg 0x14: [io  0x03f6]
[    2.053891] pci 0000:00:07.1: legacy IDE quirk: reg 0x18: [io  0x0170-0x0177]
[    2.057891] pci 0000:00:07.1: legacy IDE quirk: reg 0x1c: [io  0x0376]
[    2.065890] pci 0000:00:07.3: [8086:7113] type 00 class 0x068000
[    2.065929] * Found PM-Timer Bug on the chipset. Due to workarounds for a bug,
               * this clock source is slow. Consider trying other clock sources
[    2.078741] pci 0000:00:07.3: quirk: [io  0x0400-0x043f] claimed by PIIX4 ACPI
[    2.082743] pci 0000:00:08.0: [1414:5353] type 00 class 0x030000
[    2.086420] pci 0000:00:08.0: reg 0x10: [mem 0xf8000000-0xfbffffff]
[    2.117890] ACPI: PCI Interrupt Link [LNKA] (IRQs 3 4 5 7 9 10 *11 12 14 15)
[    2.122073] ACPI: PCI Interrupt Link [LNKB] (IRQs 3 4 5 7 9 10 11 12 14 15) *0, disabled.
[    2.126121] ACPI: PCI Interrupt Link [LNKC] (IRQs 3 4 5 7 9 10 11 12 14 15) *0, disabled.
[    2.130126] ACPI: PCI Interrupt Link [LNKD] (IRQs 3 4 5 7 9 10 11 12 14 15) *0, disabled.
[    2.137939] pci 0000:00:08.0: vgaarb: setting as boot VGA device
[    2.141353] pci 0000:00:08.0: vgaarb: VGA device added: decodes=io+mem,owns=io+mem,locks=none
[    2.145891] pci 0000:00:08.0: vgaarb: bridge control possible
[    2.149104] vgaarb: loaded
[    2.150031] SCSI subsystem initialized
[    2.153939] libata version 3.00 loaded.
[    2.153939] pps_core: LinuxPPS API ver. 1 registered
[    2.157890] pps_core: Software ver. 5.3.6 - Copyright 2005-2007 Rodolfo Giometti <giometti@linux.it>
[    2.161893] PTP clock support registered
[    2.164112] EDAC MC: Ver: 3.0.0
[    2.173915] hv_vmbus: Vmbus version:4.0
[    2.176214] PCI: Using ACPI for IRQ routing
[    2.177894] PCI: pci_cache_line_size set to 64 bytes
[    2.181187] e820: reserve RAM buffer [mem 0x0009fc00-0x0009ffff]
[    2.185892] e820: reserve RAM buffer [mem 0x3fff0000-0x3fffffff]
[    2.189501] NetLabel: Initializing
[    2.189892] NetLabel:  domain hash size = 128
[    2.192357] NetLabel:  protocols = UNLABELED CIPSOv4 CALIPSO
[    2.193907] NetLabel:  unlabeled traffic allowed by default
[    2.198638] clocksource: Switched to clocksource hyperv_clocksource_tsc_page
[    2.215696] VFS: Disk quotas dquot_6.6.0
[    2.218155] VFS: Dquot-cache hash table entries: 512 (order 0, 4096 bytes)
[    2.222404] AppArmor: AppArmor Filesystem Enabled
[    2.225161] pnp: PnP ACPI init
[    2.227053] pnp 00:00: Plug and Play ACPI device, IDs PNP0b00 (active)
[    2.230910] pnp 00:01: Plug and Play ACPI device, IDs PNP0303 PNP030b (active)
[    2.235154] pnp 00:02: Plug and Play ACPI device, IDs PNP0f03 PNP0f13 (active)
[    2.239869] pnp 00:03: [dma 0 disabled]
[    2.242129] pnp 00:03: Plug and Play ACPI device, IDs PNP0501 (active)
[    2.246474] pnp 00:04: [dma 0 disabled]
[    2.248682] pnp 00:04: Plug and Play ACPI device, IDs PNP0501 (active)
[    2.253102] pnp 00:05: [dma 2]
[    2.254912] pnp 00:05: Plug and Play ACPI device, IDs PNP0700 (active)
[    2.258671] system 00:06: [io  0x01e0-0x01ef] has been reserved
[    2.262030] system 00:06: [io  0x0160-0x016f] has been reserved
[    2.265364] system 00:06: [io  0x0278-0x027f] has been reserved
[    2.268707] system 00:06: [io  0x0378-0x037f] has been reserved
[    2.272080] system 00:06: [io  0x0678-0x067f] has been reserved
[    2.275437] system 00:06: [io  0x0778-0x077f] has been reserved
[    2.278803] system 00:06: [io  0x04d0-0x04d1] has been reserved
[    2.282168] system 00:06: Plug and Play ACPI device, IDs PNP0c02 (active)
[    2.286231] system 00:07: [io  0x0400-0x043f] has been reserved
[    2.289565] system 00:07: [io  0x0370-0x0371] has been reserved
[    2.292915] system 00:07: [io  0x0440-0x044f] has been reserved
[    2.296289] system 00:07: [mem 0xfec00000-0xfec00fff] could not be reserved
[    2.300238] system 00:07: [mem 0xfee00000-0xfee00fff] has been reserved
[    2.303982] system 00:07: Plug and Play ACPI device, IDs PNP0c02 (active)
[    2.308031] system 00:08: [mem 0x00000000-0x0009ffff] could not be reserved
[    2.312083] system 00:08: [mem 0x000c0000-0x000dffff] could not be reserved
[    2.316182] system 00:08: [mem 0x000e0000-0x000fffff] could not be reserved
[    2.320287] system 00:08: [mem 0x00100000-0x3fffffff] could not be reserved
[    2.324392] system 00:08: [mem 0xfffc0000-0xffffffff] has been reserved
[    2.328306] system 00:08: Plug and Play ACPI device, IDs PNP0c01 (active)
[    2.332521] pnp: PnP ACPI: found 9 devices
[    2.341480] clocksource: acpi_pm: mask: 0xffffff max_cycles: 0xffffff, max_idle_ns: 2085701024 ns
[    2.346638] pci_bus 0000:00: resource 4 [mem 0xfe0000000-0xfffffffff window]
[    2.350745] pci_bus 0000:00: resource 5 [io  0x0000-0x0cf7 window]
[    2.354340] pci_bus 0000:00: resource 6 [io  0x0d00-0xffff window]
[    2.357927] pci_bus 0000:00: resource 7 [mem 0x000a0000-0x000bffff window]
[    2.361826] pci_bus 0000:00: resource 8 [mem 0x40000000-0xfffbffff window]
[    2.366029] NET: Registered protocol family 2
[    2.368681] tcp_listen_portaddr_hash hash table entries: 32768 (order: 7, 524288 bytes)
[    2.373447] TCP established hash table entries: 524288 (order: 10, 4194304 bytes)
[    2.378539] TCP bind hash table entries: 65536 (order: 8, 1048576 bytes)
[    2.382490] TCP: Hash tables configured (established 524288 bind 65536)
[    2.386498] UDP hash table entries: 32768 (order: 8, 1048576 bytes)
[    2.390266] UDP-Lite hash table entries: 32768 (order: 8, 1048576 bytes)
[    2.394755] NET: Registered protocol family 1
[    2.397262] pci 0000:00:00.0: Limiting direct PCI/PCI transfers
[    2.400875] pci 0000:00:08.0: Video device with shadowed ROM at [mem 0x000c0000-0x000dffff]
[    2.405724] PCI: CLS 0 bytes, default 64
[    2.408122] Unpacking initramfs...
[    2.873917] random: fast init done
[    2.990129] Freeing initrd memory: 6876K
[    2.992505] PCI-DMA: Using software bounce buffering for IO (SWIOTLB)
[    2.996261] software IO TLB: mapped [mem 0x3bff0000-0x3fff0000] (64MB)
[    3.003125] RAPL PMU: API unit is 2^-32 Joules, 3 fixed counters, 10737418240 ms ovfl timer
[    3.007851] RAPL PMU: hw unit of domain pp0-core 2^-0 Joules
[    3.011025] RAPL PMU: hw unit of domain package 2^-0 Joules
[    3.014141] RAPL PMU: hw unit of domain dram 2^-16 Joules
[    3.017136] KVM: vmx: using Hyper-V Enlightened VMCS
[    3.290133] check: Scanning for low memory corruption every 60 seconds
[    3.303811] Initialise system trusted keyrings
[    3.306454] Key type blacklist registered
[    3.308838] workingset: timestamp_bits=36 max_order=24 bucket_order=0
[    3.315433] zbud: loaded
[    3.370668] alg: No test for fips(ansi_cprng) (fips_ansi_cprng)
[    3.387304] Key type asymmetric registered
[    3.389739] Asymmetric key parser 'x509' registered
[    3.392667] Block layer SCSI generic (bsg) driver version 0.4 loaded (major 247)
[    3.397438] io scheduler noop registered
[    3.399750] io scheduler deadline registered
[    3.402403] io scheduler cfq registered (default)
[    3.405174] io scheduler mq-deadline registered
[    3.407869] io scheduler kyber registered
[    3.413012] hv_vmbus: registering driver hyperv_fb
[    3.415880] intel_idle: Please enable MWAIT in BIOS SETUP
[    3.416040] cdx: vmbus_open: channel.id=7, sz= 512 KB (0 MB)
[    3.419200] input: Power Button as /devices/LNXSYSTM:00/LNXPWRBN:00/input/input0
[    3.426569] cdx: vmbus_establish_gpadl:req:relid=7, gpadl=925200; resp:relid=7, gpadl=925200, status=0x0
[    3.426651] ACPI: Power Button [PWRF]
[    3.432000] cdx: total: want= 512 KB, 0 MB; got = 512 KB, 0 MB
[    3.437621] hyperv_fb: Screen resolution: 1152x864, Color depth: 32
[    3.440969] Serial: 8250/16550 driver, 32 ports, IRQ sharing enabled
[    3.449778] Console: switching to colour frame buffer device 144x54
[    3.472459] 00:03: ttyS0 at I/O 0x3f8 (irq = 4, base_baud = 115200) is a 16550A
[    3.507093] 00:04: ttyS1 at I/O 0x2f8 (irq = 3, base_baud = 115200) is a 16550A
[    3.512429] Non-volatile memory driver v1.3
[    3.514904] Linux agpgart interface v0.103
[    3.530060] hv_vmbus: registering driver hv_storvsc
[    3.532768] Floppy drive(s): fd0 is 1.44M
[    3.533237] ata_piix 0000:00:07.1: version 2.13
[    3.533829] cdx: vmbus_open: channel.id=2, sz= 2048 KB (2 MB)
[    3.535439] cdx: vmbus_establish_gpadl:req:relid=2, gpadl=925201; resp:relid=2, gpadl=925201, status=0x0
[    3.538453] ata_piix 0000:00:07.1: Hyper-V Virtual Machine detected, ATA device ignore set
[    3.541627] cdx: total: want= 2560 KB, 2 MB; got = 2560 KB, 2 MB
[    3.549658] scsi host1: ata_piix
[    3.557748] scsi host0: storvsc_host_t
[    3.557819] scsi host2: ata_piix
[    3.562169] scsi 0:0:0:0: Direct-Access     Msft     Virtual Disk     1.0  PQ: 0 ANSI: 5
[    3.562186] ata1: PATA max UDMA/33 cmd 0x1f0 ctl 0x3f6 bmdma 0xffa0 irq 14
[    3.562601] FDC 0 is an 82078.
[    3.572866] ata2: PATA max UDMA/33 cmd 0x170 ctl 0x376 bmdma 0xffa8 irq 15
[    3.576925] hv_vmbus: registering driver hv_netvsc
[    3.579948] i8042: PNP: PS/2 Controller [PNP0303:PS2K,PNP0f03:PS2M] at 0x60,0x64 irq 1,12
[    3.580354] cdx: vmbus_open: channel.id=15, sz= 1024 KB (1 MB)
[    3.586762] sd 0:0:0:0: Attached scsi generic sg0 type 0
[    3.588043] cdx: vmbus_establish_gpadl:req:relid=15, gpadl=925202; resp:relid=15, gpadl=925202, status=0x0
[    3.588726] serio: i8042 KBD port at 0x60,0x64 irq 1
[    3.588732] serio: i8042 AUX port at 0x60,0x64 irq 12
[    3.588734] sd 0:0:0:0: [sda] 62914560 512-byte logical blocks: (32.2 GB/30.0 GiB)
[    3.588736] sd 0:0:0:0: [sda] 4096-byte physical blocks
[    3.588746] hv_vmbus: registering driver hyperv_keyboard
[    3.588828] sd 0:0:0:0: [sda] Write Protect is off
[    3.588829] sd 0:0:0:0: [sda] Mode Sense: 0f 00 10 00
[    3.588844] mousedev: PS/2 mouse device common for all mice
[    3.588872] cdx: vmbus_open: channel.id=6, sz= 80 KB (0 MB)
[    3.588923] cdx: vmbus_establish_gpadl:req:relid=6, gpadl=925203; resp:relid=6, gpadl=925203, status=0x0
[    3.588924] cdx: total: want= 3664 KB, 3 MB; got = 2640 KB, 2 MB
[    3.588932] sd 0:0:0:0: [sda] Write cache: enabled, read cache: enabled, supports DPO and FUA
[    3.588957] input: PC Speaker as /devices/platform/pcspkr/input/input1
[    3.589217] rtc_cmos 00:00: RTC can wake from S4
[    3.590457]  sda: sda1 sda2
[    3.590616] cdx: vmbus_open: channel.id=3, sz= 2048 KB (2 MB)
[    3.590966] cdx: vmbus_establish_gpadl:req:relid=3, gpadl=925204; resp:relid=3, gpadl=925204, status=0x0
[    3.590967] cdx: total: want= 5712 KB, 5 MB; got = 4688 KB, 4 MB
[    3.591391] scsi host3: storvsc_host_t
[    3.591889] scsi 3:0:1:0: Direct-Access     Msft     Virtual Disk     1.0  PQ: 0 ANSI: 5
[    3.592134] sd 3:0:1:0: Attached scsi generic sg1 type 0
[    3.592460] sd 3:0:1:0: [sdb] 8589934592 512-byte logical blocks: (4.40 TB/4.00 TiB)
[    3.592461] sd 3:0:1:0: [sdb] 4096-byte physical blocks
[    3.592503] sd 3:0:1:0: [sdb] Write Protect is off
[    3.592504] sd 3:0:1:0: [sdb] Mode Sense: 0f 00 10 00
[    3.592594] sd 3:0:1:0: [sdb] Write cache: disabled, read cache: enabled, supports DPO and FUA
[    3.592814] cdx: vmbus_open: channel.id=23, sz= 2048 KB (2 MB)
[    3.593163] cdx: vmbus_establish_gpadl:req:relid=23, gpadl=925205; resp:relid=23, gpadl=925205, status=0x0
[    3.593164] cdx: total: want= 7760 KB, 7 MB; got = 6736 KB, 6 MB
[    3.594756]  sdb: sdb1
[    3.595469] sd 3:0:1:0: [sdb] Attached SCSI disk
[    3.595696] cdx: total: want= 7760 KB, 7 MB; got = 7760 KB, 7 MB
[    3.596547] scsi host4: storvsc_host_t
[    3.597682] input: AT Translated Set 2 keyboard as /devices/platform/i8042/serio0/input/input2
[    3.611143] rtc_cmos 00:00: registered as rtc0
[    3.611460] sd 0:0:0:0: [sda] Attached SCSI disk
[    3.627222] cdx: vmbus_open: channel.id=24, sz= 2048 KB (2 MB)
[    3.630242] rtc_cmos 00:00: alarms up to one month, 114 bytes nvram
[    3.634297] cdx: netvsc_init_buf: 1: device=00000000c5a68d9e, recv_sz= 16384 KB
[    3.636971] cdx: vmbus_establish_gpadl:req:relid=24, gpadl=925206; resp:relid=24, gpadl=925206, status=0x0
[    3.636973] cdx: total: want= 9808 KB, 9 MB; got = 9808 KB, 9 MB
[    3.638734] piix4_smbus 0000:00:07.3: SMBus base address uninitialized - upgrade BIOS or use force_addr=0xaddr
[    3.640671] scsi host5: storvsc_host_t
[    3.642156] scsi 5:0:0:1: Direct-Access     Msft     Virtual Disk     1.0  PQ: 0 ANSI: 5
[    3.642397] sd 5:0:0:1: Attached scsi generic sg2 type 0
[    3.642741] sd 5:0:0:1: [sdc] 1048576000 512-byte logical blocks: (537 GB/500 GiB)
[    3.644971] cdx: vmbus_establish_gpadl:req:relid=15, gpadl=925207; resp:relid=15, gpadl=925207, status=0x0
[    3.644972] cdx: total: want= 26192 KB, 25 MB; got = 26192 KB, 25 MB
[    3.645176] EDAC sbridge: Seeking for: PCI ID 8086:2fa0
[    3.646847] sd 5:0:0:1: [sdc] 4096-byte physical blocks
[    3.646899] sd 5:0:0:1: [sdc] Write Protect is off
[    3.647167] cdx: netvsc_init_buf: 2: device=00000000c5a68d9e, send_sz= 1020 KB
[    3.647354] cdx: vmbus_establish_gpadl:req:relid=15, gpadl=925208; resp:relid=15, gpadl=925208, status=0x0
[    3.647355] cdx: total: want= 27212 KB, 26 MB; got = 27212 KB, 26 MB
[    3.650216] EDAC sbridge:  Ver: 1.1.2 
[    3.655705] sd 5:0:0:1: [sdc] Mode Sense: 0f 00 10 00
[    3.655808] sd 5:0:0:1: [sdc] Write cache: disabled, read cache: enabled, supports DPO and FUA
[    3.660515] cdx: vmbus_open: channel.id=16, sz= 1024 KB (1 MB)
[    3.662261]  sdc: sdc1
[    3.664610] ledtrig-cpu: registered to indicate activity on CPUs
[    3.664612] No iBFT detected.
[    3.664627] hidraw: raw HID events driver (C) Jiri Kosina
[    3.664637] hv_vmbus: registering driver hid_hyperv
[    3.664649] hv_utils: Registering HyperV Utility Driver
[    3.664650] hv_vmbus: registering driver hv_util
[    3.664659] hv_vmbus: registering driver hv_balloon
[    3.664682] cdx: vmbus_open: channel.id=11, sz= 32 KB (0 MB)
[    3.664695] cdx: vmbus_open: channel.id=5, sz= 80 KB (0 MB)
[    3.664948] cdx: vmbus_establish_gpadl:req:relid=11, gpadl=925209; resp:relid=11, gpadl=925209, status=0x0
[    3.664949] cdx: total: want= 27324 KB, 26 MB; got = 27244 KB, 26 MB
[    3.664951] cdx: vmbus_establish_gpadl:req:relid=5, gpadl=925210; resp:relid=5, gpadl=925210, status=0x0
[    3.664952] cdx: total: want= 27324 KB, 26 MB; got = 27324 KB, 26 MB
[    3.664979] cdx: vmbus_open: channel.id=1, sz= 40 KB (0 MB)
[    3.665109] cdx: vmbus_establish_gpadl:req:relid=1, gpadl=925211; resp:relid=1, gpadl=925211, status=0x0
[    3.665110] cdx: vmbus_open: channel.id=12, sz= 32 KB (0 MB)
[    3.665111] cdx: total: want= 27364 KB, 26 MB; got = 27364 KB, 26 MB
[    3.665157] cdx: vmbus_establish_gpadl:req:relid=12, gpadl=925212; resp:relid=12, gpadl=925212, status=0x0
[    3.665158] cdx: total: want= 27396 KB, 26 MB; got = 27396 KB, 26 MB
[    3.665172] hv_utils: Shutdown IC version 3.0
[    3.665277] cdx: vmbus_open: channel.id=13, sz= 32 KB (0 MB)
[    3.665312] hv_utils: TimeSync IC version 4.0
[    3.665323] cdx: vmbus_establish_gpadl:req:relid=13, gpadl=925213; resp:relid=13, gpadl=925213, status=0x0
[    3.665324] cdx: total: want= 27428 KB, 26 MB; got = 27428 KB, 26 MB
[    3.665339] input: Microsoft Vmbus HID-compliant Mouse as /devices/0006:045E:0621.0001/input/input5
[    3.665357] hv_balloon: Using Dynamic Memory protocol version 2.0
[    3.665400] cdx: vmbus_open: channel.id=9, sz= 32 KB (0 MB)
[    3.665425] hid-generic 0006:045E:0621.0001: input: <UNKNOWN> HID v0.01 Mouse [Microsoft Vmbus HID-compliant Mouse] on 
[    3.665445] cdx: vmbus_establish_gpadl:req:relid=9, gpadl=925214; resp:relid=9, gpadl=925214, status=0x0
[    3.665446] cdx: total: want= 27460 KB, 26 MB; got = 27460 KB, 26 MB
[    3.665452] hv_utils: VSS IC version 5.0
[    3.665591] hv_utils: Heartbeat IC version 3.0
[    3.665642] cdx: vmbus_open: channel.id=10, sz= 32 KB (0 MB)
[    3.665679] cdx: vmbus_establish_gpadl:req:relid=10, gpadl=925215; resp:relid=10, gpadl=925215, status=0x0
[    3.665680] cdx: total: want= 27492 KB, 26 MB; got = 27492 KB, 26 MB
[    3.667125] cdx: vmbus_establish_gpadl:req:relid=16, gpadl=925216; resp:relid=16, gpadl=925216, status=0x0
[    3.670829] sd 5:0:0:1: [sdc] Attached SCSI disk
[    3.674652] cdx: total: want= 28516 KB, 27 MB; got = 28516 KB, 27 MB
[    3.716440] NET: Registered protocol family 10
[    3.717649] cdx: netvsc_init_buf: 1: device=00000000e3955dda, recv_sz= 16384 KB
[    3.718416] cdx: vmbus_open: channel.id=25, sz= 2048 KB (2 MB)
[    3.719447] cdx: vmbus_establish_gpadl:req:relid=25, gpadl=925218; resp:relid=25, gpadl=925218, status=0x0
[    3.721340] cdx: vmbus_establish_gpadl:req:relid=16, gpadl=925217; resp:relid=16, gpadl=925217, status=0x0
[    3.724739] cdx: total: want= 46948 KB, 45 MB; got = 30564 KB, 29 MB
[    3.728383] cdx: total: want= 46948 KB, 45 MB; got = 46948 KB, 45 MB
[    3.729024] cdx: netvsc_init_buf: 2: device=00000000e3955dda, send_sz= 1020 KB
[    3.736290] ata1.01: host indicates ignore ATA devices, ignored
[    3.738377] cdx: vmbus_establish_gpadl:req:relid=16, gpadl=925219; resp:relid=16, gpadl=925219, status=0x0
[    3.742523] ata1.00: host indicates ignore ATA devices, ignored
[    3.747273] cdx: total: want= 47968 KB, 46 MB; got = 47968 KB, 46 MB
[    3.838410] cdx: vmbus_open: channel.id=26, sz= 2048 KB (2 MB)
[    3.998528] cdx: vmbus_establish_gpadl:req:relid=26, gpadl=925220; resp:relid=26, gpadl=925220, status=0x0
[    4.003233] cdx: total: want= 50016 KB, 48 MB; got = 50016 KB, 48 MB
[    4.013907] psmouse serio1: trackpoint: failed to get extended button data, assuming 3 buttons
[    4.114402] cdx: vmbus_open: channel.id=27, sz= 2048 KB (2 MB)
[    4.118155] cdx: vmbus_establish_gpadl:req:relid=27, gpadl=925221; resp:relid=27, gpadl=925221, status=0x0
[    4.123753] cdx: total: want= 52064 KB, 50 MB; got = 52064 KB, 50 MB
[    4.234397] cdx: vmbus_open: channel.id=28, sz= 2048 KB (2 MB)
[    4.238167] cdx: vmbus_establish_gpadl:req:relid=28, gpadl=925222; resp:relid=28, gpadl=925222, status=0x0
[    4.243796] cdx: total: want= 54112 KB, 52 MB; got = 54112 KB, 52 MB
[    4.354409] cdx: vmbus_open: channel.id=29, sz= 2048 KB (2 MB)
[    4.358161] cdx: vmbus_establish_gpadl:req:relid=29, gpadl=925223; resp:relid=29, gpadl=925223, status=0x0
[    4.363785] cdx: total: want= 56160 KB, 54 MB; got = 56160 KB, 54 MB
[    4.474409] cdx: vmbus_open: channel.id=30, sz= 2048 KB (2 MB)
[    4.478154] cdx: vmbus_establish_gpadl:req:relid=30, gpadl=925224; resp:relid=30, gpadl=925224, status=0x0
[    4.483731] cdx: total: want= 58208 KB, 56 MB; got = 58208 KB, 56 MB
[    4.594399] cdx: vmbus_open: channel.id=31, sz= 2048 KB (2 MB)
[    4.598144] cdx: vmbus_establish_gpadl:req:relid=31, gpadl=925225; resp:relid=31, gpadl=925225, status=0x0
[    4.603735] cdx: total: want= 60256 KB, 58 MB; got = 60256 KB, 58 MB
[    4.714397] cdx: vmbus_open: channel.id=32, sz= 2048 KB (2 MB)
[    4.718144] cdx: vmbus_establish_gpadl:req:relid=32, gpadl=925226; resp:relid=32, gpadl=925226, status=0x0
[    4.723736] cdx: total: want= 62304 KB, 60 MB; got = 62304 KB, 60 MB
[    4.834424] cdx: vmbus_open: channel.id=33, sz= 2048 KB (2 MB)
[    4.838165] cdx: vmbus_establish_gpadl:req:relid=33, gpadl=925227; resp:relid=33, gpadl=925227, status=0x0
[    4.843766] cdx: total: want= 64352 KB, 62 MB; got = 64352 KB, 62 MB
[    4.954404] cdx: vmbus_open: channel.id=34, sz= 2048 KB (2 MB)
[    4.958166] cdx: vmbus_establish_gpadl:req:relid=34, gpadl=925228; resp:relid=34, gpadl=925228, status=0x0
[    4.963726] cdx: total: want= 66400 KB, 64 MB; got = 66400 KB, 64 MB
[    5.074410] cdx: vmbus_open: channel.id=35, sz= 2048 KB (2 MB)
[    5.078163] cdx: vmbus_establish_gpadl:req:relid=35, gpadl=925229; resp:relid=35, gpadl=925229, status=0x0
[    5.083725] cdx: total: want= 68448 KB, 66 MB; got = 68448 KB, 66 MB
[    5.194399] cdx: vmbus_open: channel.id=36, sz= 2048 KB (2 MB)
[    5.198213] cdx: vmbus_establish_gpadl:req:relid=36, gpadl=925230; resp:relid=36, gpadl=925230, status=0x0
[    5.203845] cdx: total: want= 70496 KB, 68 MB; got = 70496 KB, 68 MB
[    5.314396] cdx: vmbus_open: channel.id=37, sz= 2048 KB (2 MB)
[    5.318187] cdx: vmbus_establish_gpadl:req:relid=37, gpadl=925231; resp:relid=37, gpadl=925231, status=0x0
[    5.323831] cdx: total: want= 72544 KB, 70 MB; got = 72544 KB, 70 MB
[    5.434404] cdx: vmbus_open: channel.id=38, sz= 2048 KB (2 MB)
[    5.438201] cdx: vmbus_establish_gpadl:req:relid=38, gpadl=925232; resp:relid=38, gpadl=925232, status=0x0
[    5.443814] cdx: total: want= 74592 KB, 72 MB; got = 74592 KB, 72 MB
[    5.554403] cdx: vmbus_open: channel.id=39, sz= 2048 KB (2 MB)
[    5.558181] cdx: vmbus_establish_gpadl:req:relid=39, gpadl=925233; resp:relid=39, gpadl=925233, status=0x0
[    5.563789] cdx: total: want= 76640 KB, 74 MB; got = 76640 KB, 74 MB
[    5.674392] cdx: vmbus_open: channel.id=40, sz= 2048 KB (2 MB)
[    5.678054] cdx: vmbus_establish_gpadl:req:relid=40, gpadl=925234; resp:relid=40, gpadl=925234, status=0x0
[    5.683523] cdx: total: want= 78688 KB, 76 MB; got = 78688 KB, 76 MB
[    5.794398] cdx: vmbus_open: channel.id=41, sz= 2048 KB (2 MB)
[    5.798056] cdx: vmbus_establish_gpadl:req:relid=41, gpadl=925235; resp:relid=41, gpadl=925235, status=0x0
[    5.803518] cdx: total: want= 80736 KB, 78 MB; got = 80736 KB, 78 MB
[    5.914393] cdx: vmbus_open: channel.id=42, sz= 2048 KB (2 MB)
[    5.918042] cdx: vmbus_establish_gpadl:req:relid=42, gpadl=925236; resp:relid=42, gpadl=925236, status=0x0
[    5.923490] cdx: total: want= 82784 KB, 80 MB; got = 82784 KB, 80 MB
[    6.034401] cdx: vmbus_open: channel.id=43, sz= 2048 KB (2 MB)
[    6.038055] cdx: vmbus_establish_gpadl:req:relid=43, gpadl=925237; resp:relid=43, gpadl=925237, status=0x0
[    6.043519] cdx: total: want= 84832 KB, 82 MB; got = 84832 KB, 82 MB
[    6.154395] cdx: vmbus_open: channel.id=44, sz= 2048 KB (2 MB)
[    6.158137] cdx: vmbus_establish_gpadl:req:relid=44, gpadl=925238; resp:relid=44, gpadl=925238, status=0x0
[    6.163685] cdx: total: want= 86880 KB, 84 MB; got = 86880 KB, 84 MB
[    6.274391] cdx: vmbus_open: channel.id=45, sz= 2048 KB (2 MB)
[    6.278113] cdx: vmbus_establish_gpadl:req:relid=45, gpadl=925239; resp:relid=45, gpadl=925239, status=0x0
[    6.283651] cdx: total: want= 88928 KB, 86 MB; got = 88928 KB, 86 MB
[    6.394403] cdx: vmbus_open: channel.id=46, sz= 2048 KB (2 MB)
[    6.398204] cdx: vmbus_establish_gpadl:req:relid=46, gpadl=925240; resp:relid=46, gpadl=925240, status=0x0
[    6.403782] cdx: total: want= 90976 KB, 88 MB; got = 90976 KB, 88 MB
[    6.514395] cdx: vmbus_open: channel.id=47, sz= 2048 KB (2 MB)
[    6.518155] cdx: vmbus_establish_gpadl:req:relid=47, gpadl=925241; resp:relid=47, gpadl=925241, status=0x0
[    6.523763] cdx: total: want= 93024 KB, 90 MB; got = 93024 KB, 90 MB
[    6.634406] cdx: vmbus_open: channel.id=48, sz= 2048 KB (2 MB)
[    6.638147] cdx: vmbus_establish_gpadl:req:relid=48, gpadl=925242; resp:relid=48, gpadl=925242, status=0x0
[    6.643719] cdx: total: want= 95072 KB, 92 MB; got = 95072 KB, 92 MB
[    6.754403] cdx: vmbus_open: channel.id=49, sz= 2048 KB (2 MB)
[    6.758120] cdx: vmbus_establish_gpadl:req:relid=49, gpadl=925243; resp:relid=49, gpadl=925243, status=0x0
[    6.763681] cdx: total: want= 97120 KB, 94 MB; got = 97120 KB, 94 MB
[    6.874428] cdx: vmbus_open: channel.id=50, sz= 2048 KB (2 MB)
[    6.878173] cdx: vmbus_establish_gpadl:req:relid=50, gpadl=925244; resp:relid=50, gpadl=925244, status=0x0
[    6.883768] cdx: total: want= 99168 KB, 96 MB; got = 99168 KB, 96 MB
[    6.994406] cdx: vmbus_open: channel.id=51, sz= 2048 KB (2 MB)
[    6.998158] cdx: vmbus_establish_gpadl:req:relid=51, gpadl=925245; resp:relid=51, gpadl=925245, status=0x0
[    7.003774] cdx: total: want= 101216 KB, 98 MB; got = 101216 KB, 98 MB
[    7.114409] cdx: vmbus_open: channel.id=52, sz= 2048 KB (2 MB)
[    7.118169] cdx: vmbus_establish_gpadl:req:relid=52, gpadl=925246; resp:relid=52, gpadl=925246, status=0x0
[    7.123761] cdx: total: want= 103264 KB, 100 MB; got = 103264 KB, 100 MB
[    7.234404] cdx: vmbus_open: channel.id=53, sz= 2048 KB (2 MB)
[    7.238142] cdx: vmbus_establish_gpadl:req:relid=53, gpadl=925247; resp:relid=53, gpadl=925247, status=0x0
[    7.243779] cdx: total: want= 105312 KB, 102 MB; got = 105312 KB, 102 MB
[    7.354395] cdx: vmbus_open: channel.id=54, sz= 2048 KB (2 MB)
[    7.358180] cdx: vmbus_establish_gpadl:req:relid=54, gpadl=925248; resp:relid=54, gpadl=925248, status=0x0
[    7.363791] cdx: total: want= 107360 KB, 104 MB; got = 107360 KB, 104 MB
[    7.474404] cdx: vmbus_open: channel.id=55, sz= 2048 KB (2 MB)
[    7.478155] cdx: vmbus_establish_gpadl:req:relid=55, gpadl=925249; resp:relid=55, gpadl=925249, status=0x0
[    7.483762] cdx: total: want= 109408 KB, 106 MB; got = 109408 KB, 106 MB
[    7.594404] cdx: vmbus_open: channel.id=56, sz= 2048 KB (2 MB)
[    7.598141] cdx: vmbus_establish_gpadl:req:relid=56, gpadl=925250; resp:relid=56, gpadl=925250, status=0x0
[    7.603746] cdx: total: want= 111456 KB, 108 MB; got = 111456 KB, 108 MB
[    7.689926] psmouse serio1: trackpoint: IBM TrackPoint firmware: 0x01, buttons: 3/3
[    7.695096] input: TPPS/2 IBM TrackPoint as /devices/platform/i8042/serio1/input/input4
[    7.700010] input: AT Translated Set 2 keyboard as /devices/LNXSYSTM:00/LNXSYBUS:00/PNP0A03:00/device:07/VMBUS:01/d34b2567-b9b6-42b9-8778-0a4ec0b955bf/serio2/input/input6
[    7.714399] cdx: vmbus_open: channel.id=57, sz= 2048 KB (2 MB)
[    7.718070] cdx: vmbus_establish_gpadl:req:relid=57, gpadl=925251; resp:relid=57, gpadl=925251, status=0x0
[    7.723588] cdx: total: want= 113504 KB, 110 MB; got = 113504 KB, 110 MB
[    7.834405] cdx: vmbus_open: channel.id=58, sz= 2048 KB (2 MB)
[    7.838127] cdx: vmbus_establish_gpadl:req:relid=58, gpadl=925252; resp:relid=58, gpadl=925252, status=0x0
[    7.843701] cdx: total: want= 115552 KB, 112 MB; got = 115552 KB, 112 MB
[    7.954395] cdx: vmbus_open: channel.id=59, sz= 2048 KB (2 MB)
[    7.958119] cdx: vmbus_establish_gpadl:req:relid=59, gpadl=925253; resp:relid=59, gpadl=925253, status=0x0
[    7.963685] cdx: total: want= 117600 KB, 114 MB; got = 117600 KB, 114 MB
[    8.074405] cdx: vmbus_open: channel.id=60, sz= 2048 KB (2 MB)
[    8.078113] cdx: vmbus_establish_gpadl:req:relid=60, gpadl=925254; resp:relid=60, gpadl=925254, status=0x0
[    8.083646] cdx: total: want= 119648 KB, 116 MB; got = 119648 KB, 116 MB
[    8.194409] cdx: vmbus_open: channel.id=61, sz= 2048 KB (2 MB)
[    8.198184] cdx: vmbus_establish_gpadl:req:relid=61, gpadl=925255; resp:relid=61, gpadl=925255, status=0x0
[    8.203782] cdx: total: want= 121696 KB, 118 MB; got = 121696 KB, 118 MB
[    8.314404] cdx: vmbus_open: channel.id=62, sz= 2048 KB (2 MB)
[    8.318090] cdx: vmbus_establish_gpadl:req:relid=62, gpadl=925256; resp:relid=62, gpadl=925256, status=0x0
[    8.323588] cdx: total: want= 123744 KB, 120 MB; got = 123744 KB, 120 MB
[    8.434405] cdx: vmbus_open: channel.id=63, sz= 2048 KB (2 MB)
[    8.438117] cdx: vmbus_establish_gpadl:req:relid=63, gpadl=925257; resp:relid=63, gpadl=925257, status=0x0
[    8.443604] cdx: total: want= 125792 KB, 122 MB; got = 125792 KB, 122 MB
[    8.554407] cdx: vmbus_open: channel.id=64, sz= 2048 KB (2 MB)
[    8.558112] cdx: vmbus_establish_gpadl:req:relid=64, gpadl=925258; resp:relid=64, gpadl=925258, status=0x0
[    8.563591] cdx: total: want= 127840 KB, 124 MB; got = 127840 KB, 124 MB
[    8.674437] cdx: vmbus_open: channel.id=65, sz= 2048 KB (2 MB)
[    8.678128] cdx: vmbus_establish_gpadl:req:relid=65, gpadl=925259; resp:relid=65, gpadl=925259, status=0x0
[    8.683596] cdx: total: want= 129888 KB, 126 MB; got = 129888 KB, 126 MB
[    8.794408] cdx: vmbus_open: channel.id=66, sz= 2048 KB (2 MB)
[    8.798115] cdx: vmbus_establish_gpadl:req:relid=66, gpadl=925260; resp:relid=66, gpadl=925260, status=0x0
[    8.803633] cdx: total: want= 131936 KB, 128 MB; got = 131936 KB, 128 MB
[    8.914427] cdx: vmbus_open: channel.id=67, sz= 2048 KB (2 MB)
[    8.918123] cdx: vmbus_establish_gpadl:req:relid=67, gpadl=925261; resp:relid=67, gpadl=925261, status=0x0
[    8.923596] cdx: total: want= 133984 KB, 130 MB; got = 133984 KB, 130 MB
[    9.034406] cdx: vmbus_open: channel.id=68, sz= 2048 KB (2 MB)
[    9.038103] cdx: vmbus_establish_gpadl:req:relid=68, gpadl=925262; resp:relid=68, gpadl=925262, status=0x0
[    9.043601] cdx: total: want= 136032 KB, 132 MB; got = 136032 KB, 132 MB
[    9.154408] cdx: vmbus_open: channel.id=69, sz= 2048 KB (2 MB)
[    9.158098] cdx: vmbus_establish_gpadl:req:relid=69, gpadl=925263; resp:relid=69, gpadl=925263, status=0x0
[    9.163571] cdx: total: want= 138080 KB, 134 MB; got = 138080 KB, 134 MB
[    9.245959] random: crng init done
[    9.274412] cdx: vmbus_open: channel.id=70, sz= 2048 KB (2 MB)
[    9.278116] cdx: vmbus_establish_gpadl:req:relid=70, gpadl=925264; resp:relid=70, gpadl=925264, status=0x0
[    9.283604] cdx: total: want= 140128 KB, 136 MB; got = 140128 KB, 136 MB
[    9.394400] cdx: vmbus_open: channel.id=71, sz= 2048 KB (2 MB)
[    9.398116] cdx: vmbus_establish_gpadl:req:relid=71, gpadl=925265; resp:relid=71, gpadl=925265, status=0x0
[    9.403666] cdx: total: want= 142176 KB, 138 MB; got = 142176 KB, 138 MB
[    9.514412] cdx: vmbus_open: channel.id=72, sz= 2048 KB (2 MB)
[    9.518074] cdx: vmbus_establish_gpadl:req:relid=72, gpadl=925266; resp:relid=72, gpadl=925266, status=0x0
[    9.523534] cdx: total: want= 144224 KB, 140 MB; got = 144224 KB, 140 MB
[    9.634403] cdx: vmbus_open: channel.id=73, sz= 2048 KB (2 MB)
[    9.638137] cdx: vmbus_establish_gpadl:req:relid=73, gpadl=925267; resp:relid=73, gpadl=925267, status=0x0
[    9.643646] cdx: total: want= 146272 KB, 142 MB; got = 146272 KB, 142 MB
[    9.754401] cdx: vmbus_open: channel.id=74, sz= 2048 KB (2 MB)
[    9.758093] cdx: vmbus_establish_gpadl:req:relid=74, gpadl=925268; resp:relid=74, gpadl=925268, status=0x0
[    9.763596] cdx: total: want= 148320 KB, 144 MB; got = 148320 KB, 144 MB
[    9.874404] cdx: vmbus_open: channel.id=75, sz= 2048 KB (2 MB)
[    9.878164] cdx: vmbus_establish_gpadl:req:relid=75, gpadl=925269; resp:relid=75, gpadl=925269, status=0x0
[    9.883658] cdx: total: want= 150368 KB, 146 MB; got = 150368 KB, 146 MB
[    9.994406] cdx: vmbus_open: channel.id=76, sz= 2048 KB (2 MB)
[    9.998118] cdx: vmbus_establish_gpadl:req:relid=76, gpadl=925270; resp:relid=76, gpadl=925270, status=0x0
[   10.003602] cdx: total: want= 152416 KB, 148 MB; got = 152416 KB, 148 MB
[   10.114407] cdx: vmbus_open: channel.id=77, sz= 2048 KB (2 MB)
[   10.118106] cdx: vmbus_establish_gpadl:req:relid=77, gpadl=925271; resp:relid=77, gpadl=925271, status=0x0
[   10.123606] cdx: total: want= 154464 KB, 150 MB; got = 154464 KB, 150 MB
[   10.234406] cdx: vmbus_open: channel.id=78, sz= 2048 KB (2 MB)
[   10.238120] cdx: vmbus_establish_gpadl:req:relid=78, gpadl=925272; resp:relid=78, gpadl=925272, status=0x0
[   10.243640] cdx: total: want= 156512 KB, 152 MB; got = 156512 KB, 152 MB
[   10.354402] cdx: vmbus_open: channel.id=79, sz= 2048 KB (2 MB)
[   10.358148] cdx: vmbus_establish_gpadl:req:relid=79, gpadl=925273; resp:relid=79, gpadl=925273, status=0x0
[   10.363745] cdx: total: want= 158560 KB, 154 MB; got = 158560 KB, 154 MB
[   10.474405] cdx: vmbus_open: channel.id=80, sz= 2048 KB (2 MB)
[   10.478126] cdx: vmbus_establish_gpadl:req:relid=80, gpadl=925274; resp:relid=80, gpadl=925274, status=0x0
[   10.483727] cdx: total: want= 160608 KB, 156 MB; got = 160608 KB, 156 MB
[   10.594400] cdx: vmbus_open: channel.id=81, sz= 2048 KB (2 MB)
[   10.598153] cdx: vmbus_establish_gpadl:req:relid=81, gpadl=925275; resp:relid=81, gpadl=925275, status=0x0
[   10.603769] cdx: total: want= 162656 KB, 158 MB; got = 162656 KB, 158 MB
[   10.714400] cdx: vmbus_open: channel.id=82, sz= 2048 KB (2 MB)
[   10.718139] cdx: vmbus_establish_gpadl:req:relid=82, gpadl=925276; resp:relid=82, gpadl=925276, status=0x0
[   10.723725] cdx: total: want= 164704 KB, 160 MB; got = 164704 KB, 160 MB
[   10.834402] cdx: vmbus_open: channel.id=83, sz= 2048 KB (2 MB)
[   10.838152] cdx: vmbus_establish_gpadl:req:relid=83, gpadl=925277; resp:relid=83, gpadl=925277, status=0x0
[   10.843755] cdx: total: want= 166752 KB, 162 MB; got = 166752 KB, 162 MB
[   10.954399] cdx: vmbus_open: channel.id=84, sz= 2048 KB (2 MB)
[   10.958127] cdx: vmbus_establish_gpadl:req:relid=84, gpadl=925278; resp:relid=84, gpadl=925278, status=0x0
[   10.963697] cdx: total: want= 168800 KB, 164 MB; got = 168800 KB, 164 MB
[   11.074405] cdx: vmbus_open: channel.id=85, sz= 2048 KB (2 MB)
[   11.078105] cdx: vmbus_establish_gpadl:req:relid=85, gpadl=925279; resp:relid=85, gpadl=925279, status=0x0
[   11.083616] cdx: total: want= 170848 KB, 166 MB; got = 170848 KB, 166 MB
[   11.194410] cdx: vmbus_open: channel.id=86, sz= 2048 KB (2 MB)
[   11.198084] cdx: vmbus_establish_gpadl:req:relid=86, gpadl=925280; resp:relid=86, gpadl=925280, status=0x0
[   11.203605] cdx: total: want= 172896 KB, 168 MB; got = 172896 KB, 168 MB
[   11.314400] cdx: vmbus_open: channel.id=87, sz= 2048 KB (2 MB)
[   11.318100] cdx: vmbus_establish_gpadl:req:relid=87, gpadl=925281; resp:relid=87, gpadl=925281, status=0x0
[   11.323659] cdx: total: want= 174944 KB, 170 MB; got = 174944 KB, 170 MB
[   11.434405] cdx: vmbus_open: channel.id=88, sz= 2048 KB (2 MB)
[   11.438124] cdx: vmbus_establish_gpadl:req:relid=88, gpadl=925282; resp:relid=88, gpadl=925282, status=0x0
[   11.443638] cdx: total: want= 176992 KB, 172 MB; got = 176992 KB, 172 MB
[   11.554398] cdx: vmbus_open: channel.id=89, sz= 2048 KB (2 MB)
[   11.558128] cdx: vmbus_establish_gpadl:req:relid=89, gpadl=925283; resp:relid=89, gpadl=925283, status=0x0
[   11.563656] cdx: total: want= 179040 KB, 174 MB; got = 179040 KB, 174 MB
[   11.674398] cdx: vmbus_open: channel.id=90, sz= 2048 KB (2 MB)
[   11.678116] cdx: vmbus_establish_gpadl:req:relid=90, gpadl=925284; resp:relid=90, gpadl=925284, status=0x0
[   11.683661] cdx: total: want= 181088 KB, 176 MB; got = 181088 KB, 176 MB
[   11.794407] cdx: vmbus_open: channel.id=91, sz= 2048 KB (2 MB)
[   11.798127] cdx: vmbus_establish_gpadl:req:relid=91, gpadl=925285; resp:relid=91, gpadl=925285, status=0x0
[   11.803689] cdx: total: want= 183136 KB, 178 MB; got = 183136 KB, 178 MB
[   11.914406] cdx: vmbus_open: channel.id=92, sz= 2048 KB (2 MB)
[   11.918104] cdx: vmbus_establish_gpadl:req:relid=92, gpadl=925286; resp:relid=92, gpadl=925286, status=0x0
[   11.923639] cdx: total: want= 185184 KB, 180 MB; got = 185184 KB, 180 MB
[   12.034402] cdx: vmbus_open: channel.id=93, sz= 2048 KB (2 MB)
[   12.038111] cdx: vmbus_establish_gpadl:req:relid=93, gpadl=925287; resp:relid=93, gpadl=925287, status=0x0
[   12.043622] cdx: total: want= 187232 KB, 182 MB; got = 187232 KB, 182 MB
[   12.154402] cdx: vmbus_open: channel.id=94, sz= 2048 KB (2 MB)
[   12.158125] cdx: vmbus_establish_gpadl:req:relid=94, gpadl=925288; resp:relid=94, gpadl=925288, status=0x0
[   12.163654] cdx: total: want= 189280 KB, 184 MB; got = 189280 KB, 184 MB
[   12.274403] cdx: vmbus_open: channel.id=95, sz= 2048 KB (2 MB)
[   12.278133] cdx: vmbus_establish_gpadl:req:relid=95, gpadl=925289; resp:relid=95, gpadl=925289, status=0x0
[   12.283670] cdx: total: want= 191328 KB, 186 MB; got = 191328 KB, 186 MB
[   12.394402] cdx: vmbus_open: channel.id=96, sz= 2048 KB (2 MB)
[   12.398295] cdx: vmbus_establish_gpadl:req:relid=96, gpadl=925290; resp:relid=96, gpadl=925290, status=0x0
[   12.403867] cdx: total: want= 193376 KB, 188 MB; got = 193376 KB, 188 MB
[   12.514408] cdx: vmbus_open: channel.id=97, sz= 2048 KB (2 MB)
[   12.518127] cdx: vmbus_establish_gpadl:req:relid=97, gpadl=925291; resp:relid=97, gpadl=925291, status=0x0
[   12.523654] cdx: total: want= 195424 KB, 190 MB; got = 195424 KB, 190 MB
[   12.634407] cdx: vmbus_open: channel.id=98, sz= 2048 KB (2 MB)
[   12.638099] cdx: vmbus_establish_gpadl:req:relid=98, gpadl=925292; resp:relid=98, gpadl=925292, status=0x0
[   12.643606] cdx: total: want= 197472 KB, 192 MB; got = 197472 KB, 192 MB
[   12.754406] cdx: vmbus_open: channel.id=99, sz= 2048 KB (2 MB)
[   12.758104] cdx: vmbus_establish_gpadl:req:relid=99, gpadl=925293; resp:relid=99, gpadl=925293, status=0x0
[   12.763633] cdx: total: want= 199520 KB, 194 MB; got = 199520 KB, 194 MB
[   12.874408] cdx: vmbus_open: channel.id=100, sz= 2048 KB (2 MB)
[   12.878165] cdx: vmbus_establish_gpadl:req:relid=100, gpadl=925294; resp:relid=100, gpadl=925294, status=0x0
[   12.883803] cdx: total: want= 201568 KB, 196 MB; got = 201568 KB, 196 MB
[   12.994404] cdx: vmbus_open: channel.id=101, sz= 2048 KB (2 MB)
[   12.998169] cdx: vmbus_establish_gpadl:req:relid=101, gpadl=925295; resp:relid=101, gpadl=925295, status=0x0
[   13.003823] cdx: total: want= 203616 KB, 198 MB; got = 203616 KB, 198 MB
[   13.114404] cdx: vmbus_open: channel.id=102, sz= 2048 KB (2 MB)
[   13.118166] cdx: vmbus_establish_gpadl:req:relid=102, gpadl=925296; resp:relid=102, gpadl=925296, status=0x0
[   13.123793] cdx: total: want= 205664 KB, 200 MB; got = 205664 KB, 200 MB
[   13.234417] cdx: vmbus_open: channel.id=103, sz= 2048 KB (2 MB)
[   13.238177] cdx: vmbus_establish_gpadl:req:relid=103, gpadl=925297; resp:relid=103, gpadl=925297, status=0x0
[   13.243795] cdx: total: want= 207712 KB, 202 MB; got = 207712 KB, 202 MB
[   13.354406] cdx: vmbus_open: channel.id=104, sz= 2048 KB (2 MB)
[   13.358163] cdx: vmbus_establish_gpadl:req:relid=104, gpadl=925298; resp:relid=104, gpadl=925298, status=0x0
[   13.363819] cdx: total: want= 209760 KB, 204 MB; got = 209760 KB, 204 MB
[   13.474407] cdx: vmbus_open: channel.id=105, sz= 2048 KB (2 MB)
[   13.478208] cdx: vmbus_establish_gpadl:req:relid=105, gpadl=925299; resp:relid=105, gpadl=925299, status=0x0
[   13.483854] cdx: total: want= 211808 KB, 206 MB; got = 211808 KB, 206 MB
[   13.594408] cdx: vmbus_open: channel.id=106, sz= 2048 KB (2 MB)
[   13.598163] cdx: vmbus_establish_gpadl:req:relid=106, gpadl=925300; resp:relid=106, gpadl=925300, status=0x0
[   13.603809] cdx: total: want= 213856 KB, 208 MB; got = 213856 KB, 208 MB
[   13.714401] cdx: vmbus_open: channel.id=107, sz= 2048 KB (2 MB)
[   13.718240] cdx: vmbus_establish_gpadl:req:relid=107, gpadl=925301; resp:relid=107, gpadl=925301, status=0x0
[   13.723949] cdx: total: want= 215904 KB, 210 MB; got = 215904 KB, 210 MB
[   13.834404] cdx: vmbus_open: channel.id=108, sz= 2048 KB (2 MB)
[   13.838210] cdx: vmbus_establish_gpadl:req:relid=108, gpadl=925302; resp:relid=108, gpadl=925302, status=0x0
[   13.843887] cdx: total: want= 217952 KB, 212 MB; got = 217952 KB, 212 MB
[   13.954409] cdx: vmbus_open: channel.id=109, sz= 2048 KB (2 MB)
[   13.958251] cdx: vmbus_establish_gpadl:req:relid=109, gpadl=925303; resp:relid=109, gpadl=925303, status=0x0
[   13.963957] cdx: total: want= 220000 KB, 214 MB; got = 220000 KB, 214 MB
[   14.074408] cdx: vmbus_open: channel.id=110, sz= 2048 KB (2 MB)
[   14.078245] cdx: vmbus_establish_gpadl:req:relid=110, gpadl=925304; resp:relid=110, gpadl=925304, status=0x0
[   14.083982] cdx: total: want= 222048 KB, 216 MB; got = 222048 KB, 216 MB
[   14.194407] cdx: vmbus_open: channel.id=111, sz= 2048 KB (2 MB)
[   14.198246] cdx: vmbus_establish_gpadl:req:relid=111, gpadl=925305; resp:relid=111, gpadl=925305, status=0x0
[   14.203975] cdx: total: want= 224096 KB, 218 MB; got = 224096 KB, 218 MB
[   14.314406] cdx: vmbus_open: channel.id=112, sz= 2048 KB (2 MB)
[   14.318192] cdx: vmbus_establish_gpadl:req:relid=112, gpadl=925306; resp:relid=112, gpadl=925306, status=0x0
[   14.323860] cdx: total: want= 226144 KB, 220 MB; got = 226144 KB, 220 MB
[   14.434405] cdx: vmbus_open: channel.id=113, sz= 2048 KB (2 MB)
[   14.438199] cdx: vmbus_establish_gpadl:req:relid=113, gpadl=925307; resp:relid=113, gpadl=925307, status=0x0
[   14.443871] cdx: total: want= 228192 KB, 222 MB; got = 228192 KB, 222 MB
[   14.554404] cdx: vmbus_open: channel.id=114, sz= 2048 KB (2 MB)
[   14.558178] cdx: vmbus_establish_gpadl:req:relid=114, gpadl=925308; resp:relid=114, gpadl=925308, status=0x0
[   14.563825] cdx: total: want= 230240 KB, 224 MB; got = 230240 KB, 224 MB
[   14.674397] cdx: vmbus_open: channel.id=115, sz= 2048 KB (2 MB)
[   14.678206] cdx: vmbus_establish_gpadl:req:relid=115, gpadl=925309; resp:relid=115, gpadl=925309, status=0x0
[   14.683880] cdx: total: want= 232288 KB, 226 MB; got = 232288 KB, 226 MB
[   14.794399] cdx: vmbus_open: channel.id=116, sz= 2048 KB (2 MB)
[   14.798167] cdx: vmbus_establish_gpadl:req:relid=116, gpadl=925310; resp:relid=116, gpadl=925310, status=0x0
[   14.803804] cdx: total: want= 234336 KB, 228 MB; got = 234336 KB, 228 MB
[   14.914400] cdx: vmbus_open: channel.id=117, sz= 2048 KB (2 MB)
[   14.918210] cdx: vmbus_establish_gpadl:req:relid=117, gpadl=925311; resp:relid=117, gpadl=925311, status=0x0
[   14.923869] cdx: total: want= 236384 KB, 230 MB; got = 236384 KB, 230 MB
[   15.034401] cdx: vmbus_open: channel.id=118, sz= 2048 KB (2 MB)
[   15.038179] cdx: vmbus_establish_gpadl:req:relid=118, gpadl=925312; resp:relid=118, gpadl=925312, status=0x0
[   15.043835] cdx: total: want= 238432 KB, 232 MB; got = 238432 KB, 232 MB
[   15.154404] cdx: vmbus_open: channel.id=119, sz= 2048 KB (2 MB)
[   15.158195] cdx: vmbus_establish_gpadl:req:relid=119, gpadl=925313; resp:relid=119, gpadl=925313, status=0x0
[   15.163852] cdx: total: want= 240480 KB, 234 MB; got = 240480 KB, 234 MB
[   15.274416] cdx: vmbus_open: channel.id=120, sz= 2048 KB (2 MB)
[   15.278208] cdx: vmbus_establish_gpadl:req:relid=120, gpadl=925314; resp:relid=120, gpadl=925314, status=0x0
[   15.283865] cdx: total: want= 242528 KB, 236 MB; got = 242528 KB, 236 MB
[   15.394402] cdx: vmbus_open: channel.id=121, sz= 2048 KB (2 MB)
[   15.398215] cdx: vmbus_establish_gpadl:req:relid=121, gpadl=925315; resp:relid=121, gpadl=925315, status=0x0
[   15.404244] cdx: total: want= 244576 KB, 238 MB; got = 244576 KB, 238 MB
[   15.514406] cdx: vmbus_open: channel.id=122, sz= 2048 KB (2 MB)
[   15.518186] cdx: vmbus_establish_gpadl:req:relid=122, gpadl=925316; resp:relid=122, gpadl=925316, status=0x0
[   15.523833] cdx: total: want= 246624 KB, 240 MB; got = 246624 KB, 240 MB
[   15.634400] cdx: vmbus_open: channel.id=123, sz= 2048 KB (2 MB)
[   15.638205] cdx: vmbus_establish_gpadl:req:relid=123, gpadl=925317; resp:relid=123, gpadl=925317, status=0x0
[   15.643902] cdx: total: want= 248672 KB, 242 MB; got = 248672 KB, 242 MB
[   15.754401] cdx: vmbus_open: channel.id=124, sz= 2048 KB (2 MB)
[   15.758199] cdx: vmbus_establish_gpadl:req:relid=124, gpadl=925318; resp:relid=124, gpadl=925318, status=0x0
[   15.763890] cdx: total: want= 250720 KB, 244 MB; got = 250720 KB, 244 MB
[   15.874402] cdx: vmbus_open: channel.id=125, sz= 2048 KB (2 MB)
[   15.878191] cdx: vmbus_establish_gpadl:req:relid=125, gpadl=925319; resp:relid=125, gpadl=925319, status=0x0
[   15.883882] cdx: total: want= 252768 KB, 246 MB; got = 252768 KB, 246 MB
[   15.994401] cdx: vmbus_open: channel.id=126, sz= 2048 KB (2 MB)
[   15.998251] cdx: vmbus_establish_gpadl:req:relid=126, gpadl=925320; resp:relid=126, gpadl=925320, status=0x0
[   16.003993] cdx: total: want= 254816 KB, 248 MB; got = 254816 KB, 248 MB
[   16.114400] cdx: vmbus_open: channel.id=127, sz= 2048 KB (2 MB)
[   16.118172] cdx: vmbus_establish_gpadl:req:relid=127, gpadl=925321; resp:relid=127, gpadl=925321, status=0x0
[   16.123835] cdx: total: want= 256864 KB, 250 MB; got = 256864 KB, 250 MB
[   16.234403] cdx: vmbus_open: channel.id=128, sz= 2048 KB (2 MB)
[   16.238241] cdx: vmbus_establish_gpadl:req:relid=128, gpadl=925322; resp:relid=128, gpadl=925322, status=0x0
[   16.243936] cdx: total: want= 258912 KB, 252 MB; got = 258912 KB, 252 MB
[   16.354392] cdx: vmbus_open: channel.id=129, sz= 2048 KB (2 MB)
[   16.358163] cdx: vmbus_establish_gpadl:req:relid=129, gpadl=925323; resp:relid=129, gpadl=925323, status=0x0
[   16.363804] cdx: total: want= 260960 KB, 254 MB; got = 260960 KB, 254 MB
[   16.474402] cdx: vmbus_open: channel.id=130, sz= 2048 KB (2 MB)
[   16.478162] cdx: vmbus_establish_gpadl:req:relid=130, gpadl=925324; resp:relid=130, gpadl=925324, status=0x0
[   16.483824] cdx: total: want= 263008 KB, 256 MB; got = 263008 KB, 256 MB
[   16.594397] cdx: vmbus_open: channel.id=131, sz= 2048 KB (2 MB)
[   16.598229] cdx: vmbus_establish_gpadl:req:relid=131, gpadl=925325; resp:relid=131, gpadl=925325, status=0x0
[   16.603878] cdx: total: want= 265056 KB, 258 MB; got = 265056 KB, 258 MB
[   16.714394] cdx: vmbus_open: channel.id=132, sz= 2048 KB (2 MB)
[   16.718173] cdx: vmbus_establish_gpadl:req:relid=132, gpadl=925326; resp:relid=132, gpadl=925326, status=0x0
[   16.723897] cdx: total: want= 267104 KB, 260 MB; got = 267104 KB, 260 MB
[   16.834401] cdx: vmbus_open: channel.id=133, sz= 2048 KB (2 MB)
[   16.838242] cdx: vmbus_establish_gpadl:req:relid=133, gpadl=925327; resp:relid=133, gpadl=925327, status=0x0
[   16.843913] cdx: total: want= 269152 KB, 262 MB; got = 269152 KB, 262 MB
[   16.954401] cdx: vmbus_open: channel.id=134, sz= 2048 KB (2 MB)
[   16.958151] cdx: vmbus_establish_gpadl:req:relid=134, gpadl=925328; resp:relid=134, gpadl=925328, status=0x0
[   16.963762] cdx: total: want= 271200 KB, 264 MB; got = 271200 KB, 264 MB
[   17.074405] cdx: vmbus_open: channel.id=135, sz= 2048 KB (2 MB)
[   17.078162] cdx: vmbus_establish_gpadl:req:relid=135, gpadl=925329; resp:relid=135, gpadl=925329, status=0x0
[   17.083788] cdx: total: want= 273248 KB, 266 MB; got = 273248 KB, 266 MB
[   17.194406] cdx: vmbus_open: channel.id=136, sz= 2048 KB (2 MB)
[   17.198197] cdx: vmbus_establish_gpadl:req:relid=136, gpadl=925330; resp:relid=136, gpadl=925330, status=0x0
[   17.203819] cdx: total: want= 275296 KB, 268 MB; got = 275296 KB, 268 MB
[   17.314427] cdx: vmbus_open: channel.id=137, sz= 2048 KB (2 MB)
[   17.318209] cdx: vmbus_establish_gpadl:req:relid=137, gpadl=925331; resp:relid=137, gpadl=925331, status=0x0
[   17.323828] cdx: total: want= 277344 KB, 270 MB; got = 277344 KB, 270 MB
[   17.434412] cdx: vmbus_open: channel.id=138, sz= 2048 KB (2 MB)
[   17.438173] cdx: vmbus_establish_gpadl:req:relid=138, gpadl=925332; resp:relid=138, gpadl=925332, status=0x0
[   17.443791] cdx: total: want= 279392 KB, 272 MB; got = 279392 KB, 272 MB
[   17.554400] cdx: vmbus_open: channel.id=139, sz= 2048 KB (2 MB)
[   17.558207] cdx: vmbus_establish_gpadl:req:relid=139, gpadl=925333; resp:relid=139, gpadl=925333, status=0x0
[   17.563883] cdx: total: want= 281440 KB, 274 MB; got = 281440 KB, 274 MB
[   17.674399] cdx: vmbus_open: channel.id=140, sz= 2048 KB (2 MB)
[   17.678181] cdx: vmbus_establish_gpadl:req:relid=140, gpadl=925334; resp:relid=140, gpadl=925334, status=0x0
[   17.683814] cdx: total: want= 283488 KB, 276 MB; got = 283488 KB, 276 MB
[   17.794403] cdx: vmbus_open: channel.id=141, sz= 2048 KB (2 MB)
[   17.798184] cdx: vmbus_establish_gpadl:req:relid=141, gpadl=925335; resp:relid=141, gpadl=925335, status=0x0
[   17.803824] cdx: total: want= 285536 KB, 278 MB; got = 285536 KB, 278 MB
[   17.914403] cdx: vmbus_open: channel.id=142, sz= 2048 KB (2 MB)
[   17.918117] cdx: vmbus_establish_gpadl:req:relid=142, gpadl=925336; resp:relid=142, gpadl=925336, status=0x0
[   17.923710] cdx: total: want= 287584 KB, 280 MB; got = 287584 KB, 280 MB
[   18.034403] cdx: vmbus_open: channel.id=143, sz= 2048 KB (2 MB)
[   18.038171] cdx: vmbus_establish_gpadl:req:relid=143, gpadl=925337; resp:relid=143, gpadl=925337, status=0x0
[   18.043798] cdx: total: want= 289632 KB, 282 MB; got = 289632 KB, 282 MB
[   18.154396] cdx: vmbus_open: channel.id=144, sz= 2048 KB (2 MB)
[   18.158125] cdx: vmbus_establish_gpadl:req:relid=144, gpadl=925338; resp:relid=144, gpadl=925338, status=0x0
[   18.163705] cdx: total: want= 291680 KB, 284 MB; got = 291680 KB, 284 MB
[   18.274405] cdx: vmbus_open: channel.id=145, sz= 2048 KB (2 MB)
[   18.278151] cdx: vmbus_establish_gpadl:req:relid=145, gpadl=925339; resp:relid=145, gpadl=925339, status=0x0
[   18.283799] cdx: total: want= 293728 KB, 286 MB; got = 293728 KB, 286 MB
[   18.394399] cdx: vmbus_open: channel.id=146, sz= 2048 KB (2 MB)
[   18.398212] cdx: vmbus_establish_gpadl:req:relid=146, gpadl=925340; resp:relid=146, gpadl=925340, status=0x0
[   18.403811] cdx: total: want= 295776 KB, 288 MB; got = 295776 KB, 288 MB
[   18.514403] cdx: vmbus_open: channel.id=147, sz= 2048 KB (2 MB)
[   18.518222] cdx: vmbus_establish_gpadl:req:relid=147, gpadl=925341; resp:relid=147, gpadl=925341, status=0x0
[   18.523922] cdx: total: want= 297824 KB, 290 MB; got = 297824 KB, 290 MB
[   18.634394] cdx: vmbus_open: channel.id=148, sz= 2048 KB (2 MB)
[   18.638195] cdx: vmbus_establish_gpadl:req:relid=148, gpadl=925342; resp:relid=148, gpadl=925342, status=0x0
[   18.643892] cdx: total: want= 299872 KB, 292 MB; got = 299872 KB, 292 MB
[   18.754393] cdx: vmbus_open: channel.id=149, sz= 2048 KB (2 MB)
[   18.758208] cdx: vmbus_establish_gpadl:req:relid=149, gpadl=925343; resp:relid=149, gpadl=925343, status=0x0
[   18.763912] cdx: total: want= 301920 KB, 294 MB; got = 301920 KB, 294 MB
[   18.874401] cdx: vmbus_open: channel.id=150, sz= 2048 KB (2 MB)
[   18.878177] cdx: vmbus_establish_gpadl:req:relid=150, gpadl=925344; resp:relid=150, gpadl=925344, status=0x0
[   18.883823] cdx: total: want= 303968 KB, 296 MB; got = 303968 KB, 296 MB
[   18.994151] cdx: vmbus_open: channel.id=151, sz= 1024 KB (1 MB)
[   18.997866] cdx: vmbus_establish_gpadl:req:relid=151, gpadl=925345; resp:relid=151, gpadl=925345, status=0x0
[   19.003464] cdx: total: want= 304992 KB, 297 MB; got = 304992 KB, 297 MB
[   19.114154] cdx: vmbus_open: channel.id=152, sz= 1024 KB (1 MB)
[   19.117758] cdx: vmbus_establish_gpadl:req:relid=152, gpadl=925346; resp:relid=152, gpadl=925346, status=0x0
[   19.123369] cdx: total: want= 306016 KB, 298 MB; got = 306016 KB, 298 MB
[   19.234152] cdx: vmbus_open: channel.id=153, sz= 1024 KB (1 MB)
[   19.237799] cdx: vmbus_establish_gpadl:req:relid=153, gpadl=925347; resp:relid=153, gpadl=925347, status=0x0
[   19.243438] cdx: total: want= 307040 KB, 299 MB; got = 307040 KB, 299 MB
[   19.354161] cdx: vmbus_open: channel.id=154, sz= 1024 KB (1 MB)
[   19.357767] cdx: vmbus_establish_gpadl:req:relid=154, gpadl=925348; resp:relid=154, gpadl=925348, status=0x0
[   19.363364] cdx: total: want= 308064 KB, 300 MB; got = 308064 KB, 300 MB
[   19.474154] cdx: vmbus_open: channel.id=155, sz= 1024 KB (1 MB)
[   19.477784] cdx: vmbus_establish_gpadl:req:relid=155, gpadl=925349; resp:relid=155, gpadl=925349, status=0x0
[   19.483447] cdx: total: want= 309088 KB, 301 MB; got = 309088 KB, 301 MB
[   19.594155] cdx: vmbus_open: channel.id=156, sz= 1024 KB (1 MB)
[   19.597799] cdx: vmbus_establish_gpadl:req:relid=156, gpadl=925350; resp:relid=156, gpadl=925350, status=0x0
[   19.603426] cdx: total: want= 310112 KB, 302 MB; got = 310112 KB, 302 MB
[   19.714150] cdx: vmbus_open: channel.id=157, sz= 1024 KB (1 MB)
[   19.717783] cdx: vmbus_establish_gpadl:req:relid=157, gpadl=925351; resp:relid=157, gpadl=925351, status=0x0
[   19.723422] cdx: total: want= 311136 KB, 303 MB; got = 311136 KB, 303 MB
[   19.934210] cdx: vmbus_open: channel.id=17, sz= 1024 KB (1 MB)
[   19.935051] Segment Routing with IPv6
[   19.937828] cdx: vmbus_establish_gpadl:req:relid=17, gpadl=925352; resp:relid=17, gpadl=925352, status=0x0
[   19.945335] cdx: total: want= 312160 KB, 304 MB; got = 312160 KB, 304 MB
[   19.953634] cdx: netvsc_init_buf: 1: device=00000000e3de3a41, recv_sz= 16384 KB
[   19.960013] cdx: vmbus_establish_gpadl:req:relid=17, gpadl=925353; resp:relid=17, gpadl=925353, status=0x0
[   19.965367] cdx: total: want= 328544 KB, 320 MB; got = 328544 KB, 320 MB
[   19.969755] cdx: netvsc_init_buf: 2: device=00000000e3de3a41, send_sz= 1020 KB
[   19.973985] cdx: vmbus_establish_gpadl:req:relid=17, gpadl=925354; resp:relid=17, gpadl=925354, status=0x0
[   19.979396] cdx: total: want= 329564 KB, 321 MB; got = 329564 KB, 321 MB
[   20.046157] cdx: vmbus_open: channel.id=158, sz= 1024 KB (1 MB)
[   20.049744] cdx: vmbus_establish_gpadl:req:relid=158, gpadl=925355; resp:relid=158, gpadl=925355, status=0x0
[   20.055329] cdx: total: want= 330588 KB, 322 MB; got = 330588 KB, 322 MB
[   20.166155] cdx: vmbus_open: channel.id=159, sz= 1024 KB (1 MB)
[   20.169788] cdx: vmbus_establish_gpadl:req:relid=159, gpadl=925356; resp:relid=159, gpadl=925356, status=0x0
[   20.175413] cdx: total: want= 331612 KB, 323 MB; got = 331612 KB, 323 MB
[   20.286157] cdx: vmbus_open: channel.id=160, sz= 1024 KB (1 MB)
[   20.289773] cdx: vmbus_establish_gpadl:req:relid=160, gpadl=925357; resp:relid=160, gpadl=925357, status=0x0
[   20.295378] cdx: total: want= 332636 KB, 324 MB; got = 332636 KB, 324 MB
[   20.406156] cdx: vmbus_open: channel.id=161, sz= 1024 KB (1 MB)
[   20.409808] cdx: vmbus_establish_gpadl:req:relid=161, gpadl=925358; resp:relid=161, gpadl=925358, status=0x0
[   20.415429] cdx: total: want= 333660 KB, 325 MB; got = 333660 KB, 325 MB
[   20.526154] cdx: vmbus_open: channel.id=162, sz= 1024 KB (1 MB)
[   20.529745] cdx: vmbus_establish_gpadl:req:relid=162, gpadl=925359; resp:relid=162, gpadl=925359, status=0x0
[   20.535350] cdx: total: want= 334684 KB, 326 MB; got = 334684 KB, 326 MB
[   20.646155] cdx: vmbus_open: channel.id=163, sz= 1024 KB (1 MB)
[   20.649736] cdx: vmbus_establish_gpadl:req:relid=163, gpadl=925360; resp:relid=163, gpadl=925360, status=0x0
[   20.655331] cdx: total: want= 335708 KB, 327 MB; got = 335708 KB, 327 MB
[   20.766154] cdx: vmbus_open: channel.id=164, sz= 1024 KB (1 MB)
[   20.769756] cdx: vmbus_establish_gpadl:req:relid=164, gpadl=925361; resp:relid=164, gpadl=925361, status=0x0
[   20.775347] cdx: total: want= 336732 KB, 328 MB; got = 336732 KB, 328 MB
[   20.984895] NET: Registered protocol family 17
[   20.985432] cdx: vmbus_open: channel.id=18, sz= 1024 KB (1 MB)
[   20.991360] cdx: vmbus_establish_gpadl:req:relid=18, gpadl=925362; resp:relid=18, gpadl=925362, status=0x0
[   20.997007] cdx: total: want= 337756 KB, 329 MB; got = 337756 KB, 329 MB
[   20.998316] AVX2 version of gcm_enc/dec engaged.
[   21.003632] AES CTR mode by8 optimization enabled
[   21.005427] cdx: netvsc_init_buf: 1: device=000000000a9c2ec1, recv_sz= 16384 KB
[   21.012794] cdx: vmbus_establish_gpadl:req:relid=18, gpadl=925363; resp:relid=18, gpadl=925363, status=0x0
[   21.018533] cdx: total: want= 354140 KB, 345 MB; got = 354140 KB, 345 MB
[   21.023496] cdx: netvsc_init_buf: 2: device=000000000a9c2ec1, send_sz= 1020 KB
[   21.027102] registered taskstats version 1
[   21.028193] cdx: vmbus_establish_gpadl:req:relid=18, gpadl=925364; resp:relid=18, gpadl=925364, status=0x0
[   21.030438] Loading compiled-in X.509 certificates
[   21.036028] cdx: total: want= 355160 KB, 346 MB; got = 355160 KB, 346 MB
[   21.071196] Loaded X.509 cert 'Build time autogenerated kernel key: afe200c7bf35d3968f4fae04acde03326aa8433f'
[   21.077103] zswap: loaded using pool lzo/zbud
[   21.081709] page_owner is disabled
[   21.085467] Key type trusted registered
[   21.089434] Key type encrypted registered
[   21.091791] AppArmor: AppArmor sha1 policy hashing enabled
[   21.094983] ima: No TPM chip found, activating TPM-bypass!
[   21.098152] ima: Allocated hash algorithm: sha256
[   21.098187] cdx: vmbus_open: channel.id=165, sz= 1024 KB (1 MB)
[   21.100907] evm: Initialising EVM extended attributes:
[   21.104495] cdx: vmbus_establish_gpadl:req:relid=165, gpadl=925365; resp:relid=165, gpadl=925365, status=0x0
[   21.107277] evm: security.selinux
[   21.107277] evm: security.apparmor
[   21.107278] evm: security.ima
[   21.107278] evm: security.capability
[   21.107280] evm: HMAC attrs: 0x1
[   21.112738] cdx: total: want= 356184 KB, 347 MB; got = 356184 KB, 347 MB
[   21.114968]   Magic number: 10:529:647
[   21.128211] leds input2::scrolllock: hash matches
[   21.130905] scsi_host host1: hash matches
[   21.133208] scsi host1: hash matches
[   21.135520] acpi LNXCPU:00: hash matches
[   21.222163] cdx: vmbus_open: channel.id=166, sz= 1024 KB (1 MB)
[   21.225878] cdx: vmbus_establish_gpadl:req:relid=166, gpadl=925366; resp:relid=166, gpadl=925366, status=0x0
[   21.231641] cdx: total: want= 357208 KB, 348 MB; got = 357208 KB, 348 MB
[   21.342166] cdx: vmbus_open: channel.id=167, sz= 1024 KB (1 MB)
[   21.345855] cdx: vmbus_establish_gpadl:req:relid=167, gpadl=925367; resp:relid=167, gpadl=925367, status=0x0
[   21.351592] cdx: total: want= 358232 KB, 349 MB; got = 358232 KB, 349 MB
[   21.462162] cdx: vmbus_open: channel.id=168, sz= 1024 KB (1 MB)
[   21.465803] cdx: vmbus_establish_gpadl:req:relid=168, gpadl=925368; resp:relid=168, gpadl=925368, status=0x0
[   21.471489] cdx: total: want= 359256 KB, 350 MB; got = 359256 KB, 350 MB
[   21.582163] cdx: vmbus_open: channel.id=169, sz= 1024 KB (1 MB)
[   21.585779] cdx: vmbus_establish_gpadl:req:relid=169, gpadl=925369; resp:relid=169, gpadl=925369, status=0x0
[   21.591437] cdx: total: want= 360280 KB, 351 MB; got = 360280 KB, 351 MB
[   21.702157] cdx: vmbus_open: channel.id=170, sz= 1024 KB (1 MB)
[   21.705770] cdx: vmbus_establish_gpadl:req:relid=170, gpadl=925370; resp:relid=170, gpadl=925370, status=0x0
[   21.711409] cdx: total: want= 361304 KB, 352 MB; got = 361304 KB, 352 MB
[   21.822164] cdx: vmbus_open: channel.id=171, sz= 1024 KB (1 MB)
[   21.825762] cdx: vmbus_establish_gpadl:req:relid=171, gpadl=925371; resp:relid=171, gpadl=925371, status=0x0
[   21.831439] cdx: total: want= 362328 KB, 353 MB; got = 362328 KB, 353 MB
[   22.042518] cdx: vmbus_open: channel.id=19, sz= 1024 KB (1 MB)
[   22.046222] cdx: vmbus_establish_gpadl:req:relid=19, gpadl=925372; resp:relid=19, gpadl=925372, status=0x0
[   22.051814] cdx: total: want= 363352 KB, 354 MB; got = 363352 KB, 354 MB
[   22.060065] cdx: netvsc_init_buf: 1: device=000000001060bba9, recv_sz= 16384 KB
[   22.066888] cdx: vmbus_establish_gpadl:req:relid=19, gpadl=925373; resp:relid=19, gpadl=925373, status=0xc0000044
[   22.072814] cdx: total: want= 379736 KB, 370 MB; got = 363352 KB, 354 MB
[   22.076584] hv_netvsc 000d3a4e-b092-000d-3a4e-b092000d3a4e (unnamed net_device) (uninitialized): unable to establish receive buffer's gpadl
[   22.083548] hv_netvsc 000d3a4e-b092-000d-3a4e-b092000d3a4e (unnamed net_device) (uninitialized): unable to connect to NetVSP - -122
[   22.090848] hv_netvsc 000d3a4e-b092-000d-3a4e-b092000d3a4e (unnamed net_device) (uninitialized): unable to add netvsc device (ret -122)
[   22.097927] hv_vmbus: probe failed for device 000d3a4e-b092-000d-3a4e-b092000d3a4e (-122)
[   22.102696] hv_netvsc: probe of 000d3a4e-b092-000d-3a4e-b092000d3a4e failed with error -122
[   22.107954] cdx: vmbus_open: channel.id=20, sz= 1024 KB (1 MB)
[   22.111601] cdx: vmbus_establish_gpadl:req:relid=20, gpadl=925374; resp:relid=20, gpadl=925374, status=0x0
[   22.117146] cdx: total: want= 380760 KB, 371 MB; got = 364376 KB, 355 MB
[   22.122931] cdx: netvsc_init_buf: 1: device=0000000071b89f1a, recv_sz= 16384 KB
[   22.129466] cdx: vmbus_establish_gpadl:req:relid=20, gpadl=925375; resp:relid=20, gpadl=925375, status=0xc0000044
[   22.135343] cdx: total: want= 397144 KB, 387 MB; got = 364376 KB, 355 MB
[   22.139211] hv_netvsc 000d3a4e-bd20-000d-3a4e-bd20000d3a4e (unnamed net_device) (uninitialized): unable to establish receive buffer's gpadl
[   22.146377] hv_netvsc 000d3a4e-bd20-000d-3a4e-bd20000d3a4e (unnamed net_device) (uninitialized): unable to connect to NetVSP - -122
[   22.153834] hv_netvsc 000d3a4e-bd20-000d-3a4e-bd20000d3a4e (unnamed net_device) (uninitialized): unable to add netvsc device (ret -122)
[   22.153993] cdx: vmbus_open: channel.id=172, sz= 1024 KB (1 MB)
[   22.160853] hv_vmbus: probe failed for device 000d3a4e-bd20-000d-3a4e-bd20000d3a4e (-122)
[   22.164491] cdx: vmbus_establish_gpadl:req:relid=172, gpadl=925376; resp:relid=172, gpadl=925376, status=0x0
[   22.169050] hv_netvsc: probe of 000d3a4e-bd20-000d-3a4e-bd20000d3a4e failed with error -122
[   22.174681] cdx: total: want= 398168 KB, 388 MB; got = 365400 KB, 356 MB
[   22.183568] cdx: vmbus_open: channel.id=21, sz= 1024 KB (1 MB)
[   22.187157] cdx: vmbus_establish_gpadl:req:relid=21, gpadl=925377; resp:relid=21, gpadl=925377, status=0x0
[   22.192556] cdx: total: want= 399192 KB, 389 MB; got = 366424 KB, 357 MB
[   22.197606] cdx: netvsc_init_buf: 1: device=000000009e597151, recv_sz= 16384 KB
[   22.204032] cdx: vmbus_establish_gpadl:req:relid=21, gpadl=925378; resp:relid=21, gpadl=925378, status=0xc0000044
[   22.209769] cdx: total: want= 415576 KB, 405 MB; got = 366424 KB, 357 MB
[   22.213577] hv_netvsc 000d3a4e-b2b1-000d-3a4e-b2b1000d3a4e (unnamed net_device) (uninitialized): unable to establish receive buffer's gpadl
[   22.220575] hv_netvsc 000d3a4e-b2b1-000d-3a4e-b2b1000d3a4e (unnamed net_device) (uninitialized): unable to connect to NetVSP - -122
[   22.227830] hv_netvsc 000d3a4e-b2b1-000d-3a4e-b2b1000d3a4e (unnamed net_device) (uninitialized): unable to add netvsc device (ret -122)
[   22.234999] hv_vmbus: probe failed for device 000d3a4e-b2b1-000d-3a4e-b2b1000d3a4e (-122)
[   22.239785] hv_netvsc: probe of 000d3a4e-b2b1-000d-3a4e-b2b1000d3a4e failed with error -122
[   22.244753] cdx: vmbus_open: channel.id=22, sz= 1024 KB (1 MB)
[   22.248345] cdx: vmbus_establish_gpadl:req:relid=22, gpadl=925379; resp:relid=22, gpadl=925379, status=0x0
[   22.253980] cdx: total: want= 416600 KB, 406 MB; got = 367448 KB, 358 MB
[   22.259263] cdx: netvsc_init_buf: 1: device=0000000018519d2d, recv_sz= 16384 KB
[   22.265797] cdx: vmbus_establish_gpadl:req:relid=22, gpadl=925380; resp:relid=22, gpadl=925380, status=0xc0000044
[   22.271649] cdx: total: want= 432984 KB, 422 MB; got = 367448 KB, 358 MB
[   22.275492] hv_netvsc 000d3a4e-bba2-000d-3a4e-bba2000d3a4e (unnamed net_device) (uninitialized): unable to establish receive buffer's gpadl
[   22.281993] cdx: vmbus_open: channel.id=173, sz= 1024 KB (1 MB)
[   22.282599] hv_netvsc 000d3a4e-bba2-000d-3a4e-bba2000d3a4e (unnamed net_device) (uninitialized): unable to connect to NetVSP - -122
[   22.286229] cdx: vmbus_establish_gpadl:req:relid=173, gpadl=925381; resp:relid=173, gpadl=925381, status=0x0
[   22.298409] cdx: total: want= 434008 KB, 423 MB; got = 368472 KB, 359 MB
[   22.302610] hv_netvsc 000d3a4e-bba2-000d-3a4e-bba2000d3a4e (unnamed net_device) (uninitialized): unable to add netvsc device (ret -122)
[   22.309494] hv_vmbus: probe failed for device 000d3a4e-bba2-000d-3a4e-bba2000d3a4e (-122)
[   22.314127] hv_netvsc: probe of 000d3a4e-bba2-000d-3a4e-bba2000d3a4e failed with error -122
[   22.318859] Unstable clock detected, switching default tracing clock to "global"
               If you want to keep using the local clock, then add:
                 "trace_clock=local"
               on the kernel command line
[   22.346217] Freeing unused kernel image memory: 2732K
[   22.361932] Write protecting the kernel read-only data: 18432k
[   22.366707] Freeing unused kernel image memory: 1992K
[   22.370291] Freeing unused kernel image memory: 100K
[   22.373341] Run /init as init process
[   22.408670] systemd[1]: systemd 228 running in system mode. (+PAM -AUDIT +SELINUX -IMA +APPARMOR -SMACK +SYSVINIT +UTMP +LIBCRYPTSETUP +GCRYPT -GNUTLS +ACL +XZ -LZ4 +SECCOMP +BLKID -ELFUTILS +KMOD -IDN)
[   22.410003] cdx: vmbus_open: channel.id=174, sz= 1024 KB (1 MB)
[   22.419040] systemd[1]: Detected virtualization microsoft.
[   22.422709] cdx: vmbus_establish_gpadl:req:relid=174, gpadl=925382; resp:relid=174, gpadl=925382, status=0x0
[   22.425677] systemd[1]: Detected architecture x86-64.
[   22.431352] cdx: total: want= 435032 KB, 424 MB; got = 369496 KB, 360 MB
[   22.434296] systemd[1]: Running in initial RAM disk.
[   22.444958] systemd[1]: Set hostname to <decui-sles12sp3-20180221-jenkins>.
[   22.546009] cdx: vmbus_open: channel.id=175, sz= 1024 KB (1 MB)
[   22.549676] cdx: vmbus_establish_gpadl:req:relid=175, gpadl=925383; resp:relid=175, gpadl=925383, status=0x0
[   22.555343] cdx: total: want= 436056 KB, 425 MB; got = 370520 KB, 361 MB
[   22.666012] cdx: vmbus_open: channel.id=176, sz= 1024 KB (1 MB)
[   22.669681] cdx: vmbus_establish_gpadl:req:relid=176, gpadl=925384; resp:relid=176, gpadl=925384, status=0x0
[   22.675367] cdx: total: want= 437080 KB, 426 MB; got = 371544 KB, 362 MB
[   22.786015] cdx: vmbus_open: channel.id=177, sz= 1024 KB (1 MB)
[   22.789669] cdx: vmbus_establish_gpadl:req:relid=177, gpadl=925385; resp:relid=177, gpadl=925385, status=0x0
[   22.795328] cdx: total: want= 438104 KB, 427 MB; got = 372568 KB, 363 MB
[   22.906022] cdx: vmbus_open: channel.id=178, sz= 1024 KB (1 MB)
[   22.909621] cdx: vmbus_establish_gpadl:req:relid=178, gpadl=925386; resp:relid=178, gpadl=925386, status=0x0
[   22.915317] cdx: total: want= 439128 KB, 428 MB; got = 373592 KB, 364 MB
[   23.160702] systemd[1]: Created slice System Slice.
[   23.166207] systemd[1]: Reached target Swap.
[   23.171091] systemd[1]: Listening on Journal Socket (/dev/log).
[   23.177395] systemd[1]: Listening on udev Control Socket.
[   23.183195] systemd[1]: Reached target Slices.
[   23.457238] EXT4-fs (sda2): mounted filesystem with ordered data mode. Opts: (null)
[   23.673552] systemd-journald[1033]: Received SIGTERM from PID 1 (systemd).
[   23.682165] printk: systemd: 17 output lines suppressed due to ratelimiting
[   23.815447] EXT4-fs (sda2): re-mounted. Opts: (null)
[   23.935762] systemd-journald[1424]: Received request to flush runtime journal from PID 1
[   24.213109] EXT4-fs (sda1): mounting ext3 file system using the ext4 subsystem
[   24.221337] EXT4-fs (sda1): mounted filesystem with ordered data mode. Opts: (null)
[   24.333782] hv_utils: VSS: userspace daemon ver. 129 connected
[   24.459196] IPv6: ADDRCONF(NETDEV_UP): eth0: link is not ready
[   24.467844] IPv6: ADDRCONF(NETDEV_CHANGE): eth0: link becomes ready
[   24.473706] IPv6: ADDRCONF(NETDEV_UP): eth1: link is not ready
[   25.094604] IPv6: ADDRCONF(NETDEV_UP): eth3: link is not ready
[   25.489921] IPv6: ADDRCONF(NETDEV_CHANGE): eth1: link becomes ready
[   25.493632] IPv6: ADDRCONF(NETDEV_CHANGE): eth3: link becomes ready
[   26.107175] IPv6: ADDRCONF(NETDEV_UP): eth2: link is not ready
[   26.513904] IPv6: ADDRCONF(NETDEV_CHANGE): eth2: link becomes ready
[   51.769673] hv_balloon: Max. dynamic memory size: 3985408 MB
[   54.460918] hv_utils: KVP IC version 4.0
[   54.887834] EXT4-fs (sdb1): mounted filesystem with ordered data mode. Opts: (null)
[   64.228872] EXT4-fs (sdc1): mounted filesystem with ordered data mode. Opts: (null)
