[    0.000000] Linux version 5.2.0+ (root@decui-hb22) (gcc version 8.2.0 (Ubuntu 8.2.0-12ubuntu1)) #31 SMP PREEMPT Wed Aug 7 16:51:09 PDT 2019
[    0.000000] Command line: BOOT_IMAGE=/boot/vmlinuz-5.2.0+ root=UUID=fe2d3c73-1e4c-4a1d-b881-9fd447a1802f ro resume=UUID=8d73fd3c-19a3-42d0-b1c2-232c88ea6eb8 ignore_loglevel sysrq_always_enabled unknown_nmi_panic log_buf_len=200MB console=ttyS0 ata_piix.prefer_ms_hyperv=1 no_console_suspend "dyndbg=file drivers/base/power/* +p;" "hv_vmbus.dyndbg=file drivers/hv/channel_mgmt.c +p"
[    0.000000] KERNEL supported cpus:
[    0.000000]   Intel GenuineIntel
[    0.000000]   AMD AuthenticAMD
[    0.000000]   Hygon HygonGenuine
[    0.000000]   zhaoxin   Shanghai
[    0.000000] x86/fpu: Supporting XSAVE feature 0x001: 'x87 floating point registers'
[    0.000000] x86/fpu: Supporting XSAVE feature 0x002: 'SSE registers'
[    0.000000] x86/fpu: Supporting XSAVE feature 0x004: 'AVX registers'
[    0.000000] x86/fpu: xstate_offset[2]:  576, xstate_sizes[2]:  256
[    0.000000] x86/fpu: Enabled xstate features 0x7, context size is 832 bytes, using 'standard' format.
[    0.000000] BIOS-provided physical RAM map:
[    0.000000] BIOS-e820: [mem 0x0000000000000000-0x000000000009fbff] usable
[    0.000000] BIOS-e820: [mem 0x000000000009fc00-0x000000000009ffff] reserved
[    0.000000] BIOS-e820: [mem 0x00000000000e0000-0x00000000000fffff] reserved
[    0.000000] BIOS-e820: [mem 0x0000000000100000-0x00000000f7feffff] usable
[    0.000000] BIOS-e820: [mem 0x00000000f7ff0000-0x00000000f7ffefff] ACPI data
[    0.000000] BIOS-e820: [mem 0x00000000f7fff000-0x00000000f7ffffff] ACPI NVS
[    0.000000] BIOS-e820: [mem 0x0000000100000000-0x0000000107ffffff] usable
[    0.000000] printk: debug: ignoring loglevel setting.
[    0.000000] NX (Execute Disable) protection: active
[    0.000000] SMBIOS 2.3 present.
[    0.000000] DMI: Microsoft Corporation Virtual Machine/Virtual Machine, BIOS 090006  04/28/2016
[    0.000000] Hypervisor detected: Microsoft Hyper-V
[    0.000000] Hyper-V: features 0x2e7f, hints 0xc2c
[    0.000000] Hyper-V Host Build:14393-10.0-3-0.3085
[    0.000000] Hyper-V: LAPIC Timer Frequency: 0xc3500
[    0.000000] tsc: Marking TSC unstable due to running on Hyper-V
[    0.000000] Hyper-V: Using hypercall for remote TLB flush
[    0.000000] tsc: Detected 2299.996 MHz processor
[    0.000956] e820: update [mem 0x00000000-0x00000fff] usable ==> reserved
[    0.000960] e820: remove [mem 0x000a0000-0x000fffff] usable
[    0.000965] last_pfn = 0x108000 max_arch_pfn = 0x400000000
[    0.000984] MTRR default type: uncachable
[    0.000986] MTRR fixed ranges enabled:
[    0.000989]   00000-9FFFF write-back
[    0.000991]   A0000-DFFFF uncachable
[    0.000993]   E0000-FFFFF write-back
[    0.000995] MTRR variable ranges enabled:
[    0.000998]   0 base 00000000000 mask FFF00000000 write-back
[    0.001001]   1 base 00100000000 mask FF000000000 write-back
[    0.001003]   2 disabled
[    0.001005]   3 disabled
[    0.001007]   4 disabled
[    0.001008]   5 disabled
[    0.001010]   6 disabled
[    0.001012]   7 disabled
[    0.001021] x86/PAT: Configuration [0-7]: WB  WC  UC- UC  WB  WP  UC- WT
[    0.001040] last_pfn = 0xf7ff0 max_arch_pfn = 0x400000000
[    0.008217] found SMP MP-table at [mem 0x000ff780-0x000ff78f]
[    0.008288] check: Scanning 1 areas for low memory corruption
[    0.008375] BRK [0x19401000, 0x19401fff] PGTABLE
[    0.008378] BRK [0x19402000, 0x19402fff] PGTABLE
[    0.008381] BRK [0x19403000, 0x19403fff] PGTABLE
[    0.008400] BRK [0x19404000, 0x19404fff] PGTABLE
[    0.008403] BRK [0x19405000, 0x19405fff] PGTABLE
[    0.008405] BRK [0x19406000, 0x19406fff] PGTABLE
[    0.008428] BRK [0x19407000, 0x19407fff] PGTABLE
[    0.008434] BRK [0x19408000, 0x19408fff] PGTABLE
[    0.008440] BRK [0x19409000, 0x19409fff] PGTABLE
[    0.008446] BRK [0x1940a000, 0x1940afff] PGTABLE
[    0.008452] BRK [0x1940b000, 0x1940bfff] PGTABLE
[    0.008458] BRK [0x1940c000, 0x1940cfff] PGTABLE
[    0.062920] printk: log_buf_len: 268435456 bytes
[    0.062925] printk: early log buf free: 258080(98%)
[    0.062928] RAMDISK: [mem 0x36697000-0x37342fff]
[    0.063022] ACPI: Early table checksum verification disabled
[    0.063029] ACPI: RSDP 0x00000000000F56F0 000014 (v00 ACPIAM)
[    0.063035] ACPI: RSDT 0x00000000F7FF0000 000040 (v01 VRTUAL MICROSFT 04001628 MSFT 00000097)
[    0.063041] ACPI: FACP 0x00000000F7FF0200 000081 (v02 VRTUAL MICROSFT 04001628 MSFT 00000097)
[    0.063048] ACPI: DSDT 0x00000000F7FF1724 0033BE (v01 MSFTVM MSFTVM02 00000002 INTL 02002026)
[    0.063052] ACPI: FACS 0x00000000F7FFF000 000040
[    0.063056] ACPI: WAET 0x00000000F7FF1480 000028 (v01 VRTUAL MICROSFT 04001628 MSFT 00000097)
[    0.063060] ACPI: SLIC 0x00000000F7FF14C0 000176 (v01 VRTUAL MICROSFT 04001628 MSFT 00000097)
[    0.063064] ACPI: OEM0 0x00000000F7FF16C0 000064 (v01 VRTUAL MICROSFT 04001628 MSFT 00000097)
[    0.063068] ACPI: SRAT 0x00000000F7FF0600 000150 (v02 VRTUAL MICROSFT 00000001 MSFT 00000001)
[    0.063072] ACPI: APIC 0x00000000F7FF0300 000252 (v01 VRTUAL MICROSFT 04001628 MSFT 00000097)
[    0.063086] ACPI: OEMB 0x00000000F7FFF040 000064 (v01 VRTUAL MICROSFT 04001628 MSFT 00000097)
[    0.063096] ACPI: Local APIC address 0xfee00000
[    0.063131] SRAT: PXM 0 -> APIC 0x00 -> Node 0
[    0.063133] SRAT: PXM 0 -> APIC 0x01 -> Node 0
[    0.063135] SRAT: PXM 0 -> APIC 0x02 -> Node 0
[    0.063137] SRAT: PXM 0 -> APIC 0x03 -> Node 0
[    0.063139] SRAT: PXM 0 -> APIC 0x04 -> Node 0
[    0.063141] SRAT: PXM 0 -> APIC 0x05 -> Node 0
[    0.063143] SRAT: PXM 0 -> APIC 0x06 -> Node 0
[    0.063145] SRAT: PXM 0 -> APIC 0x07 -> Node 0
[    0.063149] ACPI: SRAT: Node 0 PXM 0 [mem 0x00000000-0xf7ffffff] hotplug
[    0.063152] ACPI: SRAT: Node 0 PXM 0 [mem 0x100000000-0x107ffffff] hotplug
[    0.063154] ACPI: SRAT: Node 0 PXM 0 [mem 0x108200000-0xfdfffffff] hotplug
[    0.063156] ACPI: SRAT: Node 0 PXM 0 [mem 0x1000000000-0xffffffffff] hotplug
[    0.063160] NUMA: Node 0 [mem 0x00000000-0xf7ffffff] + [mem 0x100000000-0x107ffffff] -> [mem 0x00000000-0x107ffffff]
[    0.063167] NODE_DATA(0) allocated [mem 0x107800000-0x107804fff]
[    0.071851] Zone ranges:
[    0.071856]   DMA      [mem 0x0000000000001000-0x0000000000ffffff]
[    0.071859]   DMA32    [mem 0x0000000001000000-0x00000000ffffffff]
[    0.071861]   Normal   [mem 0x0000000100000000-0x0000000107ffffff]
[    0.071864]   Device   empty
[    0.071866] Movable zone start for each node
[    0.071869] Early memory node ranges
[    0.071871]   node   0: [mem 0x0000000000001000-0x000000000009efff]
[    0.071873]   node   0: [mem 0x0000000000100000-0x00000000f7feffff]
[    0.071875]   node   0: [mem 0x0000000100000000-0x0000000107ffffff]
[    0.071882] Zeroed struct page in unavailable ranges: 114 pages
[    0.071884] Initmem setup node 0 [mem 0x0000000000001000-0x0000000107ffffff]
[    0.071888] On node 0 totalpages: 1048462
[    0.071891]   DMA zone: 64 pages used for memmap
[    0.071893]   DMA zone: 21 pages reserved
[    0.071896]   DMA zone: 3998 pages, LIFO batch:0
[    0.071955]   DMA32 zone: 16320 pages used for memmap
[    0.071958]   DMA32 zone: 1011696 pages, LIFO batch:63
[    0.083785]   Normal zone: 512 pages used for memmap
[    0.083790]   Normal zone: 32768 pages, LIFO batch:7
[    0.085893] ACPI: PM-Timer IO Port: 0x408
[    0.085898] ACPI: Local APIC address 0xfee00000
[    0.085907] ACPI: LAPIC_NMI (acpi_id[0xff] dfl dfl lint[0x1])
[    0.087383] IOAPIC[0]: apic_id 0, version 17, address 0xfec00000, GSI 0-23
[    0.087393] ACPI: INT_SRC_OVR (bus 0 bus_irq 0 global_irq 2 dfl dfl)
[    0.087397] ACPI: INT_SRC_OVR (bus 0 bus_irq 9 global_irq 9 high level)
[    0.087400] ACPI: IRQ0 used by override.
[    0.087403] ACPI: IRQ9 used by override.
[    0.087407] Using ACPI (MADT) for SMP configuration information
[    0.087416] smpboot: Allowing 64 CPUs, 56 hotplug CPUs
[    0.087437] PM: Registered nosave memory: [mem 0x00000000-0x00000fff]
[    0.087440] PM: Registered nosave memory: [mem 0x0009f000-0x0009ffff]
[    0.087442] PM: Registered nosave memory: [mem 0x000a0000-0x000dffff]
[    0.087444] PM: Registered nosave memory: [mem 0x000e0000-0x000fffff]
[    0.087447] PM: Registered nosave memory: [mem 0xf7ff0000-0xf7ffefff]
[    0.087449] PM: Registered nosave memory: [mem 0xf7fff000-0xf7ffffff]
[    0.087451] PM: Registered nosave memory: [mem 0xf8000000-0xffffffff]
[    0.087457] [mem 0xf8000000-0xffffffff] available for PCI devices
[    0.087459] Booting paravirtualized kernel on bare hardware
[    0.087463] clocksource: refined-jiffies: mask: 0xffffffff max_cycles: 0xffffffff, max_idle_ns: 7645519600211568 ns
[    0.163266] setup_percpu: NR_CPUS:256 nr_cpumask_bits:256 nr_cpu_ids:64 nr_node_ids:1
[    0.170242] percpu: Embedded 69 pages/cpu s243144 r8192 d31288 u524288
[    0.170258] pcpu-alloc: s243144 r8192 d31288 u524288 alloc=1*2097152
[    0.170261] pcpu-alloc: [0] 00 01 02 03 [0] 04 05 06 07
[    0.170267] pcpu-alloc: [0] 08 09 10 11 [0] 12 13 14 15
[    0.170271] pcpu-alloc: [0] 16 17 18 19 [0] 20 21 22 23
[    0.170276] pcpu-alloc: [0] 24 25 26 27 [0] 28 29 30 31
[    0.170281] pcpu-alloc: [0] 32 33 34 35 [0] 36 37 38 39
[    0.170286] pcpu-alloc: [0] 40 41 42 43 [0] 44 45 46 47
[    0.170291] pcpu-alloc: [0] 48 49 50 51 [0] 52 53 54 55
[    0.170295] pcpu-alloc: [0] 56 57 58 59 [0] 60 61 62 63
[    0.170339] Built 1 zonelists, mobility grouping on.  Total pages: 1031545
[    0.170342] Policy zone: Normal
[    0.170352] Kernel command line: BOOT_IMAGE=/boot/vmlinuz-5.2.0+ root=UUID=fe2d3c73-1e4c-4a1d-b881-9fd447a1802f ro resume=UUID=8d73fd3c-19a3-42d0-b1c2-232c88ea6eb8 ignore_loglevel sysrq_always_enabled unknown_nmi_panic log_buf_len=200MB console=ttyS0 ata_piix.prefer_ms_hyperv=1 no_console_suspend "dyndbg=file drivers/base/power/* +p;" "hv_vmbus.dyndbg=file drivers/hv/channel_mgmt.c +p"
[    0.170412] sysrq: sysrq always enabled.
[    0.171195] Dentry cache hash table entries: 524288 (order: 10, 4194304 bytes, linear)
[    0.171556] Inode-cache hash table entries: 262144 (order: 9, 2097152 bytes, linear)
[    0.172144] mem auto-init: stack:off, heap alloc:off, heap free:off
[    0.218245] Memory: 3718140K/4193848K available (12292K kernel code, 1586K rwdata, 3672K rodata, 1620K init, 11764K bss, 475708K reserved, 0K cma-reserved)
[    0.219151] SLUB: HWalign=64, Order=0-3, MinObjects=0, CPUs=64, Nodes=1
[    0.219257] Kernel/User page tables isolation: enabled
[    0.219580] ftrace: allocating 32294 entries in 127 pages
[    0.230684] kmemleak: Kernel memory leak detector disabled
[    0.231210] Running RCU self tests
[    0.231212] rcu: Preemptible hierarchical RCU implementation.
[    0.231214] rcu:     RCU event tracing is enabled.
[    0.231216] rcu:     RCU dyntick-idle grace-period acceleration is enabled.
[    0.231218] rcu:     RCU lockdep checking is enabled.
[    0.231221] rcu:     RCU restricting CPUs from NR_CPUS=256 to nr_cpu_ids=64.
[    0.231223] rcu:     RCU priority boosting: priority 1 delay 500 ms.
[    0.231225] rcu:     RCU debug extended QS entry/exit.
[    0.231228]  Tasks RCU enabled.
[    0.231230] rcu: RCU calculated value of scheduler-enlistment delay is 25 jiffies.
[    0.231232] rcu: Adjusting geometry for rcu_fanout_leaf=16, nr_cpu_ids=64
[    0.238632] NR_IRQS: 16640, nr_irqs: 936, preallocated irqs: 16
[    0.239140] rcu:     Offload RCU callbacks from CPUs: (none).
[    0.239584] random: get_random_bytes called from start_kernel+0x35f/0x542 with crng_init=0
[    0.243519] Console: colour VGA+ 80x25
[    0.823580] printk: console [ttyS0] enabled
[    0.826067] Lock dependency validator: Copyright (c) 2006 Red Hat, Inc., Ingo Molnar
[    0.830529] ... MAX_LOCKDEP_SUBCLASSES:  8
[    0.832647] ... MAX_LOCK_DEPTH:          48
[    0.834808] ... MAX_LOCKDEP_KEYS:        8192
[    0.837045] ... CLASSHASH_SIZE:          4096
[    0.839283] ... MAX_LOCKDEP_ENTRIES:     32768
[    0.841538] ... MAX_LOCKDEP_CHAINS:      65536
[    0.843877] ... CHAINHASH_SIZE:          32768
[    0.846235]  memory used by lock dependency info: 6237 kB
[    0.849094]  per task-struct memory footprint: 1920 bytes
[    0.852034] kmemleak: Early log buffer exceeded (2779), please increase DEBUG_KMEMLEAK_EARLY_LOG_SIZE
[    0.856848] ACPI: Core revision 20190703
[    0.859292] APIC: Switch to symmetric I/O mode setup
[    0.861983] Switched APIC routing to physical flat.
[    0.864735] Hyper-V: Using IPI hypercalls
[    0.866886] Hyper-V: Using MSR based APIC access
[    0.869324] clocksource: hyperv_clocksource_tsc_page: mask: 0xffffffffffffffff max_cycles: 0x24e6a1710, max_idle_ns: 440795202120 ns
[    0.930802] Calibrating delay loop (skipped), value calculated using timer frequency.. 4599.99 BogoMIPS (lpj=9199984)
[    0.934791] pid_max: default: 65536 minimum: 512
[    0.934791] Mount-cache hash table entries: 8192 (order: 4, 65536 bytes, linear)
[    0.934791] Mountpoint-cache hash table entries: 8192 (order: 4, 65536 bytes, linear)
[    0.934791] *** VALIDATE proc ***
[    0.934791] *** VALIDATE cgroup1 ***
[    0.934791] *** VALIDATE cgroup2 ***
[    0.934791] numa_add_cpu cpu 0 node 0: mask now 0
[    0.934791] Last level iTLB entries: 4KB 64, 2MB 8, 4MB 8
[    0.934791] Last level dTLB entries: 4KB 64, 2MB 0, 4MB 0, 1GB 4
[    0.934791] Spectre V2 : Spectre mitigation: kernel not compiled with retpoline; no mitigation available!
[    0.934791] Speculative Store Bypass: Vulnerable
[    0.934791] MDS: Vulnerable: Clear CPU buffers attempted, no microcode
[    0.934791] debug: unmapping init [mem 0xffffffffba87b000-0xffffffffba881fff]
[    0.934791] smpboot: CPU0: Intel(R) Xeon(R) CPU E5-2697 v4 @ 2.30GHz (family: 0x6, model: 0x4f, stepping: 0x1)
[    0.958857] Performance Events: unsupported p6 CPU model 79 no PMU driver, software events only.
[    0.970803] rcu: Hierarchical SRCU implementation.
[    0.979814] NMI watchdog: Perf NMI watchdog permanently disabled
[    0.990455] smp: Bringing up secondary CPUs ...
[    1.030965] x86: Booting SMP configuration:
[    1.033228] .... node  #0, CPUs:        #1
[    0.695278] numa_add_cpu cpu 1 node 0: mask now 0-1
[    1.078899]   #2
[    0.695278] numa_add_cpu cpu 2 node 0: mask now 0-2
[    1.122891]   #3
[    0.695278] numa_add_cpu cpu 3 node 0: mask now 0-3
[    1.166890]   #4
[    0.695278] numa_add_cpu cpu 4 node 0: mask now 0-4
[    1.210890]   #5
[    0.695278] numa_add_cpu cpu 5 node 0: mask now 0-5
[    1.254901]   #6
[    0.695278] numa_add_cpu cpu 6 node 0: mask now 0-6
[    1.298890]   #7
[    0.695278] numa_add_cpu cpu 7 node 0: mask now 0-7
[    1.303105] smp: Brought up 1 node, 8 CPUs
[    1.305015] smpboot: Max logical packages: 8
[    1.306817] smpboot: Total of 8 processors activated (36799.93 BogoMIPS)
[    1.313092] devtmpfs: initialized
[    1.314933] device: 'platform': device_add
[    1.317205] PM: Adding info for No Bus:platform
[    1.318868] bus: 'platform': registered
[    1.322874] bus: 'cpu': registered
[    1.324668] device: 'cpu': device_add
[    1.326660] PM: Adding info for No Bus:cpu
[    1.326897] bus: 'memory': registered
[    1.330804] device: 'memory': device_add
[    1.333016] PM: Adding info for No Bus:memory
[    1.334797] x86/mm: Memory block size: 128MB
[    1.337089] device: 'memory0': device_add
[    1.338850] bus: 'memory': add device memory0
[    1.341272] PM: Adding info for memory:memory0
[    1.342839] device: 'memory1': device_add
[    1.346829] bus: 'memory': add device memory1
[    1.349246] PM: Adding info for memory:memory1
[    1.350825] device: 'memory2': device_add
[    1.353251] bus: 'memory': add device memory2
[    1.354845] PM: Adding info for memory:memory2
[    1.358824] device: 'memory3': device_add
[    1.361219] bus: 'memory': add device memory3
[    1.362854] PM: Adding info for memory:memory3
[    1.366820] device: 'memory4': device_add
[    1.369198] bus: 'memory': add device memory4
[    1.370838] PM: Adding info for memory:memory4
[    1.374818] device: 'memory5': device_add
[    1.376924] bus: 'memory': add device memory5
[    1.378843] PM: Adding info for memory:memory5
[    1.381150] device: 'memory6': device_add
[    1.382827] bus: 'memory': add device memory6
[    1.385336] PM: Adding info for memory:memory6
[    1.386823] device: 'memory7': device_add
[    1.388995] bus: 'memory': add device memory7
[    1.390851] PM: Adding info for memory:memory7
[    1.394820] device: 'memory8': device_add
[    1.396927] bus: 'memory': add device memory8
[    1.398857] PM: Adding info for memory:memory8
[    1.401228] device: 'memory9': device_add
[    1.402832] bus: 'memory': add device memory9
[    1.406849] PM: Adding info for memory:memory9
[    1.409293] device: 'memory10': device_add
[    1.410838] bus: 'memory': add device memory10
[    1.413205] PM: Adding info for memory:memory10
[    1.414825] device: 'memory11': device_add
[    1.416957] bus: 'memory': add device memory11
[    1.418857] PM: Adding info for memory:memory11
[    1.422821] device: 'memory12': device_add
[    1.425113] bus: 'memory': add device memory12
[    1.426843] PM: Adding info for memory:memory12
[    1.429324] device: 'memory13': device_add
[    1.430828] bus: 'memory': add device memory13
[    1.434853] PM: Adding info for memory:memory13
[    1.437381] device: 'memory14': device_add
[    1.438829] bus: 'memory': add device memory14
[    1.441238] PM: Adding info for memory:memory14
[    1.442819] device: 'memory15': device_add
[    1.446844] bus: 'memory': add device memory15
[    1.449100] PM: Adding info for memory:memory15
[    1.450823] device: 'memory16': device_add
[    1.452920] bus: 'memory': add device memory16
[    1.454856] PM: Adding info for memory:memory16
[    1.458822] device: 'memory17': device_add
[    1.461025] bus: 'memory': add device memory17
[    1.462840] PM: Adding info for memory:memory17
[    1.465207] device: 'memory18': device_add
[    1.466839] bus: 'memory': add device memory18
[    1.469218] PM: Adding info for memory:memory18
[    1.470829] device: 'memory19': device_add
[    1.474848] bus: 'memory': add device memory19
[    1.477272] PM: Adding info for memory:memory19
[    1.478822] device: 'memory20': device_add
[    1.480897] bus: 'memory': add device memory20
[    1.482842] PM: Adding info for memory:memory20
[    1.485127] device: 'memory21': device_add
[    1.486830] bus: 'memory': add device memory21
[    1.489162] PM: Adding info for memory:memory21
[    1.490818] device: 'memory22': device_add
[    1.494829] bus: 'memory': add device memory22
[    1.497268] PM: Adding info for memory:memory22
[    1.498817] device: 'memory23': device_add
[    1.501060] bus: 'memory': add device memory23
[    1.502844] PM: Adding info for memory:memory23
[    1.506823] device: 'memory24': device_add
[    1.509013] bus: 'memory': add device memory24
[    1.510852] PM: Adding info for memory:memory24
[    1.513289] device: 'memory25': device_add
[    1.514834] bus: 'memory': add device memory25
[    1.518841] PM: Adding info for memory:memory25
[    1.521661] device: 'memory26': device_add
[    1.522826] bus: 'memory': add device memory26
[    1.526860] PM: Adding info for memory:memory26
[    1.529349] device: 'memory27': device_add
[    1.530830] bus: 'memory': add device memory27
[    1.534846] PM: Adding info for memory:memory27
[    1.537272] device: 'memory28': device_add
[    1.538842] bus: 'memory': add device memory28
[    1.541127] PM: Adding info for memory:memory28
[    1.542822] device: 'memory29': device_add
[    1.544903] bus: 'memory': add device memory29
[    1.546849] PM: Adding info for memory:memory29
[    1.549072] device: 'memory30': device_add
[    1.550833] bus: 'memory': add device memory30
[    1.554852] PM: Adding info for memory:memory30
[    1.557367] device: 'memory32': device_add
[    1.558829] bus: 'memory': add device memory32
[    1.562797] PM: Adding info for memory:memory32
[    1.565343] bus: 'container': registered
[    1.566820] device: 'container': device_add
[    1.568994] PM: Adding info for No Bus:container
[    1.571542] PM: Registering ACPI NVS region [mem 0xf7fff000-0xf7ffffff] (4096 bytes)
[    1.574884] bus: 'workqueue': registered
[    1.578808] device: 'workqueue': device_add
[    1.580933] PM: Adding info for No Bus:workqueue
[    1.583247] clocksource: jiffies: mask: 0xffffffff max_cycles: 0xffffffff, max_idle_ns: 7645041785100000 ns
[    1.586824] futex hash table entries: 16384 (order: 9, 2097152 bytes, linear)
[    1.591740] pinctrl core: initialized pinctrl subsystem
[    1.616935] PM: RTC time: 23:53:26, date: 2019-08-07
[    1.619332] NET: Registered protocol family 16
[    1.623342] audit: initializing netlink subsys (disabled)
[    1.626399] device class 'bdi': registering
[    1.626399] audit: type=2000 audit(1565222005.692:1): state=initialized audit_enabled=0 res=1
[    1.626843] device class 'pci_bus': registering
[    1.634868] bus: 'pci': registered
[    1.636796] bus: 'pci_express': registered
[    1.638800] device class 'backlight': registering
[    1.642805] device class 'tty': registering
[    1.645136] device class 'vtconsole': registering
[    1.646827] device: 'vtcon0': device_add
[    1.648905] PM: Adding info for No Bus:vtcon0
[    1.650891] bus: 'node': registered
[    1.654806] device: 'node': device_add
[    1.656809] PM: Adding info for No Bus:node
[    1.658901] cpuidle: using governor ladder
[    1.660990] cpuidle: using governor menu
[    1.662924] ACPI: bus type PCI registered
[    1.665071] device class 'dma': registering
[    1.666826] device class 'dmi': registering
[    1.669106] device: 'id': device_add
[    1.670925] PM: Adding info for No Bus:id
[    1.674925] PCI: Using configuration type 1 for base access
[    1.677813] device: 'node0': device_add
[    1.678829] bus: 'node': add device node0
[    1.680976] PM: Adding info for node:node0
[    1.683265] device: 'cpu0': device_add
[    1.685125] bus: 'cpu': add device cpu0
[    1.686843] PM: Adding info for cpu:cpu0
[    1.688856] device: 'cpu1': device_add
[    1.690819] bus: 'cpu': add device cpu1
[    1.692818] PM: Adding info for cpu:cpu1
[    1.694866] device: 'cpu2': device_add
[    1.696821] bus: 'cpu': add device cpu2
[    1.698838] PM: Adding info for cpu:cpu2
[    1.700916] device: 'cpu3': device_add
[    1.702816] bus: 'cpu': add device cpu3
[    1.704843] PM: Adding info for cpu:cpu3
[    1.706857] device: 'cpu4': device_add
[    1.708808] bus: 'cpu': add device cpu4
[    1.710840] PM: Adding info for cpu:cpu4
[    1.712844] device: 'cpu5': device_add
[    1.714824] bus: 'cpu': add device cpu5
[    1.716768] PM: Adding info for cpu:cpu5
[    1.718855] device: 'cpu6': device_add
[    1.720727] bus: 'cpu': add device cpu6
[    1.722846] PM: Adding info for cpu:cpu6
[    1.724926] device: 'cpu7': device_add
[    1.726818] bus: 'cpu': add device cpu7
[    1.728838] PM: Adding info for cpu:cpu7
[    1.740993] device: 'writeback': device_add
[    1.742848] bus: 'workqueue': add device writeback
[    1.746905] PM: Adding info for workqueue:writeback
[    1.749752] HugeTLB registered 1.00 GiB page size, pre-allocated 0 pages
[    1.750819] HugeTLB registered 2.00 MiB page size, pre-allocated 0 pages
[    1.814924] alg: No test for lzo-rle (lzo-rle-generic)
[    1.819048] alg: No test for lzo-rle (lzo-rle-scomp)
[    1.821547] device class 'block': registering
[    1.823033] device class 'graphics': registering
[    1.826834] device: 'fbcon': device_add
[    1.826925] PM: Adding info for No Bus:fbcon
[    1.831077] ACPI: Added _OSI(Module Device)
[    1.834830] ACPI: Added _OSI(Processor Device)
[    1.837458] ACPI: Added _OSI(3.0 _SCP Extensions)
[    1.838823] ACPI: Added _OSI(Processor Aggregator Device)
[    1.842815] ACPI: Added _OSI(Linux-Dell-Video)
[    1.845101] ACPI: Added _OSI(Linux-Lenovo-NV-HDMI-Audio)
[    1.846824] ACPI: Added _OSI(Linux-HPI-Hybrid-Graphics)
[    1.884038] ACPI: 1 ACPI AML tables successfully acquired and loaded
[    1.913464] ACPI: Interpreter enabled
[    1.914876] ACPI: (supports S0 S5)
[    1.916650] ACPI: Using IOAPIC for interrupt routing
[    1.918982] bus: 'acpi': registered
[    1.920836] PCI: Using host bridge windows from ACPI; if necessary, use "pci=nocrs" and report a bug
[    1.929196] bus: 'platform': add driver clk-lpt
[    1.930899] ACPI: Enabled 1 GPEs in block 00 to 0F
[    1.933777] device: 'LNXSYSTM:00': device_add
[    1.934824] bus: 'acpi': add device LNXSYSTM:00
[    1.938851] PM: Adding info for acpi:LNXSYSTM:00
[    1.941658] device: 'LNXSYBUS:00': device_add
[    1.942811] bus: 'acpi': add device LNXSYBUS:00
[    1.945009] PM: Adding info for acpi:LNXSYBUS:00
[    1.947375] device: 'PNP0A03:00': device_add
[    1.950813] bus: 'acpi': add device PNP0A03:00
[    1.953049] PM: Adding info for acpi:PNP0A03:00
[    1.955208] device: 'device:00': device_add
[    1.957503] bus: 'acpi': add device device:00
[    1.958863] PM: Adding info for acpi:device:00
[    1.963274] device: 'device:01': device_add
[    1.965554] bus: 'acpi': add device device:01
[    1.966847] PM: Adding info for acpi:device:01
[    1.971189] device: 'device:02': device_add
[    1.973484] bus: 'acpi': add device device:02
[    1.974850] PM: Adding info for acpi:device:02
[    1.979139] device: 'device:03': device_add
[    1.981250] bus: 'acpi': add device device:03
[    1.982845] PM: Adding info for acpi:device:03
[    1.985485] device: 'device:04': device_add
[    1.986811] bus: 'acpi': add device device:04
[    1.988976] PM: Adding info for acpi:device:04
[    1.991220] device: 'device:05': device_add
[    1.994811] bus: 'acpi': add device device:05
[    1.997220] PM: Adding info for acpi:device:05
[    1.999195] device: 'device:06': device_add
[    2.002810] bus: 'acpi': add device device:06
[    2.005220] PM: Adding info for acpi:device:06
[    2.007252] device: 'device:07': device_add
[    2.009491] bus: 'acpi': add device device:07
[    2.010845] PM: Adding info for acpi:device:07
[    2.015212] device: 'PNP0000:00': device_add
[    2.017510] bus: 'acpi': add device PNP0000:00
[    2.018843] PM: Adding info for acpi:PNP0000:00
[    2.023297] device: 'PNP0200:00': device_add
[    2.025667] bus: 'acpi': add device PNP0200:00
[    2.026845] PM: Adding info for acpi:PNP0200:00
[    2.031224] device: 'PNP0100:00': device_add
[    2.033442] bus: 'acpi': add device PNP0100:00
[    2.034840] PM: Adding info for acpi:PNP0100:00
[    2.037724] device: 'PNP0B00:00': device_add
[    2.038813] bus: 'acpi': add device PNP0B00:00
[    2.042844] PM: Adding info for acpi:PNP0B00:00
[    2.045786] device: 'PNP0303:00': device_add
[    2.046812] bus: 'acpi': add device PNP0303:00
[    2.049090] PM: Adding info for acpi:PNP0303:00
[    2.051729] device: 'PNP0F03:00': device_add
[    2.054812] bus: 'acpi': add device PNP0F03:00
[    2.057482] PM: Adding info for acpi:PNP0F03:00
[    2.059229] device: 'PNP0800:00': device_add
[    2.062811] bus: 'acpi': add device PNP0800:00
[    2.065298] PM: Adding info for acpi:PNP0800:00
[    2.067237] device: 'PNP0C04:00': device_add
[    2.070815] bus: 'acpi': add device PNP0C04:00
[    2.073093] PM: Adding info for acpi:PNP0C04:00
[    2.079493] device: 'PNP0501:00': device_add
[    2.081706] bus: 'acpi': add device PNP0501:00
[    2.082862] PM: Adding info for acpi:PNP0501:00
[    2.090892] device: 'PNP0501:01': device_add
[    2.093293] bus: 'acpi': add device PNP0501:01
[    2.094844] PM: Adding info for acpi:PNP0501:01
[    2.101748] device: 'PNP0700:00': device_add
[    2.102813] bus: 'acpi': add device PNP0700:00
[    2.105161] PM: Adding info for acpi:PNP0700:00
[    2.107349] device: 'PNP0C02:00': device_add
[    2.110813] bus: 'acpi': add device PNP0C02:00
[    2.113213] PM: Adding info for acpi:PNP0C02:00
[    2.118798] device: 'PNP0C02:01': device_add
[    2.121187] bus: 'acpi': add device PNP0C02:01
[    2.122855] PM: Adding info for acpi:PNP0C02:01
[    2.126855] device: 'VMBUS:00': device_add
[    2.129143] bus: 'acpi': add device VMBUS:00
[    2.130840] PM: Adding info for acpi:VMBUS:00
[    2.133821] device: 'VMBUS:01': device_add
[    2.134818] bus: 'acpi': add device VMBUS:01
[    2.138846] PM: Adding info for acpi:VMBUS:01
[    2.142581] device: 'PNP0C01:00': device_add
[    2.142813] bus: 'acpi': add device PNP0C01:00
[    2.146852] PM: Adding info for acpi:PNP0C01:00
[    2.149611] device: 'LNXCPU:00': device_add
[    2.150812] bus: 'acpi': add device LNXCPU:00
[    2.153215] PM: Adding info for acpi:LNXCPU:00
[    2.155680] device: 'LNXCPU:01': device_add
[    2.158811] bus: 'acpi': add device LNXCPU:01
[    2.162851] PM: Adding info for acpi:LNXCPU:01
[    2.166306] device: 'LNXCPU:02': device_add
[    2.166814] bus: 'acpi': add device LNXCPU:02
[    2.170846] PM: Adding info for acpi:LNXCPU:02
[    2.174081] device: 'LNXCPU:03': device_add
[    2.174811] bus: 'acpi': add device LNXCPU:03
[    2.178852] PM: Adding info for acpi:LNXCPU:03
[    2.182094] device: 'LNXCPU:04': device_add
[    2.182811] bus: 'acpi': add device LNXCPU:04
[    2.186840] PM: Adding info for acpi:LNXCPU:04
[    2.190027] device: 'LNXCPU:05': device_add
[    2.190810] bus: 'acpi': add device LNXCPU:05
[    2.194833] PM: Adding info for acpi:LNXCPU:05
[    2.198096] device: 'LNXCPU:06': device_add
[    2.198814] bus: 'acpi': add device LNXCPU:06
[    2.200973] PM: Adding info for acpi:LNXCPU:06
[    2.203659] device: 'LNXCPU:07': device_add
[    2.206822] bus: 'acpi': add device LNXCPU:07
[    2.209081] PM: Adding info for acpi:LNXCPU:07
[    2.211519] device: 'LNXCPU:08': device_add
[    2.214812] bus: 'acpi': add device LNXCPU:08
[    2.217013] PM: Adding info for acpi:LNXCPU:08
[    2.219529] device: 'LNXCPU:09': device_add
[    2.221634] bus: 'acpi': add device LNXCPU:09
[    2.222848] PM: Adding info for acpi:LNXCPU:09
[    2.227432] device: 'LNXCPU:0a': device_add
[    2.229672] bus: 'acpi': add device LNXCPU:0a
[    2.230852] PM: Adding info for acpi:LNXCPU:0a
[    2.233745] device: 'LNXCPU:0b': device_add
[    2.234812] bus: 'acpi': add device LNXCPU:0b
[    2.238843] PM: Adding info for acpi:LNXCPU:0b
[    2.241935] device: 'LNXCPU:0c': device_add
[    2.242811] bus: 'acpi': add device LNXCPU:0c
[    2.246851] PM: Adding info for acpi:LNXCPU:0c
[    2.249984] device: 'LNXCPU:0d': device_add
[    2.250816] bus: 'acpi': add device LNXCPU:0d
[    2.254851] PM: Adding info for acpi:LNXCPU:0d
[    2.258342] device: 'LNXCPU:0e': device_add
[    2.258815] bus: 'acpi': add device LNXCPU:0e
[    2.262854] PM: Adding info for acpi:LNXCPU:0e
[    2.265787] device: 'LNXCPU:0f': device_add
[    2.266813] bus: 'acpi': add device LNXCPU:0f
[    2.269033] PM: Adding info for acpi:LNXCPU:0f
[    2.271493] device: 'LNXCPU:10': device_add
[    2.274812] bus: 'acpi': add device LNXCPU:10
[    2.277169] PM: Adding info for acpi:LNXCPU:10
[    2.279512] device: 'LNXCPU:11': device_add
[    2.282811] bus: 'acpi': add device LNXCPU:11
[    2.285130] PM: Adding info for acpi:LNXCPU:11
[    2.287485] device: 'LNXCPU:12': device_add
[    2.290823] bus: 'acpi': add device LNXCPU:12
[    2.293069] PM: Adding info for acpi:LNXCPU:12
[    2.295517] device: 'LNXCPU:13': device_add
[    2.297686] bus: 'acpi': add device LNXCPU:13
[    2.298840] PM: Adding info for acpi:LNXCPU:13
[    2.303509] device: 'LNXCPU:14': device_add
[    2.305863] bus: 'acpi': add device LNXCPU:14
[    2.306848] PM: Adding info for acpi:LNXCPU:14
[    2.311524] device: 'LNXCPU:15': device_add
[    2.313777] bus: 'acpi': add device LNXCPU:15
[    2.314851] PM: Adding info for acpi:LNXCPU:15
[    2.319526] device: 'LNXCPU:16': device_add
[    2.321798] bus: 'acpi': add device LNXCPU:16
[    2.322846] PM: Adding info for acpi:LNXCPU:16
[    2.327388] device: 'LNXCPU:17': device_add
[    2.329597] bus: 'acpi': add device LNXCPU:17
[    2.330856] PM: Adding info for acpi:LNXCPU:17
[    2.335183] device: 'LNXCPU:18': device_add
[    2.337503] bus: 'acpi': add device LNXCPU:18
[    2.338851] PM: Adding info for acpi:LNXCPU:18
[    2.343071] device: 'LNXCPU:19': device_add
[    2.345341] bus: 'acpi': add device LNXCPU:19
[    2.346853] PM: Adding info for acpi:LNXCPU:19
[    2.350826] device: 'LNXCPU:1a': device_add
[    2.352992] bus: 'acpi': add device LNXCPU:1a
[    2.354845] PM: Adding info for acpi:LNXCPU:1a
[    2.357944] device: 'LNXCPU:1b': device_add
[    2.358813] bus: 'acpi': add device LNXCPU:1b
[    2.362859] PM: Adding info for acpi:LNXCPU:1b
[    2.366010] device: 'LNXCPU:1c': device_add
[    2.366812] bus: 'acpi': add device LNXCPU:1c
[    2.370839] PM: Adding info for acpi:LNXCPU:1c
[    2.373885] device: 'LNXCPU:1d': device_add
[    2.374821] bus: 'acpi': add device LNXCPU:1d
[    2.377137] PM: Adding info for acpi:LNXCPU:1d
[    2.379508] device: 'LNXCPU:1e': device_add
[    2.382814] bus: 'acpi': add device LNXCPU:1e
[    2.385027] PM: Adding info for acpi:LNXCPU:1e
[    2.387530] device: 'LNXCPU:1f': device_add
[    2.390813] bus: 'acpi': add device LNXCPU:1f
[    2.393019] PM: Adding info for acpi:LNXCPU:1f
[    2.399144] device: 'LNXCPU:20': device_add
[    2.402824] bus: 'acpi': add device LNXCPU:20
[    2.406851] PM: Adding info for acpi:LNXCPU:20
[    2.411543] device: 'LNXCPU:21': device_add
[    2.413785] bus: 'acpi': add device LNXCPU:21
[    2.414844] PM: Adding info for acpi:LNXCPU:21
[    2.419157] device: 'LNXCPU:22': device_add
[    2.421439] bus: 'acpi': add device LNXCPU:22
[    2.422858] PM: Adding info for acpi:LNXCPU:22
[    2.426871] device: 'LNXCPU:23': device_add
[    2.428995] bus: 'acpi': add device LNXCPU:23
[    2.430842] PM: Adding info for acpi:LNXCPU:23
[    2.433824] device: 'LNXCPU:24': device_add
[    2.434812] bus: 'acpi': add device LNXCPU:24
[    2.437084] PM: Adding info for acpi:LNXCPU:24
[    2.439500] device: 'LNXCPU:25': device_add
[    2.442816] bus: 'acpi': add device LNXCPU:25
[    2.444972] PM: Adding info for acpi:LNXCPU:25
[    2.447528] device: 'LNXCPU:26': device_add
[    2.450812] bus: 'acpi': add device LNXCPU:26
[    2.452980] PM: Adding info for acpi:LNXCPU:26
[    2.455528] device: 'LNXCPU:27': device_add
[    2.458812] bus: 'acpi': add device LNXCPU:27
[    2.461257] PM: Adding info for acpi:LNXCPU:27
[    2.463518] device: 'LNXCPU:28': device_add
[    2.465720] bus: 'acpi': add device LNXCPU:28
[    2.466848] PM: Adding info for acpi:LNXCPU:28
[    2.471512] device: 'LNXCPU:29': device_add
[    2.473815] bus: 'acpi': add device LNXCPU:29
[    2.474846] PM: Adding info for acpi:LNXCPU:29
[    2.479280] device: 'LNXCPU:2a': device_add
[    2.481377] bus: 'acpi': add device LNXCPU:2a
[    2.482845] PM: Adding info for acpi:LNXCPU:2a
[    2.485735] device: 'LNXCPU:2b': device_add
[    2.486812] bus: 'acpi': add device LNXCPU:2b
[    2.490850] PM: Adding info for acpi:LNXCPU:2b
[    2.493833] device: 'LNXCPU:2c': device_add
[    2.494813] bus: 'acpi': add device LNXCPU:2c
[    2.497109] PM: Adding info for acpi:LNXCPU:2c
[    2.499501] device: 'LNXCPU:2d': device_add
[    2.502816] bus: 'acpi': add device LNXCPU:2d
[    2.505352] PM: Adding info for acpi:LNXCPU:2d
[    2.507515] device: 'LNXCPU:2e': device_add
[    2.510812] bus: 'acpi': add device LNXCPU:2e
[    2.513064] PM: Adding info for acpi:LNXCPU:2e
[    2.515503] device: 'LNXCPU:2f': device_add
[    2.518811] bus: 'acpi': add device LNXCPU:2f
[    2.521154] PM: Adding info for acpi:LNXCPU:2f
[    2.523495] device: 'LNXCPU:30': device_add
[    2.525707] bus: 'acpi': add device LNXCPU:30
[    2.526845] PM: Adding info for acpi:LNXCPU:30
[    2.531485] device: 'LNXCPU:31': device_add
[    2.533730] bus: 'acpi': add device LNXCPU:31
[    2.534855] PM: Adding info for acpi:LNXCPU:31
[    2.539267] device: 'LNXCPU:32': device_add
[    2.541252] bus: 'acpi': add device LNXCPU:32
[    2.542841] PM: Adding info for acpi:LNXCPU:32
[    2.545623] device: 'LNXCPU:33': device_add
[    2.546822] bus: 'acpi': add device LNXCPU:33
[    2.549020] PM: Adding info for acpi:LNXCPU:33
[    2.551530] device: 'LNXCPU:34': device_add
[    2.554816] bus: 'acpi': add device LNXCPU:34
[    2.557179] PM: Adding info for acpi:LNXCPU:34
[    2.559547] device: 'LNXCPU:35': device_add
[    2.562814] bus: 'acpi': add device LNXCPU:35
[    2.565175] PM: Adding info for acpi:LNXCPU:35
[    2.567605] device: 'LNXCPU:36': device_add
[    2.570818] bus: 'acpi': add device LNXCPU:36
[    2.572985] PM: Adding info for acpi:LNXCPU:36
[    2.575530] device: 'LNXCPU:37': device_add
[    2.577806] bus: 'acpi': add device LNXCPU:37
[    2.578849] PM: Adding info for acpi:LNXCPU:37
[    2.583527] device: 'LNXCPU:38': device_add
[    2.585816] bus: 'acpi': add device LNXCPU:38
[    2.586852] PM: Adding info for acpi:LNXCPU:38
[    2.591509] device: 'LNXCPU:39': device_add
[    2.593877] bus: 'acpi': add device LNXCPU:39
[    2.594843] PM: Adding info for acpi:LNXCPU:39
[    2.599538] device: 'LNXCPU:3a': device_add
[    2.601596] bus: 'acpi': add device LNXCPU:3a
[    2.602855] PM: Adding info for acpi:LNXCPU:3a
[    2.606812] device: 'LNXCPU:3b': device_add
[    2.608928] bus: 'acpi': add device LNXCPU:3b
[    2.610845] PM: Adding info for acpi:LNXCPU:3b
[    2.613851] device: 'LNXCPU:3c': device_add
[    2.614811] bus: 'acpi': add device LNXCPU:3c
[    2.617108] PM: Adding info for acpi:LNXCPU:3c
[    2.619497] device: 'LNXCPU:3d': device_add
[    2.622817] bus: 'acpi': add device LNXCPU:3d
[    2.625103] PM: Adding info for acpi:LNXCPU:3d
[    2.627499] device: 'LNXCPU:3e': device_add
[    2.630824] bus: 'acpi': add device LNXCPU:3e
[    2.632977] PM: Adding info for acpi:LNXCPU:3e
[    2.635545] device: 'LNXCPU:3f': device_add
[    2.637774] bus: 'acpi': add device LNXCPU:3f
[    2.638840] PM: Adding info for acpi:LNXCPU:3f
[    2.643260] device: 'HYPER_V_GEN_COUN:00': device_add
[    2.646034] bus: 'acpi': add device HYPER_V_GEN_COUN:00
[    2.646847] PM: Adding info for acpi:HYPER_V_GEN_COUN:00
[    2.652808] device: 'PNP0C0F:00': device_add
[    2.654816] bus: 'acpi': add device PNP0C0F:00
[    2.658851] PM: Adding info for acpi:PNP0C0F:00
[    2.663881] device: 'PNP0C0F:01': device_add
[    2.666091] bus: 'acpi': add device PNP0C0F:01
[    2.666849] PM: Adding info for acpi:PNP0C0F:01
[    2.671777] device: 'PNP0C0F:02': device_add
[    2.674047] bus: 'acpi': add device PNP0C0F:02
[    2.674853] PM: Adding info for acpi:PNP0C0F:02
[    2.679856] device: 'PNP0C0F:03': device_add
[    2.682013] bus: 'acpi': add device PNP0C0F:03
[    2.682843] PM: Adding info for acpi:PNP0C0F:03
[    2.686938] device: 'LNXSYBUS:01': device_add
[    2.689120] bus: 'acpi': add device LNXSYBUS:01
[    2.690864] PM: Adding info for acpi:LNXSYBUS:01
[    2.693456] ACPI: PCI Root Bridge [PCI0] (domain 0000 [bus 00-ff])
[    2.694814] acpi PNP0A03:00: _OSC: OS supports [ASPM ClockPM Segments MSI HPX-Type3]
[    2.698965] acpi PNP0A03:00: fail to add MMCONFIG information, can't access extended PCI configuration space under this bridge.
[    2.702960] device: 'pci0000:00': device_add
[    2.705367] PM: Adding info for No Bus:pci0000:00
[    2.706812] device: '0000:00': device_add
[    2.708962] PM: Adding info for No Bus:0000:00
[    2.710986] PCI host bridge to bus 0000:00
[    2.714804] pci_bus 0000:00: root bus resource [mem 0xfe0000000-0xfffffffff window]
[    2.718801] pci_bus 0000:00: root bus resource [io  0x0000-0x0cf7 window]
[    2.722302] pci_bus 0000:00: root bus resource [io  0x0d00-0xffff window]
[    2.722803] pci_bus 0000:00: root bus resource [mem 0x000a0000-0x000bffff window]
[    2.726801] pci_bus 0000:00: root bus resource [mem 0xf8000000-0xfffbffff window]
[    2.730810] pci_bus 0000:00: root bus resource [bus 00-ff]
[    2.734974] pci 0000:00:00.0: [8086:7192] type 00 class 0x060000
[    2.740359] cdx: pci_pm_reset: line 4609
[    2.742812] device: '0000:00:00.0': device_add
[    2.745177] bus: 'pci': add device 0000:00:00.0
[    2.746931] PM: Adding info for pci:0000:00:00.0
[    2.750927] pci 0000:00:07.0: [8086:7110] type 00 class 0x060100
[    2.756686] cdx: pci_pm_reset: line 4609
[    2.758702] device: '0000:00:07.0': device_add
[    2.758995] bus: 'pci': add device 0000:00:07.0
[    2.762924] PM: Adding info for pci:0000:00:07.0
[    2.765608] pci 0000:00:07.1: [8086:7111] type 00 class 0x010180
[    2.771643] pci 0000:00:07.1: reg 0x20: [io  0xffa0-0xffaf]
[    2.775224] pci 0000:00:07.1: legacy IDE quirk: reg 0x10: [io  0x01f0-0x01f7]
[    2.778797] pci 0000:00:07.1: legacy IDE quirk: reg 0x14: [io  0x03f6]
[    2.782118] pci 0000:00:07.1: legacy IDE quirk: reg 0x18: [io  0x0170-0x0177]
[    2.782801] pci 0000:00:07.1: legacy IDE quirk: reg 0x1c: [io  0x0376]
[    2.787124] cdx: pci_pm_reset: line 4609
[    2.790805] device: '0000:00:07.1': device_add
[    2.793074] bus: 'pci': add device 0000:00:07.1
[    2.794926] PM: Adding info for pci:0000:00:07.1
[    2.797421] pci 0000:00:07.3: [8086:7113] type 00 class 0x068000
[    2.798833] * Found PM-Timer Bug on the chipset. Due to workarounds for a bug,
[    2.798833] * this clock source is slow. Consider trying other clock sources
[    2.806858] pci 0000:00:07.3: quirk: [io  0x0400-0x043f] claimed by PIIX4 ACPI
[    2.811359] cdx: pci_pm_reset: line 4609
[    2.813439] device: '0000:00:07.3': device_add
[    2.814873] bus: 'pci': add device 0000:00:07.3
[    2.817312] PM: Adding info for pci:0000:00:07.3
[    2.819134] pci 0000:00:08.0: [1414:5353] type 00 class 0x030000
[    2.823306] pci 0000:00:08.0: reg 0x10: [mem 0xf8000000-0xfbffffff]
[    2.828695] cdx: pci_pm_reset: line 4609
[    2.830802] device: '0000:00:08.0': device_add
[    2.833170] bus: 'pci': add device 0000:00:08.0
[    2.834921] PM: Adding info for pci:0000:00:08.0
[    2.840630] Registering platform device 'PNP0800:00'. Parent at 0000:00:07.0
[    2.842803] device: 'PNP0800:00': device_add
[    2.846827] bus: 'platform': add device PNP0800:00
[    2.849935] PM: Adding info for platform:PNP0800:00
[    2.851024] Registering platform device 'PNP0C04:00'. Parent at 0000:00:07.0
[    2.854802] device: 'PNP0C04:00': device_add
[    2.858824] bus: 'platform': add device PNP0C04:00
[    2.862862] PM: Adding info for platform:PNP0C04:00
[    2.869967] Registering platform device 'VMBUS:01'. Parent at 0000:00:07.0
[    2.870803] device: 'VMBUS:01': device_add
[    2.874830] bus: 'platform': add device VMBUS:01
[    2.877077] PM: Adding info for platform:VMBUS:01
[    2.916833] Registering platform device 'HYPER_V_GEN_COUN:00'. Parent at platform
[    2.918803] device: 'HYPER_V_GEN_COUN:00': device_add
[    2.922829] bus: 'platform': add device HYPER_V_GEN_COUN:00
[    2.925803] PM: Adding info for platform:HYPER_V_GEN_COUN:00
[    2.927710] ACPI: PCI Interrupt Link [LNKA] (IRQs 3 4 5 7 9 10 *11 12 14 15)
[    2.934953] ACPI: PCI Interrupt Link [LNKB] (IRQs 3 4 5 7 9 10 11 12 14 15) *0, disabled.
[    2.939926] ACPI: PCI Interrupt Link [LNKC] (IRQs 3 4 5 7 9 10 11 12 14 15) *0, disabled.
[    2.943937] ACPI: PCI Interrupt Link [LNKD] (IRQs 3 4 5 7 9 10 11 12 14 15) *0, disabled.
[    2.947206] device: 'LNXPWRBN:00': device_add
[    2.950816] bus: 'acpi': add device LNXPWRBN:00
[    2.953188] PM: Adding info for acpi:LNXPWRBN:00
[    2.955004] bus: 'acpi': add driver ec
[    2.958969] bus: 'pnp': registered
[    2.960779] device class 'misc': registering
[    2.962831] device class 'tpm': registering
[    2.965157] device class 'tpmrm': registering
[    2.966929] device: 'vga_arbiter': device_add
[    2.970879] PM: Adding info for No Bus:vga_arbiter
[    2.973477] pci 0000:00:08.0: vgaarb: setting as boot VGA device
[    2.974145] pci 0000:00:08.0: vgaarb: VGA device added: decodes=io+mem,owns=io+mem,locks=none
[    2.974801] pci 0000:00:08.0: vgaarb: bridge control possible
[    2.978797] vgaarb: loaded
[    2.980247] bus: 'nd': registered
[    2.982817] device class 'nd': registering
[    2.984865] bus: 'nd': add driver nd_bus
[    2.986868] bus: 'nd': add driver nvdimm
[    2.989071] bus: 'nd': add driver nd_region
[    2.991031] device class 'dax': registering
[    2.994858] bus: 'dax': registered
[    2.997281] device class 'scsi_host': registering
[    2.998869] bus: 'scsi': registered
[    3.000830] device class 'scsi_device': registering
[    3.002830] SCSI subsystem initialized
[    3.006910] device class 'ata_link': registering
[    3.009413] device class 'ata_port': registering
[    3.010819] device class 'ata_device': registering
[    3.014814] libata version 3.00 loaded.
[    3.016760] bus: 'serio': registered
[    3.018538] device class 'input': registering
[    3.018840] device class 'rtc': registering
[    3.022819] device class 'rc': registering
[    3.025033] device class 'pps': registering
[    3.026817] pps_core: LinuxPPS API ver. 1 registered
[    3.029341] pps_core: Software ver. 5.3.6 - Copyright 2005-2007 Rodolfo Giometti <giometti@linux.it>
[    3.030799] device class 'ptp': registering
[    3.034818] PTP clock support registered
[    3.038799] device class 'power_supply': registering
[    3.041438] EDAC MC: Ver: 3.0.0
[    3.042842] bus: 'edac': registered
[    3.044578] device: 'edac': device_add
[    3.046843] PM: Adding info for No Bus:edac
[    3.049457] device: 'mc': device_add
[    3.050805] bus: 'edac': add device mc
[    3.052934] PM: Adding info for edac:mc
[    3.054887] device class 'leds': registering
[    3.057226] device class 'devfreq': registering
[    3.058933] bus: 'nvmem': registered
[    3.062805] PCI: Using ACPI for IRQ routing
[    3.065247] PCI: pci_cache_line_size set to 64 bytes
[    3.067220] e820: reserve RAM buffer [mem 0x0009fc00-0x0009ffff]
[    3.070820] e820: reserve RAM buffer [mem 0xf7ff0000-0xf7ffffff]
[    3.074895] device class 'net': registering
[    3.078862] device: 'lo': device_add
[    3.081445] PM: Adding info for No Bus:lo
[    3.083423] device class 'watchdog': registering
[    3.087414] clocksource: Switched to clocksource hyperv_clocksource_tsc_page
[    3.236443] VFS: Disk quotas dquot_6.6.0
[    3.238700] VFS: Dquot-cache hash table entries: 512 (order 0, 4096 bytes)
[    3.242511] *** VALIDATE hugetlbfs ***
[    3.245433] bus: 'platform': add driver simple-framebuffer
[    3.248573] bus: 'pnp': add driver system
[    3.250771] pnp: PnP ACPI init
[    3.252483] device: 'pnp0': device_add
[    3.254584] PM: Adding info for No Bus:pnp0
[    3.257034] device: '00:00': device_add
[    3.258968] bus: 'pnp': add device 00:00
[    3.260952] PM: Adding info for pnp:00:00
[    3.262965] pnp 00:00: Plug and Play ACPI device, IDs PNP0b00 (active)
[    3.266466] device: '00:01': device_add
[    3.268392] bus: 'pnp': add device 00:01
[    3.270374] PM: Adding info for pnp:00:01
[    3.273156] pnp 00:01: Plug and Play ACPI device, IDs PNP0303 PNP030b (active)
[    3.277586] device: '00:02': device_add
[    3.279769] bus: 'pnp': add device 00:02
[    3.281994] PM: Adding info for pnp:00:02
[    3.284228] pnp 00:02: Plug and Play ACPI device, IDs PNP0f03 PNP0f13 (active)
[    3.291129] pnp 00:03: [dma 0 disabled]
[    3.293188] device: '00:03': device_add
[    3.295145] bus: 'pnp': add device 00:03
[    3.297290] PM: Adding info for pnp:00:03
[    3.299495] pnp 00:03: Plug and Play ACPI device, IDs PNP0501 (active)
[    3.305643] pnp 00:04: [dma 0 disabled]
[    3.307844] device: '00:04': device_add
[    3.309952] bus: 'pnp': add device 00:04
[    3.312153] PM: Adding info for pnp:00:04
[    3.314378] pnp 00:04: Plug and Play ACPI device, IDs PNP0501 (active)
[    3.320805] pnp 00:05: [dma 2]
[    3.322566] device: '00:05': device_add
[    3.324488] bus: 'pnp': add device 00:05
[    3.326566] PM: Adding info for pnp:00:05
[    3.328717] pnp 00:05: Plug and Play ACPI device, IDs PNP0700 (active)
[    3.332281] device: '00:06': device_add
[    3.334370] bus: 'pnp': add device 00:06
[    3.336479] PM: Adding info for pnp:00:06
[    3.338596] bus: 'pnp': driver_probe_device: matched device 00:06 with driver system
[    3.342664] bus: 'pnp': really_probe: probing driver system with device 00:06
[    3.346435] system 00:06: no default pinctrl state
[    3.349141] system 00:06: [io  0x01e0-0x01ef] has been reserved
[    3.352397] system 00:06: [io  0x0160-0x016f] has been reserved
[    3.355435] system 00:06: [io  0x0278-0x027f] has been reserved
[    3.358455] system 00:06: [io  0x0378-0x037f] has been reserved
[    3.361489] system 00:06: [io  0x0678-0x067f] has been reserved
[    3.364587] system 00:06: [io  0x0778-0x077f] has been reserved
[    3.367643] system 00:06: [io  0x04d0-0x04d1] has been reserved
[    3.370648] driver: 'system': driver_bound: bound to device '00:06'
[    3.373836] bus: 'pnp': really_probe: bound device 00:06 to driver system
[    3.377278] system 00:06: Plug and Play ACPI device, IDs PNP0c02 (active)
[    3.382716] device: '00:07': device_add
[    3.384891] bus: 'pnp': add device 00:07
[    3.387064] PM: Adding info for pnp:00:07
[    3.389233] bus: 'pnp': driver_probe_device: matched device 00:07 with driver system
[    3.393346] bus: 'pnp': really_probe: probing driver system with device 00:07
[    3.397187] system 00:07: no default pinctrl state
[    3.399822] system 00:07: [io  0x0400-0x043f] has been reserved
[    3.403030] system 00:07: [io  0x0370-0x0371] has been reserved
[    3.406262] system 00:07: [io  0x0440-0x044f] has been reserved
[    3.409487] system 00:07: [mem 0xfec00000-0xfec00fff] could not be reserved
[    3.413257] system 00:07: [mem 0xfee00000-0xfee00fff] has been reserved
[    3.416863] driver: 'system': driver_bound: bound to device '00:07'
[    3.420155] bus: 'pnp': really_probe: bound device 00:07 to driver system
[    3.423699] system 00:07: Plug and Play ACPI device, IDs PNP0c02 (active)
[    3.428765] device: '00:08': device_add
[    3.430877] bus: 'pnp': add device 00:08
[    3.433042] PM: Adding info for pnp:00:08
[    3.435244] bus: 'pnp': driver_probe_device: matched device 00:08 with driver system
[    3.439367] bus: 'pnp': really_probe: probing driver system with device 00:08
[    3.443128] system 00:08: no default pinctrl state
[    3.445805] system 00:08: [mem 0x00000000-0x0009ffff] could not be reserved
[    3.449511] system 00:08: [mem 0x000c0000-0x000dffff] could not be reserved
[    3.453079] system 00:08: [mem 0x000e0000-0x000fffff] could not be reserved
[    3.456738] system 00:08: [mem 0x00100000-0xf7ffffff] could not be reserved
[    3.460495] system 00:08: [mem 0xfffc0000-0xffffffff] has been reserved
[    3.464043] driver: 'system': driver_bound: bound to device '00:08'
[    3.467430] bus: 'pnp': really_probe: bound device 00:08 to driver system
[    3.470875] system 00:08: Plug and Play ACPI device, IDs PNP0c01 (active)
[    3.475692] pnp: PnP ACPI: found 9 devices
[    3.477822] device class 'mem': registering
[    3.479931] device: 'mem': device_add
[    3.481901] PM: Adding info for No Bus:mem
[    3.484242] device: 'null': device_add
[    3.486329] PM: Adding info for No Bus:null
[    3.488720] device: 'port': device_add
[    3.490863] PM: Adding info for No Bus:port
[    3.493233] device: 'zero': device_add
[    3.495362] PM: Adding info for No Bus:zero
[    3.497729] device: 'full': device_add
[    3.499854] PM: Adding info for No Bus:full
[    3.502104] device: 'random': device_add
[    3.504210] PM: Adding info for No Bus:random
[    3.506562] device: 'urandom': device_add
[    3.508705] PM: Adding info for No Bus:urandom
[    3.511136] device: 'kmsg': device_add
[    3.513076] PM: Adding info for No Bus:kmsg
[    3.515369] device: 'tty': device_add
[    3.517330] PM: Adding info for No Bus:tty
[    3.519546] device: 'console': device_add
[    3.521708] PM: Adding info for No Bus:console
[    3.524250] device: 'tty0': device_add
[    3.526334] PM: Adding info for No Bus:tty0
[    3.528569] device class 'vc': registering
[    3.530726] device: 'vcs': device_add
[    3.532684] PM: Adding info for No Bus:vcs
[    3.534903] device: 'vcsu': device_add
[    3.536908] PM: Adding info for No Bus:vcsu
[    3.539157] device: 'vcsa': device_add
[    3.541280] PM: Adding info for No Bus:vcsa
[    3.543472] device: 'vcs1': device_add
[    3.545403] PM: Adding info for No Bus:vcs1
[    3.547581] device: 'vcsu1': device_add
[    3.549849] PM: Adding info for No Bus:vcsu1
[    3.552247] device: 'vcsa1': device_add
[    3.554448] PM: Adding info for No Bus:vcsa1
[    3.556892] device: 'tty1': device_add
[    3.559340] PM: Adding info for No Bus:tty1
[    3.561909] device: 'tty2': device_add
[    3.564185] PM: Adding info for No Bus:tty2
[    3.566541] device: 'tty3': device_add
[    3.568599] PM: Adding info for No Bus:tty3
[    3.570898] device: 'tty4': device_add
[    3.573105] PM: Adding info for No Bus:tty4
[    3.575231] device: 'tty5': device_add
[    3.577099] PM: Adding info for No Bus:tty5
[    3.579186] device: 'tty6': device_add
[    3.581081] PM: Adding info for No Bus:tty6
[    3.583202] device: 'tty7': device_add
[    3.585084] PM: Adding info for No Bus:tty7
[    3.587258] device: 'tty8': device_add
[    3.589232] PM: Adding info for No Bus:tty8
[    3.591487] device: 'tty9': device_add
[    3.593460] PM: Adding info for No Bus:tty9
[    3.595686] device: 'tty10': device_add
[    3.597737] PM: Adding info for No Bus:tty10
[    3.599995] device: 'tty11': device_add
[    3.602116] PM: Adding info for No Bus:tty11
[    3.604316] device: 'tty12': device_add
[    3.606276] PM: Adding info for No Bus:tty12
[    3.608478] device: 'tty13': device_add
[    3.610419] PM: Adding info for No Bus:tty13
[    3.612599] device: 'tty14': device_add
[    3.614569] PM: Adding info for No Bus:tty14
[    3.616827] device: 'tty15': device_add
[    3.618870] PM: Adding info for No Bus:tty15
[    3.621137] device: 'tty16': device_add
[    3.623192] PM: Adding info for No Bus:tty16
[    3.625440] device: 'tty17': device_add
[    3.627423] PM: Adding info for No Bus:tty17
[    3.629628] device: 'tty18': device_add
[    3.631720] PM: Adding info for No Bus:tty18
[    3.633853] device: 'tty19': device_add
[    3.635765] PM: Adding info for No Bus:tty19
[    3.637891] device: 'tty20': device_add
[    3.639816] PM: Adding info for No Bus:tty20
[    3.641934] device: 'tty21': device_add
[    3.643880] PM: Adding info for No Bus:tty21
[    3.646110] device: 'tty22': device_add
[    3.648138] PM: Adding info for No Bus:tty22
[    3.650568] device: 'tty23': device_add
[    3.652575] PM: Adding info for No Bus:tty23
[    3.654851] device: 'tty24': device_add
[    3.656874] PM: Adding info for No Bus:tty24
[    3.659149] device: 'tty25': device_add
[    3.661174] PM: Adding info for No Bus:tty25
[    3.663449] device: 'tty26': device_add
[    3.665473] PM: Adding info for No Bus:tty26
[    3.667868] device: 'tty27': device_add
[    3.669824] PM: Adding info for No Bus:tty27
[    3.672032] device: 'tty28': device_add
[    3.673993] PM: Adding info for No Bus:tty28
[    3.676172] device: 'tty29': device_add
[    3.678117] PM: Adding info for No Bus:tty29
[    3.680340] device: 'tty30': device_add
[    3.682459] PM: Adding info for No Bus:tty30
[    3.684821] device: 'tty31': device_add
[    3.686966] PM: Adding info for No Bus:tty31
[    3.689367] device: 'tty32': device_add
[    3.691505] PM: Adding info for No Bus:tty32
[    3.693871] device: 'tty33': device_add
[    3.696005] PM: Adding info for No Bus:tty33
[    3.698493] device: 'tty34': device_add
[    3.700681] PM: Adding info for No Bus:tty34
[    3.703025] device: 'tty35': device_add
[    3.705074] PM: Adding info for No Bus:tty35
[    3.707399] device: 'tty36': device_add
[    3.709571] PM: Adding info for No Bus:tty36
[    3.712039] device: 'tty37': device_add
[    3.714236] PM: Adding info for No Bus:tty37
[    3.716696] device: 'tty38': device_add
[    3.718882] PM: Adding info for No Bus:tty38
[    3.721304] device: 'tty39': device_add
[    3.723516] PM: Adding info for No Bus:tty39
[    3.725918] device: 'tty40': device_add
[    3.727901] PM: Adding info for No Bus:tty40
[    3.730114] device: 'tty41': device_add
[    3.732117] PM: Adding info for No Bus:tty41
[    3.734345] device: 'tty42': device_add
[    3.736288] PM: Adding info for No Bus:tty42
[    3.738552] device: 'tty43': device_add
[    3.740612] PM: Adding info for No Bus:tty43
[    3.742924] device: 'tty44': device_add
[    3.744970] PM: Adding info for No Bus:tty44
[    3.747284] device: 'tty45': device_add
[    3.749561] PM: Adding info for No Bus:tty45
[    3.751876] device: 'tty46': device_add
[    3.753988] PM: Adding info for No Bus:tty46
[    3.756422] device: 'tty47': device_add
[    3.758595] PM: Adding info for No Bus:tty47
[    3.761092] device: 'tty48': device_add
[    3.763189] PM: Adding info for No Bus:tty48
[    3.765551] device: 'tty49': device_add
[    3.767673] PM: Adding info for No Bus:tty49
[    3.770028] device: 'tty50': device_add
[    3.772117] PM: Adding info for No Bus:tty50
[    3.774523] device: 'tty51': device_add
[    3.776676] PM: Adding info for No Bus:tty51
[    3.779098] device: 'tty52': device_add
[    3.781224] PM: Adding info for No Bus:tty52
[    3.783611] device: 'tty53': device_add
[    3.785756] PM: Adding info for No Bus:tty53
[    3.788433] device: 'tty54': device_add
[    3.790770] PM: Adding info for No Bus:tty54
[    3.793001] device: 'tty55': device_add
[    3.794974] PM: Adding info for No Bus:tty55
[    3.797130] device: 'tty56': device_add
[    3.799091] PM: Adding info for No Bus:tty56
[    3.801281] device: 'tty57': device_add
[    3.803413] PM: Adding info for No Bus:tty57
[    3.805808] device: 'tty58': device_add
[    3.807957] PM: Adding info for No Bus:tty58
[    3.810364] device: 'tty59': device_add
[    3.812479] PM: Adding info for No Bus:tty59
[    3.814835] device: 'tty60': device_add
[    3.816947] PM: Adding info for No Bus:tty60
[    3.819236] device: 'tty61': device_add
[    3.821252] PM: Adding info for No Bus:tty61
[    3.823558] device: 'tty62': device_add
[    3.825503] PM: Adding info for No Bus:tty62
[    3.827680] device: 'tty63': device_add
[    3.829609] PM: Adding info for No Bus:tty63
[    3.831937] device class 'firmware': registering
[    3.834249] device class 'thermal': registering
[    3.841189] clocksource: acpi_pm: mask: 0xffffff max_cycles: 0xffffff, max_idle_ns: 2085701024 ns
[    3.845619] pci_bus 0000:00: resource 4 [mem 0xfe0000000-0xfffffffff window]
[    3.849170] pci_bus 0000:00: resource 5 [io  0x0000-0x0cf7 window]
[    3.852227] pci_bus 0000:00: resource 6 [io  0x0d00-0xffff window]
[    3.855265] pci_bus 0000:00: resource 7 [mem 0x000a0000-0x000bffff window]
[    3.858631] pci_bus 0000:00: resource 8 [mem 0xf8000000-0xfffbffff window]
[    3.862558] NET: Registered protocol family 2
[    3.865500] tcp_listen_portaddr_hash hash table entries: 2048 (order: 5, 147456 bytes, linear)
[    3.870387] TCP established hash table entries: 32768 (order: 6, 262144 bytes, linear)
[    3.874522] TCP bind hash table entries: 32768 (order: 9, 2097152 bytes, linear)
[    3.879175] TCP: Hash tables configured (established 32768 bind 32768)
[    3.883328] UDP hash table entries: 2048 (order: 6, 327680 bytes, linear)
[    3.886982] UDP-Lite hash table entries: 2048 (order: 6, 327680 bytes, linear)
[    3.891615] NET: Registered protocol family 1
[    3.893968] pci 0000:00:00.0: Limiting direct PCI/PCI transfers
[    3.897475] pci 0000:00:08.0: Video device with shadowed ROM at [mem 0x000c0000-0x000dffff]
[    3.901949] PCI: CLS 0 bytes, default 64
[    3.904260] Trying to unpack rootfs image as initramfs...
[    4.125142] debug: unmapping init [mem 0xffff97dcb6697000-0xffff97dcb7342fff]
[    4.130098] PCI-DMA: Using software bounce buffering for IO (SWIOTLB)
[    4.133584] software IO TLB: mapped [mem 0xe3ff0000-0xe7ff0000] (64MB)
[    4.137475] RAPL PMU: API unit is 2^-32 Joules, 0 fixed counters, 10737418240 ms ovfl timer
[    4.141722] Registering platform device 'pcspkr'. Parent at platform
[    4.145746] device: 'pcspkr': device_add
[    4.147893] bus: 'platform': add device pcspkr
[    4.150359] PM: Adding info for platform:pcspkr
[    4.152777] check: Scanning for low memory corruption every 60 seconds
[    4.156264] Registering platform device 'platform-framebuffer.0'. Parent at platform
[    4.160350] device: 'platform-framebuffer.0': device_add
[    4.163166] bus: 'platform': add device platform-framebuffer.0
[    4.166166] PM: Adding info for platform:platform-framebuffer.0
[    4.174080] bus: 'pci': add driver iosf_mbi_pci
[    4.176675] device: 'snapshot': device_add
[    4.178905] PM: Adding info for No Bus:snapshot
[    4.181408] bus: 'clocksource': registered
[    4.183591] device: 'clocksource': device_add
[    4.185918] PM: Adding info for No Bus:clocksource
[    4.188449] device: 'clocksource0': device_add
[    4.190821] bus: 'clocksource': add device clocksource0
[    4.193660] PM: Adding info for clocksource:clocksource0
[    4.196471] bus: 'platform': add driver alarmtimer
[    4.198992] Registering platform device 'alarmtimer'. Parent at platform
[    4.202447] device: 'alarmtimer': device_add
[    4.204665] bus: 'platform': add device alarmtimer
[    4.207201] PM: Adding info for platform:alarmtimer
[    4.209731] bus: 'platform': driver_probe_device: matched device alarmtimer with driver alarmtimer
[    4.215309] bus: 'platform': really_probe: probing driver alarmtimer with device alarmtimer
[    4.219790] alarmtimer alarmtimer: no default pinctrl state
[    4.222787] driver: 'alarmtimer': driver_bound: bound to device 'alarmtimer'
[    4.226661] bus: 'platform': really_probe: bound device alarmtimer to driver alarmtimer
[    4.230925] bus: 'clockevents': registered
[    4.233380] device: 'clockevents': device_add
[    4.236799] PM: Adding info for No Bus:clockevents
[    4.239337] device: 'clockevent0': device_add
[    4.241738] bus: 'clockevents': add device clockevent0
[    4.244436] PM: Adding info for clockevents:clockevent0
[    4.247208] device: 'clockevent1': device_add
[    4.249574] bus: 'clockevents': add device clockevent1
[    4.252246] PM: Adding info for clockevents:clockevent1
[    4.254969] device: 'clockevent2': device_add
[    4.257260] bus: 'clockevents': add device clockevent2
[    4.259999] PM: Adding info for clockevents:clockevent2
[    4.262753] device: 'clockevent3': device_add
[    4.265047] bus: 'clockevents': add device clockevent3
[    4.267827] PM: Adding info for clockevents:clockevent3
[    4.270708] device: 'clockevent4': device_add
[    4.273069] bus: 'clockevents': add device clockevent4
[    4.275813] PM: Adding info for clockevents:clockevent4
[    4.278590] device: 'clockevent5': device_add
[    4.280901] bus: 'clockevents': add device clockevent5
[    4.283621] PM: Adding info for clockevents:clockevent5
[    4.286322] device: 'clockevent6': device_add
[    4.288675] bus: 'clockevents': add device clockevent6
[    4.291452] PM: Adding info for clockevents:clockevent6
[    4.294243] device: 'clockevent7': device_add
[    4.296470] bus: 'clockevents': add device clockevent7
[    4.299110] PM: Adding info for clockevents:clockevent7
[    4.302392] device: 'clockevent8': device_add
[    4.304676] bus: 'clockevents': add device clockevent8
[    4.307434] PM: Adding info for clockevents:clockevent8
[    4.310347] device: 'clockevent9': device_add
[    4.312711] bus: 'clockevents': add device clockevent9
[    4.315600] PM: Adding info for clockevents:clockevent9
[    4.318562] device: 'clockevent10': device_add
[    4.321141] bus: 'clockevents': add device clockevent10
[    4.324136] PM: Adding info for clockevents:clockevent10
[    4.327113] device: 'clockevent11': device_add
[    4.329522] bus: 'clockevents': add device clockevent11
[    4.332379] PM: Adding info for clockevents:clockevent11
[    4.335346] device: 'clockevent12': device_add
[    4.337808] bus: 'clockevents': add device clockevent12
[    4.340525] PM: Adding info for clockevents:clockevent12
[    4.343113] device: 'clockevent13': device_add
[    4.345252] bus: 'clockevents': add device clockevent13
[    4.347793] PM: Adding info for clockevents:clockevent13
[    4.350761] device: 'clockevent14': device_add
[    4.353242] bus: 'clockevents': add device clockevent14
[    4.356183] PM: Adding info for clockevents:clockevent14
[    4.359162] device: 'clockevent15': device_add
[    4.361645] bus: 'clockevents': add device clockevent15
[    4.364587] PM: Adding info for clockevents:clockevent15
[    4.367657] device: 'clockevent16': device_add
[    4.369873] bus: 'clockevents': add device clockevent16
[    4.372507] PM: Adding info for clockevents:clockevent16
[    4.375129] device: 'clockevent17': device_add
[    4.377345] bus: 'clockevents': add device clockevent17
[    4.379933] PM: Adding info for clockevents:clockevent17
[    4.382652] device: 'clockevent18': device_add
[    4.384980] bus: 'clockevents': add device clockevent18
[    4.387770] PM: Adding info for clockevents:clockevent18
[    4.390545] device: 'clockevent19': device_add
[    4.392850] bus: 'clockevents': add device clockevent19
[    4.395577] PM: Adding info for clockevents:clockevent19
[    4.398366] device: 'clockevent20': device_add
[    4.400795] bus: 'clockevents': add device clockevent20
[    4.403399] PM: Adding info for clockevents:clockevent20
[    4.406042] device: 'clockevent21': device_add
[    4.408415] bus: 'clockevents': add device clockevent21
[    4.411166] PM: Adding info for clockevents:clockevent21
[    4.414007] device: 'clockevent22': device_add
[    4.416420] bus: 'clockevents': add device clockevent22
[    4.419346] PM: Adding info for clockevents:clockevent22
[    4.422236] device: 'clockevent23': device_add
[    4.424650] bus: 'clockevents': add device clockevent23
[    4.427348] PM: Adding info for clockevents:clockevent23
[    4.430168] device: 'clockevent24': device_add
[    4.432378] bus: 'clockevents': add device clockevent24
[    4.434907] PM: Adding info for clockevents:clockevent24
[    4.437456] device: 'clockevent25': device_add
[    4.439586] bus: 'clockevents': add device clockevent25
[    4.442076] PM: Adding info for clockevents:clockevent25
[    4.444720] device: 'clockevent26': device_add
[    4.446980] bus: 'clockevents': add device clockevent26
[    4.449616] PM: Adding info for clockevents:clockevent26
[    4.452410] device: 'clockevent27': device_add
[    4.454674] bus: 'clockevents': add device clockevent27
[    4.457342] PM: Adding info for clockevents:clockevent27
[    4.460045] device: 'clockevent28': device_add
[    4.462315] bus: 'clockevents': add device clockevent28
[    4.465083] PM: Adding info for clockevents:clockevent28
[    4.467707] device: 'clockevent29': device_add
[    4.469996] bus: 'clockevents': add device clockevent29
[    4.472742] PM: Adding info for clockevents:clockevent29
[    4.475475] device: 'clockevent30': device_add
[    4.477819] bus: 'clockevents': add device clockevent30
[    4.480660] PM: Adding info for clockevents:clockevent30
[    4.483513] device: 'clockevent31': device_add
[    4.485842] bus: 'clockevents': add device clockevent31
[    4.488547] PM: Adding info for clockevents:clockevent31
[    4.491252] device: 'clockevent32': device_add
[    4.493651] bus: 'clockevents': add device clockevent32
[    4.496204] PM: Adding info for clockevents:clockevent32
[    4.498786] device: 'clockevent33': device_add
[    4.500928] bus: 'clockevents': add device clockevent33
[    4.503513] PM: Adding info for clockevents:clockevent33
[    4.506328] device: 'clockevent34': device_add
[    4.508818] bus: 'clockevents': add device clockevent34
[    4.511694] PM: Adding info for clockevents:clockevent34
[    4.514696] device: 'clockevent35': device_add
[    4.517227] bus: 'clockevents': add device clockevent35
[    4.520261] PM: Adding info for clockevents:clockevent35
[    4.523247] device: 'clockevent36': device_add
[    4.525826] bus: 'clockevents': add device clockevent36
[    4.528607] PM: Adding info for clockevents:clockevent36
[    4.531352] device: 'clockevent37': device_add
[    4.533560] bus: 'clockevents': add device clockevent37
[    4.536173] PM: Adding info for clockevents:clockevent37
[    4.538913] device: 'clockevent38': device_add
[    4.541236] bus: 'clockevents': add device clockevent38
[    4.544000] PM: Adding info for clockevents:clockevent38
[    4.546781] device: 'clockevent39': device_add
[    4.549097] bus: 'clockevents': add device clockevent39
[    4.552171] PM: Adding info for clockevents:clockevent39
[    4.555144] device: 'clockevent40': device_add
[    4.557616] bus: 'clockevents': add device clockevent40
[    4.560565] PM: Adding info for clockevents:clockevent40
[    4.563486] device: 'clockevent41': device_add
[    4.566005] bus: 'clockevents': add device clockevent41
[    4.569378] PM: Adding info for clockevents:clockevent41
[    4.572586] device: 'clockevent42': device_add
[    4.575191] bus: 'clockevents': add device clockevent42
[    4.578151] PM: Adding info for clockevents:clockevent42
[    4.580967] device: 'clockevent43': device_add
[    4.583254] bus: 'clockevents': add device clockevent43
[    4.585963] PM: Adding info for clockevents:clockevent43
[    4.588791] device: 'clockevent44': device_add
[    4.591006] bus: 'clockevents': add device clockevent44
[    4.593701] PM: Adding info for clockevents:clockevent44
[    4.596577] device: 'clockevent45': device_add
[    4.598963] bus: 'clockevents': add device clockevent45
[    4.601917] PM: Adding info for clockevents:clockevent45
[    4.604768] device: 'clockevent46': device_add
[    4.607123] bus: 'clockevents': add device clockevent46
[    4.609888] PM: Adding info for clockevents:clockevent46
[    4.612781] device: 'clockevent47': device_add
[    4.615173] bus: 'clockevents': add device clockevent47
[    4.618012] PM: Adding info for clockevents:clockevent47
[    4.621005] device: 'clockevent48': device_add
[    4.623231] bus: 'clockevents': add device clockevent48
[    4.625798] PM: Adding info for clockevents:clockevent48
[    4.628409] device: 'clockevent49': device_add
[    4.630619] bus: 'clockevents': add device clockevent49
[    4.633240] PM: Adding info for clockevents:clockevent49
[    4.636041] device: 'clockevent50': device_add
[    4.638444] bus: 'clockevents': add device clockevent50
[    4.641252] PM: Adding info for clockevents:clockevent50
[    4.644205] device: 'clockevent51': device_add
[    4.646666] bus: 'clockevents': add device clockevent51
[    4.649680] PM: Adding info for clockevents:clockevent51
[    4.652637] device: 'clockevent52': device_add
[    4.655011] bus: 'clockevents': add device clockevent52
[    4.657745] PM: Adding info for clockevents:clockevent52
[    4.660565] device: 'clockevent53': device_add
[    4.662998] bus: 'clockevents': add device clockevent53
[    4.665945] PM: Adding info for clockevents:clockevent53
[    4.668822] device: 'clockevent54': device_add
[    4.671237] bus: 'clockevents': add device clockevent54
[    4.674079] PM: Adding info for clockevents:clockevent54
[    4.676827] device: 'clockevent55': device_add
[    4.679081] bus: 'clockevents': add device clockevent55
[    4.681886] PM: Adding info for clockevents:clockevent55
[    4.684514] device: 'clockevent56': device_add
[    4.686794] bus: 'clockevents': add device clockevent56
[    4.689604] PM: Adding info for clockevents:clockevent56
[    4.692474] device: 'clockevent57': device_add
[    4.694958] bus: 'clockevents': add device clockevent57
[    4.697833] PM: Adding info for clockevents:clockevent57
[    4.700614] device: 'clockevent58': device_add
[    4.702934] bus: 'clockevents': add device clockevent58
[    4.705656] PM: Adding info for clockevents:clockevent58
[    4.708518] device: 'clockevent59': device_add
[    4.710986] bus: 'clockevents': add device clockevent59
[    4.713780] PM: Adding info for clockevents:clockevent59
[    4.716577] device: 'clockevent60': device_add
[    4.718926] bus: 'clockevents': add device clockevent60
[    4.721677] PM: Adding info for clockevents:clockevent60
[    4.724587] device: 'clockevent61': device_add
[    4.726895] bus: 'clockevents': add device clockevent61
[    4.729645] PM: Adding info for clockevents:clockevent61
[    4.732498] device: 'clockevent62': device_add
[    4.734840] bus: 'clockevents': add device clockevent62
[    4.737670] PM: Adding info for clockevents:clockevent62
[    4.740660] device: 'clockevent63': device_add
[    4.742984] bus: 'clockevents': add device clockevent63
[    4.745754] PM: Adding info for clockevents:clockevent63
[    4.748596] device: 'broadcast': device_add
[    4.750812] bus: 'clockevents': add device broadcast
[    4.753741] PM: Adding info for clockevents:broadcast
[    4.757383] bus: 'event_source': registered
[    4.759676] device: 'power': device_add
[    4.761764] bus: 'event_source': add device power
[    4.764351] PM: Adding info for event_source:power
[    4.766958] device: 'msr': device_add
[    4.768917] bus: 'event_source': add device msr
[    4.771276] PM: Adding info for event_source:msr
[    4.773664] device: 'breakpoint': device_add
[    4.775985] bus: 'event_source': add device breakpoint
[    4.778558] PM: Adding info for event_source:breakpoint
[    4.781125] device: 'kprobe': device_add
[    4.783067] bus: 'event_source': add device kprobe
[    4.785471] PM: Adding info for event_source:kprobe
[    4.787900] device: 'tracepoint': device_add
[    4.790092] bus: 'event_source': add device tracepoint
[    4.792709] PM: Adding info for event_source:tracepoint
[    4.795339] device: 'software': device_add
[    4.797408] bus: 'event_source': add device software
[    4.799935] PM: Adding info for event_source:software
[    4.802681] workingset: timestamp_bits=40 max_order=20 bucket_order=0
[    4.822550] zbud: loaded
[    4.828913] SGI XFS with security attributes, no debug enabled
[    4.836379] Key type asymmetric registered
[    4.838738] Asymmetric key parser 'x509' registered
[    4.841167] device class 'bsg': registering
[    4.843308] Block layer SCSI generic (bsg) driver version 0.4 loaded (major 246)
[    4.847352] io scheduler mq-deadline registered
[    4.849702] io scheduler kyber registered
[    4.853159] device class 'phy': registering
[    4.855491] bus: 'pci_express': add driver aer
[    4.857926] bus: 'pci_express': add driver pcie_pme
[    4.860677] bus: 'pci': add driver pcieport
[    4.863017] bus: 'pci': add driver imsttfb
[    4.865253] bus: 'pci': add driver asiliantfb
[    4.867647] bus: 'platform': add driver vesa-framebuffer
[    4.870709] bus: 'platform': add driver efi-framebuffer
[    4.873455] intel_idle: Please enable MWAIT in BIOS SETUP
[    4.876199] bus: 'cpu': add driver processor
[    4.878309] bus: 'cpu': driver_probe_device: matched device cpu0 with driver processor
[    4.882074] bus: 'cpu': really_probe: probing driver processor with device cpu0
[    4.885632] processor cpu0: no default pinctrl state
[    4.888221] device: 'cooling_device0': device_add
[    4.890735] PM: Adding info for No Bus:cooling_device0
[    4.893423] driver: 'processor': driver_bound: bound to device 'cpu0'
[    4.896737] bus: 'cpu': really_probe: bound device cpu0 to driver processor
[    4.900383] bus: 'cpu': driver_probe_device: matched device cpu1 with driver processor
[    4.904209] bus: 'cpu': really_probe: probing driver processor with device cpu1
[    4.908045] processor cpu1: no default pinctrl state
[    4.910563] device: 'cooling_device1': device_add
[    4.913018] PM: Adding info for No Bus:cooling_device1
[    4.916048] driver: 'processor': driver_bound: bound to device 'cpu1'
[    4.919670] bus: 'cpu': really_probe: bound device cpu1 to driver processor
[    4.923431] bus: 'cpu': driver_probe_device: matched device cpu2 with driver processor
[    4.927595] bus: 'cpu': really_probe: probing driver processor with device cpu2
[    4.931498] processor cpu2: no default pinctrl state
[    4.933997] device: 'cooling_device2': device_add
[    4.936407] PM: Adding info for No Bus:cooling_device2
[    4.938936] driver: 'processor': driver_bound: bound to device 'cpu2'
[    4.942036] bus: 'cpu': really_probe: bound device cpu2 to driver processor
[    4.945488] bus: 'cpu': driver_probe_device: matched device cpu3 with driver processor
[    4.949443] bus: 'cpu': really_probe: probing driver processor with device cpu3
[    4.953452] processor cpu3: no default pinctrl state
[    4.956233] device: 'cooling_device3': device_add
[    4.958925] PM: Adding info for No Bus:cooling_device3
[    4.961787] driver: 'processor': driver_bound: bound to device 'cpu3'
[    4.965176] bus: 'cpu': really_probe: bound device cpu3 to driver processor
[    4.968882] bus: 'cpu': driver_probe_device: matched device cpu4 with driver processor
[    4.973082] bus: 'cpu': really_probe: probing driver processor with device cpu4
[    4.977085] processor cpu4: no default pinctrl state
[    4.979902] device: 'cooling_device4': device_add
[    4.982470] PM: Adding info for No Bus:cooling_device4
[    4.985157] driver: 'processor': driver_bound: bound to device 'cpu4'
[    4.988538] bus: 'cpu': really_probe: bound device cpu4 to driver processor
[    4.992268] bus: 'cpu': driver_probe_device: matched device cpu5 with driver processor
[    4.996140] bus: 'cpu': really_probe: probing driver processor with device cpu5
[    4.999807] processor cpu5: no default pinctrl state
[    5.002346] device: 'cooling_device5': device_add
[    5.004786] PM: Adding info for No Bus:cooling_device5
[    5.007474] driver: 'processor': driver_bound: bound to device 'cpu5'
[    5.010779] bus: 'cpu': really_probe: bound device cpu5 to driver processor
[    5.014345] bus: 'cpu': driver_probe_device: matched device cpu6 with driver processor
[    5.018380] bus: 'cpu': really_probe: probing driver processor with device cpu6
[    5.022227] processor cpu6: no default pinctrl state
[    5.024734] device: 'cooling_device6': device_add
[    5.027226] PM: Adding info for No Bus:cooling_device6
[    5.029872] driver: 'processor': driver_bound: bound to device 'cpu6'
[    5.033169] bus: 'cpu': really_probe: bound device cpu6 to driver processor
[    5.036819] bus: 'cpu': driver_probe_device: matched device cpu7 with driver processor
[    5.040983] bus: 'cpu': really_probe: probing driver processor with device cpu7
[    5.044854] processor cpu7: no default pinctrl state
[    5.047568] device: 'cooling_device7': device_add
[    5.050053] PM: Adding info for No Bus:cooling_device7
[    5.052892] driver: 'processor': driver_bound: bound to device 'cpu7'
[    5.056228] bus: 'cpu': really_probe: bound device cpu7 to driver processor
[    5.059957] bus: 'acpi': add driver thermal
[    5.062288] bus: 'acpi': add driver nfit
[    5.064294] bus: 'acpi': add driver hardware_error_device
[    5.066999] bus: 'platform': add driver of_fixed_factor_clk
[    5.069811] bus: 'platform': add driver of_fixed_clk
[    5.072334] bus: 'platform': add driver gpio-clk
[    5.074814] bus: 'platform': add driver clk-pmc-atom
[    5.077511] bus: 'pci': add driver dw_dmac_pci
[    5.079988] device: 'ptmx': device_add
[    5.082065] PM: Adding info for No Bus:ptmx
[    5.084489] Serial: 8250/16550 driver, 32 ports, IRQ sharing enabled
[    5.087898] bus: 'pnp': add driver serial
[    5.090004] bus: 'pnp': driver_probe_device: matched device 00:03 with driver serial
[    5.093805] bus: 'pnp': really_probe: probing driver serial with device 00:03
[    5.097273] serial 00:03: no default pinctrl state
[    5.125694] 00:03: ttyS0 at I/O 0x3f8 (irq = 4, base_baud = 115200) is a 16550A
[    5.129693] device: 'ttyS0': device_add
[    5.131993] PM: Adding info for No Bus:ttyS0
[    5.134525] driver: 'serial': driver_bound: bound to device '00:03'
[    5.137974] bus: 'pnp': really_probe: bound device 00:03 to driver serial
[    5.141693] bus: 'pnp': driver_probe_device: matched device 00:04 with driver serial
[    5.145915] bus: 'pnp': really_probe: probing driver serial with device 00:04
[    5.149746] serial 00:04: no default pinctrl state
[    5.178888] 00:04: ttyS1 at I/O 0x2f8 (irq = 3, base_baud = 115200) is a 16550A
[    5.182761] device: 'ttyS1': device_add
[    5.184901] PM: Adding info for No Bus:ttyS1
[    5.187329] driver: 'serial': driver_bound: bound to device '00:04'
[    5.190573] bus: 'pnp': really_probe: bound device 00:04 to driver serial
[    5.193926] Registering platform device 'serial8250'. Parent at platform
[    5.197312] device: 'serial8250': device_add
[    5.199526] bus: 'platform': add device serial8250
[    5.202027] PM: Adding info for platform:serial8250
[    5.204625] device: 'ttyS2': device_add
[    5.206757] PM: Adding info for No Bus:ttyS2
[    5.209106] device: 'ttyS3': device_add
[    5.211313] PM: Adding info for No Bus:ttyS3
[    5.213590] device: 'ttyS4': device_add
[    5.215655] PM: Adding info for No Bus:ttyS4
[    5.217911] device: 'ttyS5': device_add
[    5.219958] PM: Adding info for No Bus:ttyS5
[    5.222246] device: 'ttyS6': device_add
[    5.224382] PM: Adding info for No Bus:ttyS6
[    5.226727] device: 'ttyS7': device_add
[    5.228833] PM: Adding info for No Bus:ttyS7
[    5.231199] device: 'ttyS8': device_add
[    5.233285] PM: Adding info for No Bus:ttyS8
[    5.235621] device: 'ttyS9': device_add
[    5.237693] PM: Adding info for No Bus:ttyS9
[    5.240022] device: 'ttyS10': device_add
[    5.242229] PM: Adding info for No Bus:ttyS10
[    5.244512] device: 'ttyS11': device_add
[    5.246583] PM: Adding info for No Bus:ttyS11
[    5.248909] device: 'ttyS12': device_add
[    5.251197] PM: Adding info for No Bus:ttyS12
[    5.254027] device: 'ttyS13': device_add
[    5.256452] PM: Adding info for No Bus:ttyS13
[    5.259046] device: 'ttyS14': device_add
[    5.261371] PM: Adding info for No Bus:ttyS14
[    5.263825] device: 'ttyS15': device_add
[    5.266009] PM: Adding info for No Bus:ttyS15
[    5.268426] device: 'ttyS16': device_add
[    5.270614] PM: Adding info for No Bus:ttyS16
[    5.273015] device: 'ttyS17': device_add
[    5.275248] PM: Adding info for No Bus:ttyS17
[    5.277586] device: 'ttyS18': device_add
[    5.279663] PM: Adding info for No Bus:ttyS18
[    5.281955] device: 'ttyS19': device_add
[    5.284043] PM: Adding info for No Bus:ttyS19
[    5.286356] device: 'ttyS20': device_add
[    5.288482] PM: Adding info for No Bus:ttyS20
[    5.290885] device: 'ttyS21': device_add
[    5.293030] PM: Adding info for No Bus:ttyS21
[    5.295426] device: 'ttyS22': device_add
[    5.297611] PM: Adding info for No Bus:ttyS22
[    5.300037] device: 'ttyS23': device_add
[    5.302201] PM: Adding info for No Bus:ttyS23
[    5.304721] device: 'ttyS24': device_add
[    5.306833] PM: Adding info for No Bus:ttyS24
[    5.309116] device: 'ttyS25': device_add
[    5.311215] PM: Adding info for No Bus:ttyS25
[    5.313539] device: 'ttyS26': device_add
[    5.315659] PM: Adding info for No Bus:ttyS26
[    5.318067] device: 'ttyS27': device_add
[    5.320252] PM: Adding info for No Bus:ttyS27
[    5.322672] device: 'ttyS28': device_add
[    5.324862] PM: Adding info for No Bus:ttyS28
[    5.327271] device: 'ttyS29': device_add
[    5.329564] PM: Adding info for No Bus:ttyS29
[    5.332022] device: 'ttyS30': device_add
[    5.334236] PM: Adding info for No Bus:ttyS30
[    5.336689] device: 'ttyS31': device_add
[    5.339177] PM: Adding info for No Bus:ttyS31
[    5.341583] bus: 'platform': add driver serial8250
[    5.344116] bus: 'platform': driver_probe_device: matched device serial8250 with driver serial8250
[    5.348713] bus: 'platform': really_probe: probing driver serial8250 with device serial8250
[    5.353257] serial8250 serial8250: no default pinctrl state
[    5.356448] driver: 'serial8250': driver_bound: bound to device 'serial8250'
[    5.360295] bus: 'platform': really_probe: bound device serial8250 to driver serial8250
[    5.364487] bus: 'pci': add driver serial
[    5.366751] bus: 'pci': add driver exar_serial
[    5.369162] bus: 'pci': add driver 8250_lpss
[    5.371522] bus: 'platform': add driver uart-sccnxp
[    5.374155] device: 'ttyprintk': device_add
[    5.376441] PM: Adding info for No Bus:ttyprintk
[    5.379001] device: 'hpet': device_add
[    5.381060] PM: Adding info for No Bus:hpet
[    5.383418] bus: 'acpi': add driver hpet
[    5.385657] device: 'hw_random': device_add
[    5.387986] PM: Adding info for No Bus:hw_random
[    5.390516] Linux agpgart interface v0.103
[    5.392710] bus: 'pci': add driver agpgart-intel
[    5.395117] bus: 'pci': add driver agpgart-via
[    5.397380] bus: 'platform': add driver tpm_tis
[    5.399637] bus: 'pnp': add driver tpm_tis
[    5.402353] device: 'cache': device_add
[    5.404514] device: 'index0': device_add
[    5.406641] device: 'index1': device_add
[    5.408759] device: 'index2': device_add
[    5.410933] device: 'index3': device_add
[    5.413134] device: 'cache': device_add
[    5.415622] device: 'index0': device_add
[    5.418032] device: 'index1': device_add
[    5.420227] device: 'index2': device_add
[    5.422439] device: 'index3': device_add
[    5.424752] device: 'cache': device_add
[    5.426894] device: 'index0': device_add
[    5.429095] device: 'index1': device_add
[    5.431238] device: 'index2': device_add
[    5.433354] device: 'index3': device_add
[    5.435508] device: 'cache': device_add
[    5.437540] device: 'index0': device_add
[    5.439563] device: 'index1': device_add
[    5.441584] device: 'index2': device_add
[    5.443604] device: 'index3': device_add
[    5.445725] device: 'cache': device_add
[    5.447911] device: 'index0': device_add
[    5.450129] device: 'index1': device_add
[    5.452344] device: 'index2': device_add
[    5.454815] device: 'index3': device_add
[    5.457097] device: 'cache': device_add
[    5.459291] device: 'index0': device_add
[    5.461574] device: 'index1': device_add
[    5.463683] device: 'index2': device_add
[    5.465784] device: 'index3': device_add
[    5.467929] device: 'cache': device_add
[    5.470036] device: 'index0': device_add
[    5.472134] device: 'index1': device_add
[    5.474219] device: 'index2': device_add
[    5.476397] device: 'index3': device_add
[    5.478584] device: 'cache': device_add
[    5.481042] device: 'index0': device_add
[    5.483570] device: 'index1': device_add
[    5.486115] device: 'index2': device_add
[    5.488690] device: 'index3': device_add
[    5.494195] device: '1:0': device_add
[    5.496207] PM: Adding info for No Bus:1:0
[    5.498412] device: 'ram0': device_add
[    5.500518] PM: Adding info for No Bus:ram0
[    5.503445] device: '1:1': device_add
[    5.505578] PM: Adding info for No Bus:1:1
[    5.507813] device: 'ram1': device_add
[    5.509954] PM: Adding info for No Bus:ram1
[    5.512663] device: '1:2': device_add
[    5.514743] PM: Adding info for No Bus:1:2
[    5.517048] device: 'ram2': device_add
[    5.519225] PM: Adding info for No Bus:ram2
[    5.521927] device: '1:3': device_add
[    5.524005] PM: Adding info for No Bus:1:3
[    5.526101] device: 'ram3': device_add
[    5.528073] PM: Adding info for No Bus:ram3
[    5.530605] device: '1:4': device_add
[    5.532576] PM: Adding info for No Bus:1:4
[    5.534735] device: 'ram4': device_add
[    5.536807] PM: Adding info for No Bus:ram4
[    5.539463] device: '1:5': device_add
[    5.541405] PM: Adding info for No Bus:1:5
[    5.543515] device: 'ram5': device_add
[    5.545494] PM: Adding info for No Bus:ram5
[    5.548186] device: '1:6': device_add
[    5.550257] PM: Adding info for No Bus:1:6
[    5.552554] device: 'ram6': device_add
[    5.554724] PM: Adding info for No Bus:ram6
[    5.557270] device: '1:7': device_add
[    5.559245] PM: Adding info for No Bus:1:7
[    5.561240] device: 'ram7': device_add
[    5.563153] PM: Adding info for No Bus:ram7
[    5.565664] device: '1:8': device_add
[    5.567697] PM: Adding info for No Bus:1:8
[    5.569974] device: 'ram8': device_add
[    5.572270] PM: Adding info for No Bus:ram8
[    5.574955] device: '1:9': device_add
[    5.576926] PM: Adding info for No Bus:1:9
[    5.579089] device: 'ram9': device_add
[    5.581108] PM: Adding info for No Bus:ram9
[    5.583668] device: '1:10': device_add
[    5.585680] PM: Adding info for No Bus:1:10
[    5.587865] device: 'ram10': device_add
[    5.589906] PM: Adding info for No Bus:ram10
[    5.592497] device: '1:11': device_add
[    5.594426] PM: Adding info for No Bus:1:11
[    5.596512] device: 'ram11': device_add
[    5.598475] PM: Adding info for No Bus:ram11
[    5.601060] device: '1:12': device_add
[    5.603054] PM: Adding info for No Bus:1:12
[    5.605224] device: 'ram12': device_add
[    5.607270] PM: Adding info for No Bus:ram12
[    5.609848] device: '1:13': device_add
[    5.611831] PM: Adding info for No Bus:1:13
[    5.613988] device: 'ram13': device_add
[    5.616054] PM: Adding info for No Bus:ram13
[    5.618660] device: '1:14': device_add
[    5.620592] PM: Adding info for No Bus:1:14
[    5.622703] device: 'ram14': device_add
[    5.624701] PM: Adding info for No Bus:ram14
[    5.627268] device: '1:15': device_add
[    5.629195] PM: Adding info for No Bus:1:15
[    5.631277] device: 'ram15': device_add
[    5.633344] PM: Adding info for No Bus:ram15
[    5.635938] brd: module loaded
[    5.637524] bus: 'nd': add driver nd_pmem
[    5.639630] bus: 'nd': add driver nd_blk
[    5.641671] bus: 'platform': add driver e820_pmem
[    5.644117] bus: 'platform': add driver of_pmem
[    5.646485] bus: 'dax': add driver device_dax
[    5.648728] bus: 'dax': add driver kmem
[    5.650778] device class 'scsi_disk': registering
[    5.653385] bus: 'scsi': add driver sd
[    5.655289] bus: 'scsi': add driver sr
[    5.657490] device class 'scsi_generic': registering
[    5.660269] bus: 'pci': add driver ata_piix
[    5.662629] bus: 'pci': driver_probe_device: matched device 0000:00:07.1 with driver ata_piix
[    5.667194] bus: 'pci': really_probe: probing driver ata_piix with device 0000:00:07.1
[    5.671408] ata_piix 0000:00:07.1: no default pinctrl state
[    5.674268] ata_piix 0000:00:07.1: version 2.13
[    5.676639] cdx: pci_set_power_state: line 1117
[    5.678964] ata_piix 0000:00:07.1: cdx: pci_raw_set_power_state: 1: power transition (from state 0 to 0)
[    5.683676] cdx: pci_set_power_state: line 1159, err=0
[    5.686157] cdx: pci_set_power_state: line 1163, err=0
[    5.688894] ata_piix 0000:00:07.1: Hyper-V Virtual Machine detected, ATA device ignore set
[    5.700709] device: 'ata1': device_add
[    5.702791] PM: Adding info for No Bus:ata1
[    5.705052] device: 'ata1': device_add
[    5.707171] PM: Adding info for No Bus:ata1
[    5.709496] device: 'link1': device_add
[    5.711556] PM: Adding info for No Bus:link1
[    5.713656] device: 'link1': device_add
[    5.715616] PM: Adding info for No Bus:link1
[    5.717868] device: 'dev1.0': device_add
[    5.719910] PM: Adding info for No Bus:dev1.0
[    5.722064] device: 'dev1.0': device_add
[    5.724079] PM: Adding info for No Bus:dev1.0
[    5.726443] device: 'dev1.1': device_add
[    5.728515] PM: Adding info for No Bus:dev1.1
[    5.730718] device: 'dev1.1': device_add
[    5.732789] PM: Adding info for No Bus:dev1.1
[    5.738597] device: 'ata2': device_add
[    5.740645] PM: Adding info for No Bus:ata2
[    5.742764] device: 'ata2': device_add
[    5.744780] PM: Adding info for No Bus:ata2
[    5.747082] device: 'link2': device_add
[    5.749217] PM: Adding info for No Bus:link2
[    5.751395] device: 'link2': device_add
[    5.753339] PM: Adding info for No Bus:link2
[    5.755718] device: 'dev2.0': device_add
[    5.757985] PM: Adding info for No Bus:dev2.0
[    5.760407] device: 'dev2.0': device_add
[    5.762641] PM: Adding info for No Bus:dev2.0
[    5.765197] device: 'dev2.1': device_add
[    5.767407] PM: Adding info for No Bus:dev2.1
[    5.769662] device: 'dev2.1': device_add
[    5.771768] PM: Adding info for No Bus:dev2.1
[    5.774416] scsi host0: ata_piix
[    5.776375] device: 'host0': device_add
[    5.778294] bus: 'scsi': add device host0
[    5.780370] PM: Adding info for scsi:host0
[    5.782469] device: 'host0': device_add
[    5.784566] PM: Adding info for No Bus:host0
[    5.787113] scsi host1: ata_piix
[    5.788868] device: 'host1': device_add
[    5.790901] bus: 'scsi': add device host1
[    5.793054] PM: Adding info for scsi:host1
[    5.795274] device: 'host1': device_add
[    5.797444] PM: Adding info for No Bus:host1
[    5.799709] ata1: PATA max UDMA/33 cmd 0x1f0 ctl 0x3f6 bmdma 0xffa0 irq 14
[    5.803353] ata2: PATA max UDMA/33 cmd 0x170 ctl 0x376 bmdma 0xffa8 irq 15
[    5.807026] driver: 'ata_piix': driver_bound: bound to device '0000:00:07.1'
[    5.810847] bus: 'pci': really_probe: bound device 0000:00:07.1 to driver ata_piix
[    5.814826] bus: 'pci': add driver Cavium PTP Driver
[    5.817463] bus: 'pnp': add driver i8042 kbd
[    5.819746] bus: 'pnp': driver_probe_device: matched device 00:01 with driver i8042 kbd
[    5.823990] bus: 'pnp': really_probe: probing driver i8042 kbd with device 00:01
[    5.827950] i8042 kbd 00:01: no default pinctrl state
[    5.830722] driver: 'i8042 kbd': driver_bound: bound to device '00:01'
[    5.834333] bus: 'pnp': really_probe: bound device 00:01 to driver i8042 kbd
[    5.838177] bus: 'pnp': add driver i8042 aux
[    5.840515] bus: 'pnp': driver_probe_device: matched device 00:02 with driver i8042 aux
[    5.844777] bus: 'pnp': really_probe: probing driver i8042 aux with device 00:02
[    5.848588] i8042 aux 00:02: no default pinctrl state
[    5.851321] driver: 'i8042 aux': driver_bound: bound to device '00:02'
[    5.854906] bus: 'pnp': really_probe: bound device 00:02 to driver i8042 aux
[    5.858736] i8042: PNP: PS/2 Controller [PNP0303:PS2K,PNP0f03:PS2M] at 0x60,0x64 irq 1,12
[    5.863241] Registering platform device 'i8042'. Parent at platform
[    5.866595] device: 'i8042': device_add
[    5.868709] bus: 'platform': add device i8042
[    5.871024] PM: Adding info for platform:i8042
[    5.873261] bus: 'platform': add driver i8042
[    5.875437] bus: 'platform': driver_probe_device: matched device i8042 with driver i8042
[    5.879357] bus: 'platform': really_probe: probing driver i8042 with device i8042
[    5.882969] i8042 i8042: no default pinctrl state
[    5.894251] serio: i8042 KBD port at 0x60,0x64 irq 1
[    5.897019] device: 'serio0': device_add
[    5.898052] serio: i8042 AUX port at 0x60,0x64 irq 12
[    5.899206] bus: 'serio': add device serio0
[    5.901842] driver: 'i8042': driver_bound: bound to device 'i8042'
[    5.904108] PM: Adding info for serio:serio0
[    5.907643] bus: 'platform': really_probe: bound device i8042 to driver i8042
[    5.909750] device: 'serio1': device_add
[    5.913366] bus: 'pnp': add driver rtc_cmos
[    5.915478] bus: 'serio': add device serio1
[    5.917646] bus: 'pnp': driver_probe_device: matched device 00:00 with driver rtc_cmos
[    5.919972] PM: Adding info for serio:serio1
[    5.923991] bus: 'pnp': really_probe: probing driver rtc_cmos with device 00:00
[    5.924007] rtc_cmos 00:00: no default pinctrl state
[    5.932648] rtc_cmos 00:00: RTC can wake from S4
[    5.958031] device: 'rtc0': device_add
[    5.960184] PM: Adding info for No Bus:rtc0
[    5.962570] rtc_cmos 00:00: registered as rtc0
[    5.964924] device: 'cmos_nvram0': device_add
[    5.967219] bus: 'nvmem': add device cmos_nvram0
[    5.969697] PM: Adding info for nvmem:cmos_nvram0
[    5.972175] rtc_cmos 00:00: alarms up to one month, 114 bytes nvram
[    5.975364] driver: 'rtc_cmos': driver_bound: bound to device '00:00'
[    5.978741] bus: 'pnp': really_probe: bound device 00:00 to driver rtc_cmos
[    5.982450] IR NEC protocol handler initialized
[    5.984855] IR RC5(x/sz) protocol handler initialized
[    5.987523] IR RC6 protocol handler initialized
[    5.989904] IR JVC protocol handler initialized
[    5.992275] IR Sony protocol handler initialized
[    5.994640] IR SANYO protocol handler initialized
[    5.997041] IR Sharp protocol handler initialized
[    5.999485] IR MCE Keyboard/mouse protocol handler initialized
[    6.002457] IR XMP protocol handler initialized
[    6.004800] intel_pstate: CPU model not supported
[    6.110485] ledtrig-cpu: registered to indicate activity on CPUs
[    6.113856] device class 'extcon': registering
[    6.116570] device class 'powercap': registering
[    6.120603] NET: Registered protocol family 10
[    6.125320] Segment Routing with IPv6
[    6.127339] NET: Registered protocol family 17
[    6.129735] Key type dns_resolver registered
[    6.132004] bus: 'machinecheck': registered
[    6.134096] device: 'machinecheck': device_add
[    6.136385] PM: Adding info for No Bus:machinecheck
[    6.138865] device: 'machinecheck0': device_add
[    6.141307] bus: 'machinecheck': add device machinecheck0
[    6.144371] PM: Adding info for machinecheck:machinecheck0
[    6.147667] device: 'machinecheck1': device_add
[    6.150110] bus: 'machinecheck': add device machinecheck1
[    6.153027] PM: Adding info for machinecheck:machinecheck1
[    6.156047] device: 'machinecheck2': device_add
[    6.158684] bus: 'machinecheck': add device machinecheck2
[    6.161730] PM: Adding info for machinecheck:machinecheck2
[    6.252926] ata2.01: NODEV after polling detection
[    6.252947] device: 'machinecheck3': device_add
[    6.258402] bus: 'machinecheck': add device machinecheck3
[    6.261429] PM: Adding info for machinecheck:machinecheck3
[    6.285204] device: 'machinecheck4': device_add
[    6.287778] bus: 'machinecheck': add device machinecheck4
[    6.290865] PM: Adding info for machinecheck:machinecheck4
[    6.293980] device: 'machinecheck5': device_add
[    6.296519] bus: 'machinecheck': add device machinecheck5
[    6.299529] PM: Adding info for machinecheck:machinecheck5
[    6.302651] device: 'machinecheck6': device_add
[    6.305068] bus: 'machinecheck': add device machinecheck6
[    6.307983] PM: Adding info for machinecheck:machinecheck6
[    6.310874] device: 'machinecheck7': device_add
[    6.313440] bus: 'machinecheck': add device machinecheck7
[    6.316574] PM: Adding info for machinecheck:machinecheck7
[    6.317128] ata2.00: ATAPI: Virtual CD, , max MWDMA2
[    6.320148] device: 'cpu_dma_latency': device_add
[    6.323585] ata1.01: NODEV after polling detection
[    6.325315] PM: Adding info for No Bus:cpu_dma_latency
[    6.357138] device: 'network_latency': device_add
[    6.360076] PM: Adding info for No Bus:network_latency
[    6.386776] ata1.00: host indicates ignore ATA devices, ignored
[    6.386814] device: 'network_throughput': device_add
[    6.392871] PM: Adding info for No Bus:network_throughput
[    6.393435] scsi 1:0:0:0: CD-ROM            Msft     Virtual CD/ROM   1.0  PQ: 0 ANSI: 5
[    6.396083] device: 'memory_bandwidth': device_add
[    6.401901] device: 'target1:0:0': device_add
[    6.403112] PM: Adding info for No Bus:memory_bandwidth
[    6.405405] bus: 'scsi': add device target1:0:0
[    6.410777] PM: Adding info for scsi:target1:0:0
[    6.412759] registered taskstats version 1
[    6.413318] device: '1:0:0:0': device_add
[    6.415815] zswap: loaded using pool lzo/zbud
[    6.417725] bus: 'scsi': add device 1:0:0:0
[    6.422086] PM: Adding info for scsi:1:0:0:0
[    6.424396] bus: 'scsi': driver_probe_device: matched device 1:0:0:0 with driver sr
[    6.428438] bus: 'scsi': really_probe: probing driver sr with device 1:0:0:0
[    6.432152] sr 1:0:0:0: no default pinctrl state
[    6.434507] Key type encrypted registered
[    6.439884] PM:   Magic number: 15:318:908
[    6.442226] mem port: hash matches
[    6.444527] rtc_cmos 00:00: setting system clock to 2019-08-07T23:53:31 UTC (1565222011)
[    6.468241] sr 1:0:0:0: [sr0] scsi3-mmc drive: 0x/0x tray
[    6.471272] cdrom: Uniform CD-ROM driver Revision: 3.20
[    6.474241] device: '11:0': device_add
[    6.476711] PM: Adding info for No Bus:11:0
[    6.479349] device: 'sr0': device_add
[    6.481732] PM: Adding info for No Bus:sr0
[    6.494467] sr 1:0:0:0: Attached scsi CD-ROM sr0
[    6.497124] driver: 'sr': driver_bound: bound to device '1:0:0:0'
