Sep 26 05:08:09 lisa--891-e0-n0 systemd-fsck[459]: cloudimg-rootfs: clean, 77119/275536 files, 395480/550651 blocks
Sep 26 05:08:09 lisa--891-e0-n0 kernel: [    0.000000] Booting Linux on physical CPU 0x0000000000 [0x410fd490]
Sep 26 05:08:09 lisa--891-e0-n0 systemd[1]: Mounted Huge Pages File System.
Sep 26 05:08:09 lisa--891-e0-n0 kernel: [    0.000000] Linux version 6.8.0-1014-azure (buildd@bos03-arm64-117) (aarch64-linux-gnu-gcc-11 (Ubuntu 11.4.0-1ubuntu1~22.04) 11.4.0, GNU ld (GNU Binutils for Ubuntu) 2.38) #16~22.04.1-Ubuntu SMP Thu Aug 15 22:06:40 UTC 2024 (Ubuntu 6.8.0-1014.16~22.04.1-azure 6.8.12)
Sep 26 05:08:09 lisa--891-e0-n0 systemd[1]: Mounted POSIX Message Queue File System.
Sep 26 05:08:09 lisa--891-e0-n0 systemd[1]: Mounted Kernel Debug File System.
Sep 26 05:08:09 lisa--891-e0-n0 systemd[1]: Mounted Kernel Trace File System.
Sep 26 05:08:09 lisa--891-e0-n0 kernel: [    0.000000] KASLR enabled
Sep 26 05:08:09 lisa--891-e0-n0 kernel: [    0.000000] earlycon: pl11 at MMIO 0x00000000effec000 (options '')
Sep 26 05:08:09 lisa--891-e0-n0 kernel: [    0.000000] printk: legacy bootconsole [pl11] enabled
Sep 26 05:08:09 lisa--891-e0-n0 kernel: [    0.000000] efi: EFI v2.7 by EDK II
Sep 26 05:08:09 lisa--891-e0-n0 systemd[1]: Finished Set the console keyboard layout.
Sep 26 05:08:09 lisa--891-e0-n0 kernel: [    0.000000] efi: ACPI 2.0=0x3fd5f018 SMBIOS=0x3e580000 SMBIOS 3.0=0x3e560000 MEMATTR=0x3f212418 MOKvar=0x3e340000 RNG=0x3fd5f818 MEMRESERVE=0x3e476e18 
Sep 26 05:08:09 lisa--891-e0-n0 kernel: [    0.000000] random: crng init done
Sep 26 05:08:09 lisa--891-e0-n0 systemd[1]: Finished Create List of Static Device Nodes.
Sep 26 05:08:09 lisa--891-e0-n0 kernel: [    0.000000] secureboot: Secure boot disabled
Sep 26 05:08:09 lisa--891-e0-n0 kernel: [    0.000000] ACPI: Early table checksum verification disabled
Sep 26 05:08:09 lisa--891-e0-n0 kernel: [    0.000000] ACPI: RSDP 0x000000003FD5F018 000024 (v02 VRTUAL)
Sep 26 05:08:09 lisa--891-e0-n0 kernel: [    0.000000] ACPI: XSDT 0x000000003FD5FF18 00006C (v01 VRTUAL MICROSFT 00000001 MSFT 00000001)
Sep 26 05:08:09 lisa--891-e0-n0 kernel: [    0.000000] ACPI: FACP 0x000000003FD5FC18 000114 (v06 VRTUAL MICROSFT 00000001 MSFT 00000001)
Sep 26 05:08:09 lisa--891-e0-n0 kernel: [    0.000000] ACPI: DSDT 0x000000003FD40018 01E296 (v02 MSFTVM DSDT01   00000001 MSFT 05000000)
Sep 26 05:08:09 lisa--891-e0-n0 kernel: [    0.000000] ACPI: DBG2 0x000000003FD5FB18 000072 (v00 VRTUAL MICROSFT 00000001 MSFT 00000001)
Sep 26 05:08:09 lisa--891-e0-n0 kernel: [    0.000000] ACPI: GTDT 0x000000003FD5FD98 000060 (v02 VRTUAL MICROSFT 00000001 MSFT 00000001)
Sep 26 05:08:09 lisa--891-e0-n0 kernel: [    0.000000] ACPI: OEM0 0x000000003FD5F098 000064 (v01 VRTUAL MICROSFT 00000001 MSFT 00000001)
Sep 26 05:08:09 lisa--891-e0-n0 kernel: [    0.000000] ACPI: SPCR 0x000000003FD5FA98 000050 (v02 VRTUAL MICROSFT 00000001 MSFT 00000001)
Sep 26 05:08:09 lisa--891-e0-n0 kernel: [    0.000000] ACPI: APIC 0x000000003FD3F018 000F5C (v04 VRTUAL MICROSFT 00000001 MSFT 00000001)
Sep 26 05:08:09 lisa--891-e0-n0 kernel: [    0.000000] ACPI: SRAT 0x000000003FD5F198 000570 (v03 VRTUAL MICROSFT 00000001 MSFT 00000001)
Sep 26 05:08:09 lisa--891-e0-n0 kernel: [    0.000000] ACPI: PPTT 0x000000003FD3D018 001318 (v01 VRTUAL MICROSFT 00000000 MSFT 00000000)
Sep 26 05:08:09 lisa--891-e0-n0 kernel: [    0.000000] ACPI: BGRT 0x000000003FD5FE98 000038 (v01 VRTUAL MICROSFT 00000001 MSFT 00000001)
Sep 26 05:08:09 lisa--891-e0-n0 systemd[1]: modprobe@configfs.service: Deactivated successfully.
Sep 26 05:08:09 lisa--891-e0-n0 systemd[1]: Finished Load Kernel Module configfs.
Sep 26 05:08:09 lisa--891-e0-n0 systemd[1]: modprobe@drm.service: Deactivated successfully.
Sep 26 05:08:09 lisa--891-e0-n0 systemd[1]: Finished Load Kernel Module drm.
Sep 26 05:08:09 lisa--891-e0-n0 systemd[1]: modprobe@efi_pstore.service: Deactivated successfully.
Sep 26 05:08:09 lisa--891-e0-n0 systemd[1]: Finished Load Kernel Module efi_pstore.
Sep 26 05:08:09 lisa--891-e0-n0 systemd[1]: modprobe@fuse.service: Deactivated successfully.
Sep 26 05:08:09 lisa--891-e0-n0 systemd[1]: Finished Load Kernel Module fuse.
Sep 26 05:08:09 lisa--891-e0-n0 systemd[1]: Finished File System Check on Root Device.
Sep 26 05:08:09 lisa--891-e0-n0 systemd[1]: Finished Load Kernel Modules.
Sep 26 05:08:09 lisa--891-e0-n0 systemd[1]: Mounting FUSE Control File System...
Sep 26 05:08:09 lisa--891-e0-n0 systemd[1]: Mounting Kernel Configuration File System...
Sep 26 05:08:09 lisa--891-e0-n0 systemd[1]: Started File System Check Daemon to report status.
Sep 26 05:08:09 lisa--891-e0-n0 systemd[1]: Starting Remount Root and Kernel File Systems...
Sep 26 05:08:09 lisa--891-e0-n0 systemd[1]: Starting Apply Kernel Variables...
Sep 26 05:08:09 lisa--891-e0-n0 systemd[1]: Mounted FUSE Control File System.
Sep 26 05:08:09 lisa--891-e0-n0 systemd[1]: Mounted Kernel Configuration File System.
Sep 26 05:08:09 lisa--891-e0-n0 systemd[1]: Finished Apply Kernel Variables.
Sep 26 05:08:09 lisa--891-e0-n0 systemd[1]: Finished Remount Root and Kernel File Systems.
Sep 26 05:08:09 lisa--891-e0-n0 systemd[1]: Starting Device-Mapper Multipath Device Controller...
Sep 26 05:08:09 lisa--891-e0-n0 systemd[1]: Starting Flush Journal to Persistent Storage...
Sep 26 05:08:09 lisa--891-e0-n0 systemd[1]: Condition check resulted in Platform Persistent Storage Archival being skipped.
Sep 26 05:08:09 lisa--891-e0-n0 systemd[1]: Starting Load/Save Random Seed...
Sep 26 05:08:09 lisa--891-e0-n0 systemd[1]: Starting Create System Users...
Sep 26 05:08:09 lisa--891-e0-n0 systemd[1]: Finished Coldplug All udev Devices.
Sep 26 05:08:09 lisa--891-e0-n0 multipathd[496]: --------start up--------
Sep 26 05:08:09 lisa--891-e0-n0 multipathd[496]: read /etc/multipath.conf
Sep 26 05:08:09 lisa--891-e0-n0 multipathd[496]: path checkers start up
Sep 26 05:08:09 lisa--891-e0-n0 systemd[1]: Finished Create System Users.
Sep 26 05:08:09 lisa--891-e0-n0 systemd[1]: Starting Create Static Device Nodes in /dev...
Sep 26 05:08:09 lisa--891-e0-n0 systemd[1]: Finished Create Static Device Nodes in /dev.
Sep 26 05:08:09 lisa--891-e0-n0 kernel: [    0.000000] ACPI: SPCR: console: pl011,mmio32,0xeffec000,115200
Sep 26 05:08:09 lisa--891-e0-n0 systemd[1]: Starting Rule-based Manager for Device Events and Files...
Sep 26 05:08:09 lisa--891-e0-n0 kernel: [    0.000000] ACPI: SRAT: Node 0 PXM 0 [mem 0x00000000-0x3fffffff] hotplug
Sep 26 05:08:09 lisa--891-e0-n0 kernel: [    0.000000] ACPI: SRAT: Node 0 PXM 0 [mem 0x100000000-0xfbfffffff] hotplug
Sep 26 05:08:09 lisa--891-e0-n0 kernel: [    0.000000] ACPI: SRAT: Node 0 PXM 0 [mem 0x1000000000-0x30ffffffff] hotplug
Sep 26 05:08:09 lisa--891-e0-n0 kernel: [    0.000000] ACPI: SRAT: Node 0 PXM 0 [mem 0x3100000000-0xffffffffff] hotplug
Sep 26 05:08:09 lisa--891-e0-n0 kernel: [    0.000000] ACPI: SRAT: Node 0 PXM 0 [mem 0x10000000000-0x1ffffffffff] hotplug
Sep 26 05:08:09 lisa--891-e0-n0 systemd[1]: Started Device-Mapper Multipath Device Controller.
Sep 26 05:08:09 lisa--891-e0-n0 kernel: [    0.000000] ACPI: SRAT: Node 0 PXM 0 [mem 0x20000000000-0x3ffffffffff] hotplug
Sep 26 05:08:09 lisa--891-e0-n0 kernel: [    0.000000] ACPI: SRAT: Node 0 PXM 0 [mem 0x40000000000-0x7ffffffffff] hotplug
Sep 26 05:08:09 lisa--891-e0-n0 kernel: [    0.000000] ACPI: SRAT: Node 0 PXM 0 [mem 0x80000000000-0xfffffffffff] hotplug
Sep 26 05:08:09 lisa--891-e0-n0 kernel: [    0.000000] ACPI: SRAT: Node 0 PXM 0 [mem 0x100000000000-0x1fffffffffff] hotplug
Sep 26 05:08:09 lisa--891-e0-n0 kernel: [    0.000000] ACPI: SRAT: Node 0 PXM 0 [mem 0x200000000000-0x3fffffffffff] hotplug
Sep 26 05:08:09 lisa--891-e0-n0 systemd[1]: Finished Load/Save Random Seed.
Sep 26 05:08:09 lisa--891-e0-n0 kernel: [    0.000000] ACPI: SRAT: Node 0 PXM 0 [mem 0x400000000000-0x7fffffffffff] hotplug
Sep 26 05:08:09 lisa--891-e0-n0 kernel: [    0.000000] ACPI: SRAT: Node 0 PXM 0 [mem 0x800000000000-0xffffffffffff] hotplug
Sep 26 05:08:09 lisa--891-e0-n0 kernel: [    0.000000] NUMA: NODE_DATA [mem 0x30e7f3e5c0-0x30e7f43fff]
Sep 26 05:08:09 lisa--891-e0-n0 kernel: [    0.000000] Zone ranges:
Sep 26 05:08:09 lisa--891-e0-n0 systemd[1]: Condition check resulted in First Boot Complete being skipped.
Sep 26 05:08:09 lisa--891-e0-n0 kernel: [    0.000000]   DMA      [mem 0x0000000000000000-0x00000000ffffffff]
Sep 26 05:08:09 lisa--891-e0-n0 systemd[1]: Finished Flush Journal to Persistent Storage.
Sep 26 05:08:09 lisa--891-e0-n0 kernel: [    0.000000]   DMA32    empty
Sep 26 05:08:09 lisa--891-e0-n0 kernel: [    0.000000]   Normal   [mem 0x0000000100000000-0x00000030ffffffff]
Sep 26 05:08:09 lisa--891-e0-n0 systemd[1]: Started Rule-based Manager for Device Events and Files.
Sep 26 05:08:09 lisa--891-e0-n0 kernel: [    0.000000]   Device   empty
Sep 26 05:08:09 lisa--891-e0-n0 kernel: [    0.000000] Movable zone start for each node
Sep 26 05:08:09 lisa--891-e0-n0 kernel: [    0.000000] Early memory node ranges
Sep 26 05:08:09 lisa--891-e0-n0 kernel: [    0.000000]   node   0: [mem 0x0000000000000000-0x00000000007fffff]
Sep 26 05:08:09 lisa--891-e0-n0 kernel: [    0.000000]   node   0: [mem 0x0000000000824000-0x000000003e33ffff]
Sep 26 05:08:09 lisa--891-e0-n0 systemd[1]: Condition check resulted in Show Plymouth Boot Screen being skipped.
Sep 26 05:08:09 lisa--891-e0-n0 kernel: [    0.000000]   node   0: [mem 0x000000003e340000-0x000000003e34ffff]
Sep 26 05:08:09 lisa--891-e0-n0 systemd[1]: Started Dispatch Password Requests to Console Directory Watch.
Sep 26 05:08:09 lisa--891-e0-n0 kernel: [    0.000000]   node   0: [mem 0x000000003e350000-0x000000003e45ffff]
Sep 26 05:08:09 lisa--891-e0-n0 kernel: [    0.000000]   node   0: [mem 0x000000003e460000-0x000000003e46ffff]
Sep 26 05:08:09 lisa--891-e0-n0 kernel: [    0.000000]   node   0: [mem 0x000000003e470000-0x000000003e54ffff]
Sep 26 05:08:09 lisa--891-e0-n0 kernel: [    0.000000]   node   0: [mem 0x000000003e550000-0x000000003e87ffff]
Sep 26 05:08:09 lisa--891-e0-n0 kernel: [    0.000000]   node   0: [mem 0x000000003e880000-0x000000003fc7ffff]
Sep 26 05:08:09 lisa--891-e0-n0 systemd[1]: Condition check resulted in Forward Password Requests to Plymouth Directory Watch being skipped.
Sep 26 05:08:09 lisa--891-e0-n0 kernel: [    0.000000]   node   0: [mem 0x000000003fc80000-0x000000003fcfffff]
Sep 26 05:08:09 lisa--891-e0-n0 kernel: [    0.000000]   node   0: [mem 0x000000003fd00000-0x000000003fffffff]
Sep 26 05:08:09 lisa--891-e0-n0 kernel: [    0.000000]   node   0: [mem 0x0000000100000000-0x0000000fbfffffff]
Sep 26 05:08:09 lisa--891-e0-n0 kernel: [    0.000000]   node   0: [mem 0x0000001000000000-0x00000030ffffffff]
Sep 26 05:08:09 lisa--891-e0-n0 systemd[1]: Reached target Local Encrypted Volumes.
Sep 26 05:08:09 lisa--891-e0-n0 kernel: [    0.000000] Initmem setup node 0 [mem 0x0000000000000000-0x00000030ffffffff]
Sep 26 05:08:09 lisa--891-e0-n0 kernel: [    0.000000] On node 0, zone DMA: 36 pages in unavailable ranges
Sep 26 05:08:09 lisa--891-e0-n0 kernel: [    0.000000] cma: Reserved 32 MiB at 0x000000003c200000 on node -1
Sep 26 05:08:09 lisa--891-e0-n0 multipath: nvme1n1: uid = eui.4754530bca142357b5e3f24b3928cfca (sysfs)
Sep 26 05:08:09 lisa--891-e0-n0 kernel: [    0.000000] psci: probing for conduit method from ACPI.
Sep 26 05:08:09 lisa--891-e0-n0 kernel: [    0.000000] psci: PSCIv1.1 detected in firmware.
Sep 26 05:08:09 lisa--891-e0-n0 kernel: [    0.000000] psci: Using standard PSCI v0.2 function IDs
Sep 26 05:08:09 lisa--891-e0-n0 kernel: [    0.000000] psci: MIGRATE_INFO_TYPE not supported.
Sep 26 05:08:09 lisa--891-e0-n0 systemd[1]: Found device /dev/ttyAMA0.
Sep 26 05:08:09 lisa--891-e0-n0 kernel: [    0.000000] psci: SMC Calling Convention v1.4
Sep 26 05:08:09 lisa--891-e0-n0 kernel: [    0.000000] ACPI: NUMA: SRAT: PXM 0 -> MPIDR 0x0 -> Node 0
Sep 26 05:08:09 lisa--891-e0-n0 kernel: [    0.000000] ACPI: NUMA: SRAT: PXM 0 -> MPIDR 0x1 -> Node 0
Sep 26 05:08:09 lisa--891-e0-n0 multipath: nvme5n1: uid = eui.ff4985731fbbb35db6cdaf08e78af28a (sysfs)
Sep 26 05:08:09 lisa--891-e0-n0 kernel: [    0.000000] ACPI: NUMA: SRAT: PXM 0 -> MPIDR 0x2 -> Node 0
Sep 26 05:08:09 lisa--891-e0-n0 kernel: [    0.000000] ACPI: NUMA: SRAT: PXM 0 -> MPIDR 0x3 -> Node 0
Sep 26 05:08:09 lisa--891-e0-n0 kernel: [    0.000000] ACPI: NUMA: SRAT: PXM 0 -> MPIDR 0x4 -> Node 0
Sep 26 05:08:09 lisa--891-e0-n0 kernel: [    0.000000] ACPI: NUMA: SRAT: PXM 0 -> MPIDR 0x5 -> Node 0
Sep 26 05:08:09 lisa--891-e0-n0 kernel: [    0.000000] ACPI: NUMA: SRAT: PXM 0 -> MPIDR 0x6 -> Node 0
Sep 26 05:08:09 lisa--891-e0-n0 kernel: [    0.000000] ACPI: NUMA: SRAT: PXM 0 -> MPIDR 0x7 -> Node 0
Sep 26 05:08:09 lisa--891-e0-n0 kernel: [    0.000000] ACPI: NUMA: SRAT: PXM 0 -> MPIDR 0x8 -> Node 0
Sep 26 05:08:09 lisa--891-e0-n0 kernel: [    0.000000] ACPI: NUMA: SRAT: PXM 0 -> MPIDR 0x9 -> Node 0
Sep 26 05:08:09 lisa--891-e0-n0 kernel: [    0.000000] ACPI: NUMA: SRAT: PXM 0 -> MPIDR 0xa -> Node 0
Sep 26 05:08:09 lisa--891-e0-n0 kernel: [    0.000000] ACPI: NUMA: SRAT: PXM 0 -> MPIDR 0xb -> Node 0
Sep 26 05:08:09 lisa--891-e0-n0 kernel: [    0.000000] ACPI: NUMA: SRAT: PXM 0 -> MPIDR 0xc -> Node 0
Sep 26 05:08:09 lisa--891-e0-n0 kernel: [    0.000000] ACPI: NUMA: SRAT: PXM 0 -> MPIDR 0xd -> Node 0
Sep 26 05:08:09 lisa--891-e0-n0 kernel: [    0.000000] ACPI: NUMA: SRAT: PXM 0 -> MPIDR 0xe -> Node 0
Sep 26 05:08:09 lisa--891-e0-n0 multipath: nvme2n1: uid = eui.c5356cb4368b5657a5d0bd18cc5b7c6d (sysfs)
Sep 26 05:08:09 lisa--891-e0-n0 kernel: [    0.000000] ACPI: NUMA: SRAT: PXM 0 -> MPIDR 0xf -> Node 0
Sep 26 05:08:09 lisa--891-e0-n0 kernel: [    0.000000] ACPI: NUMA: SRAT: PXM 0 -> MPIDR 0x100 -> Node 0
Sep 26 05:08:09 lisa--891-e0-n0 kernel: [    0.000000] ACPI: NUMA: SRAT: PXM 0 -> MPIDR 0x101 -> Node 0
Sep 26 05:08:09 lisa--891-e0-n0 kernel: [    0.000000] ACPI: NUMA: SRAT: PXM 0 -> MPIDR 0x102 -> Node 0
Sep 26 05:08:09 lisa--891-e0-n0 kernel: [    0.000000] ACPI: NUMA: SRAT: PXM 0 -> MPIDR 0x103 -> Node 0
Sep 26 05:08:09 lisa--891-e0-n0 multipath: nvme3n1: uid = eui.3233115be9e1015bae112efd856a8381 (sysfs)
Sep 26 05:08:09 lisa--891-e0-n0 kernel: [    0.000000] ACPI: NUMA: SRAT: PXM 0 -> MPIDR 0x104 -> Node 0
Sep 26 05:08:09 lisa--891-e0-n0 kernel: [    0.000000] ACPI: NUMA: SRAT: PXM 0 -> MPIDR 0x105 -> Node 0
Sep 26 05:08:09 lisa--891-e0-n0 multipath: nvme0n1: uid = eui.ce454aca39de045e8a3de015d2326dbc (sysfs)
Sep 26 05:08:09 lisa--891-e0-n0 kernel: [    0.000000] ACPI: NUMA: SRAT: PXM 0 -> MPIDR 0x106 -> Node 0
Sep 26 05:08:09 lisa--891-e0-n0 kernel: [    0.000000] ACPI: NUMA: SRAT: PXM 0 -> MPIDR 0x107 -> Node 0
Sep 26 05:08:09 lisa--891-e0-n0 kernel: [    0.000000] ACPI: NUMA: SRAT: PXM 0 -> MPIDR 0x108 -> Node 0
Sep 26 05:08:09 lisa--891-e0-n0 kernel: [    0.000000] ACPI: NUMA: SRAT: PXM 0 -> MPIDR 0x109 -> Node 0
Sep 26 05:08:09 lisa--891-e0-n0 kernel: [    0.000000] ACPI: NUMA: SRAT: PXM 0 -> MPIDR 0x10a -> Node 0
Sep 26 05:08:09 lisa--891-e0-n0 multipath: nvme4n1: uid = eui.3430f61cf508a552b83ae9d588e60a22 (sysfs)
Sep 26 05:08:09 lisa--891-e0-n0 kernel: [    0.000000] ACPI: NUMA: SRAT: PXM 0 -> MPIDR 0x10b -> Node 0
Sep 26 05:08:09 lisa--891-e0-n0 kernel: [    0.000000] ACPI: NUMA: SRAT: PXM 0 -> MPIDR 0x10c -> Node 0
Sep 26 05:08:09 lisa--891-e0-n0 kernel: [    0.000000] ACPI: NUMA: SRAT: PXM 0 -> MPIDR 0x10d -> Node 0
Sep 26 05:08:09 lisa--891-e0-n0 kernel: [    0.000000] ACPI: NUMA: SRAT: PXM 0 -> MPIDR 0x10e -> Node 0
Sep 26 05:08:09 lisa--891-e0-n0 kernel: [    0.000000] ACPI: NUMA: SRAT: PXM 0 -> MPIDR 0x10f -> Node 0
Sep 26 05:08:09 lisa--891-e0-n0 kernel: [    0.000000] ACPI: NUMA: SRAT: PXM 0 -> MPIDR 0x200 -> Node 0
Sep 26 05:08:09 lisa--891-e0-n0 kernel: [    0.000000] ACPI: NUMA: SRAT: PXM 0 -> MPIDR 0x201 -> Node 0
Sep 26 05:08:09 lisa--891-e0-n0 kernel: [    0.000000] ACPI: NUMA: SRAT: PXM 0 -> MPIDR 0x202 -> Node 0
Sep 26 05:08:09 lisa--891-e0-n0 systemd-udevd[609]: nvme3n1: Process '/usr/bin/unshare -m /usr/bin/snap auto-import --mount=/dev/nvme3n1' failed with exit code 1.
Sep 26 05:08:09 lisa--891-e0-n0 kernel: [    0.000000] ACPI: NUMA: SRAT: PXM 0 -> MPIDR 0x203 -> Node 0
Sep 26 05:08:09 lisa--891-e0-n0 kernel: [    0.000000] ACPI: NUMA: SRAT: PXM 0 -> MPIDR 0x204 -> Node 0
Sep 26 05:08:09 lisa--891-e0-n0 kernel: [    0.000000] ACPI: NUMA: SRAT: PXM 0 -> MPIDR 0x205 -> Node 0
Sep 26 05:08:09 lisa--891-e0-n0 kernel: [    0.000000] ACPI: NUMA: SRAT: PXM 0 -> MPIDR 0x206 -> Node 0
Sep 26 05:08:09 lisa--891-e0-n0 kernel: [    0.000000] ACPI: NUMA: SRAT: PXM 0 -> MPIDR 0x207 -> Node 0
Sep 26 05:08:09 lisa--891-e0-n0 systemd[1]: Found device /sys/devices/virtual/misc/vmbus!hv_kvp.
Sep 26 05:08:09 lisa--891-e0-n0 kernel: [    0.000000] ACPI: NUMA: SRAT: PXM 0 -> MPIDR 0x208 -> Node 0
Sep 26 05:08:09 lisa--891-e0-n0 kernel: [    0.000000] ACPI: NUMA: SRAT: PXM 0 -> MPIDR 0x209 -> Node 0
Sep 26 05:08:09 lisa--891-e0-n0 kernel: [    0.000000] ACPI: NUMA: SRAT: PXM 0 -> MPIDR 0x20a -> Node 0
Sep 26 05:08:09 lisa--891-e0-n0 kernel: [    0.000000] ACPI: NUMA: SRAT: PXM 0 -> MPIDR 0x20b -> Node 0
Sep 26 05:08:09 lisa--891-e0-n0 kernel: [    0.000000] ACPI: NUMA: SRAT: PXM 0 -> MPIDR 0x20c -> Node 0
Sep 26 05:08:09 lisa--891-e0-n0 kernel: [    0.000000] ACPI: NUMA: SRAT: PXM 0 -> MPIDR 0x20d -> Node 0
Sep 26 05:08:09 lisa--891-e0-n0 kernel: [    0.000000] ACPI: NUMA: SRAT: PXM 0 -> MPIDR 0x20e -> Node 0
Sep 26 05:08:09 lisa--891-e0-n0 systemd-udevd[541]: nvme1n1: Process '/usr/bin/unshare -m /usr/bin/snap auto-import --mount=/dev/nvme1n1' failed with exit code 1.
Sep 26 05:08:09 lisa--891-e0-n0 systemd-udevd[612]: nvme2n1: Process '/usr/bin/unshare -m /usr/bin/snap auto-import --mount=/dev/nvme2n1' failed with exit code 1.
Sep 26 05:08:09 lisa--891-e0-n0 systemd-udevd[599]: nvme5n1: Process '/usr/bin/unshare -m /usr/bin/snap auto-import --mount=/dev/nvme5n1' failed with exit code 1.
Sep 26 05:08:09 lisa--891-e0-n0 systemd-udevd[601]: nvme0n1: Process '/usr/bin/unshare -m /usr/bin/snap auto-import --mount=/dev/nvme0n1' failed with exit code 1.
Sep 26 05:08:09 lisa--891-e0-n0 systemd-udevd[603]: nvme4n1: Process '/usr/bin/unshare -m /usr/bin/snap auto-import --mount=/dev/nvme4n1' failed with exit code 1.
Sep 26 05:08:09 lisa--891-e0-n0 systemd-udevd[613]: Using default interface naming scheme 'v249'.
Sep 26 05:08:09 lisa--891-e0-n0 systemd-udevd[513]: sr0: Process '/usr/bin/unshare -m /usr/bin/snap auto-import --mount=/dev/sr0' failed with exit code 1.
Sep 26 05:08:09 lisa--891-e0-n0 systemd[1]: Listening on Load/Save RF Kill Switch Status /dev/rfkill Watch.
Sep 26 05:08:09 lisa--891-e0-n0 systemd-udevd[552]: sda: Process '/usr/bin/unshare -m /usr/bin/snap auto-import --mount=/dev/sda' failed with exit code 1.
Sep 26 05:08:09 lisa--891-e0-n0 KVP: KVP starting; pid is:704
Sep 26 05:08:09 lisa--891-e0-n0 systemd[1]: Started Hyper-V KVP Protocol Daemon.
Sep 26 05:08:09 lisa--891-e0-n0 KVP: KVP LIC Version: 3.1
Sep 26 05:08:09 lisa--891-e0-n0 systemd-udevd[552]: sda1: Process '/usr/bin/unshare -m /usr/bin/snap auto-import --mount=/dev/sda1' failed with exit code 1.
Sep 26 05:08:09 lisa--891-e0-n0 systemd-udevd[594]: sda15: Process '/usr/bin/unshare -m /usr/bin/snap auto-import --mount=/dev/sda15' failed with exit code 1.
Sep 26 05:08:09 lisa--891-e0-n0 systemd[1]: Found device Virtual_Disk UEFI.
Sep 26 05:08:09 lisa--891-e0-n0 kernel: [    0.000000] ACPI: NUMA: SRAT: PXM 0 -> MPIDR 0x20f -> Node 0
Sep 26 05:08:09 lisa--891-e0-n0 kernel: [    0.000000] percpu: Embedded 54 pages/cpu s94824 r8192 d118168 u221184
Sep 26 05:08:09 lisa--891-e0-n0 kernel: [    0.000000] pcpu-alloc: s94824 r8192 d118168 u221184 alloc=54*4096
Sep 26 05:08:09 lisa--891-e0-n0 kernel: [    0.000000] pcpu-alloc: [0] 00 [0] 01 [0] 02 [0] 03 [0] 04 [0] 05 [0] 06 [0] 07 
Sep 26 05:08:09 lisa--891-e0-n0 kernel: [    0.000000] pcpu-alloc: [0] 08 [0] 09 [0] 10 [0] 11 [0] 12 [0] 13 [0] 14 [0] 15 
Sep 26 05:08:09 lisa--891-e0-n0 kernel: [    0.000000] pcpu-alloc: [0] 16 [0] 17 [0] 18 [0] 19 [0] 20 [0] 21 [0] 22 [0] 23 
Sep 26 05:08:09 lisa--891-e0-n0 systemd-udevd[536]: Using default interface naming scheme 'v249'.
Sep 26 05:08:09 lisa--891-e0-n0 kernel: [    0.000000] pcpu-alloc: [0] 24 [0] 25 [0] 26 [0] 27 [0] 28 [0] 29 [0] 30 [0] 31 
Sep 26 05:08:09 lisa--891-e0-n0 kernel: [    0.000000] pcpu-alloc: [0] 32 [0] 33 [0] 34 [0] 35 [0] 36 [0] 37 [0] 38 [0] 39 
Sep 26 05:08:09 lisa--891-e0-n0 systemd[1]: Finished Monitoring of LVM2 mirrors, snapshots etc. using dmeventd or progress polling.
Sep 26 05:08:09 lisa--891-e0-n0 kernel: [    0.000000] pcpu-alloc: [0] 40 [0] 41 [0] 42 [0] 43 [0] 44 [0] 45 [0] 46 [0] 47 
Sep 26 05:08:09 lisa--891-e0-n0 kernel: [    0.000000] Detected PIPT I-cache on CPU0
Sep 26 05:08:09 lisa--891-e0-n0 kernel: [    0.000000] CPU features: detected: Address authentication (architected QARMA5 algorithm)
Sep 26 05:08:09 lisa--891-e0-n0 kernel: [    0.000000] CPU features: detected: GIC system register CPU interface
Sep 26 05:08:09 lisa--891-e0-n0 kernel: [    0.000000] CPU features: detected: Spectre-v4
Sep 26 05:08:09 lisa--891-e0-n0 systemd[1]: Reached target Preparation for Local File Systems.
Sep 26 05:08:09 lisa--891-e0-n0 kernel: [    0.000000] CPU features: detected: Spectre-BHB
Sep 26 05:08:09 lisa--891-e0-n0 kernel: [    0.000000] CPU features: kernel page table isolation forced ON by KASLR
Sep 26 05:08:09 lisa--891-e0-n0 kernel: [    0.000000] CPU features: detected: Kernel page table isolation (KPTI)
Sep 26 05:08:09 lisa--891-e0-n0 kernel: [    0.000000] CPU features: detected: ARM erratum 2067961 or 2054223
Sep 26 05:08:09 lisa--891-e0-n0 kernel: [    0.000000] alternatives: applying boot alternatives
Sep 26 05:08:09 lisa--891-e0-n0 systemd-udevd[552]: Using default interface naming scheme 'v249'.
Sep 26 05:08:09 lisa--891-e0-n0 kernel: [    0.000000] Kernel command line: BOOT_IMAGE=/boot/vmlinuz-6.8.0-1014-azure root=PARTUUID=ab4ddeaf-de75-451e-b859-b92cc243d9ef ro console=tty1 console=ttyAMA0 earlycon=pl011,0xeffec000 initcall_blacklist=arm_pmu_acpi_init nvme_core.io_timeout=240 panic=-1
Sep 26 05:08:09 lisa--891-e0-n0 kernel: [    0.000000] blacklisting initcall arm_pmu_acpi_init
Sep 26 05:08:09 lisa--891-e0-n0 kernel: [    0.000000] Unknown kernel command line parameters "BOOT_IMAGE=/boot/vmlinuz-6.8.0-1014-azure", will be passed to user space.
Sep 26 05:08:09 lisa--891-e0-n0 kernel: [    0.000000] printk: log_buf_len individual max cpu contribution: 4096 bytes
Sep 26 05:08:09 lisa--891-e0-n0 kernel: [    0.000000] printk: log_buf_len total cpu_extra contributions: 192512 bytes
Sep 26 05:08:09 lisa--891-e0-n0 kernel: [    0.000000] printk: log_buf_len min size: 262144 bytes
Sep 26 05:08:09 lisa--891-e0-n0 kernel: [    0.000000] printk: log_buf_len: 524288 bytes
Sep 26 05:08:09 lisa--891-e0-n0 kernel: [    0.000000] printk: early log buf free: 253208(96%)
Sep 26 05:08:09 lisa--891-e0-n0 kernel: [    0.000000] Dentry cache hash table entries: 16777216 (order: 15, 134217728 bytes, linear)
Sep 26 05:08:09 lisa--891-e0-n0 systemd[1]: Mounting Mount unit for core20, revision 2321...
Sep 26 05:08:09 lisa--891-e0-n0 kernel: [    0.000000] Inode-cache hash table entries: 8388608 (order: 14, 67108864 bytes, linear)
Sep 26 05:08:09 lisa--891-e0-n0 kernel: [    0.000000] Fallback order for Node 0: 0 
Sep 26 05:08:09 lisa--891-e0-n0 kernel: [    0.000000] Built 1 zonelists, mobility grouping on.  Total pages: 49541084
Sep 26 05:08:09 lisa--891-e0-n0 kernel: [    0.000000] Policy zone: Normal
Sep 26 05:08:09 lisa--891-e0-n0 kernel: [    0.000000] mem auto-init: stack:off, heap alloc:on, heap free:off
Sep 26 05:08:09 lisa--891-e0-n0 systemd[1]: Mounting Mount unit for lxd, revision 29353...
Sep 26 05:08:09 lisa--891-e0-n0 kernel: [    0.000000] software IO TLB: area num 64.
Sep 26 05:08:09 lisa--891-e0-n0 kernel: [    0.000000] software IO TLB: mapped [mem 0x0000000038200000-0x000000003c200000] (64MB)
Sep 26 05:08:09 lisa--891-e0-n0 kernel: [    0.000000] Memory: 197417904K/201326448K available (20608K kernel code, 5246K rwdata, 16432K rodata, 12544K init, 1249K bss, 3875776K reserved, 32768K cma-reserved)
Sep 26 05:08:09 lisa--891-e0-n0 systemd[1]: Mounting Mount unit for snapd, revision 21761...
Sep 26 05:08:09 lisa--891-e0-n0 kernel: [    0.000000] SLUB: HWalign=64, Order=0-3, MinObjects=0, CPUs=48, Nodes=1
Sep 26 05:08:09 lisa--891-e0-n0 kernel: [    0.000000] ftrace: allocating 64221 entries in 251 pages
Sep 26 05:08:09 lisa--891-e0-n0 kernel: [    0.000000] ftrace: allocated 251 pages with 7 groups
Sep 26 05:08:09 lisa--891-e0-n0 systemd[1]: Starting File System Check on /dev/disk/by-uuid/1571-1606...
Sep 26 05:08:09 lisa--891-e0-n0 kernel: [    0.000000] trace event string verifier disabled
Sep 26 05:08:09 lisa--891-e0-n0 kernel: [    0.000000] rcu: Hierarchical RCU implementation.
Sep 26 05:08:09 lisa--891-e0-n0 kernel: [    0.000000] rcu: 	RCU restricting CPUs from NR_CPUS=512 to nr_cpu_ids=48.
Sep 26 05:08:09 lisa--891-e0-n0 systemd[1]: Mounted Mount unit for core20, revision 2321.
Sep 26 05:08:09 lisa--891-e0-n0 kernel: [    0.000000] 	Rude variant of Tasks RCU enabled.
Sep 26 05:08:09 lisa--891-e0-n0 kernel: [    0.000000] 	Tracing variant of Tasks RCU enabled.
Sep 26 05:08:09 lisa--891-e0-n0 systemd[1]: Mounted Mount unit for lxd, revision 29353.
Sep 26 05:08:09 lisa--891-e0-n0 kernel: [    0.000000] rcu: RCU calculated value of scheduler-enlistment delay is 100 jiffies.
Sep 26 05:08:09 lisa--891-e0-n0 kernel: [    0.000000] rcu: Adjusting geometry for rcu_fanout_leaf=16, nr_cpu_ids=48
Sep 26 05:08:09 lisa--891-e0-n0 kernel: [    0.000000] NR_IRQS: 64, nr_irqs: 64, preallocated irqs: 0
Sep 26 05:08:09 lisa--891-e0-n0 kernel: [    0.000000] GICv3: 960 SPIs implemented
Sep 26 05:08:09 lisa--891-e0-n0 systemd[1]: Mounted Mount unit for snapd, revision 21761.
Sep 26 05:08:09 lisa--891-e0-n0 kernel: [    0.000000] GICv3: 0 Extended SPIs implemented
Sep 26 05:08:09 lisa--891-e0-n0 kernel: [    0.000000] Root IRQ handler: gic_handle_irq
Sep 26 05:08:09 lisa--891-e0-n0 kernel: [    0.000000] GICv3: GICv3 features: 16 PPIs, RSS
Sep 26 05:08:09 lisa--891-e0-n0 kernel: [    0.000000] GICv3: CPU0: found redistributor 0 region 0:0x00000000effee000
Sep 26 05:08:09 lisa--891-e0-n0 kernel: [    0.000000] ITS: No ITS available, not enabling LPIs
Sep 26 05:08:09 lisa--891-e0-n0 kernel: [    0.000000] rcu: srcu_init: Setting srcu_struct sizes based on contention.
Sep 26 05:08:09 lisa--891-e0-n0 kernel: [    0.000000] arch_timer: cp15 timer(s) running at 1000.00MHz (virt).
Sep 26 05:08:09 lisa--891-e0-n0 systemd-fsck[768]: fsck.fat 4.2 (2021-01-31)
Sep 26 05:08:09 lisa--891-e0-n0 kernel: [    0.000000] clocksource: arch_sys_counter: mask: 0x1fffffffffffffff max_cycles: 0x1cd42e4dffb, max_idle_ns: 881590591483 ns
Sep 26 05:08:09 lisa--891-e0-n0 kernel: [    0.000000] sched_clock: 61 bits at 1000MHz, resolution 1ns, wraps every 4398046511103ns
Sep 26 05:08:09 lisa--891-e0-n0 kernel: [    0.005146] Console: colour dummy device 80x25
Sep 26 05:08:09 lisa--891-e0-n0 kernel: [    0.007905] printk: legacy console [tty1] enabled
Sep 26 05:08:09 lisa--891-e0-n0 systemd-fsck[768]: /dev/sda15: 12 files, 12853/199582 clusters
Sep 26 05:08:09 lisa--891-e0-n0 kernel: [    0.010972] ACPI: Core revision 20230628
Sep 26 05:08:09 lisa--891-e0-n0 kernel: [    0.013513] Calibrating delay loop (skipped), value calculated using timer frequency.. 2000.00 BogoMIPS (lpj=1000000)
Sep 26 05:08:09 lisa--891-e0-n0 systemd[1]: Finished File System Check on /dev/disk/by-uuid/1571-1606.
Sep 26 05:08:09 lisa--891-e0-n0 kernel: [    0.020399] pid_max: default: 49152 minimum: 384
Sep 26 05:08:09 lisa--891-e0-n0 kernel: [    0.023292] LSM: initializing lsm=lockdown,capability,landlock,yama,apparmor,integrity
Sep 26 05:08:09 lisa--891-e0-n0 kernel: [    0.028148] landlock: Up and running.
Sep 26 05:08:09 lisa--891-e0-n0 systemd[1]: Reached target Mounted snaps.
Sep 26 05:08:09 lisa--891-e0-n0 kernel: [    0.030374] Yama: becoming mindful.
Sep 26 05:08:09 lisa--891-e0-n0 kernel: [    0.032712] AppArmor: AppArmor initialized
Sep 26 05:08:09 lisa--891-e0-n0 kernel: [    0.035402] Mount-cache hash table entries: 262144 (order: 9, 2097152 bytes, linear)
Sep 26 05:08:09 lisa--891-e0-n0 kernel: [    0.040211] Mountpoint-cache hash table entries: 262144 (order: 9, 2097152 bytes, linear)
Sep 26 05:08:09 lisa--891-e0-n0 systemd[1]: Mounting /boot/efi...
Sep 26 05:08:09 lisa--891-e0-n0 kernel: [    0.045747] RCU Tasks Rude: Setting shift to 6 and lim to 1 rcu_task_cb_adjust=1.
Sep 26 05:08:09 lisa--891-e0-n0 kernel: [    0.050589] RCU Tasks Trace: Setting shift to 6 and lim to 1 rcu_task_cb_adjust=1.
Sep 26 05:08:09 lisa--891-e0-n0 kernel: [    0.055255] Hyper-V: privilege flags low 0x2e7f, high 0x3b8030, hints 0x1e0000e, misc 0x31e1
Sep 26 05:08:09 lisa--891-e0-n0 kernel: [    0.060564] Hyper-V: Host Build 10.0.26100.1048-1-0
Sep 26 05:08:09 lisa--891-e0-n0 kernel: [    0.063802] Hyper-V: enabling crash_kexec_post_notifiers
Sep 26 05:08:09 lisa--891-e0-n0 systemd[1]: Mounted /boot/efi.
Sep 26 05:08:09 lisa--891-e0-n0 kernel: [    0.067115] rcu: Hierarchical SRCU implementation.
Sep 26 05:08:09 lisa--891-e0-n0 kernel: [    0.070119] rcu: 	Max phase no-delay instances is 400.
Sep 26 05:08:09 lisa--891-e0-n0 kernel: [    0.073516] Remapping and enabling EFI services.
Sep 26 05:08:09 lisa--891-e0-n0 kernel: [    0.076693] smp: Bringing up secondary CPUs ...
Sep 26 05:08:09 lisa--891-e0-n0 kernel: [    0.079835] Detected PIPT I-cache on CPU1
Sep 26 05:08:09 lisa--891-e0-n0 kernel: [    0.079883] GICv3: CPU1: found redistributor 1 region 1:0x00000000f000e000
Sep 26 05:08:09 lisa--891-e0-n0 systemd[1]: Reached target Local File Systems.
Sep 26 05:08:09 lisa--891-e0-n0 kernel: [    0.079906] CPU1: Booted secondary processor 0x0000000001 [0x410fd490]
Sep 26 05:08:09 lisa--891-e0-n0 kernel: [    0.080116] Detected PIPT I-cache on CPU2
Sep 26 05:08:09 lisa--891-e0-n0 kernel: [    0.080254] GICv3: CPU2: found redistributor 2 region 2:0x00000000f002e000
Sep 26 05:08:09 lisa--891-e0-n0 systemd[1]: Starting Load AppArmor profiles...
Sep 26 05:08:09 lisa--891-e0-n0 kernel: [    0.080280] CPU2: Booted secondary processor 0x0000000002 [0x410fd490]
Sep 26 05:08:09 lisa--891-e0-n0 kernel: [    0.080491] Detected PIPT I-cache on CPU3
Sep 26 05:08:09 lisa--891-e0-n0 kernel: [    0.080651] GICv3: CPU3: found redistributor 3 region 3:0x00000000f004e000
Sep 26 05:08:09 lisa--891-e0-n0 kernel: [    0.080677] CPU3: Booted secondary processor 0x0000000003 [0x410fd490]
Sep 26 05:08:09 lisa--891-e0-n0 kernel: [    0.080904] Detected PIPT I-cache on CPU4
Sep 26 05:08:09 lisa--891-e0-n0 systemd[1]: Starting Set console font and keymap...
Sep 26 05:08:09 lisa--891-e0-n0 kernel: [    0.081068] GICv3: CPU4: found redistributor 4 region 4:0x00000000f006e000
Sep 26 05:08:09 lisa--891-e0-n0 kernel: [    0.081092] CPU4: Booted secondary processor 0x0000000004 [0x410fd490]
Sep 26 05:08:09 lisa--891-e0-n0 kernel: [    0.081286] Detected PIPT I-cache on CPU5
Sep 26 05:08:09 lisa--891-e0-n0 kernel: [    0.081468] GICv3: CPU5: found redistributor 5 region 5:0x00000000f008e000
Sep 26 05:08:09 lisa--891-e0-n0 kernel: [    0.081493] CPU5: Booted secondary processor 0x0000000005 [0x410fd490]
Sep 26 05:08:09 lisa--891-e0-n0 apparmor.systemd[782]: Restarting AppArmor
Sep 26 05:08:09 lisa--891-e0-n0 kernel: [    0.081694] Detected PIPT I-cache on CPU6
Sep 26 05:08:09 lisa--891-e0-n0 kernel: [    0.081889] GICv3: CPU6: found redistributor 6 region 6:0x00000000f00ae000
Sep 26 05:08:09 lisa--891-e0-n0 kernel: [    0.081913] CPU6: Booted secondary processor 0x0000000006 [0x410fd490]
Sep 26 05:08:09 lisa--891-e0-n0 kernel: [    0.082108] Detected PIPT I-cache on CPU7
Sep 26 05:08:09 lisa--891-e0-n0 kernel: [    0.082314] GICv3: CPU7: found redistributor 7 region 7:0x00000000f00ce000
Sep 26 05:08:09 lisa--891-e0-n0 kernel: [    0.082337] CPU7: Booted secondary processor 0x0000000007 [0x410fd490]
Sep 26 05:08:09 lisa--891-e0-n0 apparmor.systemd[782]: Reloading AppArmor profiles
Sep 26 05:08:09 lisa--891-e0-n0 kernel: [    0.082523] Detected PIPT I-cache on CPU8
Sep 26 05:08:09 lisa--891-e0-n0 kernel: [    0.082748] GICv3: CPU8: found redistributor 8 region 8:0x00000000f00ee000
Sep 26 05:08:09 lisa--891-e0-n0 systemd[1]: Starting Create final runtime dir for shutdown pivot root...
Sep 26 05:08:09 lisa--891-e0-n0 kernel: [    0.082772] CPU8: Booted secondary processor 0x0000000008 [0x410fd490]
Sep 26 05:08:09 lisa--891-e0-n0 kernel: [    0.082967] Detected PIPT I-cache on CPU9
Sep 26 05:08:09 lisa--891-e0-n0 kernel: [    0.083212] GICv3: CPU9: found redistributor 9 region 9:0x00000000f010e000
Sep 26 05:08:09 lisa--891-e0-n0 kernel: [    0.083236] CPU9: Booted secondary processor 0x0000000009 [0x410fd490]
Sep 26 05:08:09 lisa--891-e0-n0 kernel: [    0.083433] Detected PIPT I-cache on CPU10
Sep 26 05:08:09 lisa--891-e0-n0 systemd[1]: Starting Tell Plymouth To Write Out Runtime Data...
Sep 26 05:08:09 lisa--891-e0-n0 kernel: [    0.083692] GICv3: CPU10: found redistributor a region 10:0x00000000f012e000
Sep 26 05:08:09 lisa--891-e0-n0 systemd[1]: Starting Set Up Additional Binary Formats...
Sep 26 05:08:09 lisa--891-e0-n0 systemd[1]: Condition check resulted in Store a System Token in an EFI Variable being skipped.
Sep 26 05:08:09 lisa--891-e0-n0 systemd[1]: Starting Commit a transient machine-id on disk...
Sep 26 05:08:09 lisa--891-e0-n0 systemd[1]: Starting Create Volatile Files and Directories...
Sep 26 05:08:09 lisa--891-e0-n0 systemd[1]: Starting Uncomplicated firewall...
Sep 26 05:08:09 lisa--891-e0-n0 apparmor.systemd[805]: Skipping profile in /etc/apparmor.d/disable: usr.sbin.rsyslogd
Sep 26 05:08:09 lisa--891-e0-n0 systemd[1]: Finished Set console font and keymap.
Sep 26 05:08:09 lisa--891-e0-n0 kernel: [    0.083716] CPU10: Booted secondary processor 0x000000000a [0x410fd490]
Sep 26 05:08:09 lisa--891-e0-n0 kernel: [    0.083907] Detected PIPT I-cache on CPU11
Sep 26 05:08:09 lisa--891-e0-n0 kernel: [    0.084185] GICv3: CPU11: found redistributor b region 11:0x00000000f014e000
Sep 26 05:08:09 lisa--891-e0-n0 systemd[1]: Finished Create final runtime dir for shutdown pivot root.
Sep 26 05:08:09 lisa--891-e0-n0 kernel: [    0.084210] CPU11: Booted secondary processor 0x000000000b [0x410fd490]
Sep 26 05:08:09 lisa--891-e0-n0 kernel: [    0.084412] Detected PIPT I-cache on CPU12
Sep 26 05:08:09 lisa--891-e0-n0 systemd[1]: Finished Tell Plymouth To Write Out Runtime Data.
Sep 26 05:08:09 lisa--891-e0-n0 systemd[1]: proc-sys-fs-binfmt_misc.automount: Got automount request for /proc/sys/fs/binfmt_misc, triggered by 794 (systemd-binfmt)
Sep 26 05:08:09 lisa--891-e0-n0 systemd[1]: Mounting Arbitrary Executable File Formats File System...
Sep 26 05:08:09 lisa--891-e0-n0 systemd[1]: Finished Uncomplicated firewall.
Sep 26 05:08:09 lisa--891-e0-n0 systemd[1]: Finished Create Volatile Files and Directories.
Sep 26 05:08:09 lisa--891-e0-n0 systemd[1]: Mounted Arbitrary Executable File Formats File System.
Sep 26 05:08:09 lisa--891-e0-n0 systemd[1]: Starting Record System Boot/Shutdown in UTMP...
Sep 26 05:08:09 lisa--891-e0-n0 systemd[1]: Finished Set Up Additional Binary Formats.
Sep 26 05:08:09 lisa--891-e0-n0 systemd[1]: Finished Record System Boot/Shutdown in UTMP.
Sep 26 05:08:09 lisa--891-e0-n0 systemd[1]: etc-machine\x2did.mount: Deactivated successfully.
Sep 26 05:08:09 lisa--891-e0-n0 systemd[1]: Finished Commit a transient machine-id on disk.
Sep 26 05:08:09 lisa--891-e0-n0 systemd[1]: Finished Load AppArmor profiles.
Sep 26 05:08:09 lisa--891-e0-n0 systemd[1]: Starting Load AppArmor profiles managed internally by snapd...
Sep 26 05:08:09 lisa--891-e0-n0 systemd[1]: Condition check resulted in Authentication service for virtual machines hosted on VMware being skipped.
Sep 26 05:08:09 lisa--891-e0-n0 kernel: [    0.084719] GICv3: CPU12: found redistributor c region 12:0x00000000f016e000
Sep 26 05:08:09 lisa--891-e0-n0 systemd[1]: Condition check resulted in Service for virtual machines hosted on VMware being skipped.
Sep 26 05:08:09 lisa--891-e0-n0 systemd[1]: Starting Cloud-init: Local Stage (pre-network)...
Sep 26 05:08:09 lisa--891-e0-n0 kernel: [    0.084744] CPU12: Booted secondary processor 0x000000000c [0x410fd490]
Sep 26 05:08:09 lisa--891-e0-n0 kernel: [    0.084947] Detected PIPT I-cache on CPU13
Sep 26 05:08:09 lisa--891-e0-n0 kernel: [    0.085264] GICv3: CPU13: found redistributor d region 13:0x00000000f018e000
Sep 26 05:08:09 lisa--891-e0-n0 kernel: [    0.085289] CPU13: Booted secondary processor 0x000000000d [0x410fd490]
Sep 26 05:08:09 lisa--891-e0-n0 kernel: [    0.085491] Detected PIPT I-cache on CPU14
Sep 26 05:08:09 lisa--891-e0-n0 kernel: [    0.085830] GICv3: CPU14: found redistributor e region 14:0x00000000f01ae000
Sep 26 05:08:09 lisa--891-e0-n0 kernel: [    0.085856] CPU14: Booted secondary processor 0x000000000e [0x410fd490]
Sep 26 05:08:09 lisa--891-e0-n0 kernel: [    0.086057] Detected PIPT I-cache on CPU15
Sep 26 05:08:09 lisa--891-e0-n0 kernel: [    0.086418] GICv3: CPU15: found redistributor f region 15:0x00000000f01ce000
Sep 26 05:08:09 lisa--891-e0-n0 kernel: [    0.086444] CPU15: Booted secondary processor 0x000000000f [0x410fd490]
Sep 26 05:08:09 lisa--891-e0-n0 snapd-apparmor[814]: main.go:124: Loading profiles [/var/lib/snapd/apparmor/profiles/snap-confine.snapd.21761 /var/lib/snapd/apparmor/profiles/snap-update-ns.lxd /var/lib/snapd/apparmor/profiles/snap.lxd.activate /var/lib/snapd/apparmor/profiles/snap.lxd.benchmark /var/lib/snapd/apparmor/profiles/snap.lxd.buginfo /var/lib/snapd/apparmor/profiles/snap.lxd.check-kernel /var/lib/snapd/apparmor/profiles/snap.lxd.daemon /var/lib/snapd/apparmor/profiles/snap.lxd.hook.configure /var/lib/snapd/apparmor/profiles/snap.lxd.hook.install /var/lib/snapd/apparmor/profiles/snap.lxd.hook.remove /var/lib/snapd/apparmor/profiles/snap.lxd.lxc /var/lib/snapd/apparmor/profiles/snap.lxd.lxc-to-lxd /var/lib/snapd/apparmor/profiles/snap.lxd.lxd /var/lib/snapd/apparmor/profiles/snap.lxd.migrate /var/lib/snapd/apparmor/profiles/snap.lxd.user-daemon]
Sep 26 05:08:09 lisa--891-e0-n0 kernel: [    0.086645] Detected PIPT I-cache on CPU16
Sep 26 05:08:09 lisa--891-e0-n0 kernel: [    0.087016] GICv3: CPU16: found redistributor 100 region 16:0x00000000f01ee000
Sep 26 05:08:09 lisa--891-e0-n0 kernel: [    0.087042] CPU16: Booted secondary processor 0x0000000100 [0x410fd490]
Sep 26 05:08:09 lisa--891-e0-n0 systemd[1]: Finished Load AppArmor profiles managed internally by snapd.
Sep 26 05:08:09 lisa--891-e0-n0 kernel: [    0.087244] Detected PIPT I-cache on CPU17
Sep 26 05:08:09 lisa--891-e0-n0 kernel: [    0.087630] GICv3: CPU17: found redistributor 101 region 17:0x00000000f020e000
Sep 26 05:08:09 lisa--891-e0-n0 kernel: [    0.087656] CPU17: Booted secondary processor 0x0000000101 [0x410fd490]
Sep 26 05:08:09 lisa--891-e0-n0 kernel: [    0.087860] Detected PIPT I-cache on CPU18
Sep 26 05:08:09 lisa--891-e0-n0 kernel: [    0.088267] GICv3: CPU18: found redistributor 102 region 18:0x00000000f022e000
Sep 26 05:08:09 lisa--891-e0-n0 kernel: [    0.088293] CPU18: Booted secondary processor 0x0000000102 [0x410fd490]
Sep 26 05:08:09 lisa--891-e0-n0 kernel: [    0.088490] Detected PIPT I-cache on CPU19
Sep 26 05:08:09 lisa--891-e0-n0 cloud-init[843]: Cloud-init v. 24.2-0ubuntu1~22.04.1 running 'init-local' at Thu, 26 Sep 2024 05:08:04 +0000. Up 3.40 seconds.
Sep 26 05:08:09 lisa--891-e0-n0 systemd[1]: run-cloud\x2dinit-tmp-tmpcdslt_or.mount: Deactivated successfully.
Sep 26 05:08:09 lisa--891-e0-n0 kernel: [    0.088902] GICv3: CPU19: found redistributor 103 region 19:0x00000000f024e000
Sep 26 05:08:09 lisa--891-e0-n0 dhclient[857]: Internet Systems Consortium DHCP Client 4.4.1
Sep 26 05:08:09 lisa--891-e0-n0 kernel: [    0.088926] CPU19: Booted secondary processor 0x0000000103 [0x410fd490]
Sep 26 05:08:09 lisa--891-e0-n0 kernel: [    0.089125] Detected PIPT I-cache on CPU20
Sep 26 05:08:09 lisa--891-e0-n0 kernel: [    0.089560] GICv3: CPU20: found redistributor 104 region 20:0x00000000f026e000
Sep 26 05:08:09 lisa--891-e0-n0 dhclient[857]: Copyright 2004-2018 Internet Systems Consortium.
Sep 26 05:08:09 lisa--891-e0-n0 kernel: [    0.089585] CPU20: Booted secondary processor 0x0000000104 [0x410fd490]
Sep 26 05:08:09 lisa--891-e0-n0 kernel: [    0.089802] Detected PIPT I-cache on CPU21
Sep 26 05:08:09 lisa--891-e0-n0 kernel: [    0.090259] GICv3: CPU21: found redistributor 105 region 21:0x00000000f028e000
Sep 26 05:08:09 lisa--891-e0-n0 kernel: [    0.090284] CPU21: Booted secondary processor 0x0000000105 [0x410fd490]
Sep 26 05:08:09 lisa--891-e0-n0 dhclient[857]: All rights reserved.
Sep 26 05:08:09 lisa--891-e0-n0 kernel: [    0.090486] Detected PIPT I-cache on CPU22
Sep 26 05:08:09 lisa--891-e0-n0 kernel: [    0.090941] GICv3: CPU22: found redistributor 106 region 22:0x00000000f02ae000
Sep 26 05:08:09 lisa--891-e0-n0 kernel: [    0.090965] CPU22: Booted secondary processor 0x0000000106 [0x410fd490]
Sep 26 05:08:09 lisa--891-e0-n0 dhclient[857]: For info, please visit https://www.isc.org/software/dhcp/
Sep 26 05:08:09 lisa--891-e0-n0 kernel: [    0.091160] Detected PIPT I-cache on CPU23
Sep 26 05:08:09 lisa--891-e0-n0 kernel: [    0.091631] GICv3: CPU23: found redistributor 107 region 23:0x00000000f02ce000
Sep 26 05:08:09 lisa--891-e0-n0 kernel: [    0.091654] CPU23: Booted secondary processor 0x0000000107 [0x410fd490]
Sep 26 05:08:09 lisa--891-e0-n0 kernel: [    0.091855] Detected PIPT I-cache on CPU24
Sep 26 05:08:09 lisa--891-e0-n0 dhclient[857]: 
Sep 26 05:08:09 lisa--891-e0-n0 kernel: [    0.092365] GICv3: CPU24: found redistributor 108 region 24:0x00000000f02ee000
Sep 26 05:08:09 lisa--891-e0-n0 kernel: [    0.092390] CPU24: Booted secondary processor 0x0000000108 [0x410fd490]
Sep 26 05:08:09 lisa--891-e0-n0 kernel: [    0.092588] Detected PIPT I-cache on CPU25
Sep 26 05:08:09 lisa--891-e0-n0 kernel: [    0.093096] GICv3: CPU25: found redistributor 109 region 25:0x00000000f030e000
Sep 26 05:08:09 lisa--891-e0-n0 kernel: [    0.093120] CPU25: Booted secondary processor 0x0000000109 [0x410fd490]
Sep 26 05:08:09 lisa--891-e0-n0 dhclient[861]: execve (/bin/true, ...): Permission denied
Sep 26 05:08:09 lisa--891-e0-n0 kernel: [    0.093313] Detected PIPT I-cache on CPU26
Sep 26 05:08:09 lisa--891-e0-n0 kernel: [    0.093824] GICv3: CPU26: found redistributor 10a region 26:0x00000000f032e000
Sep 26 05:08:09 lisa--891-e0-n0 kernel: [    0.093848] CPU26: Booted secondary processor 0x000000010a [0x410fd490]
Sep 26 05:08:09 lisa--891-e0-n0 kernel: [    0.094046] Detected PIPT I-cache on CPU27
Sep 26 05:08:09 lisa--891-e0-n0 kernel: [    0.094590] GICv3: CPU27: found redistributor 10b region 27:0x00000000f034e000
Sep 26 05:08:09 lisa--891-e0-n0 dhclient[857]: Listening on LPF/eth0/00:22:48:79:fd:6d
Sep 26 05:08:09 lisa--891-e0-n0 kernel: [    0.094614] CPU27: Booted secondary processor 0x000000010b [0x410fd490]
Sep 26 05:08:09 lisa--891-e0-n0 kernel: [    0.094817] Detected PIPT I-cache on CPU28
Sep 26 05:08:09 lisa--891-e0-n0 kernel: [    0.095386] GICv3: CPU28: found redistributor 10c region 28:0x00000000f036e000
Sep 26 05:08:09 lisa--891-e0-n0 kernel: [    0.095411] CPU28: Booted secondary processor 0x000000010c [0x410fd490]
Sep 26 05:08:09 lisa--891-e0-n0 dhclient[857]: Sending on   LPF/eth0/00:22:48:79:fd:6d
Sep 26 05:08:09 lisa--891-e0-n0 kernel: [    0.095604] Detected PIPT I-cache on CPU29
Sep 26 05:08:09 lisa--891-e0-n0 kernel: [    0.096167] GICv3: CPU29: found redistributor 10d region 29:0x00000000f038e000
Sep 26 05:08:09 lisa--891-e0-n0 kernel: [    0.096190] CPU29: Booted secondary processor 0x000000010d [0x410fd490]
Sep 26 05:08:09 lisa--891-e0-n0 dhclient[857]: Sending on   Socket/fallback
Sep 26 05:08:09 lisa--891-e0-n0 kernel: [    0.096385] Detected PIPT I-cache on CPU30
Sep 26 05:08:09 lisa--891-e0-n0 kernel: [    0.096958] GICv3: CPU30: found redistributor 10e region 30:0x00000000f03ae000
Sep 26 05:08:09 lisa--891-e0-n0 kernel: [    0.096982] CPU30: Booted secondary processor 0x000000010e [0x410fd490]
Sep 26 05:08:09 lisa--891-e0-n0 kernel: [    0.097181] Detected PIPT I-cache on CPU31
Sep 26 05:08:09 lisa--891-e0-n0 dhclient[857]: DHCPDISCOVER on eth0 to 255.255.255.255 port 67 interval 3 (xid=0xe876fd0f)
Sep 26 05:08:09 lisa--891-e0-n0 kernel: [    0.097788] GICv3: CPU31: found redistributor 10f region 31:0x00000000f03ce000
Sep 26 05:08:09 lisa--891-e0-n0 kernel: [    0.097812] CPU31: Booted secondary processor 0x000000010f [0x410fd490]
Sep 26 05:08:09 lisa--891-e0-n0 kernel: [    0.098009] Detected PIPT I-cache on CPU32
Sep 26 05:08:09 lisa--891-e0-n0 kernel: [    0.098631] GICv3: CPU32: found redistributor 200 region 32:0x00000000f03ee000
Sep 26 05:08:09 lisa--891-e0-n0 dhclient[857]: DHCPOFFER of 10.0.0.4 from 168.63.129.16
Sep 26 05:08:09 lisa--891-e0-n0 kernel: [    0.098655] CPU32: Booted secondary processor 0x0000000200 [0x410fd490]
Sep 26 05:08:09 lisa--891-e0-n0 kernel: [    0.098851] Detected PIPT I-cache on CPU33
Sep 26 05:08:09 lisa--891-e0-n0 kernel: [    0.099479] GICv3: CPU33: found redistributor 201 region 33:0x00000000f040e000
Sep 26 05:08:09 lisa--891-e0-n0 kernel: [    0.099503] CPU33: Booted secondary processor 0x0000000201 [0x410fd490]
Sep 26 05:08:09 lisa--891-e0-n0 dhclient[857]: DHCPREQUEST for 10.0.0.4 on eth0 to 255.255.255.255 port 67 (xid=0xffd76e8)
Sep 26 05:08:09 lisa--891-e0-n0 kernel: [    0.099701] Detected PIPT I-cache on CPU34
Sep 26 05:08:09 lisa--891-e0-n0 kernel: [    0.100359] GICv3: CPU34: found redistributor 202 region 34:0x00000000f042e000
Sep 26 05:08:09 lisa--891-e0-n0 kernel: [    0.100383] CPU34: Booted secondary processor 0x0000000202 [0x410fd490]
Sep 26 05:08:09 lisa--891-e0-n0 dhclient[857]: DHCPACK of 10.0.0.4 from 168.63.129.16 (xid=0xe876fd0f)
Sep 26 05:08:09 lisa--891-e0-n0 kernel: [    0.100580] Detected PIPT I-cache on CPU35
Sep 26 05:08:09 lisa--891-e0-n0 kernel: [    0.101278] GICv3: CPU35: found redistributor 203 region 35:0x00000000f044e000
Sep 26 05:08:09 lisa--891-e0-n0 kernel: [    0.101303] CPU35: Booted secondary processor 0x0000000203 [0x410fd490]
Sep 26 05:08:09 lisa--891-e0-n0 kernel: [    0.101505] Detected PIPT I-cache on CPU36
Sep 26 05:08:09 lisa--891-e0-n0 kernel: [    0.102191] GICv3: CPU36: found redistributor 204 region 36:0x00000000f046e000
Sep 26 05:08:09 lisa--891-e0-n0 dhclient[862]: execve (/bin/true, ...): Permission denied
Sep 26 05:08:09 lisa--891-e0-n0 kernel: [    0.102214] CPU36: Booted secondary processor 0x0000000204 [0x410fd490]
Sep 26 05:08:09 lisa--891-e0-n0 kernel: [    0.102409] Detected PIPT I-cache on CPU37
Sep 26 05:08:09 lisa--891-e0-n0 kernel: [    0.103111] GICv3: CPU37: found redistributor 205 region 37:0x00000000f048e000
Sep 26 05:08:09 lisa--891-e0-n0 dhclient[857]: Timeout too large reducing to: 2147483646 (TIME_MAX - 1)
Sep 26 05:08:09 lisa--891-e0-n0 kernel: [    0.103135] CPU37: Booted secondary processor 0x0000000205 [0x410fd490]
Sep 26 05:08:09 lisa--891-e0-n0 kernel: [    0.103334] Detected PIPT I-cache on CPU38
Sep 26 05:08:09 lisa--891-e0-n0 kernel: [    0.104076] GICv3: CPU38: found redistributor 206 region 38:0x00000000f04ae000
Sep 26 05:08:09 lisa--891-e0-n0 dhclient[857]: bound to 10.0.0.4 -- renewal in 4294967295 seconds.
Sep 26 05:08:09 lisa--891-e0-n0 kernel: [    0.104100] CPU38: Booted secondary processor 0x0000000206 [0x410fd490]
Sep 26 05:08:09 lisa--891-e0-n0 kernel: [    0.104306] Detected PIPT I-cache on CPU39
Sep 26 05:08:09 lisa--891-e0-n0 kernel: [    0.105067] GICv3: CPU39: found redistributor 207 region 39:0x00000000f04ce000
Sep 26 05:08:09 lisa--891-e0-n0 kernel: [    0.105092] CPU39: Booted secondary processor 0x0000000207 [0x410fd490]
Sep 26 05:08:09 lisa--891-e0-n0 systemd[1]: Condition check resulted in OpenVSwitch configuration for cleanup being skipped.
Sep 26 05:08:09 lisa--891-e0-n0 kernel: [    0.105292] Detected PIPT I-cache on CPU40
Sep 26 05:08:09 lisa--891-e0-n0 kernel: [    0.106051] GICv3: CPU40: found redistributor 208 region 40:0x00000000f04ee000
Sep 26 05:08:09 lisa--891-e0-n0 kernel: [    0.106075] CPU40: Booted secondary processor 0x0000000208 [0x410fd490]
Sep 26 05:08:09 lisa--891-e0-n0 kernel: [    0.106275] Detected PIPT I-cache on CPU41
Sep 26 05:08:09 lisa--891-e0-n0 kernel: [    0.107076] GICv3: CPU41: found redistributor 209 region 41:0x00000000f050e000
Sep 26 05:08:09 lisa--891-e0-n0 kernel: [    0.107100] CPU41: Booted secondary processor 0x0000000209 [0x410fd490]
Sep 26 05:08:09 lisa--891-e0-n0 kernel: [    0.107304] Detected PIPT I-cache on CPU42
Sep 26 05:08:09 lisa--891-e0-n0 kernel: [    0.108151] GICv3: CPU42: found redistributor 20a region 42:0x00000000f052e000
Sep 26 05:08:09 lisa--891-e0-n0 kernel: [    0.108177] CPU42: Booted secondary processor 0x000000020a [0x410fd490]
Sep 26 05:08:09 lisa--891-e0-n0 kernel: [    0.108380] Detected PIPT I-cache on CPU43
Sep 26 05:08:09 lisa--891-e0-n0 kernel: [    0.109214] GICv3: CPU43: found redistributor 20b region 43:0x00000000f054e000
Sep 26 05:08:09 lisa--891-e0-n0 kernel: [    0.109239] CPU43: Booted secondary processor 0x000000020b [0x410fd490]
Sep 26 05:08:09 lisa--891-e0-n0 kernel: [    0.109440] Detected PIPT I-cache on CPU44
Sep 26 05:08:09 lisa--891-e0-n0 kernel: [    0.110291] GICv3: CPU44: found redistributor 20c region 44:0x00000000f056e000
Sep 26 05:08:09 lisa--891-e0-n0 kernel: [    0.110316] CPU44: Booted secondary processor 0x000000020c [0x410fd490]
Sep 26 05:08:09 lisa--891-e0-n0 kernel: [    0.110521] Detected PIPT I-cache on CPU45
Sep 26 05:08:09 lisa--891-e0-n0 kernel: [    0.111424] GICv3: CPU45: found redistributor 20d region 45:0x00000000f058e000
Sep 26 05:08:09 lisa--891-e0-n0 kernel: [    0.111449] CPU45: Booted secondary processor 0x000000020d [0x410fd490]
Sep 26 05:08:09 lisa--891-e0-n0 kernel: [    0.111657] Detected PIPT I-cache on CPU46
Sep 26 05:08:09 lisa--891-e0-n0 kernel: [    0.112484] GICv3: CPU46: found redistributor 20e region 46:0x00000000f05ae000
Sep 26 05:08:09 lisa--891-e0-n0 kernel: [    0.112506] CPU46: Booted secondary processor 0x000000020e [0x410fd490]
Sep 26 05:08:09 lisa--891-e0-n0 kernel: [    0.112641] Detected PIPT I-cache on CPU47
Sep 26 05:08:09 lisa--891-e0-n0 kernel: [    0.113552] GICv3: CPU47: found redistributor 20f region 47:0x00000000f05ce000
Sep 26 05:08:09 lisa--891-e0-n0 kernel: [    0.113570] CPU47: Booted secondary processor 0x000000020f [0x410fd490]
Sep 26 05:08:09 lisa--891-e0-n0 kernel: [    0.113619] smp: Brought up 1 node, 48 CPUs
Sep 26 05:08:09 lisa--891-e0-n0 kernel: [    0.640964] SMP: Total of 48 processors activated.
Sep 26 05:08:09 lisa--891-e0-n0 kernel: [    0.643978] CPU: All CPU(s) started at EL1
Sep 26 05:08:09 lisa--891-e0-n0 kernel: [    0.646817] CPU features: detected: 32-bit EL0 Support
Sep 26 05:08:09 lisa--891-e0-n0 kernel: [    0.650149] CPU features: detected: Instruction cache invalidation not required for I/D coherence
Sep 26 05:08:09 lisa--891-e0-n0 systemd[1]: message repeated 2 times: [ Condition check resulted in OpenVSwitch configuration for cleanup being skipped.]
Sep 26 05:08:09 lisa--891-e0-n0 kernel: [    0.655584] CPU features: detected: Data cache clean to the PoU not required for I/D coherence
Sep 26 05:08:09 lisa--891-e0-n0 systemd[1]: Finished Cloud-init: Local Stage (pre-network).
Sep 26 05:08:09 lisa--891-e0-n0 kernel: [    0.660949] CPU features: detected: Common not Private translations
Sep 26 05:08:09 lisa--891-e0-n0 systemd[1]: Reached target Preparation for Network.
Sep 26 05:08:09 lisa--891-e0-n0 systemd[1]: Starting Network Configuration...
Sep 26 05:08:09 lisa--891-e0-n0 systemd-networkd[902]: lo: Link UP
Sep 26 05:08:09 lisa--891-e0-n0 systemd-networkd[902]: lo: Gained carrier
Sep 26 05:08:09 lisa--891-e0-n0 systemd-networkd[902]: Enumeration completed
Sep 26 05:08:09 lisa--891-e0-n0 systemd[1]: Started Network Configuration.
Sep 26 05:08:09 lisa--891-e0-n0 systemd-networkd[902]: enP36587s1: Link UP
Sep 26 05:08:09 lisa--891-e0-n0 systemd-networkd[902]: eth0: Link UP
Sep 26 05:08:09 lisa--891-e0-n0 systemd-networkd[902]: eth0: Gained carrier
Sep 26 05:08:09 lisa--891-e0-n0 kernel: [    0.664768] CPU features: detected: CRC32 instructions
Sep 26 05:08:09 lisa--891-e0-n0 kernel: [    0.667917] CPU features: detected: Data cache clean to Point of Deep Persistence
Sep 26 05:08:09 lisa--891-e0-n0 kernel: [    0.672541] CPU features: detected: Data cache clean to Point of Persistence
Sep 26 05:08:09 lisa--891-e0-n0 systemd-networkd[902]: enP36587s1: Gained carrier
Sep 26 05:08:09 lisa--891-e0-n0 kernel: [    0.677111] CPU features: detected: Generic authentication (architected QARMA5 algorithm)
Sep 26 05:08:09 lisa--891-e0-n0 kernel: [    0.682184] CPU features: detected: RCpc load-acquire (LDAPR)
Sep 26 05:08:09 lisa--891-e0-n0 kernel: [    0.685718] CPU features: detected: LSE atomic instructions
Sep 26 05:08:09 lisa--891-e0-n0 kernel: [    0.689133] CPU features: detected: Privileged Access Never
Sep 26 05:08:09 lisa--891-e0-n0 systemd-networkd[902]: enP36587s1: Link DOWN
Sep 26 05:08:09 lisa--891-e0-n0 kernel: [    0.692899] CPU features: detected: Speculation barrier (SB)
Sep 26 05:08:09 lisa--891-e0-n0 kernel: [    0.696417] CPU features: detected: TLB range maintenance instructions
Sep 26 05:08:09 lisa--891-e0-n0 kernel: [    0.700428] CPU features: detected: Speculative Store Bypassing Safe (SSBS)
Sep 26 05:08:09 lisa--891-e0-n0 kernel: [    0.704737] CPU features: detected: Scalable Vector Extension
Sep 26 05:08:09 lisa--891-e0-n0 systemd-networkd[902]: enP36587s1: Lost carrier
Sep 26 05:08:09 lisa--891-e0-n0 kernel: [    0.708864] alternatives: applying system-wide alternatives
Sep 26 05:08:09 lisa--891-e0-n0 kernel: [    0.714825] CPU features: detected: Hardware dirty bit management on CPU0-47
Sep 26 05:08:09 lisa--891-e0-n0 kernel: [    0.719248] SVE: maximum available vector length 16 bytes per vector
Sep 26 05:08:09 lisa--891-e0-n0 systemd-networkd[902]: eth0: Link DOWN
Sep 26 05:08:09 lisa--891-e0-n0 kernel: [    0.723334] SVE: default vector length 16 bytes per vector
Sep 26 05:08:09 lisa--891-e0-n0 kernel: [    0.727893] devtmpfs: initialized
Sep 26 05:08:09 lisa--891-e0-n0 kernel: [    0.739536] setend instruction emulation is not supported on this system
Sep 26 05:08:09 lisa--891-e0-n0 kernel: [    0.743805] clocksource: jiffies: mask: 0xffffffff max_cycles: 0xffffffff, max_idle_ns: 1911260446275000 ns
Sep 26 05:08:09 lisa--891-e0-n0 systemd-networkd[902]: eth0: Lost carrier
Sep 26 05:08:09 lisa--891-e0-n0 kernel: [    0.749871] futex hash table entries: 16384 (order: 8, 1048576 bytes, linear)
Sep 26 05:08:09 lisa--891-e0-n0 kernel: [    0.754340] pinctrl core: initialized pinctrl subsystem
Sep 26 05:08:09 lisa--891-e0-n0 kernel: [    0.758253] SMBIOS 3.1.0 present.
Sep 26 05:08:09 lisa--891-e0-n0 kernel: [    0.760437] DMI: Microsoft Corporation Virtual Machine/Virtual Machine, BIOS Hyper-V UEFI Release v4.1 06/20/2024
Sep 26 05:08:09 lisa--891-e0-n0 kernel: [    0.767608] NET: Registered PF_NETLINK/PF_ROUTE protocol family
Sep 26 05:08:09 lisa--891-e0-n0 kernel: [    0.773189] DMA: preallocated 32768 KiB GFP_KERNEL pool for atomic allocations
Sep 26 05:08:09 lisa--891-e0-n0 kernel: [    0.777534] cma: cma_alloc: reserved: alloc failed, req-size: 8192 pages, ret: -12
Sep 26 05:08:09 lisa--891-e0-n0 systemd-networkd[902]: eth0: found matching network '/run/systemd/network/10-netplan-eth0.network', based on potentially unpredictable interface name.
Sep 26 05:08:09 lisa--891-e0-n0 kernel: [    0.783164] DMA: preallocated 32768 KiB GFP_KERNEL|GFP_DMA pool for atomic allocations
Sep 26 05:08:09 lisa--891-e0-n0 kernel: [    0.788152] cma: cma_alloc: reserved: alloc failed, req-size: 8192 pages, ret: -12
Sep 26 05:08:09 lisa--891-e0-n0 kernel: [    0.793890] DMA: preallocated 32768 KiB GFP_KERNEL|GFP_DMA32 pool for atomic allocations
Sep 26 05:08:09 lisa--891-e0-n0 kernel: [    0.798960] audit: initializing netlink subsys (disabled)
Sep 26 05:08:09 lisa--891-e0-n0 systemd[1]: Starting Wait for Network to be Configured...
Sep 26 05:08:09 lisa--891-e0-n0 kernel: [    0.802467] audit: type=2000 audit(0.245:1): state=initialized audit_enabled=0 res=1
Sep 26 05:08:09 lisa--891-e0-n0 kernel: [    0.802616] thermal_sys: Registered thermal governor 'fair_share'
Sep 26 05:08:09 lisa--891-e0-n0 kernel: [    0.807237] thermal_sys: Registered thermal governor 'bang_bang'
Sep 26 05:08:09 lisa--891-e0-n0 kernel: [    0.810940] thermal_sys: Registered thermal governor 'step_wise'
Sep 26 05:08:09 lisa--891-e0-n0 systemd[1]: Starting Network Name Resolution...
Sep 26 05:08:09 lisa--891-e0-n0 kernel: [    0.814578] thermal_sys: Registered thermal governor 'user_space'
Sep 26 05:08:09 lisa--891-e0-n0 kernel: [    0.818250] thermal_sys: Registered thermal governor 'power_allocator'
Sep 26 05:08:09 lisa--891-e0-n0 kernel: [    0.821941] cpuidle: using governor ladder
Sep 26 05:08:09 lisa--891-e0-n0 kernel: [    0.828125] cpuidle: using governor menu
Sep 26 05:08:09 lisa--891-e0-n0 systemd-resolved[906]: Positive Trust Anchors:
Sep 26 05:08:09 lisa--891-e0-n0 kernel: [    0.830496] hw-breakpoint: found 6 breakpoint and 4 watchpoint registers.
Sep 26 05:08:09 lisa--891-e0-n0 kernel: [    0.835543] ASID allocator initialised with 32768 entries
Sep 26 05:08:09 lisa--891-e0-n0 kernel: [    0.838911] acpiphp: ACPI Hot Plug PCI Controller Driver version: 0.5
Sep 26 05:08:09 lisa--891-e0-n0 systemd-resolved[906]: . IN DS 20326 8 2 e06d44b80b8f1d39a95c0b0d7c65d08458e880409bbc683457104237c7f8ec8d
Sep 26 05:08:09 lisa--891-e0-n0 kernel: [    0.842934] Serial: AMBA PL011 UART driver
Sep 26 05:08:09 lisa--891-e0-n0 kernel: [    0.845494] Modules: 2G module region forced by RANDOMIZE_MODULE_REGION_FULL
Sep 26 05:08:09 lisa--891-e0-n0 kernel: [    0.849972] Modules: 0 pages in range for non-PLT usage
Sep 26 05:08:09 lisa--891-e0-n0 kernel: [    0.849972] Modules: 510224 pages in range for PLT usage
Sep 26 05:08:09 lisa--891-e0-n0 kernel: [    0.853462] HugeTLB: registered 1.00 GiB page size, pre-allocated 0 pages
Sep 26 05:08:09 lisa--891-e0-n0 systemd-resolved[906]: Negative trust anchors: home.arpa 10.in-addr.arpa 16.172.in-addr.arpa 17.172.in-addr.arpa 18.172.in-addr.arpa 19.172.in-addr.arpa 20.172.in-addr.arpa 21.172.in-addr.arpa 22.172.in-addr.arpa 23.172.in-addr.arpa 24.172.in-addr.arpa 25.172.in-addr.arpa 26.172.in-addr.arpa 27.172.in-addr.arpa 28.172.in-addr.arpa 29.172.in-addr.arpa 30.172.in-addr.arpa 31.172.in-addr.arpa 168.192.in-addr.arpa d.f.ip6.arpa corp home internal intranet lan local private test
Sep 26 05:08:09 lisa--891-e0-n0 kernel: [    0.860981] HugeTLB: 0 KiB vmemmap can be freed for a 1.00 GiB page
Sep 26 05:08:09 lisa--891-e0-n0 kernel: [    0.864757] HugeTLB: registered 32.0 MiB page size, pre-allocated 0 pages
Sep 26 05:08:09 lisa--891-e0-n0 kernel: [    0.869128] HugeTLB: 0 KiB vmemmap can be freed for a 32.0 MiB page
Sep 26 05:08:09 lisa--891-e0-n0 systemd-resolved[906]: Using system hostname 'lisa--891-e0-n0'.
Sep 26 05:08:09 lisa--891-e0-n0 kernel: [    0.872917] HugeTLB: registered 2.00 MiB page size, pre-allocated 0 pages
Sep 26 05:08:09 lisa--891-e0-n0 kernel: [    0.877001] HugeTLB: 0 KiB vmemmap can be freed for a 2.00 MiB page
Sep 26 05:08:09 lisa--891-e0-n0 kernel: [    0.880772] HugeTLB: registered 64.0 KiB page size, pre-allocated 0 pages
Sep 26 05:08:09 lisa--891-e0-n0 kernel: [    0.885117] HugeTLB: 0 KiB vmemmap can be freed for a 64.0 KiB page
Sep 26 05:08:09 lisa--891-e0-n0 systemd-networkd[902]: enP36587s1: Link UP
Sep 26 05:08:09 lisa--891-e0-n0 kernel: [    0.889426] fbcon: Taking over console
Sep 26 05:08:09 lisa--891-e0-n0 kernel: [    0.891792] ACPI: Added _OSI(Module Device)
Sep 26 05:08:09 lisa--891-e0-n0 kernel: [    0.894326] ACPI: Added _OSI(Processor Device)
Sep 26 05:08:09 lisa--891-e0-n0 kernel: [    0.897484] ACPI: Added _OSI(3.0 _SCP Extensions)
Sep 26 05:08:09 lisa--891-e0-n0 systemd-networkd[902]: eth0: Link UP
Sep 26 05:08:09 lisa--891-e0-n0 kernel: [    0.900453] ACPI: Added _OSI(Processor Aggregator Device)
Sep 26 05:08:09 lisa--891-e0-n0 kernel: [    0.906811] ACPI: 1 ACPI AML tables successfully acquired and loaded
Sep 26 05:08:09 lisa--891-e0-n0 kernel: [    0.910870] ACPI: Interpreter enabled
Sep 26 05:08:09 lisa--891-e0-n0 kernel: [    0.913204] ACPI: Using GIC for interrupt routing
Sep 26 05:08:09 lisa--891-e0-n0 systemd[1]: Started Network Name Resolution.
Sep 26 05:08:09 lisa--891-e0-n0 kernel: [    0.917248] ARMH0011:00: ttyAMA0 at MMIO 0xeffec000 (irq = 12, base_baud = 0) is a SBSA
Sep 26 05:08:09 lisa--891-e0-n0 kernel: [    0.922018] printk: legacy console [ttyAMA0] enabled
Sep 26 05:08:09 lisa--891-e0-n0 kernel: [    0.926947] printk: legacy bootconsole [pl11] disabled
Sep 26 05:08:09 lisa--891-e0-n0 kernel: [    0.932959] ARMH0011:01: ttyAMA1 at MMIO 0xeffeb000 (irq = 13, base_baud = 0) is a SBSA
Sep 26 05:08:09 lisa--891-e0-n0 kernel: [    0.936922] iommu: Default domain type: Translated
Sep 26 05:08:09 lisa--891-e0-n0 kernel: [    0.938902] iommu: DMA domain TLB invalidation policy: strict mode
Sep 26 05:08:09 lisa--891-e0-n0 kernel: [    0.942509] SCSI subsystem initialized
Sep 26 05:08:09 lisa--891-e0-n0 systemd[1]: Reached target Network.
Sep 26 05:08:09 lisa--891-e0-n0 kernel: [    0.944581] libata version 3.00 loaded.
Sep 26 05:08:09 lisa--891-e0-n0 kernel: [    0.944598] ACPI: bus type USB registered
Sep 26 05:08:09 lisa--891-e0-n0 kernel: [    0.946344] usbcore: registered new interface driver usbfs
Sep 26 05:08:09 lisa--891-e0-n0 kernel: [    0.948716] usbcore: registered new interface driver hub
Sep 26 05:08:09 lisa--891-e0-n0 kernel: [    0.951045] usbcore: registered new device driver usb
Sep 26 05:08:09 lisa--891-e0-n0 kernel: [    0.953291] pps_core: LinuxPPS API ver. 1 registered
Sep 26 05:08:09 lisa--891-e0-n0 systemd[1]: Reached target Host and Network Name Lookups.
Sep 26 05:08:09 lisa--891-e0-n0 kernel: [    0.955484] pps_core: Software ver. 5.3.6 - Copyright 2005-2007 Rodolfo Giometti <giometti@linux.it>
Sep 26 05:08:09 lisa--891-e0-n0 kernel: [    0.959653] PTP clock support registered
Sep 26 05:08:09 lisa--891-e0-n0 kernel: [    0.961392] EDAC MC: Ver: 3.0.0
Sep 26 05:08:09 lisa--891-e0-n0 systemd-networkd[902]: eth0: Gained carrier
Sep 26 05:08:09 lisa--891-e0-n0 kernel: [    0.962848] scmi_core: SCMI protocol bus registered
Sep 26 05:08:09 lisa--891-e0-n0 kernel: [    0.965230] efivars: Registered efivars operations
Sep 26 05:08:09 lisa--891-e0-n0 kernel: [    0.969188] hv_vmbus: Vmbus version:5.3
Sep 26 05:08:09 lisa--891-e0-n0 systemd-networkd[902]: eth0: DHCPv4 address 10.0.0.4/24 via 10.0.0.1
Sep 26 05:08:09 lisa--891-e0-n0 kernel: [    0.971195] initcall arm_pmu_acpi_init blacklisted
Sep 26 05:08:09 lisa--891-e0-n0 kernel: [    0.971355] NetLabel: Initializing
Sep 26 05:08:09 lisa--891-e0-n0 kernel: [    0.972878] NetLabel:  domain hash size = 128
Sep 26 05:08:09 lisa--891-e0-n0 kernel: [    0.974753] NetLabel:  protocols = UNLABELED CIPSOv4 CALIPSO
Sep 26 05:08:09 lisa--891-e0-n0 kernel: [    0.977415] NetLabel:  unlabeled traffic allowed by default
Sep 26 05:08:09 lisa--891-e0-n0 kernel: [    0.979847] mctp: management component transport protocol core
Sep 26 05:08:09 lisa--891-e0-n0 systemd-networkd[902]: enP36587s1: Gained carrier
Sep 26 05:08:09 lisa--891-e0-n0 kernel: [    0.982335] NET: Registered PF_MCTP protocol family
Sep 26 05:08:09 lisa--891-e0-n0 kernel: [    0.984431] vgaarb: loaded
Sep 26 05:08:09 lisa--891-e0-n0 kernel: [    0.985872] clocksource: Switched to clocksource arch_sys_counter
Sep 26 05:08:09 lisa--891-e0-n0 kernel: [    0.988628] VFS: Disk quotas dquot_6.6.0
Sep 26 05:08:09 lisa--891-e0-n0 systemd-networkd[902]: eth0: Gained IPv6LL
Sep 26 05:08:09 lisa--891-e0-n0 kernel: [    0.990300] VFS: Dquot-cache hash table entries: 512 (order 0, 4096 bytes)
Sep 26 05:08:09 lisa--891-e0-n0 kernel: [    0.993601] AppArmor: AppArmor Filesystem Enabled
Sep 26 05:08:09 lisa--891-e0-n0 kernel: [    0.995670] pnp: PnP ACPI init
Sep 26 05:08:09 lisa--891-e0-n0 kernel: [    0.997129] pnp: PnP ACPI: found 0 devices
Sep 26 05:08:09 lisa--891-e0-n0 systemd[1]: Finished Wait for Network to be Configured.
Sep 26 05:08:09 lisa--891-e0-n0 kernel: [    1.000316] NET: Registered PF_INET protocol family
Sep 26 05:08:09 lisa--891-e0-n0 kernel: [    1.002663] IP idents hash table entries: 262144 (order: 9, 2097152 bytes, linear)
Sep 26 05:08:09 lisa--891-e0-n0 systemd[1]: Starting Cloud-init: Network Stage...
Sep 26 05:08:09 lisa--891-e0-n0 kernel: [    1.016307] tcp_listen_portaddr_hash hash table entries: 65536 (order: 8, 1048576 bytes, linear)
Sep 26 05:08:09 lisa--891-e0-n0 kernel: [    1.020169] Table-perturb hash table entries: 65536 (order: 6, 262144 bytes, linear)
Sep 26 05:08:09 lisa--891-e0-n0 kernel: [    1.023709] TCP established hash table entries: 524288 (order: 10, 4194304 bytes, linear)
Sep 26 05:08:09 lisa--891-e0-n0 cloud-init[911]: Cloud-init v. 24.2-0ubuntu1~22.04.1 running 'init' at Thu, 26 Sep 2024 05:08:07 +0000. Up 6.10 seconds.
Sep 26 05:08:09 lisa--891-e0-n0 kernel: [    1.027438] TCP bind hash table entries: 65536 (order: 9, 2097152 bytes, linear)
Sep 26 05:08:09 lisa--891-e0-n0 kernel: [    1.030614] TCP: Hash tables configured (established 524288 bind 65536)
Sep 26 05:08:09 lisa--891-e0-n0 kernel: [    1.033571] MPTCP token hash table entries: 65536 (order: 8, 1572864 bytes, linear)
Sep 26 05:08:09 lisa--891-e0-n0 kernel: [    1.036968] UDP hash table entries: 65536 (order: 9, 2097152 bytes, linear)
Sep 26 05:08:09 lisa--891-e0-n0 cloud-init[911]: ci-info: ++++++++++++++++++++++++++++++++++++++++Net device info+++++++++++++++++++++++++++++++++++++++++
Sep 26 05:08:09 lisa--891-e0-n0 kernel: [    1.040309] UDP-Lite hash table entries: 65536 (order: 9, 2097152 bytes, linear)
Sep 26 05:08:09 lisa--891-e0-n0 kernel: [    1.043572] NET: Registered PF_UNIX/PF_LOCAL protocol family
Sep 26 05:08:09 lisa--891-e0-n0 kernel: [    1.045988] NET: Registered PF_XDP protocol family
Sep 26 05:08:09 lisa--891-e0-n0 kernel: [    1.048044] PCI: CLS 0 bytes, default 64
Sep 26 05:08:09 lisa--891-e0-n0 cloud-init[911]: ci-info: +------------+------+-----------------------------+---------------+--------+-------------------+
Sep 26 05:08:09 lisa--891-e0-n0 kernel: [    1.053851] kvm [1]: HYP mode not available
Sep 26 05:08:09 lisa--891-e0-n0 kernel: [    1.056253] Initialise system trusted keyrings
Sep 26 05:08:09 lisa--891-e0-n0 kernel: [    1.058137] Key type blacklist registered
Sep 26 05:08:09 lisa--891-e0-n0 kernel: [    1.060021] workingset: timestamp_bits=40 max_order=26 bucket_order=0
Sep 26 05:08:09 lisa--891-e0-n0 cloud-init[911]: ci-info: |   Device   |  Up  |           Address           |      Mask     | Scope  |     Hw-Address    |
Sep 26 05:08:09 lisa--891-e0-n0 kernel: [    1.062918] zbud: loaded
Sep 26 05:08:09 lisa--891-e0-n0 kernel: [    1.064197] squashfs: version 4.0 (2009/01/31) Phillip Lougher
Sep 26 05:08:09 lisa--891-e0-n0 kernel: [    1.066788] fuse: init (API version 7.39)
Sep 26 05:08:09 lisa--891-e0-n0 kernel: [    1.068607] integrity: Platform Keyring initialized
Sep 26 05:08:09 lisa--891-e0-n0 kernel: [    1.070971] integrity: Machine keyring initialized
Sep 26 05:08:09 lisa--891-e0-n0 kernel: [    1.080201] Key type asymmetric registered
Sep 26 05:08:09 lisa--891-e0-n0 kernel: [    1.082070] Asymmetric key parser 'x509' registered
Sep 26 05:08:09 lisa--891-e0-n0 kernel: [    1.084283] Block layer SCSI generic (bsg) driver version 0.4 loaded (major 242)
Sep 26 05:08:09 lisa--891-e0-n0 cloud-init[911]: ci-info: +------------+------+-----------------------------+---------------+--------+-------------------+
Sep 26 05:08:09 lisa--891-e0-n0 kernel: [    1.087827] io scheduler mq-deadline registered
Sep 26 05:08:09 lisa--891-e0-n0 cloud-init[911]: ci-info: | enP36587s1 | True | fe80::222:48ff:fe79:fd6d/64 |       .       |  link  | 00:22:48:79:fd:6d |
Sep 26 05:08:09 lisa--891-e0-n0 cloud-init[911]: ci-info: |    eth0    | True |           10.0.0.4          | 255.255.255.0 | global | 00:22:48:79:fd:6d |
Sep 26 05:08:09 lisa--891-e0-n0 cloud-init[911]: ci-info: |    eth0    | True | fe80::222:48ff:fe79:fd6d/64 |       .       |  link  | 00:22:48:79:fd:6d |
Sep 26 05:08:09 lisa--891-e0-n0 cloud-init[911]: ci-info: |     lo     | True |          127.0.0.1          |   255.0.0.0   |  host  |         .         |
Sep 26 05:08:09 lisa--891-e0-n0 cloud-init[911]: ci-info: |     lo     | True |           ::1/128           |       .       |  host  |         .         |
Sep 26 05:08:09 lisa--891-e0-n0 cloud-init[911]: ci-info: +------------+------+-----------------------------+---------------+--------+-------------------+
Sep 26 05:08:09 lisa--891-e0-n0 cloud-init[911]: ci-info: ++++++++++++++++++++++++++++++Route IPv4 info+++++++++++++++++++++++++++++++
Sep 26 05:08:09 lisa--891-e0-n0 cloud-init[911]: ci-info: +-------+-----------------+----------+-----------------+-----------+-------+
Sep 26 05:08:09 lisa--891-e0-n0 cloud-init[911]: ci-info: | Route |   Destination   | Gateway  |     Genmask     | Interface | Flags |
Sep 26 05:08:09 lisa--891-e0-n0 cloud-init[911]: ci-info: +-------+-----------------+----------+-----------------+-----------+-------+
Sep 26 05:08:09 lisa--891-e0-n0 cloud-init[911]: ci-info: |   0   |     0.0.0.0     | 10.0.0.1 |     0.0.0.0     |    eth0   |   UG  |
Sep 26 05:08:09 lisa--891-e0-n0 kernel: [    1.094096] shpchp: Standard Hot Plug PCI Controller Driver version: 0.4
Sep 26 05:08:09 lisa--891-e0-n0 kernel: [    1.097196] hv_vmbus: registering driver hv_pci
Sep 26 05:08:09 lisa--891-e0-n0 kernel: [    1.099409] hv_pci b1316209-161a-4984-9b01-54be9a41a53b: PCI VMBus probing: Using version 0x10004
Sep 26 05:08:09 lisa--891-e0-n0 kernel: [    1.103931] hv_pci b1316209-161a-4984-9b01-54be9a41a53b: PCI host bridge to bus 161a:00
Sep 26 05:08:09 lisa--891-e0-n0 kernel: [    1.107353] pci_bus 161a:00: root bus resource [mem 0xfc0000000-0xfc00fffff window]
Sep 26 05:08:09 lisa--891-e0-n0 kernel: [    1.110642] pci_bus 161a:00: No busn resource found for root bus, will use [bus 00-ff]
Sep 26 05:08:09 lisa--891-e0-n0 kernel: [    1.114414] pci 161a:00:00.0: [1414:b111] type 00 class 0x010802 PCIe Endpoint
Sep 26 05:08:09 lisa--891-e0-n0 cloud-init[911]: ci-info: |   1   |     10.0.0.0    | 0.0.0.0  |  255.255.255.0  |    eth0   |   U   |
Sep 26 05:08:09 lisa--891-e0-n0 kernel: [    1.118210] pci 161a:00:00.0: BAR 0 [mem 0xfc0000000-0xfc00fffff 64bit]
Sep 26 05:08:09 lisa--891-e0-n0 kernel: [    1.124618] pci_bus 161a:00: busn_res: [bus 00-ff] end is updated to 00
Sep 26 05:08:09 lisa--891-e0-n0 kernel: [    1.127435] pci 161a:00:00.0: BAR 0 [mem 0xfc0000000-0xfc00fffff 64bit]: assigned
Sep 26 05:08:09 lisa--891-e0-n0 kernel: [    1.131083] hv_pci 8a6c3563-6034-45f4-8887-88c4b082f6b7: PCI VMBus probing: Using version 0x10004
Sep 26 05:08:09 lisa--891-e0-n0 kernel: [    1.135533] hv_pci 8a6c3563-6034-45f4-8887-88c4b082f6b7: PCI host bridge to bus 6034:00
Sep 26 05:08:09 lisa--891-e0-n0 kernel: [    1.138937] pci_bus 6034:00: root bus resource [mem 0xfc0100000-0xfc01fffff window]
Sep 26 05:08:09 lisa--891-e0-n0 cloud-init[911]: ci-info: |   2   |     10.0.0.1    | 0.0.0.0  | 255.255.255.255 |    eth0   |   UH  |
Sep 26 05:08:09 lisa--891-e0-n0 kernel: [    1.142195] pci_bus 6034:00: No busn resource found for root bus, will use [bus 00-ff]
Sep 26 05:08:09 lisa--891-e0-n0 kernel: [    1.146202] pci 6034:00:00.0: [1414:b111] type 00 class 0x010802 PCIe Endpoint
Sep 26 05:08:09 lisa--891-e0-n0 kernel: [    1.150039] pci 6034:00:00.0: BAR 0 [mem 0xfc0100000-0xfc01fffff 64bit]
Sep 26 05:08:09 lisa--891-e0-n0 cloud-init[911]: ci-info: |   3   |  168.63.129.16  | 10.0.0.1 | 255.255.255.255 |    eth0   |  UGH  |
Sep 26 05:08:09 lisa--891-e0-n0 kernel: [    1.156349] pci_bus 6034:00: busn_res: [bus 00-ff] end is updated to 00
Sep 26 05:08:09 lisa--891-e0-n0 cloud-init[911]: ci-info: |   4   | 169.254.169.254 | 10.0.0.1 | 255.255.255.255 |    eth0   |  UGH  |
Sep 26 05:08:09 lisa--891-e0-n0 cloud-init[911]: ci-info: +-------+-----------------+----------+-----------------+-----------+-------+
Sep 26 05:08:09 lisa--891-e0-n0 cloud-init[911]: ci-info: +++++++++++++++++++Route IPv6 info++++++++++++++++++++
Sep 26 05:08:09 lisa--891-e0-n0 kernel: [    1.159195] pci 6034:00:00.0: BAR 0 [mem 0xfc0100000-0xfc01fffff 64bit]: assigned
Sep 26 05:08:09 lisa--891-e0-n0 cloud-init[911]: ci-info: +-------+-------------+---------+------------+-------+
Sep 26 05:08:09 lisa--891-e0-n0 kernel: [    1.162756] hv_pci 3d9e1e45-b72f-4685-8d44-7d2207a6506b: PCI VMBus probing: Using version 0x10004
Sep 26 05:08:09 lisa--891-e0-n0 kernel: [    1.167317] hv_pci 3d9e1e45-b72f-4685-8d44-7d2207a6506b: PCI host bridge to bus b72f:00
Sep 26 05:08:09 lisa--891-e0-n0 kernel: [    1.170797] pci_bus b72f:00: root bus resource [mem 0xfc0200000-0xfc02fffff window]
Sep 26 05:08:09 lisa--891-e0-n0 kernel: [    1.174059] pci_bus b72f:00: No busn resource found for root bus, will use [bus 00-ff]
Sep 26 05:08:09 lisa--891-e0-n0 cloud-init[911]: ci-info: | Route | Destination | Gateway | Interface  | Flags |
Sep 26 05:08:09 lisa--891-e0-n0 kernel: [    1.177798] pci b72f:00:00.0: [1414:b111] type 00 class 0x010802 PCIe Endpoint
Sep 26 05:08:09 lisa--891-e0-n0 kernel: [    1.181893] pci b72f:00:00.0: BAR 0 [mem 0xfc0200000-0xfc02fffff 64bit]
Sep 26 05:08:09 lisa--891-e0-n0 kernel: [    1.188221] pci_bus b72f:00: busn_res: [bus 00-ff] end is updated to 00
Sep 26 05:08:09 lisa--891-e0-n0 kernel: [    1.191202] pci b72f:00:00.0: BAR 0 [mem 0xfc0200000-0xfc02fffff 64bit]: assigned
Sep 26 05:08:09 lisa--891-e0-n0 cloud-init[911]: ci-info: +-------+-------------+---------+------------+-------+
Sep 26 05:08:09 lisa--891-e0-n0 kernel: [    1.195215] hv_pci 6da71ea4-5e17-488b-9da1-a6b211db13a4: PCI VMBus probing: Using version 0x10004
Sep 26 05:08:09 lisa--891-e0-n0 kernel: [    1.199683] hv_pci 6da71ea4-5e17-488b-9da1-a6b211db13a4: PCI host bridge to bus 5e17:00
Sep 26 05:08:09 lisa--891-e0-n0 kernel: [    1.203357] pci_bus 5e17:00: root bus resource [mem 0xfc0300000-0xfc03fffff window]
Sep 26 05:08:09 lisa--891-e0-n0 kernel: [    1.206785] pci_bus 5e17:00: No busn resource found for root bus, will use [bus 00-ff]
Sep 26 05:08:09 lisa--891-e0-n0 cloud-init[911]: ci-info: |   1   |  fe80::/64  |    ::   |    eth0    |   U   |
Sep 26 05:08:09 lisa--891-e0-n0 kernel: [    1.210824] pci 5e17:00:00.0: [1414:b111] type 00 class 0x010802 PCIe Endpoint
Sep 26 05:08:09 lisa--891-e0-n0 kernel: [    1.214562] pci 5e17:00:00.0: BAR 0 [mem 0xfc0300000-0xfc03fffff 64bit]
Sep 26 05:08:09 lisa--891-e0-n0 kernel: [    1.220968] pci_bus 5e17:00: busn_res: [bus 00-ff] end is updated to 00
Sep 26 05:08:09 lisa--891-e0-n0 cloud-init[911]: ci-info: |   2   |  fe80::/64  |    ::   | enP36587s1 |   U   |
Sep 26 05:08:09 lisa--891-e0-n0 kernel: [    1.223895] pci 5e17:00:00.0: BAR 0 [mem 0xfc0300000-0xfc03fffff 64bit]: assigned
Sep 26 05:08:09 lisa--891-e0-n0 kernel: [    1.227803] hv_pci 956f359f-c249-4726-b286-13bb1f05f5f1: PCI VMBus probing: Using version 0x10004
Sep 26 05:08:09 lisa--891-e0-n0 kernel: [    1.232026] hv_pci 956f359f-c249-4726-b286-13bb1f05f5f1: PCI host bridge to bus c249:00
Sep 26 05:08:09 lisa--891-e0-n0 kernel: [    1.235445] pci_bus c249:00: root bus resource [mem 0xfc0400000-0xfc04fffff window]
Sep 26 05:08:09 lisa--891-e0-n0 kernel: [    1.238746] pci_bus c249:00: No busn resource found for root bus, will use [bus 00-ff]
Sep 26 05:08:09 lisa--891-e0-n0 kernel: [    1.242832] pci c249:00:00.0: [1414:b111] type 00 class 0x010802 PCIe Endpoint
Sep 26 05:08:09 lisa--891-e0-n0 kernel: [    1.246446] pci c249:00:00.0: BAR 0 [mem 0xfc0400000-0xfc04fffff 64bit]
Sep 26 05:08:09 lisa--891-e0-n0 kernel: [    1.252784] pci_bus c249:00: busn_res: [bus 00-ff] end is updated to 00
Sep 26 05:08:09 lisa--891-e0-n0 cloud-init[911]: ci-info: |   4   |    local    |    ::   |    eth0    |   U   |
Sep 26 05:08:09 lisa--891-e0-n0 kernel: [    1.255645] pci c249:00:00.0: BAR 0 [mem 0xfc0400000-0xfc04fffff 64bit]: assigned
Sep 26 05:08:09 lisa--891-e0-n0 kernel: [    1.259488] hv_pci 9ae98f41-2e66-4d53-9e78-68329002626d: PCI VMBus probing: Using version 0x10004
Sep 26 05:08:09 lisa--891-e0-n0 kernel: [    1.263659] hv_pci 9ae98f41-2e66-4d53-9e78-68329002626d: PCI host bridge to bus 2e66:00
Sep 26 05:08:09 lisa--891-e0-n0 kernel: [    1.267061] pci_bus 2e66:00: root bus resource [mem 0xfc0500000-0xfc05fffff window]
Sep 26 05:08:09 lisa--891-e0-n0 kernel: [    1.270408] pci_bus 2e66:00: No busn resource found for root bus, will use [bus 00-ff]
Sep 26 05:08:09 lisa--891-e0-n0 cloud-init[911]: ci-info: |   5   |  multicast  |    ::   |    eth0    |   U   |
Sep 26 05:08:09 lisa--891-e0-n0 kernel: [    1.274300] pci 2e66:00:00.0: [1414:b111] type 00 class 0x010802 PCIe Endpoint
Sep 26 05:08:09 lisa--891-e0-n0 kernel: [    1.278073] pci 2e66:00:00.0: BAR 0 [mem 0xfc0500000-0xfc05fffff 64bit]
Sep 26 05:08:09 lisa--891-e0-n0 kernel: [    1.284450] pci_bus 2e66:00: busn_res: [bus 00-ff] end is updated to 00
Sep 26 05:08:09 lisa--891-e0-n0 cloud-init[911]: ci-info: |   6   |  multicast  |    ::   | enP36587s1 |   U   |
Sep 26 05:08:09 lisa--891-e0-n0 kernel: [    1.287253] pci 2e66:00:00.0: BAR 0 [mem 0xfc0500000-0xfc05fffff 64bit]: assigned
Sep 26 05:08:09 lisa--891-e0-n0 kernel: [    1.293048] Serial: 8250/16550 driver, 32 ports, IRQ sharing enabled
Sep 26 05:08:09 lisa--891-e0-n0 kernel: [    1.297207] msm_serial: driver initialized
Sep 26 05:08:09 lisa--891-e0-n0 cloud-init[911]: ci-info: +-------+-------------+---------+------------+-------+
Sep 26 05:08:09 lisa--891-e0-n0 kernel: [    1.299071] SuperH (H)SCI(F) driver initialized
Sep 26 05:08:09 lisa--891-e0-n0 kernel: [    1.309262] loop: module loaded
Sep 26 05:08:09 lisa--891-e0-n0 kernel: [    1.310918] hv_vmbus: registering driver hv_storvsc
Sep 26 05:08:09 lisa--891-e0-n0 kernel: [    1.313504] ACPI: bus type drm_connector registered
Sep 26 05:08:09 lisa--891-e0-n0 kernel: [    1.313711] nvme nvme0: pci function 161a:00:00.0
Sep 26 05:08:09 lisa--891-e0-n0 kernel: [    1.313811] nvme nvme1: pci function 6034:00:00.0
Sep 26 05:08:09 lisa--891-e0-n0 kernel: [    1.314018] scsi host0: storvsc_host_t
Sep 26 05:08:09 lisa--891-e0-n0 systemd-networkd[902]: enP36587s1: Gained IPv6LL
Sep 26 05:08:09 lisa--891-e0-n0 kernel: [    1.314027] nvme nvme2: pci function b72f:00:00.0
Sep 26 05:08:09 lisa--891-e0-n0 kernel: [    1.314215] nvme nvme3: pci function 5e17:00:00.0
Sep 26 05:08:09 lisa--891-e0-n0 kernel: [    1.314419] nvme nvme4: pci function c249:00:00.0
Sep 26 05:08:09 lisa--891-e0-n0 kernel: [    1.314628] nvme nvme5: pci function 2e66:00:00.0
Sep 26 05:08:09 lisa--891-e0-n0 kernel: [    1.316071] tun: Universal TUN/TAP device driver, 1.6
Sep 26 05:08:09 lisa--891-e0-n0 kernel: [    1.316778] scsi host1: storvsc_host_t
Sep 26 05:08:09 lisa--891-e0-n0 kernel: [    1.326157] nvme 6034:00:00.0: enabling device (0000 -> 0002)
Sep 26 05:08:09 lisa--891-e0-n0 kernel: [    1.326332] nvme b72f:00:00.0: enabling device (0000 -> 0002)
Sep 26 05:08:09 lisa--891-e0-n0 kernel: [    1.327330] nvme 5e17:00:00.0: enabling device (0000 -> 0002)
Sep 26 05:08:09 lisa--891-e0-n0 kernel: [    1.327377] nvme c249:00:00.0: enabling device (0000 -> 0002)
Sep 26 05:08:09 lisa--891-e0-n0 kernel: [    1.327427] nvme 2e66:00:00.0: enabling device (0000 -> 0002)
Sep 26 05:08:09 lisa--891-e0-n0 kernel: [    1.328267] PPP generic driver version 2.4.2
Sep 26 05:08:09 lisa--891-e0-n0 kernel: [    1.328279] scsi 0:0:0:0: Direct-Access     Msft     Virtual Disk     1.0  PQ: 0 ANSI: 5
Sep 26 05:08:09 lisa--891-e0-n0 kernel: [    1.329011] scsi 0:0:0:2: CD-ROM            Msft     Virtual DVD-ROM  1.0  PQ: 0 ANSI: 0
Sep 26 05:08:09 lisa--891-e0-n0 kernel: [    1.330590] nvme 161a:00:00.0: enabling device (0000 -> 0002)
Sep 26 05:08:09 lisa--891-e0-n0 kernel: [    1.332208] scsi 0:0:0:0: Attached scsi generic sg0 type 0
Sep 26 05:08:09 lisa--891-e0-n0 kernel: [    1.332556] sd 0:0:0:0: [sda] 62916608 512-byte logical blocks: (32.2 GB/30.0 GiB)
Sep 26 05:08:09 lisa--891-e0-n0 kernel: [    1.332562] sd 0:0:0:0: [sda] 4096-byte physical blocks
Sep 26 05:08:09 lisa--891-e0-n0 kernel: [    1.332601] sd 0:0:0:0: [sda] Write Protect is off
Sep 26 05:08:09 lisa--891-e0-n0 kernel: [    1.332603] sd 0:0:0:0: [sda] Mode Sense: 0f 00 10 00
Sep 26 05:08:09 lisa--891-e0-n0 kernel: [    1.332667] sd 0:0:0:0: [sda] Write cache: enabled, read cache: enabled, supports DPO and FUA
Sep 26 05:08:09 lisa--891-e0-n0 kernel: [    1.333652] mousedev: PS/2 mouse device common for all mice
Sep 26 05:08:09 lisa--891-e0-n0 kernel: [    1.334191] GPT:Primary header thinks Alt. header is not at the end of the disk.
Sep 26 05:08:09 lisa--891-e0-n0 kernel: [    1.334194] GPT:4612095 != 62916607
Sep 26 05:08:09 lisa--891-e0-n0 kernel: [    1.334195] GPT:Alternate GPT header not at the end of the disk.
Sep 26 05:08:09 lisa--891-e0-n0 kernel: [    1.334196] GPT:4612095 != 62916607
Sep 26 05:08:09 lisa--891-e0-n0 kernel: [    1.334196] GPT: Use GNU Parted to correct GPT errors.
Sep 26 05:08:09 lisa--891-e0-n0 kernel: [    1.334200]  sda: sda1 sda15
Sep 26 05:08:09 lisa--891-e0-n0 kernel: [    1.334303] sd 0:0:0:0: [sda] Attached SCSI disk
Sep 26 05:08:09 lisa--891-e0-n0 kernel: [    1.335672] sr 0:0:0:2: [sr0] scsi-1 drive
Sep 26 05:08:09 lisa--891-e0-n0 kernel: [    1.338828] rtc-efi rtc-efi.0: registered as rtc0
Sep 26 05:08:09 lisa--891-e0-n0 kernel: [    1.341322] cdrom: Uniform CD-ROM driver Revision: 3.20
Sep 26 05:08:09 lisa--891-e0-n0 kernel: [    1.366802] sr 0:0:0:2: Attached scsi CD-ROM sr0
Sep 26 05:08:09 lisa--891-e0-n0 kernel: [    1.368489] rtc-efi rtc-efi.0: setting system clock to 2024-09-26T05:08:02 UTC (1727327282)
Sep 26 05:08:09 lisa--891-e0-n0 kernel: [    1.370507] sr 0:0:0:2: Attached scsi generic sg1 type 5
Sep 26 05:08:09 lisa--891-e0-n0 kernel: [    1.374153] i2c_dev: i2c /dev entries driver
Sep 26 05:08:09 lisa--891-e0-n0 kernel: [    1.403984] device-mapper: core: CONFIG_IMA_DISABLE_HTABLE is disabled. Duplicate IMA measurements will not be recorded in the IMA log.
Sep 26 05:08:09 lisa--891-e0-n0 kernel: [    1.409103] device-mapper: uevent: version 1.0.3
Sep 26 05:08:09 lisa--891-e0-n0 kernel: [    1.411354] device-mapper: ioctl: 4.48.0-ioctl (2023-03-01) initialised: dm-devel@redhat.com
Sep 26 05:08:09 lisa--891-e0-n0 kernel: [    1.524712] ledtrig-cpu: registered to indicate activity on CPUs
Sep 26 05:08:09 lisa--891-e0-n0 kernel: [    1.527871] [drm] Initialized simpledrm 1.0.0 20200625 for simple-framebuffer.0 on minor 0
Sep 26 05:08:09 lisa--891-e0-n0 kernel: [    1.533168] Console: switching to colour frame buffer device 128x48
Sep 26 05:08:09 lisa--891-e0-n0 kernel: [    1.536781] simple-framebuffer simple-framebuffer.0: [drm] fb0: simpledrmdrmfb frame buffer device
Sep 26 05:08:09 lisa--891-e0-n0 kernel: [    1.541154] SMCCC: SOC_ID: ARCH_SOC_ID not implemented, skipping ....
Sep 26 05:08:09 lisa--891-e0-n0 kernel: [    1.544018] hv_utils: Registering HyperV Utility Driver
Sep 26 05:08:09 lisa--891-e0-n0 kernel: [    1.546402] hv_vmbus: registering driver hv_utils
Sep 26 05:08:09 lisa--891-e0-n0 kernel: [    1.548553] hv_vmbus: registering driver hv_balloon
Sep 26 05:08:09 lisa--891-e0-n0 cloud-init[911]: Generating public/private rsa key pair.
Sep 26 05:08:09 lisa--891-e0-n0 kernel: [    1.550989] hv_utils: Heartbeat IC version 3.0
Sep 26 05:08:09 lisa--891-e0-n0 kernel: [    1.552973] hv_utils: Shutdown IC version 3.2
Sep 26 05:08:09 lisa--891-e0-n0 kernel: [    1.554896] hv_utils: TimeSync IC version 4.0
Sep 26 05:08:09 lisa--891-e0-n0 kernel: [    1.554953] hw perfevents: enabled with armv8_pmuv3_0 PMU driver, 7 counters available
Sep 26 05:08:09 lisa--891-e0-n0 kernel: [    1.557035] hv_balloon: Using Dynamic Memory protocol version 2.0
Sep 26 05:08:09 lisa--891-e0-n0 kernel: [    1.560695] drop_monitor: Initializing network drop monitor service
Sep 26 05:08:09 lisa--891-e0-n0 kernel: [    1.563084] hv_balloon: Memory hot add disabled on ARM64
Sep 26 05:08:09 lisa--891-e0-n0 kernel: [    1.568091] watchdog: Delayed init of the lockup detector failed: -19
Sep 26 05:08:09 lisa--891-e0-n0 kernel: [    1.568187] NET: Registered PF_INET6 protocol family
Sep 26 05:08:09 lisa--891-e0-n0 kernel: [    1.570813] watchdog: Hard watchdog permanently disabled
Sep 26 05:08:09 lisa--891-e0-n0 kernel: [    1.576620] cma: cma_alloc: reserved: alloc failed, req-size: 4 pages, ret: -12
Sep 26 05:08:09 lisa--891-e0-n0 kernel: [    1.577179] Segment Routing with IPv6
Sep 26 05:08:09 lisa--891-e0-n0 cloud-init[911]: Your identification has been saved in /etc/ssh/ssh_host_rsa_key
Sep 26 05:08:09 lisa--891-e0-n0 kernel: [    1.579758] cma: cma_alloc: reserved: alloc failed, req-size: 16 pages, ret: -12
Sep 26 05:08:09 lisa--891-e0-n0 kernel: [    1.579762] cma: cma_alloc: reserved: alloc failed, req-size: 4 pages, ret: -12
Sep 26 05:08:09 lisa--891-e0-n0 kernel: [    1.581346] In-situ OAM (IOAM) with IPv6
Sep 26 05:08:09 lisa--891-e0-n0 kernel: [    1.584480] cma: cma_alloc: reserved: alloc failed, req-size: 16 pages, ret: -12
Sep 26 05:08:09 lisa--891-e0-n0 kernel: [    1.587661] NET: Registered PF_PACKET protocol family
Sep 26 05:08:09 lisa--891-e0-n0 cloud-init[911]: Your public key has been saved in /etc/ssh/ssh_host_rsa_key.pub
Sep 26 05:08:09 lisa--891-e0-n0 kernel: [    1.589693] cma: cma_alloc: reserved: alloc failed, req-size: 4 pages, ret: -12
Sep 26 05:08:09 lisa--891-e0-n0 kernel: [    1.593926] Key type dns_resolver registered
Sep 26 05:08:09 lisa--891-e0-n0 kernel: [    1.594034] cma: cma_alloc: reserved: alloc failed, req-size: 4 pages, ret: -12
Sep 26 05:08:09 lisa--891-e0-n0 cloud-init[911]: The key fingerprint is:
Sep 26 05:08:09 lisa--891-e0-n0 kernel: [    1.594039] cma: cma_alloc: reserved: alloc failed, req-size: 16 pages, ret: -12
Sep 26 05:08:09 lisa--891-e0-n0 kernel: [    1.594043] cma: cma_alloc: reserved: alloc failed, req-size: 4 pages, ret: -12
Sep 26 05:08:09 lisa--891-e0-n0 kernel: [    1.614018] registered taskstats version 1
Sep 26 05:08:09 lisa--891-e0-n0 kernel: [    1.621422] Loading compiled-in X.509 certificates
Sep 26 05:08:09 lisa--891-e0-n0 cloud-init[911]: SHA256:o2WqjlQA7OhCP4heG7E/x0votWT8VeIpY/NPLgx04cQ root@lisa--891-e0-n0
Sep 26 05:08:09 lisa--891-e0-n0 kernel: [    1.624306] Loaded X.509 cert 'Build time autogenerated kernel key: 1f25afa41081ae2bff0d6479c48e0e29a4fb5194'
Sep 26 05:08:09 lisa--891-e0-n0 kernel: [    1.629407] Loaded X.509 cert 'Canonical Ltd. Live Patch Signing: 14df34d1a87cf37625abec039ef2bf521249b969'
Sep 26 05:08:09 lisa--891-e0-n0 kernel: [    1.634471] Loaded X.509 cert 'Canonical Ltd. Kernel Module Signing: 88f752e560a1e0737e31163a466ad7b70a850c19'
Sep 26 05:08:09 lisa--891-e0-n0 cloud-init[911]: The key's randomart image is:
Sep 26 05:08:09 lisa--891-e0-n0 kernel: [    1.639448] blacklist: Loading compiled-in revocation X.509 certificates
Sep 26 05:08:09 lisa--891-e0-n0 kernel: [    1.642942] Loaded X.509 cert 'Canonical Ltd. Secure Boot Signing: 61482aa2830d0ab2ad5af10b7250da9033ddcef0'
Sep 26 05:08:09 lisa--891-e0-n0 kernel: [    1.647854] Loaded X.509 cert 'Canonical Ltd. Secure Boot Signing (2017): 242ade75ac4a15e50d50c84b0d45ff3eae707a03'
Sep 26 05:08:09 lisa--891-e0-n0 cloud-init[911]: +---[RSA 3072]----+
Sep 26 05:08:09 lisa--891-e0-n0 kernel: [    1.653019] Loaded X.509 cert 'Canonical Ltd. Secure Boot Signing (ESM 2018): 365188c1d374d6b07c3c8f240f8ef722433d6a8b'
Sep 26 05:08:09 lisa--891-e0-n0 kernel: [    1.658183] Loaded X.509 cert 'Canonical Ltd. Secure Boot Signing (2019): c0746fd6c5da3ae827864651ad66ae47fe24b3e8'
Sep 26 05:08:09 lisa--891-e0-n0 kernel: [    1.663300] Loaded X.509 cert 'Canonical Ltd. Secure Boot Signing (2021 v1): a8d54bbb3825cfb94fa13c9f8a594a195c107b8d'
Sep 26 05:08:09 lisa--891-e0-n0 cloud-init[911]: |o         .      |
Sep 26 05:08:09 lisa--891-e0-n0 kernel: [    1.669035] Loaded X.509 cert 'Canonical Ltd. Secure Boot Signing (2021 v2): 4cf046892d6fd3c9a5b03f98d845f90851dc6a8c'
Sep 26 05:08:09 lisa--891-e0-n0 kernel: [    1.674153] Loaded X.509 cert 'Canonical Ltd. Secure Boot Signing (2021 v3): 100437bb6de6e469b581e61cd66bce3ef4ed53af'
Sep 26 05:08:09 lisa--891-e0-n0 kernel: [    1.679145] Loaded X.509 cert 'Canonical Ltd. Secure Boot Signing (Ubuntu Core 2019): c1d57b8f6b743f23ee41f4f7ee292f06eecadfb9'
Sep 26 05:08:09 lisa--891-e0-n0 kernel: [    1.687456] Key type .fscrypt registered
Sep 26 05:08:09 lisa--891-e0-n0 cloud-init[911]: | o         E     |
Sep 26 05:08:09 lisa--891-e0-n0 kernel: [    1.689582] Key type fscrypt-provisioning registered
Sep 26 05:08:09 lisa--891-e0-n0 kernel: [    1.694038] Key type encrypted registered
Sep 26 05:08:09 lisa--891-e0-n0 kernel: [    1.696129] AppArmor: AppArmor sha256 policy hashing enabled
Sep 26 05:08:09 lisa--891-e0-n0 kernel: [    1.699557] integrity: Loading X.509 certificate: UEFI:db
Sep 26 05:08:09 lisa--891-e0-n0 cloud-init[911]: |o .       o .    |
Sep 26 05:08:09 lisa--891-e0-n0 kernel: [    1.702253] integrity: Loaded X.509 cert 'Microsoft Windows Production PCA 2011: a92902398e16c49778cd90f99e4f9ae17c55af53'
Sep 26 05:08:09 lisa--891-e0-n0 kernel: [    1.707031] integrity: Loading X.509 certificate: UEFI:db
Sep 26 05:08:09 lisa--891-e0-n0 cloud-init[911]: |.o o     . o     |
Sep 26 05:08:09 lisa--891-e0-n0 kernel: [    1.709702] integrity: Loaded X.509 cert 'Microsoft Corporation: Windows UEFI CA 2023: aefc5fbbbe055d8f8daa585473499417ab5a5272'
Sep 26 05:08:09 lisa--891-e0-n0 kernel: [    1.716604] ima: secureboot mode disabled
Sep 26 05:08:09 lisa--891-e0-n0 kernel: [    1.718735] ima: No TPM chip found, activating TPM-bypass!
Sep 26 05:08:09 lisa--891-e0-n0 cloud-init[911]: |+ o +   S .. .   |
Sep 26 05:08:09 lisa--891-e0-n0 kernel: [    1.721561] Loading compiled-in module X.509 certificates
Sep 26 05:08:09 lisa--891-e0-n0 kernel: [    1.724674] Loaded X.509 cert 'Build time autogenerated kernel key: 1f25afa41081ae2bff0d6479c48e0e29a4fb5194'
Sep 26 05:08:09 lisa--891-e0-n0 kernel: [    1.729660] ima: Allocated hash algorithm: sha256
Sep 26 05:08:09 lisa--891-e0-n0 kernel: [    1.732130] ima: No architecture policies found
Sep 26 05:08:09 lisa--891-e0-n0 cloud-init[911]: |oo B  o= o. +    |
Sep 26 05:08:09 lisa--891-e0-n0 kernel: [    1.734526] evm: Initialising EVM extended attributes:
Sep 26 05:08:09 lisa--891-e0-n0 kernel: [    1.737032] evm: security.selinux
Sep 26 05:08:09 lisa--891-e0-n0 kernel: [    1.738608] evm: security.SMACK64
Sep 26 05:08:09 lisa--891-e0-n0 kernel: [    1.740200] evm: security.SMACK64EXEC
Sep 26 05:08:09 lisa--891-e0-n0 cloud-init[911]: |o o =.+* =o+ .   |
Sep 26 05:08:09 lisa--891-e0-n0 kernel: [    1.741919] evm: security.SMACK64TRANSMUTE
Sep 26 05:08:09 lisa--891-e0-n0 kernel: [    1.743766] evm: security.SMACK64MMAP
Sep 26 05:08:09 lisa--891-e0-n0 kernel: [    1.745874] evm: security.apparmor
Sep 26 05:08:09 lisa--891-e0-n0 kernel: [    1.747546] evm: security.ima
Sep 26 05:08:09 lisa--891-e0-n0 cloud-init[911]: | o o.+=o+ *oo    |
Sep 26 05:08:09 lisa--891-e0-n0 kernel: [    1.749116] evm: security.capability
Sep 26 05:08:09 lisa--891-e0-n0 kernel: [    1.750818] evm: HMAC attrs: 0x1
Sep 26 05:08:09 lisa--891-e0-n0 kernel: [    1.756251] clk: Disabling unused clocks
Sep 26 05:08:09 lisa--891-e0-n0 kernel: [    1.775437] nvme nvme1: 6/0/0 default/read/poll queues
Sep 26 05:08:09 lisa--891-e0-n0 kernel: [    1.775586] nvme nvme0: 6/0/0 default/read/poll queues
Sep 26 05:08:09 lisa--891-e0-n0 kernel: [    1.775628] nvme nvme5: 6/0/0 default/read/poll queues
Sep 26 05:08:09 lisa--891-e0-n0 kernel: [    1.775733] nvme nvme3: 6/0/0 default/read/poll queues
Sep 26 05:08:09 lisa--891-e0-n0 cloud-init[911]: |  ..o.oo.. .oo   |
Sep 26 05:08:09 lisa--891-e0-n0 kernel: [    1.775756] nvme nvme4: 6/0/0 default/read/poll queues
Sep 26 05:08:09 lisa--891-e0-n0 kernel: [    1.775778] nvme nvme2: 6/0/0 default/read/poll queues
Sep 26 05:08:09 lisa--891-e0-n0 kernel: [    1.840451] md: Waiting for all devices to be available before autodetect
Sep 26 05:08:09 lisa--891-e0-n0 kernel: [    1.843569] md: If you don't use raid, use raid=noautodetect
Sep 26 05:08:09 lisa--891-e0-n0 kernel: [    1.846913] md: Autodetecting RAID arrays.
Sep 26 05:08:09 lisa--891-e0-n0 kernel: [    1.849017] md: autorun ...
Sep 26 05:08:09 lisa--891-e0-n0 cloud-init[911]: +----[SHA256]-----+
Sep 26 05:08:09 lisa--891-e0-n0 kernel: [    1.850396] md: ... autorun DONE.
Sep 26 05:08:09 lisa--891-e0-n0 kernel: [    1.853496] EXT4-fs (sda1): mounted filesystem d68ebe54-b529-4bf3-80aa-7404b82c1503 ro with ordered data mode. Quota mode: none.
Sep 26 05:08:09 lisa--891-e0-n0 kernel: [    1.859251] VFS: Mounted root (ext4 filesystem) readonly on device 8:1.
Sep 26 05:08:09 lisa--891-e0-n0 cloud-init[911]: Generating public/private ecdsa key pair.
Sep 26 05:08:09 lisa--891-e0-n0 kernel: [    1.862627] devtmpfs: mounted
Sep 26 05:08:09 lisa--891-e0-n0 kernel: [    1.865566] Freeing unused kernel memory: 12544K
Sep 26 05:08:09 lisa--891-e0-n0 kernel: [    2.108218] Checked W+X mappings: passed, no W+X pages found
Sep 26 05:08:09 lisa--891-e0-n0 cloud-init[911]: Your identification has been saved in /etc/ssh/ssh_host_ecdsa_key
Sep 26 05:08:09 lisa--891-e0-n0 kernel: [    2.111173] Run /sbin/init as init process
Sep 26 05:08:09 lisa--891-e0-n0 kernel: [    2.113358]   with arguments:
Sep 26 05:08:09 lisa--891-e0-n0 kernel: [    2.113360]     /sbin/init
Sep 26 05:08:09 lisa--891-e0-n0 cloud-init[911]: Your public key has been saved in /etc/ssh/ssh_host_ecdsa_key.pub
Sep 26 05:08:09 lisa--891-e0-n0 cloud-init[911]: The key fingerprint is:
Sep 26 05:08:09 lisa--891-e0-n0 kernel: [    2.113361]   with environment:
Sep 26 05:08:09 lisa--891-e0-n0 kernel: [    2.113362]     HOME=/
Sep 26 05:08:09 lisa--891-e0-n0 kernel: [    2.113363]     TERM=linux
Sep 26 05:08:09 lisa--891-e0-n0 cloud-init[911]: SHA256:pqhzqGY5yAGTpcfxFtzGcU3woRbU9cJGo9jsUcScyx4 root@lisa--891-e0-n0
Sep 26 05:08:09 lisa--891-e0-n0 kernel: [    2.113363]     BOOT_IMAGE=/boot/vmlinuz-6.8.0-1014-azure
Sep 26 05:08:09 lisa--891-e0-n0 kernel: [    2.126089] systemd[1]: Inserted module 'autofs4'
Sep 26 05:08:09 lisa--891-e0-n0 cloud-init[911]: The key's randomart image is:
Sep 26 05:08:09 lisa--891-e0-n0 kernel: [    2.140880] systemd[1]: systemd 249.11-0ubuntu3.12 running in system mode (+PAM +AUDIT +SELINUX +APPARMOR +IMA +SMACK +SECCOMP +GCRYPT +GNUTLS +OPENSSL +ACL +BLKID +CURL +ELFUTILS +FIDO2 +IDN2 -IDN +IPTC +KMOD +LIBCRYPTSETUP +LIBFDISK +PCRE2 -PWQUALITY -P11KIT -QRENCODE +BZIP2 +LZ4 +XZ +ZLIB +ZSTD -XKBCOMMON +UTMP +SYSVINIT default-hierarchy=unified)
Sep 26 05:08:09 lisa--891-e0-n0 kernel: [    2.155489] systemd[1]: Detected virtualization microsoft.
Sep 26 05:08:09 lisa--891-e0-n0 kernel: [    2.158892] systemd[1]: Detected architecture arm64.
Sep 26 05:08:09 lisa--891-e0-n0 cloud-init[911]: +---[ECDSA 256]---+
Sep 26 05:08:09 lisa--891-e0-n0 kernel: [    2.163687] systemd[1]: Hostname set to <ubuntu>.
Sep 26 05:08:09 lisa--891-e0-n0 kernel: [    2.166374] systemd[1]: Initializing machine ID from random generator.
Sep 26 05:08:09 lisa--891-e0-n0 kernel: [    2.169459] systemd[1]: Installed transient /etc/machine-id file.
Sep 26 05:08:09 lisa--891-e0-n0 kernel: [    2.193941] block sda: the capability attribute has been deprecated.
Sep 26 05:08:09 lisa--891-e0-n0 cloud-init[911]: |   . o.o==o=*.   |
Sep 26 05:08:09 lisa--891-e0-n0 kernel: [    2.223743] systemd[1]: Configuration file /run/systemd/system/netplan-ovs-cleanup.service is marked world-inaccessible. This has no effect as configuration data is accessible via APIs without restrictions. Proceeding anyway.
Sep 26 05:08:09 lisa--891-e0-n0 kernel: [    2.264086] systemd[1]: Queued start job for default target Graphical Interface.
Sep 26 05:08:09 lisa--891-e0-n0 kernel: [    2.268041] systemd[1]: Unnecessary job was removed for /sys/devices/virtual/misc/vmbus!hv_fcopy.
Sep 26 05:08:09 lisa--891-e0-n0 cloud-init[911]: |  o o +. Bo*+o   |
Sep 26 05:08:09 lisa--891-e0-n0 kernel: [    2.272219] systemd[1]: Unnecessary job was removed for /sys/devices/virtual/misc/vmbus!hv_vss.
Sep 26 05:08:09 lisa--891-e0-n0 kernel: [    2.283201] systemd[1]: Created slice Slice /system/modprobe.
Sep 26 05:08:09 lisa--891-e0-n0 cloud-init[911]: | = o o  + *.+..  |
Sep 26 05:08:09 lisa--891-e0-n0 kernel: [    2.290699] systemd[1]: Created slice Slice /system/serial-getty.
Sep 26 05:08:09 lisa--891-e0-n0 kernel: [    2.297119] systemd[1]: Created slice Slice /system/systemd-fsck.
Sep 26 05:08:09 lisa--891-e0-n0 kernel: [    2.303663] systemd[1]: Created slice User and Session Slice.
Sep 26 05:08:09 lisa--891-e0-n0 kernel: [    2.309501] systemd[1]: Started Forward Password Requests to Wall Directory Watch.
Sep 26 05:08:09 lisa--891-e0-n0 kernel: [    2.317093] systemd[1]: Set up automount Arbitrary Executable File Formats File System Automount Point.
Sep 26 05:08:09 lisa--891-e0-n0 cloud-init[911]: |= o o  . . oE.   |
Sep 26 05:08:09 lisa--891-e0-n0 kernel: [    2.325314] systemd[1]: Reached target Slice Units.
Sep 26 05:08:09 lisa--891-e0-n0 kernel: [    2.330382] systemd[1]: Reached target Mounting snaps.
Sep 26 05:08:09 lisa--891-e0-n0 kernel: [    2.336268] systemd[1]: Reached target Swaps.
Sep 26 05:08:09 lisa--891-e0-n0 kernel: [    2.340791] systemd[1]: Reached target System Time Set.
Sep 26 05:08:09 lisa--891-e0-n0 kernel: [    2.346388] systemd[1]: Reached target Local Verity Protected Volumes.
Sep 26 05:08:09 lisa--891-e0-n0 cloud-init[911]: |.o .    S .. .   |
Sep 26 05:08:09 lisa--891-e0-n0 cloud-init[911]: | .   . o    .    |
Sep 26 05:08:09 lisa--891-e0-n0 cloud-init[911]: |o o.. .          |
Sep 26 05:08:09 lisa--891-e0-n0 cloud-init[911]: |.*o..            |
Sep 26 05:08:09 lisa--891-e0-n0 cloud-init[911]: |+.oo             |
Sep 26 05:08:09 lisa--891-e0-n0 cloud-init[911]: +----[SHA256]-----+
Sep 26 05:08:09 lisa--891-e0-n0 cloud-init[911]: Generating public/private ed25519 key pair.
Sep 26 05:08:09 lisa--891-e0-n0 cloud-init[911]: Your identification has been saved in /etc/ssh/ssh_host_ed25519_key
Sep 26 05:08:09 lisa--891-e0-n0 cloud-init[911]: Your public key has been saved in /etc/ssh/ssh_host_ed25519_key.pub
Sep 26 05:08:09 lisa--891-e0-n0 cloud-init[911]: The key fingerprint is:
Sep 26 05:08:09 lisa--891-e0-n0 cloud-init[911]: SHA256:+c6VcWj3LsiROxK2UXdhub1QjNXizNI9uFEGRoMte3A root@lisa--891-e0-n0
Sep 26 05:08:09 lisa--891-e0-n0 cloud-init[911]: The key's randomart image is:
Sep 26 05:08:09 lisa--891-e0-n0 kernel: [    2.352847] systemd[1]: Listening on Device-mapper event daemon FIFOs.
Sep 26 05:08:09 lisa--891-e0-n0 kernel: [    2.359504] systemd[1]: Listening on LVM2 poll daemon socket.
Sep 26 05:08:09 lisa--891-e0-n0 kernel: [    2.365619] systemd[1]: Listening on multipathd control socket.
Sep 26 05:08:09 lisa--891-e0-n0 kernel: [    2.371687] systemd[1]: Listening on Syslog Socket.
Sep 26 05:08:09 lisa--891-e0-n0 kernel: [    2.376970] systemd[1]: Listening on fsck to fsckd communication Socket.
Sep 26 05:08:09 lisa--891-e0-n0 kernel: [    2.384233] systemd[1]: Listening on initctl Compatibility Named Pipe.
Sep 26 05:08:09 lisa--891-e0-n0 kernel: [    2.390907] systemd[1]: Listening on Journal Audit Socket.
Sep 26 05:08:09 lisa--891-e0-n0 kernel: [    2.396828] systemd[1]: Listening on Journal Socket (/dev/log).
Sep 26 05:08:09 lisa--891-e0-n0 kernel: [    2.402883] systemd[1]: Listening on Journal Socket.
Sep 26 05:08:09 lisa--891-e0-n0 cloud-init[911]: +--[ED25519 256]--+
Sep 26 05:08:09 lisa--891-e0-n0 kernel: [    2.408080] systemd[1]: Listening on Network Service Netlink Socket.
Sep 26 05:08:09 lisa--891-e0-n0 kernel: [    2.414674] systemd[1]: Listening on udev Control Socket.
Sep 26 05:08:09 lisa--891-e0-n0 kernel: [    2.420034] systemd[1]: Listening on udev Kernel Socket.
Sep 26 05:08:09 lisa--891-e0-n0 kernel: [    2.435936] systemd[1]: Mounting Huge Pages File System...
Sep 26 05:08:09 lisa--891-e0-n0 cloud-init[911]: |            +==.o|
